../Drivers/CMSIS/Include/core_cm3.h:1762:34:__NVIC_SystemReset	4	static,ignoring_inline_asm
../Core/Src/main.c:158:6:UART_Debug_PutString	16	static
../Core/Src/main.c:164:6:UART_Linux_PutString	16	static
../Core/Src/main.c:173:6:UART_Linux_PutChar	16	static
../Core/Src/main.c:179:6:Ports_Job	24	static
../Core/Src/main.c:229:6:check_port_1	24	static
../Core/Src/main.c:273:6:check_port_2	24	static
../Core/Src/main.c:318:6:check_port_input_1	16	static
../Core/Src/main.c:373:6:check_port_input_2	16	static
../Core/Src/main.c:428:6:check_port_wiegand_1	16	static
../Core/Src/main.c:536:6:check_port_wiegand_2	16	static
../Core/Src/main.c:646:6:Inputs_Job	16	static
../Core/Src/main.c:684:6:Inps	16	static
../Core/Src/main.c:705:6:CmdTask	136	static
../Core/Src/main.c:1054:5:main	24	static
../Core/Src/main.c:1120:6:SystemClock_Config	72	static
../Core/Src/main.c:1157:6:Inits	8	static,ignoring_inline_asm
../Core/Src/main.c:1212:6:init_vars	8	static
../Core/Src/main.c:1234:6:timers_create	8	static
../Core/Src/main.c:1281:6:Task_Main	8	static
../Core/Src/main.c:1293:6:Proc_Task_main	16	static
../Core/Src/main.c:1327:6:Timer_Read_Linux_Callback	136	static
../Core/Src/main.c:1366:6:Timer_RGB_LED_Callback	264	static
../Core/Src/main.c:1388:6:Timer_Read_W_Port1_Callback	272	static
../Core/Src/main.c:1413:6:Timer_Read_W_Port2_Callback	272	static
../Core/Src/main.c:1438:6:Timer_AfterRead_Input1_Callback	8	static
../Core/Src/main.c:1467:6:Timer_AfterRead_Port1_Callback	8	static
../Core/Src/main.c:1497:6:Timer_AfterRead_Input2_Callback	8	static
../Core/Src/main.c:1526:6:Timer_AfterRead_Port2_Callback	8	static
../Core/Src/main.c:1556:6:Timer_WD_Callback	8	static
../Core/Src/main.c:1565:6:Timer_Inps_Callback	8	static
../Core/Src/main.c:1585:6:Timer_Intr_Callback	16	static
../Core/Src/main.c:1593:6:HAL_UART_RxCpltCallback	16	static,ignoring_inline_asm
../Core/Src/main.c:1676:6:HAL_GPIO_EXTI_Callback	24	static,ignoring_inline_asm
../Core/Src/main.c:1707:6:HAL_TIM_PeriodElapsedCallback	16	static
../Core/Src/main.c:1724:6:Error_Handler	4	static,ignoring_inline_asm
