Archive member included to satisfy reference by file (symbol)

.\ARM_GCC_541\Debug\Start_CY8C5868_AccessV1.0_OldBrd.a(UART_Debug.o)
                              .\ARM_GCC_541\Debug\BSP.o (UART_Debug_Start)
.\ARM_GCC_541\Debug\Start_CY8C5868_AccessV1.0_OldBrd.a(UART_Debug_INT.o)
                              .\ARM_GCC_541\Debug\Start_CY8C5868_AccessV1.0_OldBrd.a(UART_Debug.o) (UART_Debug_RXISR)
.\ARM_GCC_541\Debug\Start_CY8C5868_AccessV1.0_OldBrd.a(UART_Linux.o)
                              .\ARM_GCC_541\Debug\BSP.o (UART_Linux_Start)
.\ARM_GCC_541\Debug\Start_CY8C5868_AccessV1.0_OldBrd.a(UART_Linux_INT.o)
                              .\ARM_GCC_541\Debug\Start_CY8C5868_AccessV1.0_OldBrd.a(UART_Linux.o) (UART_Linux_RXISR)
.\ARM_GCC_541\Debug\Start_CY8C5868_AccessV1.0_OldBrd.a(Pins_Port1.o)
                              .\ARM_GCC_541\Debug\OS_Main.o (Pins_Port1_ClearInterrupt)
.\ARM_GCC_541\Debug\Start_CY8C5868_AccessV1.0_OldBrd.a(Pins_Port2.o)
                              .\ARM_GCC_541\Debug\OS_Main.o (Pins_Port2_ClearInterrupt)
.\ARM_GCC_541\Debug\Start_CY8C5868_AccessV1.0_OldBrd.a(Relay_Port1.o)
                              .\ARM_GCC_541\Debug\OS_Main.o (Relay_Port1_Write)
.\ARM_GCC_541\Debug\Start_CY8C5868_AccessV1.0_OldBrd.a(Relay_Port2.o)
                              .\ARM_GCC_541\Debug\OS_Main.o (Relay_Port2_Write)
.\ARM_GCC_541\Debug\Start_CY8C5868_AccessV1.0_OldBrd.a(intr_Port2.o)
                              .\ARM_GCC_541\Debug\OS_Main.o (intr_Port2_StartEx)
.\ARM_GCC_541\Debug\Start_CY8C5868_AccessV1.0_OldBrd.a(LED_RGB.o)
                              .\ARM_GCC_541\Debug\IO.o (LED_RGB_Write)
.\ARM_GCC_541\Debug\Start_CY8C5868_AccessV1.0_OldBrd.a(UART_Debug_IntClock.o)
                              .\ARM_GCC_541\Debug\Start_CY8C5868_AccessV1.0_OldBrd.a(UART_Debug.o) (UART_Debug_IntClock_Start)
.\ARM_GCC_541\Debug\Start_CY8C5868_AccessV1.0_OldBrd.a(UART_Linux_IntClock.o)
                              .\ARM_GCC_541\Debug\Start_CY8C5868_AccessV1.0_OldBrd.a(UART_Linux.o) (UART_Linux_IntClock_Start)
.\ARM_GCC_541\Debug\Start_CY8C5868_AccessV1.0_OldBrd.a(CyLib.o)
                              .\ARM_GCC_541\Debug\ChipMonitor.o (CyResetStatus)
.\ARM_GCC_541\Debug\Start_CY8C5868_AccessV1.0_OldBrd.a(cyPm.o)
                              .\ARM_GCC_541\Debug\Start_CY8C5868_AccessV1.0_OldBrd.a(CyLib.o) (CyPmReadStatus)
.\ARM_GCC_541\Debug\Start_CY8C5868_AccessV1.0_OldBrd.a(intr_UART_Linux_Rx.o)
                              .\ARM_GCC_541\Debug\OS_Main.o (intr_UART_Linux_Rx_StartEx)
.\ARM_GCC_541\Debug\Start_CY8C5868_AccessV1.0_OldBrd.a(intr_Port1.o)
                              .\ARM_GCC_541\Debug\OS_Main.o (intr_Port1_StartEx)
.\ARM_GCC_541\Debug\Start_CY8C5868_AccessV1.0_OldBrd.a(CyBootAsmGnu.o)
                              .\ARM_GCC_541\Debug\cyfitter_cfg.o (CyDelayCycles)
.\ARM_GCC_541\Debug\Start_CY8C5868_AccessV1.0_OldBrd.a(CyFlash.o)
                              .\ARM_GCC_541\Debug\Start_CY8C5868_AccessV1.0_OldBrd.a(cyPm.o) (CyFlash_SetWaitCycles)
.\ARM_GCC_541\Debug\Start_CY8C5868_AccessV1.0_OldBrd.a(CySpc.o)
                              .\ARM_GCC_541\Debug\Start_CY8C5868_AccessV1.0_OldBrd.a(CyFlash.o) (CySpcStart)
c:/program files (x86)/cypress/psoc creator/4.4/psoc creator/import/gnu/arm/5.4.1/bin/../lib/gcc/arm-none-eabi/5.4.1/../../../../arm-none-eabi/lib/armv7-m\libc_nano.a(lib_a-atoi.o)
                              .\ARM_GCC_541\Debug\OS_Main.o (atoi)
c:/program files (x86)/cypress/psoc creator/4.4/psoc creator/import/gnu/arm/5.4.1/bin/../lib/gcc/arm-none-eabi/5.4.1/../../../../arm-none-eabi/lib/armv7-m\libc_nano.a(lib_a-errno.o)
                              .\ARM_GCC_541\Debug\Cm3Start.o (__errno)
c:/program files (x86)/cypress/psoc creator/4.4/psoc creator/import/gnu/arm/5.4.1/bin/../lib/gcc/arm-none-eabi/5.4.1/../../../../arm-none-eabi/lib/armv7-m\libc_nano.a(lib_a-exit.o)
                              c:/program files (x86)/cypress/psoc creator/4.4/psoc creator/import/gnu/arm/5.4.1/bin/../lib/gcc/arm-none-eabi/5.4.1/../../../../arm-none-eabi/lib/armv7-m/crt0.o (exit)
c:/program files (x86)/cypress/psoc creator/4.4/psoc creator/import/gnu/arm/5.4.1/bin/../lib/gcc/arm-none-eabi/5.4.1/../../../../arm-none-eabi/lib/armv7-m\libc_nano.a(lib_a-impure.o)
                              c:/program files (x86)/cypress/psoc creator/4.4/psoc creator/import/gnu/arm/5.4.1/bin/../lib/gcc/arm-none-eabi/5.4.1/../../../../arm-none-eabi/lib/armv7-m\libc_nano.a(lib_a-exit.o) (_global_impure_ptr)
c:/program files (x86)/cypress/psoc creator/4.4/psoc creator/import/gnu/arm/5.4.1/bin/../lib/gcc/arm-none-eabi/5.4.1/../../../../arm-none-eabi/lib/armv7-m\libc_nano.a(lib_a-init.o)
                              c:/program files (x86)/cypress/psoc creator/4.4/psoc creator/import/gnu/arm/5.4.1/bin/../lib/gcc/arm-none-eabi/5.4.1/../../../../arm-none-eabi/lib/armv7-m/crt0.o (__libc_init_array)
[...]
Memory Configuration

Name             Origin             Length             Attributes
rom              0x00000000         0x00040000         xr
ram              0x1fff8000         0x00010000         xrw
*default*        0x00000000         0xffffffff

Linker script and memory map

LOAD c:/program files (x86)/cypress/psoc creator/4.4/psoc creator/import/gnu/arm/5.4.1/bin/../lib/gcc/arm-none-eabi/5.4.1/armv7-m/crti.o
LOAD c:/program files (x86)/cypress/psoc creator/4.4/psoc creator/import/gnu/arm/5.4.1/bin/../lib/gcc/arm-none-eabi/5.4.1/armv7-m/crtbegin.o
LOAD c:/program files (x86)/cypress/psoc creator/4.4/psoc creator/import/gnu/arm/5.4.1/bin/../lib/gcc/arm-none-eabi/5.4.1/../../../../arm-none-eabi/lib/armv7-m/crt0.o
START GROUP
LOAD .\ARM_GCC_541\Debug\OS_Main.o
LOAD .\ARM_GCC_541\Debug\BSP.o
LOAD .\ARM_GCC_541\Debug\OS_Error.o
LOAD .\ARM_GCC_541\Debug\OS_ThreadSafe.o
LOAD .\ARM_GCC_541\Debug\OS_Syscalls.o
LOAD .\ARM_GCC_541\Debug\RTOSInit_CY8C5868.o
LOAD .\ARM_GCC_541\Debug\JLINKMEM_Process.o
LOAD .\ARM_GCC_541\Debug\SEGGER_RTT.o
LOAD .\ARM_GCC_541\Debug\SEGGER_RTT_printf.o
LOAD .\ARM_GCC_541\Debug\SEGGER_RTT_Syscalls_GCC.o
LOAD .\ARM_GCC_541\Debug\SEGGER_SYSVIEW.o
LOAD .\ARM_GCC_541\Debug\SEGGER_SYSVIEW_Config_embOS.o
LOAD .\ARM_GCC_541\Debug\SEGGER_SYSVIEW_embOS.o
LOAD .\ARM_GCC_541\Debug\SEGGER_RTT_ASM_ARMv7M.o
LOAD .\ARM_GCC_541\Debug\IO.o
LOAD .\ARM_GCC_541\Debug\defines.o
LOAD .\ARM_GCC_541\Debug\ChipMonitor.o
LOAD .\ARM_GCC_541\Debug\cyfitter_cfg.o
LOAD .\ARM_GCC_541\Debug\cymetadata.o
LOAD .\ARM_GCC_541\Debug\Cm3Start.o
LOAD .\ARM_GCC_541\Debug\Start_CY8C5868_AccessV1.0_OldBrd.a
LOAD C:\Program Files (x86)\Cypress\PSoC Creator\4.4\PSoC Creator\psoc\content\cycomponentlibrary\CyComponentLibrary.cylib\CortexM3\ARM_GCC_541\Debug\CyComponentLibrary.a
LOAD c:/program files (x86)/cypress/psoc creator/4.4/psoc creator/import/gnu/arm/5.4.1/bin/../lib/gcc/arm-none-eabi/5.4.1/../../../../arm-none-eabi/lib/armv7-m\libc_nano.a
LOAD c:/program files (x86)/cypress/psoc creator/4.4/psoc creator/import/gnu/arm/5.4.1/bin/../lib/gcc/arm-none-eabi/5.4.1/armv7-m\libgcc.a
LOAD ..\..\..\..\Lib\libosT7LDP.a
LOAD c:/program files (x86)/cypress/psoc creator/4.4/psoc creator/import/gnu/arm/5.4.1/bin/../lib/gcc/arm-none-eabi/5.4.1/../../../../arm-none-eabi/lib/armv7-m\libg_nano.a
END GROUP
START GROUP
LOAD c:/program files (x86)/cypress/psoc creator/4.4/psoc creator/import/gnu/arm/5.4.1/bin/../lib/gcc/arm-none-eabi/5.4.1/armv7-m\libgcc.a
LOAD c:/program files (x86)/cypress/psoc creator/4.4/psoc creator/import/gnu/arm/5.4.1/bin/../lib/gcc/arm-none-eabi/5.4.1/../../../../arm-none-eabi/lib/armv7-m\libg_nano.a
LOAD c:/program files (x86)/cypress/psoc creator/4.4/psoc creator/import/gnu/arm/5.4.1/bin/../lib/gcc/arm-none-eabi/5.4.1/../../../../arm-none-eabi/lib/armv7-m\libc_nano.a
END GROUP
START GROUP
LOAD c:/program files (x86)/cypress/psoc creator/4.4/psoc creator/import/gnu/arm/5.4.1/bin/../lib/gcc/arm-none-eabi/5.4.1/armv7-m\libgcc.a
LOAD c:/program files (x86)/cypress/psoc creator/4.4/psoc creator/import/gnu/arm/5.4.1/bin/../lib/gcc/arm-none-eabi/5.4.1/../../../../arm-none-eabi/lib/armv7-m\libc_nano.a
END GROUP
LOAD c:/program files (x86)/cypress/psoc creator/4.4/psoc creator/import/gnu/arm/5.4.1/bin/../lib/gcc/arm-none-eabi/5.4.1/armv7-m/crtend.o
LOAD c:/program files (x86)/cypress/psoc creator/4.4/psoc creator/import/gnu/arm/5.4.1/bin/../lib/gcc/arm-none-eabi/5.4.1/armv7-m/crtn.o
START GROUP
LOAD c:/program files (x86)/cypress/psoc creator/4.4/psoc creator/import/gnu/arm/5.4.1/bin/../lib/gcc/arm-none-eabi/5.4.1/armv7-m\libgcc.a
LOAD c:/program files (x86)/cypress/psoc creator/4.4/psoc creator/import/gnu/arm/5.4.1/bin/../lib/gcc/arm-none-eabi/5.4.1/../../../../arm-none-eabi/lib/armv7-m\libc.a
LOAD c:/program files (x86)/cypress/psoc creator/4.4/psoc creator/import/gnu/arm/5.4.1/bin/../lib/gcc/arm-none-eabi/5.4.1/../../../../arm-none-eabi/lib/armv7-m\libnosys.a
END GROUP
                0x00000000                CY_APPL_ORIGIN = 0x0
                0x00000100                CY_FLASH_ROW_SIZE = 0x100
                0x00000020                CY_ECC_ROW_SIZE = 0x20
                0x00000000                CY_EE_IN_BTLDR = 0x0
                0x00000000                CY_APPL_LOADABLE = 0x0
                0x00000800                CY_EE_SIZE = 0x800
                0x00000001                CY_APPL_NUM = 0x1
                0x00000001                CY_APPL_MAX = 0x1
                0x00000040                CY_METADATA_SIZE = 0x40
                0x00000001                PROVIDE (__cy_region_num, ((__cy_regions_end - __cy_regions) / 0x10))

.cybootloader   0x00000000        0x0
 *(.cybootloader)
                0x00000000                appl1_start = CY_APPL_ORIGIN?CY_APPL_ORIGIN:ALIGN (CY_FLASH_ROW_SIZE)
                0x0001ff00                appl2_start = (appl1_start + ALIGN ((((LENGTH (rom) - appl1_start) - (0x2 * CY_FLASH_ROW_SIZE)) / 0x2), CY_FLASH_ROW_SIZE))
                0x00000000                appl_start = (CY_APPL_NUM == 0x1)?appl1_start:appl2_start
                0x00000000                ecc_offset = ((appl_start / CY_FLASH_ROW_SIZE) * CY_ECC_ROW_SIZE)
                0x00000000                ee_offset = (CY_APPL_LOADABLE && ! (CY_EE_IN_BTLDR))?((CY_EE_SIZE / CY_APPL_MAX) * (CY_APPL_NUM - 0x1)):0x0
                0x00000800                ee_size = (CY_APPL_LOADABLE && ! (CY_EE_IN_BTLDR))?(CY_EE_SIZE / CY_APPL_MAX):CY_EE_SIZE
                [!provide]                PROVIDE (CY_ECC_OFFSET, ecc_offset)

.text           0x00000000     0x7590
 CREATE_OBJECT_SYMBOLS
                0x00000000                PROVIDE (__cy_interrupt_vector, RomVectors)
 *(.romvectors)
 .romvectors    0x00000000       0x10 .\ARM_GCC_541\Debug\Cm3Start.o
                0x00000000                RomVectors
                0x00000001                ASSERT ((. != __cy_interrupt_vector), No interrupt vector)
                0x00000001                ASSERT (CY_APPL_ORIGIN?(SIZEOF (.cybootloader) <= CY_APPL_ORIGIN):0x1, Wrong image location)
                0x00000010                PROVIDE (__cy_reset, Reset)
 *(.text.Reset)
 .text.Reset    0x00000010       0x18 .\ARM_GCC_541\Debug\Cm3Start.o
                0x00000010                Reset
                0x00000001                ASSERT ((. != __cy_reset), No reset code)
 *(.dma_init)
                0x00000001                ASSERT ((((appl_start + .) <= 0x10000) || 0x1), DMA Init must be within the first 64k of flash)
 *(.text .text.* .gnu.linkonce.t.*)
 .text          0x00000028       0x5c c:/program files (x86)/cypress/psoc creator/4.4/psoc creator/import/gnu/arm/5.4.1/bin/../lib/gcc/arm-none-eabi/5.4.1/armv7-m/crtbegin.o
 .text.Port1_Job
                0x00000084      0x300 .\ARM_GCC_541\Debug\OS_Main.o
                0x00000084                Port1_Job
 .text.Port2_Job
                0x00000384      0x300 .\ARM_GCC_541\Debug\OS_Main.o
                0x00000384                Port2_Job
 .text.CmdTask  0x00000684      0x74c .\ARM_GCC_541\Debug\OS_Main.o
                0x00000684                CmdTask
 .text.UART_Linux_Rx_ISR
                0x00000dd0      0x18c .\ARM_GCC_541\Debug\OS_Main.o
                0x00000dd0                UART_Linux_Rx_ISR
 .text.Port1_ISR
                0x00000f5c      0x130 .\ARM_GCC_541\Debug\OS_Main.o
                0x00000f5c                Port1_ISR
 .text.Port2_ISR
                0x0000108c      0x130 .\ARM_GCC_541\Debug\OS_Main.o
                0x0000108c                Port2_ISR
 .text.Timer_Read_Linux_Callback
                0x000011bc       0x84 .\ARM_GCC_541\Debug\OS_Main.o
                0x000011bc                Timer_Read_Linux_Callback
 .text.Timer_RGB_LED_Callback
                0x00001240       0x70 .\ARM_GCC_541\Debug\OS_Main.o
                0x00001240                Timer_RGB_LED_Callback
 .text.Timer_Read_W_Port1_Callback
                0x000012b0       0xac .\ARM_GCC_541\Debug\OS_Main.o
                0x000012b0                Timer_Read_W_Port1_Callback
 .text.Timer_Read_W_Port2_Callback
                0x0000135c       0xac .\ARM_GCC_541\Debug\OS_Main.o
                0x0000135c                Timer_Read_W_Port2_Callback
 .text.Timer_AfterRead_Input1_Callback
                0x00001408       0x9c .\ARM_GCC_541\Debug\OS_Main.o
                0x00001408                Timer_AfterRead_Input1_Callback
 .text.Timer_AfterRead_Port1_Callback
                0x000014a4       0xac .\ARM_GCC_541\Debug\OS_Main.o
                0x000014a4                Timer_AfterRead_Port1_Callback
 .text.Timer_AfterRead_Input2_Callback
                0x00001550       0x9c .\ARM_GCC_541\Debug\OS_Main.o
                0x00001550                Timer_AfterRead_Input2_Callback
 .text.Timer_AfterRead_Port2_Callback
                0x000015ec       0xac .\ARM_GCC_541\Debug\OS_Main.o
                0x000015ec                Timer_AfterRead_Port2_Callback
 .text.Timer_WD_Callback
                0x00001698       0x1c .\ARM_GCC_541\Debug\OS_Main.o
                0x00001698                Timer_WD_Callback
 .text.intrrupt_init
                0x000016b4       0x30 .\ARM_GCC_541\Debug\OS_Main.o
                0x000016b4                intrrupt_init
 .text.init_vars
                0x000016e4       0x34 .\ARM_GCC_541\Debug\OS_Main.o
                0x000016e4                init_vars
 .text.timers_create
                0x00001718       0xb4 .\ARM_GCC_541\Debug\OS_Main.o
                0x00001718                timers_create
 .text.main     0x000017cc       0xa4 .\ARM_GCC_541\Debug\OS_Main.o
                0x000017cc                main
 .text.BSP_Init
                0x00001870       0x10 .\ARM_GCC_541\Debug\BSP.o
                0x00001870                BSP_Init
 .text.OS_Error
                0x00001880       0x40 .\ARM_GCC_541\Debug\OS_Error.o
                0x00001880                OS_Error
 .text.__malloc_lock
                0x000018c0       0x14 .\ARM_GCC_541\Debug\OS_ThreadSafe.o
                0x000018c0                __malloc_lock
 .text.__malloc_unlock
                0x000018d4       0x14 .\ARM_GCC_541\Debug\OS_ThreadSafe.o
                0x000018d4                __malloc_unlock
 .text._sbrk    0x000018e8       0x60 .\ARM_GCC_541\Debug\OS_Syscalls.o
                0x000018e8                _sbrk
 .text.NVIC_SetPriority
                0x00001948       0x54 .\ARM_GCC_541\Debug\RTOSInit_CY8C5868.o
 .text.SysTick_Config
                0x0000199c       0x44 .\ARM_GCC_541\Debug\RTOSInit_CY8C5868.o
 .text._OS_GetHWTimerCycles
                0x000019e0       0x14 .\ARM_GCC_541\Debug\RTOSInit_CY8C5868.o
 .text._OS_GetHWTimer_IntPending
                0x000019f4       0x18 .\ARM_GCC_541\Debug\RTOSInit_CY8C5868.o
 .text.SysTick_Handler
                0x00001a0c      0x124 .\ARM_GCC_541\Debug\RTOSInit_CY8C5868.o
                0x00001a0c                SysTick_Handler
 .text.OS_InitHW
                0x00001b30       0xd4 .\ARM_GCC_541\Debug\RTOSInit_CY8C5868.o
                0x00001b30                OS_InitHW
 .text.OS_Idle  0x00001c04        0x8 .\ARM_GCC_541\Debug\RTOSInit_CY8C5868.o
                0x00001c04                OS_Idle
 .text.OS_COM_Send1
                0x00001c0c       0x1c .\ARM_GCC_541\Debug\RTOSInit_CY8C5868.o
                0x00001c0c                OS_COM_Send1
 .text._RetriggerTimer
                0x00001c28       0x18 .\ARM_GCC_541\Debug\JLINKMEM_Process.o
 .text._StopTimer
                0x00001c40       0x18 .\ARM_GCC_541\Debug\JLINKMEM_Process.o
 .text._Init    0x00001c58       0x94 .\ARM_GCC_541\Debug\JLINKMEM_Process.o
 .text._LockTxBuf
                0x00001cec       0x5c .\ARM_GCC_541\Debug\JLINKMEM_Process.o
 .text._UnlockTxBuf
                0x00001d48       0x18 .\ARM_GCC_541\Debug\JLINKMEM_Process.o
 .text._Receive
                0x00001d60       0x80 .\ARM_GCC_541\Debug\JLINKMEM_Process.o
 .text._FillTxBuf
                0x00001de0       0xb4 .\ARM_GCC_541\Debug\JLINKMEM_Process.o
 .text._DropTxData
                0x00001e94       0x24 .\ARM_GCC_541\Debug\JLINKMEM_Process.o
 .text._Send    0x00001eb8       0x60 .\ARM_GCC_541\Debug\JLINKMEM_Process.o
 .text.JLINKMEM_Process
                0x00001f18       0x9c .\ARM_GCC_541\Debug\JLINKMEM_Process.o
                0x00001f18                JLINKMEM_Process
 .text.JLINKMEM_SendChar
                0x00001fb4       0xa8 .\ARM_GCC_541\Debug\JLINKMEM_Process.o
                0x00001fb4                JLINKMEM_SendChar
 .text.JLINKMEM_SetpfOnRx
                0x0000205c       0x1c .\ARM_GCC_541\Debug\JLINKMEM_Process.o
                0x0000205c                JLINKMEM_SetpfOnRx
 .text.JLINKMEM_SetpfOnTx
                0x00002078       0x1c .\ARM_GCC_541\Debug\JLINKMEM_Process.o
                0x00002078                JLINKMEM_SetpfOnTx
 .text.JLINKMEM_SetpfGetNextChar
                0x00002094       0x1c .\ARM_GCC_541\Debug\JLINKMEM_Process.o
                0x00002094                JLINKMEM_SetpfGetNextChar
 .text._DoInit  0x000020b0       0xac .\ARM_GCC_541\Debug\SEGGER_RTT.o
 .text.SEGGER_RTT_ReadNoLock
                0x0000215c      0x10c .\ARM_GCC_541\Debug\SEGGER_RTT.o
                0x0000215c                SEGGER_RTT_ReadNoLock
 .text.SEGGER_RTT_AllocUpBuffer
                0x00002268      0x104 .\ARM_GCC_541\Debug\SEGGER_RTT.o
                0x00002268                SEGGER_RTT_AllocUpBuffer
 .text.SEGGER_RTT_ConfigDownBuffer
                0x0000236c       0x94 .\ARM_GCC_541\Debug\SEGGER_RTT.o
                0x0000236c                SEGGER_RTT_ConfigDownBuffer
 .text._EncodeStr
                0x00002400       0xa0 .\ARM_GCC_541\Debug\SEGGER_SYSVIEW.o
 .text._PreparePacket
                0x000024a0       0x18 .\ARM_GCC_541\Debug\SEGGER_SYSVIEW.o
 .text._HandleIncomingPacket
                0x000024b8       0xd4 .\ARM_GCC_541\Debug\SEGGER_SYSVIEW.o
 .text._TrySendOverflowPacket
                0x0000258c       0xe4 .\ARM_GCC_541\Debug\SEGGER_SYSVIEW.o
 .text._SendPacket
                0x00002670      0x1c8 .\ARM_GCC_541\Debug\SEGGER_SYSVIEW.o
 .text.SEGGER_SYSVIEW_Init
                0x00002838       0x8c .\ARM_GCC_541\Debug\SEGGER_SYSVIEW.o
                0x00002838                SEGGER_SYSVIEW_Init
 .text.SEGGER_SYSVIEW_RecordVoid
                0x000028c4       0x3c .\ARM_GCC_541\Debug\SEGGER_SYSVIEW.o
                0x000028c4                SEGGER_SYSVIEW_RecordVoid
 .text.SEGGER_SYSVIEW_RecordU32
                0x00002900       0x78 .\ARM_GCC_541\Debug\SEGGER_SYSVIEW.o
                0x00002900                SEGGER_SYSVIEW_RecordU32
 .text.SEGGER_SYSVIEW_RecordU32x2
                0x00002978       0xb4 .\ARM_GCC_541\Debug\SEGGER_SYSVIEW.o
                0x00002978                SEGGER_SYSVIEW_RecordU32x2
 .text.SEGGER_SYSVIEW_RecordU32x3
                0x00002a2c       0xec .\ARM_GCC_541\Debug\SEGGER_SYSVIEW.o
                0x00002a2c                SEGGER_SYSVIEW_RecordU32x3
 .text.SEGGER_SYSVIEW_RecordU32x4
                0x00002b18      0x124 .\ARM_GCC_541\Debug\SEGGER_SYSVIEW.o
                0x00002b18                SEGGER_SYSVIEW_RecordU32x4
 .text.SEGGER_SYSVIEW_RecordU32x5
                0x00002c3c      0x15c .\ARM_GCC_541\Debug\SEGGER_SYSVIEW.o
                0x00002c3c                SEGGER_SYSVIEW_RecordU32x5
 .text.SEGGER_SYSVIEW_Start
                0x00002d98      0x174 .\ARM_GCC_541\Debug\SEGGER_SYSVIEW.o
                0x00002d98                SEGGER_SYSVIEW_Start
 .text.SEGGER_SYSVIEW_Stop
                0x00002f0c       0x4c .\ARM_GCC_541\Debug\SEGGER_SYSVIEW.o
                0x00002f0c                SEGGER_SYSVIEW_Stop
 .text.SEGGER_SYSVIEW_GetSysDesc
                0x00002f58      0x134 .\ARM_GCC_541\Debug\SEGGER_SYSVIEW.o
                0x00002f58                SEGGER_SYSVIEW_GetSysDesc
 .text.SEGGER_SYSVIEW_SendTaskInfo
                0x0000308c      0x1c8 .\ARM_GCC_541\Debug\SEGGER_SYSVIEW.o
                0x0000308c                SEGGER_SYSVIEW_SendTaskInfo
 .text.SEGGER_SYSVIEW_SendTaskList
                0x00003254       0x28 .\ARM_GCC_541\Debug\SEGGER_SYSVIEW.o
                0x00003254                SEGGER_SYSVIEW_SendTaskList
 .text.SEGGER_SYSVIEW_SendSysDesc
                0x0000327c       0x48 .\ARM_GCC_541\Debug\SEGGER_SYSVIEW.o
                0x0000327c                SEGGER_SYSVIEW_SendSysDesc
 .text.SEGGER_SYSVIEW_RecordSystime
                0x000032c4       0x58 .\ARM_GCC_541\Debug\SEGGER_SYSVIEW.o
                0x000032c4                SEGGER_SYSVIEW_RecordSystime
 .text.SEGGER_SYSVIEW_RecordEnterISR
                0x0000331c       0x84 .\ARM_GCC_541\Debug\SEGGER_SYSVIEW.o
                0x0000331c                SEGGER_SYSVIEW_RecordEnterISR
 .text.SEGGER_SYSVIEW_RecordExitISR
                0x000033a0       0x38 .\ARM_GCC_541\Debug\SEGGER_SYSVIEW.o
                0x000033a0                SEGGER_SYSVIEW_RecordExitISR
 .text.SEGGER_SYSVIEW_RecordExitISRToScheduler
                0x000033d8       0x38 .\ARM_GCC_541\Debug\SEGGER_SYSVIEW.o
                0x000033d8                SEGGER_SYSVIEW_RecordExitISRToScheduler
 .text.SEGGER_SYSVIEW_RecordEnterTimer
                0x00003410       0x80 .\ARM_GCC_541\Debug\SEGGER_SYSVIEW.o
                0x00003410                SEGGER_SYSVIEW_RecordEnterTimer
 .text.SEGGER_SYSVIEW_RecordExitTimer
                0x00003490       0x38 .\ARM_GCC_541\Debug\SEGGER_SYSVIEW.o
                0x00003490                SEGGER_SYSVIEW_RecordExitTimer
 .text.SEGGER_SYSVIEW_RecordEndCall
                0x000034c8       0x78 .\ARM_GCC_541\Debug\SEGGER_SYSVIEW.o
                0x000034c8                SEGGER_SYSVIEW_RecordEndCall
 .text.SEGGER_SYSVIEW_RecordEndCallU32
                0x00003540       0xb0 .\ARM_GCC_541\Debug\SEGGER_SYSVIEW.o
                0x00003540                SEGGER_SYSVIEW_RecordEndCallU32
 .text.SEGGER_SYSVIEW_OnIdle
                0x000035f0       0x38 .\ARM_GCC_541\Debug\SEGGER_SYSVIEW.o
                0x000035f0                SEGGER_SYSVIEW_OnIdle
 .text.SEGGER_SYSVIEW_OnTaskCreate
                0x00003628       0x84 .\ARM_GCC_541\Debug\SEGGER_SYSVIEW.o
                0x00003628                SEGGER_SYSVIEW_OnTaskCreate
 .text.SEGGER_SYSVIEW_OnTaskTerminate
                0x000036ac       0x84 .\ARM_GCC_541\Debug\SEGGER_SYSVIEW.o
                0x000036ac                SEGGER_SYSVIEW_OnTaskTerminate
 .text.SEGGER_SYSVIEW_OnTaskStartExec
                0x00003730       0x84 .\ARM_GCC_541\Debug\SEGGER_SYSVIEW.o
                0x00003730                SEGGER_SYSVIEW_OnTaskStartExec
 .text.SEGGER_SYSVIEW_OnTaskStopExec
                0x000037b4       0x38 .\ARM_GCC_541\Debug\SEGGER_SYSVIEW.o
                0x000037b4                SEGGER_SYSVIEW_OnTaskStopExec
 .text.SEGGER_SYSVIEW_OnTaskStartReady
                0x000037ec       0x84 .\ARM_GCC_541\Debug\SEGGER_SYSVIEW.o
                0x000037ec                SEGGER_SYSVIEW_OnTaskStartReady
 .text.SEGGER_SYSVIEW_OnTaskStopReady
                0x00003870       0xc0 .\ARM_GCC_541\Debug\SEGGER_SYSVIEW.o
                0x00003870                SEGGER_SYSVIEW_OnTaskStopReady
 .text.SEGGER_SYSVIEW_NameResource
                0x00003930       0x90 .\ARM_GCC_541\Debug\SEGGER_SYSVIEW.o
                0x00003930                SEGGER_SYSVIEW_NameResource
 .text.SEGGER_SYSVIEW_ShrinkId
                0x000039c0       0x20 .\ARM_GCC_541\Debug\SEGGER_SYSVIEW.o
                0x000039c0                SEGGER_SYSVIEW_ShrinkId
 .text.SEGGER_SYSVIEW_SendModule
                0x000039e0      0x100 .\ARM_GCC_541\Debug\SEGGER_SYSVIEW.o
                0x000039e0                SEGGER_SYSVIEW_SendModule
 .text.SEGGER_SYSVIEW_SendModuleDescription
                0x00003ae0       0x3c .\ARM_GCC_541\Debug\SEGGER_SYSVIEW.o
                0x00003ae0                SEGGER_SYSVIEW_SendModuleDescription
 .text.SEGGER_SYSVIEW_SendNumModules
                0x00003b1c       0x7c .\ARM_GCC_541\Debug\SEGGER_SYSVIEW.o
                0x00003b1c                SEGGER_SYSVIEW_SendNumModules
 .text._cbSendSystemDesc
                0x00003b98       0x1c .\ARM_GCC_541\Debug\SEGGER_SYSVIEW_Config_embOS.o
 .text.SEGGER_SYSVIEW_Conf
                0x00003bb4       0x54 .\ARM_GCC_541\Debug\SEGGER_SYSVIEW_Config_embOS.o
                0x00003bb4                SEGGER_SYSVIEW_Conf
 .text._cbSendTaskInfo
                0x00003c08       0x54 .\ARM_GCC_541\Debug\SEGGER_SYSVIEW_embOS.o
 .text._cbSendTaskList
                0x00003c5c       0x5c .\ARM_GCC_541\Debug\SEGGER_SYSVIEW_embOS.o
 .text          0x00003cb8       0x8c .\ARM_GCC_541\Debug\SEGGER_RTT_ASM_ARMv7M.o
                0x00003cb8                SEGGER_RTT_ASM_WriteSkipNoLock
 .text.RGB      0x00003d44       0x7c .\ARM_GCC_541\Debug\IO.o
                0x00003d44                RGB
 .text.strremove
                0x00003dc0       0x58 .\ARM_GCC_541\Debug\defines.o
                0x00003dc0                strremove
 .text.cymonitoring_get_lastWtd
                0x00003e18       0x4c .\ARM_GCC_541\Debug\ChipMonitor.o
                0x00003e18                cymonitoring_get_lastWtd
 .text.CYMEMZERO
                0x00003e64       0x1c .\ARM_GCC_541\Debug\cyfitter_cfg.o
 .text.CYCONFIGCPY
                0x00003e80       0x20 .\ARM_GCC_541\Debug\cyfitter_cfg.o
 .text.CyClockStartupError
                0x00003ea0        0xc .\ARM_GCC_541\Debug\cyfitter_cfg.o
 .text.cfg_write_bytes32
                0x00003eac       0x74 .\ARM_GCC_541\Debug\cyfitter_cfg.o
 .text.ClockSetup
                0x00003f20      0x120 .\ARM_GCC_541\Debug\cyfitter_cfg.o
 .text.AnalogSetDefault
                0x00004040       0x44 .\ARM_GCC_541\Debug\cyfitter_cfg.o
 .text.cyfitter_cfg
                0x00004084      0x1c8 .\ARM_GCC_541\Debug\cyfitter_cfg.o
                0x00004084                cyfitter_cfg
 .text.IntDefaultHandler
                0x0000424c       0x14 .\ARM_GCC_541\Debug\Cm3Start.o
                0x0000424c                IntDefaultHandler
 .text.Start_c  0x00004260       0x98 .\ARM_GCC_541\Debug\Cm3Start.o
                0x00004260                Start_c
 .text.initialize_psoc
                0x000042f8       0x90 .\ARM_GCC_541\Debug\Cm3Start.o
                0x000042f8                initialize_psoc
 .text.UART_Debug_Start
                0x00004388       0x24 .\ARM_GCC_541\Debug\Start_CY8C5868_AccessV1.0_OldBrd.a(UART_Debug.o)
                0x00004388                UART_Debug_Start
 .text.UART_Debug_Init
                0x000043ac       0x6c .\ARM_GCC_541\Debug\Start_CY8C5868_AccessV1.0_OldBrd.a(UART_Debug.o)
                0x000043ac                UART_Debug_Init
 .text.UART_Debug_Enable
                0x00004418       0x78 .\ARM_GCC_541\Debug\Start_CY8C5868_AccessV1.0_OldBrd.a(UART_Debug.o)
                0x00004418                UART_Debug_Enable
 .text.UART_Debug_PutChar
                0x00004490       0xbc .\ARM_GCC_541\Debug\Start_CY8C5868_AccessV1.0_OldBrd.a(UART_Debug.o)
                0x00004490                UART_Debug_PutChar
 .text.UART_Debug_PutString
                0x0000454c       0x44 .\ARM_GCC_541\Debug\Start_CY8C5868_AccessV1.0_OldBrd.a(UART_Debug.o)
                0x0000454c                UART_Debug_PutString
 .text.UART_Debug_RXISR
                0x00004590       0xdc .\ARM_GCC_541\Debug\Start_CY8C5868_AccessV1.0_OldBrd.a(UART_Debug_INT.o)
                0x00004590                UART_Debug_RXISR
 .text.UART_Debug_TXISR
                0x0000466c       0x70 .\ARM_GCC_541\Debug\Start_CY8C5868_AccessV1.0_OldBrd.a(UART_Debug_INT.o)
                0x0000466c                UART_Debug_TXISR
 .text.UART_Linux_Start
                0x000046dc       0x24 .\ARM_GCC_541\Debug\Start_CY8C5868_AccessV1.0_OldBrd.a(UART_Linux.o)
                0x000046dc                UART_Linux_Start
 .text.UART_Linux_Init
                0x00004700       0x6c .\ARM_GCC_541\Debug\Start_CY8C5868_AccessV1.0_OldBrd.a(UART_Linux.o)
                0x00004700                UART_Linux_Init
 .text.UART_Linux_Enable
                0x0000476c       0x78 .\ARM_GCC_541\Debug\Start_CY8C5868_AccessV1.0_OldBrd.a(UART_Linux.o)
                0x0000476c                UART_Linux_Enable
 .text.UART_Linux_GetChar
                0x000047e4       0xb8 .\ARM_GCC_541\Debug\Start_CY8C5868_AccessV1.0_OldBrd.a(UART_Linux.o)
                0x000047e4                UART_Linux_GetChar
 .text.UART_Linux_PutChar
                0x0000489c       0xbc .\ARM_GCC_541\Debug\Start_CY8C5868_AccessV1.0_OldBrd.a(UART_Linux.o)
                0x0000489c                UART_Linux_PutChar
 .text.UART_Linux_PutArray
                0x00004958       0x44 .\ARM_GCC_541\Debug\Start_CY8C5868_AccessV1.0_OldBrd.a(UART_Linux.o)
                0x00004958                UART_Linux_PutArray
 .text.UART_Linux_RXISR
                0x0000499c       0xdc .\ARM_GCC_541\Debug\Start_CY8C5868_AccessV1.0_OldBrd.a(UART_Linux_INT.o)
                0x0000499c                UART_Linux_RXISR
 .text.UART_Linux_TXISR
                0x00004a78       0x70 .\ARM_GCC_541\Debug\Start_CY8C5868_AccessV1.0_OldBrd.a(UART_Linux_INT.o)
                0x00004a78                UART_Linux_TXISR
 .text.Pins_Port1_ClearInterrupt
                0x00004ae8       0x20 .\ARM_GCC_541\Debug\Start_CY8C5868_AccessV1.0_OldBrd.a(Pins_Port1.o)
                0x00004ae8                Pins_Port1_ClearInterrupt
 .text.Pins_Port2_ClearInterrupt
                0x00004b08       0x20 .\ARM_GCC_541\Debug\Start_CY8C5868_AccessV1.0_OldBrd.a(Pins_Port2.o)
                0x00004b08                Pins_Port2_ClearInterrupt
 .text.Relay_Port1_Write
                0x00004b28       0x3c .\ARM_GCC_541\Debug\Start_CY8C5868_AccessV1.0_OldBrd.a(Relay_Port1.o)
                0x00004b28                Relay_Port1_Write
 .text.Relay_Port2_Write
                0x00004b64       0x38 .\ARM_GCC_541\Debug\Start_CY8C5868_AccessV1.0_OldBrd.a(Relay_Port2.o)
                0x00004b64                Relay_Port2_Write
 .text.intr_Port2_StartEx
                0x00004b9c       0x24 .\ARM_GCC_541\Debug\Start_CY8C5868_AccessV1.0_OldBrd.a(intr_Port2.o)
                0x00004b9c                intr_Port2_StartEx
 .text.intr_Port2_SetVector
                0x00004bc0       0x24 .\ARM_GCC_541\Debug\Start_CY8C5868_AccessV1.0_OldBrd.a(intr_Port2.o)
                0x00004bc0                intr_Port2_SetVector
 .text.intr_Port2_SetPriority
                0x00004be4       0x24 .\ARM_GCC_541\Debug\Start_CY8C5868_AccessV1.0_OldBrd.a(intr_Port2.o)
                0x00004be4                intr_Port2_SetPriority
 .text.intr_Port2_Enable
                0x00004c08       0x18 .\ARM_GCC_541\Debug\Start_CY8C5868_AccessV1.0_OldBrd.a(intr_Port2.o)
                0x00004c08                intr_Port2_Enable
 .text.intr_Port2_Disable
                0x00004c20       0x18 .\ARM_GCC_541\Debug\Start_CY8C5868_AccessV1.0_OldBrd.a(intr_Port2.o)
                0x00004c20                intr_Port2_Disable
 .text.LED_RGB_Write
                0x00004c38       0x3c .\ARM_GCC_541\Debug\Start_CY8C5868_AccessV1.0_OldBrd.a(LED_RGB.o)
                0x00004c38                LED_RGB_Write
 .text.UART_Debug_IntClock_Start
                0x00004c74       0x34 .\ARM_GCC_541\Debug\Start_CY8C5868_AccessV1.0_OldBrd.a(UART_Debug_IntClock.o)
                0x00004c74                UART_Debug_IntClock_Start
 .text.UART_Linux_IntClock_Start
                0x00004ca8       0x34 .\ARM_GCC_541\Debug\Start_CY8C5868_AccessV1.0_OldBrd.a(UART_Linux_IntClock.o)
                0x00004ca8                UART_Linux_IntClock_Start
 .text.CyHalt   0x00004cdc       0x18 .\ARM_GCC_541\Debug\Start_CY8C5868_AccessV1.0_OldBrd.a(CyLib.o)
                0x00004cdc                CyHalt
 .text.CySoftwareReset
                0x00004cf4       0x20 .\ARM_GCC_541\Debug\Start_CY8C5868_AccessV1.0_OldBrd.a(CyLib.o)
                0x00004cf4                CySoftwareReset
 .text.CyWdtStart
                0x00004d14       0x8c .\ARM_GCC_541\Debug\Start_CY8C5868_AccessV1.0_OldBrd.a(CyLib.o)
                0x00004d14                CyWdtStart
 .text.CyWdtClear
                0x00004da0       0x18 .\ARM_GCC_541\Debug\Start_CY8C5868_AccessV1.0_OldBrd.a(CyLib.o)
                0x00004da0                CyWdtClear
 .text.CyIntSetSysVector
                0x00004db8       0x4c .\ARM_GCC_541\Debug\Start_CY8C5868_AccessV1.0_OldBrd.a(CyLib.o)
                0x00004db8                CyIntSetSysVector
 .text.CyIntSetVector
                0x00004e04       0x50 .\ARM_GCC_541\Debug\Start_CY8C5868_AccessV1.0_OldBrd.a(CyLib.o)
                0x00004e04                CyIntSetVector
 .text.CyIntSetPriority
                0x00004e54       0x48 .\ARM_GCC_541\Debug\Start_CY8C5868_AccessV1.0_OldBrd.a(CyLib.o)
                0x00004e54                CyIntSetPriority
 .text.intr_UART_Linux_Rx_StartEx
                0x00004e9c       0x24 .\ARM_GCC_541\Debug\Start_CY8C5868_AccessV1.0_OldBrd.a(intr_UART_Linux_Rx.o)
                0x00004e9c                intr_UART_Linux_Rx_StartEx
 .text.intr_UART_Linux_Rx_SetVector
                0x00004ec0       0x24 .\ARM_GCC_541\Debug\Start_CY8C5868_AccessV1.0_OldBrd.a(intr_UART_Linux_Rx.o)
                0x00004ec0                intr_UART_Linux_Rx_SetVector
 .text.intr_UART_Linux_Rx_SetPriority
                0x00004ee4       0x24 .\ARM_GCC_541\Debug\Start_CY8C5868_AccessV1.0_OldBrd.a(intr_UART_Linux_Rx.o)
                0x00004ee4                intr_UART_Linux_Rx_SetPriority
 .text.intr_UART_Linux_Rx_Enable
                0x00004f08       0x18 .\ARM_GCC_541\Debug\Start_CY8C5868_AccessV1.0_OldBrd.a(intr_UART_Linux_Rx.o)
                0x00004f08                intr_UART_Linux_Rx_Enable
 .text.intr_UART_Linux_Rx_Disable
                0x00004f20       0x18 .\ARM_GCC_541\Debug\Start_CY8C5868_AccessV1.0_OldBrd.a(intr_UART_Linux_Rx.o)
                0x00004f20                intr_UART_Linux_Rx_Disable
 .text.intr_Port1_StartEx
                0x00004f38       0x24 .\ARM_GCC_541\Debug\Start_CY8C5868_AccessV1.0_OldBrd.a(intr_Port1.o)
                0x00004f38                intr_Port1_StartEx
 .text.intr_Port1_SetVector
                0x00004f5c       0x24 .\ARM_GCC_541\Debug\Start_CY8C5868_AccessV1.0_OldBrd.a(intr_Port1.o)
                0x00004f5c                intr_Port1_SetVector
 .text.intr_Port1_SetPriority
                0x00004f80       0x24 .\ARM_GCC_541\Debug\Start_CY8C5868_AccessV1.0_OldBrd.a(intr_Port1.o)
                0x00004f80                intr_Port1_SetPriority
 .text.intr_Port1_Enable
                0x00004fa4       0x18 .\ARM_GCC_541\Debug\Start_CY8C5868_AccessV1.0_OldBrd.a(intr_Port1.o)
                0x00004fa4                intr_Port1_Enable
 .text.intr_Port1_Disable
                0x00004fbc       0x18 .\ARM_GCC_541\Debug\Start_CY8C5868_AccessV1.0_OldBrd.a(intr_Port1.o)
                0x00004fbc                intr_Port1_Disable
 *fill*         0x00004fd4        0x4 
 .text          0x00004fd8       0x20 .\ARM_GCC_541\Debug\Start_CY8C5868_AccessV1.0_OldBrd.a(CyBootAsmGnu.o)
                0x00004fd8                CyDelayCycles
                0x00004fe8                CyEnterCriticalSection
                0x00004ff0                CyExitCriticalSection
 .text.atoi     0x00004ff8        0x8 c:/program files (x86)/cypress/psoc creator/4.4/psoc creator/import/gnu/arm/5.4.1/bin/../lib/gcc/arm-none-eabi/5.4.1/../../../../arm-none-eabi/lib/armv7-m\libc_nano.a(lib_a-atoi.o)
                0x00004ff8                atoi
 .text.__errno  0x00005000        0xc c:/program files (x86)/cypress/psoc creator/4.4/psoc creator/import/gnu/arm/5.4.1/bin/../lib/gcc/arm-none-eabi/5.4.1/../../../../arm-none-eabi/lib/armv7-m\libc_nano.a(lib_a-errno.o)
                0x00005000                __errno
 .text.__libc_init_array
                0x0000500c       0x4c c:/program files (x86)/cypress/psoc creator/4.4/psoc creator/import/gnu/arm/5.4.1/bin/../lib/gcc/arm-none-eabi/5.4.1/../../../../arm-none-eabi/lib/armv7-m\libc_nano.a(lib_a-init.o)
                0x0000500c                __libc_init_array
 .text.memcmp   0x00005058       0x1e c:/program files (x86)/cypress/psoc creator/4.4/psoc creator/import/gnu/arm/5.4.1/bin/../lib/gcc/arm-none-eabi/5.4.1/../../../../arm-none-eabi/lib/armv7-m\libc_nano.a(lib_a-memcmp.o)
                0x00005058                memcmp
 .text.memcpy   0x00005076       0x16 c:/program files (x86)/cypress/psoc creator/4.4/psoc creator/import/gnu/arm/5.4.1/bin/../lib/gcc/arm-none-eabi/5.4.1/../../../../arm-none-eabi/lib/armv7-m\libc_nano.a(lib_a-memcpy-stub.o)
                0x00005076                memcpy
 .text.memmove  0x0000508c       0x36 c:/program files (x86)/cypress/psoc creator/4.4/psoc creator/import/gnu/arm/5.4.1/bin/../lib/gcc/arm-none-eabi/5.4.1/../../../../arm-none-eabi/lib/armv7-m\libc_nano.a(lib_a-memmove.o)
                0x0000508c                memmove
 .text.memset   0x000050c2       0x10 c:/program files (x86)/cypress/psoc creator/4.4/psoc creator/import/gnu/arm/5.4.1/bin/../lib/gcc/arm-none-eabi/5.4.1/../../../../arm-none-eabi/lib/armv7-m\libc_nano.a(lib_a-memset.o)
                0x000050c2                memset
 *fill*         0x000050d2        0x2 
 .text.sprintf  0x000050d4       0x48 c:/program files (x86)/cypress/psoc creator/4.4/psoc creator/import/gnu/arm/5.4.1/bin/../lib/gcc/arm-none-eabi/5.4.1/../../../../arm-none-eabi/lib/armv7-m\libc_nano.a(lib_a-sprintf.o)
                0x000050d4                siprintf
                0x000050d4                sprintf
 .text          0x0000511c       0x10 c:/program files (x86)/cypress/psoc creator/4.4/psoc creator/import/gnu/arm/5.4.1/bin/../lib/gcc/arm-none-eabi/5.4.1/../../../../arm-none-eabi/lib/armv7-m\libc_nano.a(lib_a-strlen.o)
                0x0000511c                strlen
 .text.strstr   0x0000512c       0x34 c:/program files (x86)/cypress/psoc creator/4.4/psoc creator/import/gnu/arm/5.4.1/bin/../lib/gcc/arm-none-eabi/5.4.1/../../../../arm-none-eabi/lib/armv7-m\libc_nano.a(lib_a-strstr.o)
                0x0000512c                strstr
 .text._strtol_r
                0x00005160      0x10c c:/program files (x86)/cypress/psoc creator/4.4/psoc creator/import/gnu/arm/5.4.1/bin/../lib/gcc/arm-none-eabi/5.4.1/../../../../arm-none-eabi/lib/armv7-m\libc_nano.a(lib_a-strtol.o)
                0x00005160                _strtol_r
 .text.strtol   0x0000526c       0x14 c:/program files (x86)/cypress/psoc creator/4.4/psoc creator/import/gnu/arm/5.4.1/bin/../lib/gcc/arm-none-eabi/5.4.1/../../../../arm-none-eabi/lib/armv7-m\libc_nano.a(lib_a-strtol.o)
                0x0000526c                strtol
 .text._free_r  0x00005280       0x98 c:/program files (x86)/cypress/psoc creator/4.4/psoc creator/import/gnu/arm/5.4.1/bin/../lib/gcc/arm-none-eabi/5.4.1/../../../../arm-none-eabi/lib/armv7-m\libc_nano.a(lib_a-nano-freer.o)
                0x00005280                _free_r
 .text._malloc_r
                0x00005318       0xbc c:/program files (x86)/cypress/psoc creator/4.4/psoc creator/import/gnu/arm/5.4.1/bin/../lib/gcc/arm-none-eabi/5.4.1/../../../../arm-none-eabi/lib/armv7-m\libc_nano.a(lib_a-nano-mallocr.o)
                0x00005318                _malloc_r
 .text.__ssputs_r
                0x000053d4       0xb2 c:/program files (x86)/cypress/psoc creator/4.4/psoc creator/import/gnu/arm/5.4.1/bin/../lib/gcc/arm-none-eabi/5.4.1/../../../../arm-none-eabi/lib/armv7-m\libc_nano.a(lib_a-nano-svfprintf.o)
                0x000053d4                __ssputs_r
 *fill*         0x00005486        0x2 
 .text._svfprintf_r
                0x00005488      0x1e8 c:/program files (x86)/cypress/psoc creator/4.4/psoc creator/import/gnu/arm/5.4.1/bin/../lib/gcc/arm-none-eabi/5.4.1/../../../../arm-none-eabi/lib/armv7-m\libc_nano.a(lib_a-nano-svfprintf.o)
                0x00005488                _svfiprintf_r
                0x00005488                _svfprintf_r
 .text._printf_common
                0x00005670       0xec c:/program files (x86)/cypress/psoc creator/4.4/psoc creator/import/gnu/arm/5.4.1/bin/../lib/gcc/arm-none-eabi/5.4.1/../../../../arm-none-eabi/lib/armv7-m\libc_nano.a(lib_a-nano-vfprintf_i.o)
                0x00005670                _printf_common
 .text._printf_i
                0x0000575c      0x24c c:/program files (x86)/cypress/psoc creator/4.4/psoc creator/import/gnu/arm/5.4.1/bin/../lib/gcc/arm-none-eabi/5.4.1/../../../../arm-none-eabi/lib/armv7-m\libc_nano.a(lib_a-nano-vfprintf_i.o)
                0x0000575c                _printf_i
 .text._sbrk_r  0x000059a8       0x20 c:/program files (x86)/cypress/psoc creator/4.4/psoc creator/import/gnu/arm/5.4.1/bin/../lib/gcc/arm-none-eabi/5.4.1/../../../../arm-none-eabi/lib/armv7-m\libc_nano.a(lib_a-sbrkr.o)
                0x000059a8                _sbrk_r
 .text.memchr   0x000059c8       0x1c c:/program files (x86)/cypress/psoc creator/4.4/psoc creator/import/gnu/arm/5.4.1/bin/../lib/gcc/arm-none-eabi/5.4.1/../../../../arm-none-eabi/lib/armv7-m\libc_nano.a(lib_a-memchr-stub.o)
                0x000059c8                memchr
 .text._realloc_r
                0x000059e4       0x4c c:/program files (x86)/cypress/psoc creator/4.4/psoc creator/import/gnu/arm/5.4.1/bin/../lib/gcc/arm-none-eabi/5.4.1/../../../../arm-none-eabi/lib/armv7-m\libc_nano.a(lib_a-nano-reallocr.o)
                0x000059e4                _realloc_r
 .text._malloc_usable_size_r
                0x00005a30       0x14 c:/program files (x86)/cypress/psoc creator/4.4/psoc creator/import/gnu/arm/5.4.1/bin/../lib/gcc/arm-none-eabi/5.4.1/../../../../arm-none-eabi/lib/armv7-m\libc_nano.a(lib_a-nano-msizer.o)
                0x00005a30                _malloc_usable_size_r
 .text          0x00005a44      0x140 ..\..\..\..\Lib\libosT7LDP.a(RTOS.o)
                0x00005a44                PendSV_Handler
                0x00005aac                OS_StartTask
                0x00005ac0                OS_StartASM
                0x00005b08                OS_StopASM
                0x00005b1e                OS_Switch
                0x00005b3c                OS_SwitchAfterISR_CortexM
                0x00005b40                OS_Switch_End
                0x00005b42                OS_SwitchFromInt
 .text.OS_InterruptSafetyLock
                0x00005b84       0x28 ..\..\..\..\Lib\libosT7LDP.a(OS_ThreadSafeInt.o)
                0x00005b84                OS_InterruptSafetyLock
 .text.OS_InterruptSafetyUnlock
                0x00005bac       0x20 ..\..\..\..\Lib\libosT7LDP.a(OS_ThreadSafeInt.o)
                0x00005bac                OS_InterruptSafetyUnlock
 .text.OS_GetCPUState
                0x00005bcc       0x2c ..\..\..\..\Lib\libosT7LDP.a(OS_ARMv7M_GetCPUState.o)
                0x00005bcc                OS_GetCPUState
 .text.OS_TRACE_SetAPI
                0x00005bf8       0x2c ..\..\..\..\Lib\libosT7LDP.a(OS_Trace.o)
                0x00005bf8                OS_TRACE_SetAPI
 .text.OS_TIME_ConfigSysTimer
                0x00005c24       0xbc ..\..\..\..\Lib\libosT7LDP.a(OS_Timing.o)
                0x00005c24                OS_TIME_ConfigSysTimer
 .text.OS__TIME_GetCycles
                0x00005ce0       0x8c ..\..\..\..\Lib\libosT7LDP.a(OS_Timing.o)
                0x00005ce0                OS__TIME_GetCycles
 .text.OS__TIME_ConvertCycles2us
                0x00005d6c       0x34 ..\..\..\..\Lib\libosT7LDP.a(OS_Timing.o)
                0x00005d6c                OS__TIME_ConvertCycles2us
 .text.OS_TIME_Get_us64
                0x00005da0       0x44 ..\..\..\..\Lib\libosT7LDP.a(OS_Timing.o)
                0x00005da0                OS_TIME_Get_us64
 .text.OS_TIME_GetTicks
                0x00005de4       0x20 ..\..\..\..\Lib\libosT7LDP.a(OS_Timing.o)
                0x00005de4                OS_TIME_GetTicks
 .text.OS_TIME_GetTicks32
                0x00005e04       0x20 ..\..\..\..\Lib\libosT7LDP.a(OS_Timing.o)
                0x00005e04                OS_TIME_GetTicks32
 .text.OS_TASK_GetName
                0x00005e24       0x60 ..\..\..\..\Lib\libosT7LDP.a(OS_Task.o)
                0x00005e24                OS_TASK_GetName
 .text.OS_TASK_GetTimeSliceRem
                0x00005e84       0x8c ..\..\..\..\Lib\libosT7LDP.a(OS_Task.o)
                0x00005e84                OS_TASK_GetTimeSliceRem
 .text.OS_TASK_LeaveRegion
                0x00005f10       0x68 ..\..\..\..\Lib\libosT7LDP.a(OS_Task.o)
                0x00005f10                OS_TASK_LeaveRegion
 .text.OS_TICK_Handle
                0x00005f78       0xc4 ..\..\..\..\Lib\libosT7LDP.a(OS_SysTick.o)
                0x00005f78                OS_TICK_Handle
 .text.OS_CheckTimer
                0x0000603c       0x60 ..\..\..\..\Lib\libosT7LDP.a(OS_SoftwareTimer.o)
                0x0000603c                OS_CheckTimer
 .text._InsertTimerInList
                0x0000609c       0x88 ..\..\..\..\Lib\libosT7LDP.a(OS_SoftwareTimer.o)
 .text.OS_TIMER_Create
                0x00006124       0xac ..\..\..\..\Lib\libosT7LDP.a(OS_SoftwareTimer.o)
                0x00006124                OS_TIMER_Create
 .text.OS_TIMER_GetStatus
                0x000061d0       0x4c ..\..\..\..\Lib\libosT7LDP.a(OS_SoftwareTimer.o)
                0x000061d0                OS_TIMER_GetStatus
 .text.OS_TIMER_Restart
                0x0000621c       0x9c ..\..\..\..\Lib\libosT7LDP.a(OS_SoftwareTimer.o)
                0x0000621c                OS_TIMER_Restart
 .text.OS_TIMER_Stop
                0x000062b8       0x9c ..\..\..\..\Lib\libosT7LDP.a(OS_SoftwareTimer.o)
                0x000062b8                OS_TIMER_Stop
 .text.OS_AssertCPUInISRMode
                0x00006354       0x2c ..\..\..\..\Lib\libosT7LDP.a(OS_Kern.o)
                0x00006354                OS_AssertCPUInISRMode
 .text.OS_EnableProfiling
                0x00006380       0x6c ..\..\..\..\Lib\libosT7LDP.a(OS_Kern.o)
                0x00006380                OS_EnableProfiling
 .text.OS_EnterRegionFunc
                0x000063ec       0x10 ..\..\..\..\Lib\libosT7LDP.a(OS_Kern.o)
                0x000063ec                OS_EnterRegionFunc
 .text.OS_RemoveTaskFromWaitList
                0x000063fc       0x12 ..\..\..\..\Lib\libosT7LDP.a(OS_Kern.o)
                0x000063fc                OS_RemoveTaskFromWaitList
 *fill*         0x0000640e        0x2 
 .text.OS_MakeTaskReady
                0x00006410       0x98 ..\..\..\..\Lib\libosT7LDP.a(OS_Kern.o)
                0x00006410                OS_MakeTaskReady
 .text.OS_InsertTask
                0x000064a8       0x88 ..\..\..\..\Lib\libosT7LDP.a(OS_Kern.o)
                0x000064a8                OS_InsertTask
 .text.OS_SaveMainStack
                0x00006530       0x38 ..\..\..\..\Lib\libosT7LDP.a(OS_Kern.o)
                0x00006530                OS_SaveMainStack
 .text.OS_TaskInit
                0x00006568       0x1c ..\..\..\..\Lib\libosT7LDP.a(OS_Kern.o)
                0x00006568                OS_TaskInit
 .text.OS_TerminateError
                0x00006584        0x6 ..\..\..\..\Lib\libosT7LDP.a(OS_Kern.o)
                0x00006584                OS_TerminateError
 .text.OS_UnlinkTask
                0x0000658a        0xc ..\..\..\..\Lib\libosT7LDP.a(OS_Kern.o)
                0x0000658a                OS_UnlinkTask
 *fill*         0x00006596        0x2 
 .text.OS_ChangeTask_STD
                0x00006598      0x318 ..\..\..\..\Lib\libosT7LDP.a(OS_Kern.o)
                0x00006598                OS_ChangeTask_STD
 .text.OS_Init_STD
                0x000068b0       0xb4 ..\..\..\..\Lib\libosT7LDP.a(OS_Kern.o)
                0x000068b0                OS_Init_STD
 .text.OS_IsRunning
                0x00006964       0x3c ..\..\..\..\Lib\libosT7LDP.a(OS_Kern.o)
                0x00006964                OS_IsRunning
 .text.OS__Start
                0x000069a0       0x3c ..\..\..\..\Lib\libosT7LDP.a(OS_Kern.o)
                0x000069a0                OS__Start
 .text.OS_STAT_GetExecTime
                0x000069dc       0xc8 ..\..\..\..\Lib\libosT7LDP.a(OS_Kern.o)
                0x000069dc                OS_STAT_GetExecTime
 .text.OS_INFO_GetCPU
                0x00006aa4       0x40 ..\..\..\..\Lib\libosT7LDP.a(OS_Info.o)
                0x00006aa4                OS_INFO_GetCPU
 .text.OS_INFO_GetLibName
                0x00006ae4       0x40 ..\..\..\..\Lib\libosT7LDP.a(OS_Info.o)
                0x00006ae4                OS_INFO_GetLibName
 .text.OS_INFO_GetVersion
                0x00006b24       0x40 ..\..\..\..\Lib\libosT7LDP.a(OS_Info.o)
                0x00006b24                OS_INFO_GetVersion
 .text.OS_STACK_GetTaskStackBase
                0x00006b64       0x8c ..\..\..\..\Lib\libosT7LDP.a(OS_Info.o)
                0x00006b64                OS_STACK_GetTaskStackBase
 .text.OS_STACK_GetTaskStackSize
                0x00006bf0       0x8c ..\..\..\..\Lib\libosT7LDP.a(OS_Info.o)
                0x00006bf0                OS_STACK_GetTaskStackSize
 .text._OnTx    0x00006c7c      0x168 ..\..\..\..\Lib\libosT7LDP.a(OS_Com.o)
 .text._StartSend
                0x00006de4       0x48 ..\..\..\..\Lib\libosT7LDP.a(OS_Com.o)
 .text.OS_COM_ClearTxActive
                0x00006e2c       0x24 ..\..\..\..\Lib\libosT7LDP.a(OS_Com.o)
                0x00006e2c                OS_COM_ClearTxActive
 .text.OS_COM_GetInU8
                0x00006e50       0x18 ..\..\..\..\Lib\libosT7LDP.a(OS_Com.o)
                0x00006e50                OS_COM_GetInU8
 .text.OS_COM_GetInU16
                0x00006e68       0x14 ..\..\..\..\Lib\libosT7LDP.a(OS_Com.o)
                0x00006e68                OS_COM_GetInU16
 .text.OS_COM_GetInU32
                0x00006e7c       0x12 ..\..\..\..\Lib\libosT7LDP.a(OS_Com.o)
                0x00006e7c                OS_COM_GetInU32
 .text.OS_COM_GetNextChar
                0x00006e8e        0x4 ..\..\..\..\Lib\libosT7LDP.a(OS_Com.o)
                0x00006e8e                OS_COM_GetNextChar
 *fill*         0x00006e92        0x2 
 .text.OS_COM_StoreInU8
                0x00006e94       0x1c ..\..\..\..\Lib\libosT7LDP.a(OS_Com.o)
                0x00006e94                OS_COM_StoreInU8
 .text.OS_COM_StoreOutU8
                0x00006eb0       0x1c ..\..\..\..\Lib\libosT7LDP.a(OS_Com.o)
                0x00006eb0                OS_COM_StoreOutU8
 .text._StoreOutString.constprop.1
                0x00006ecc       0x4c ..\..\..\..\Lib\libosT7LDP.a(OS_Com.o)
 .text.OS_COM_StoreOutU16
                0x00006f18       0x14 ..\..\..\..\Lib\libosT7LDP.a(OS_Com.o)
                0x00006f18                OS_COM_StoreOutU16
 .text.OS_COM_StoreOutU32
                0x00006f2c       0x14 ..\..\..\..\Lib\libosT7LDP.a(OS_Com.o)
                0x00006f2c                OS_COM_StoreOutU32
 .text._EvaPacket
                0x00006f40      0x1e0 ..\..\..\..\Lib\libosT7LDP.a(OS_Com.o)
 .text.OS_COM_OnRx
                0x00007120       0xbc ..\..\..\..\Lib\libosT7LDP.a(OS_Com.o)
                0x00007120                OS_COM_OnRx
 .text.OS_COM_OnTx
                0x000071dc       0x18 ..\..\..\..\Lib\libosT7LDP.a(OS_Com.o)
                0x000071dc                OS_COM_OnTx
 .text.OS_STACK_GetSysStackBase
                0x000071f4        0x8 ..\..\..\..\Lib\libosT7LDP.a(OS_StackInfo.o)
                0x000071f4                OS_STACK_GetSysStackBase
 .text.OS_STACK_GetSysStackSize
                0x000071fc       0x10 ..\..\..\..\Lib\libosT7LDP.a(OS_StackInfo.o)
                0x000071fc                OS_STACK_GetSysStackSize
 .text.OS_STACK_GetSP
                0x0000720c        0x4 ..\..\..\..\Lib\libosT7LDP.a(OS_StackInfo.o)
                0x0000720c                OS_STACK_GetSP
 .text.OS_ARMv7M_Init
                0x00007210       0x60 ..\..\..\..\Lib\libosT7LDP.a(OS_ARMv7M_Init.o)
                0x00007210                OS_ARMv7M_Init
 .text          0x00007270       0x30 c:/program files (x86)/cypress/psoc creator/4.4/psoc creator/import/gnu/arm/5.4.1/bin/../lib/gcc/arm-none-eabi/5.4.1/armv7-m\libgcc.a(_aeabi_uldivmod.o)
                0x00007270                __aeabi_uldivmod
 .text          0x000072a0      0x2ec c:/program files (x86)/cypress/psoc creator/4.4/psoc creator/import/gnu/arm/5.4.1/bin/../lib/gcc/arm-none-eabi/5.4.1/armv7-m\libgcc.a(_udivmoddi4.o)
                0x000072a0                __udivmoddi4
 .text          0x0000758c        0x4 c:/program files (x86)/cypress/psoc creator/4.4/psoc creator/import/gnu/arm/5.4.1/bin/../lib/gcc/arm-none-eabi/5.4.1/armv7-m\libgcc.a(_dvmd_tls.o)
                0x0000758c                __aeabi_idiv0
                0x0000758c                __aeabi_ldiv0
 *(.plt)
 *(.gnu.warning)
 *(.glue_7t)
 .glue_7t       0x00007590        0x0 linker stubs
 *(.glue_7)
 .glue_7        0x00007590        0x0 linker stubs
 *(.vfp11_veneer)
 .vfp11_veneer  0x00007590        0x0 linker stubs
 *(.bootloader)
 *(.ARM.extab* .gnu.linkonce.armextab.*)
 *(.gcc_except_table)

.v4_bx          0x00007590        0x0
 .v4_bx         0x00007590        0x0 linker stubs

.iplt           0x00007590        0x0
 .iplt          0x00007590        0x0 c:/program files (x86)/cypress/psoc creator/4.4/psoc creator/import/gnu/arm/5.4.1/bin/../lib/gcc/arm-none-eabi/5.4.1/armv7-m/crtbegin.o

.eh_frame_hdr
 *(.eh_frame_hdr)

.eh_frame       0x00007590        0x4
 *(.eh_frame)
 .eh_frame      0x00007590        0x0 c:/program files (x86)/cypress/psoc creator/4.4/psoc creator/import/gnu/arm/5.4.1/bin/../lib/gcc/arm-none-eabi/5.4.1/armv7-m/crtbegin.o
 .eh_frame      0x00007590        0x4 c:/program files (x86)/cypress/psoc creator/4.4/psoc creator/import/gnu/arm/5.4.1/bin/../lib/gcc/arm-none-eabi/5.4.1/armv7-m/crtend.o
                [!provide]                PROVIDE (__exidx_start, .)

.ARM.exidx      0x00007594        0x8
 *(.ARM.exidx* .gnu.linkonce.armexidx.*)
 .ARM.exidx     0x00007594        0x8 c:/program files (x86)/cypress/psoc creator/4.4/psoc creator/import/gnu/arm/5.4.1/bin/../lib/gcc/arm-none-eabi/5.4.1/armv7-m\libgcc.a(_udivmoddi4.o)
                0x0000759c                __exidx_end = .

.rodata         0x0000759c      0xa84
 *(.rodata .rodata.* .gnu.linkonce.r.*)
 .rodata        0x0000759c      0x6ce .\ARM_GCC_541\Debug\OS_Main.o
 *fill*         0x00007c6a        0x2 
 .rodata        0x00007c6c       0x18 .\ARM_GCC_541\Debug\RTOSInit_CY8C5868.o
                0x00007c6c                OS_JLINKMEM_BufferSize
 .rodata        0x00007c84       0x1d .\ARM_GCC_541\Debug\SEGGER_RTT.o
 *fill*         0x00007ca1        0x3 
 .rodata        0x00007ca4       0x24 .\ARM_GCC_541\Debug\SEGGER_SYSVIEW.o
 .rodata        0x00007cc8       0x39 .\ARM_GCC_541\Debug\SEGGER_SYSVIEW_Config_embOS.o
 *fill*         0x00007d01        0x3 
 .rodata        0x00007d04       0x64 .\ARM_GCC_541\Debug\SEGGER_SYSVIEW_embOS.o
                0x00007d04                embOS_TraceAPI_SYSVIEW
                0x00007d60                SYSVIEW_X_OS_TraceAPI
 .rodata        0x00007d68       0xbd .\ARM_GCC_541\Debug\ChipMonitor.o
 *fill*         0x00007e25        0x3 
 .rodata        0x00007e28       0x36 .\ARM_GCC_541\Debug\cyfitter_cfg.o
 .rodata.str1.1
                0x00007e5e        0x2 c:/program files (x86)/cypress/psoc creator/4.4/psoc creator/import/gnu/arm/5.4.1/bin/../lib/gcc/arm-none-eabi/5.4.1/../../../../arm-none-eabi/lib/armv7-m\libc_nano.a(lib_a-impure.o)
 .rodata._ctype_
                0x00007e60      0x101 c:/program files (x86)/cypress/psoc creator/4.4/psoc creator/import/gnu/arm/5.4.1/bin/../lib/gcc/arm-none-eabi/5.4.1/../../../../arm-none-eabi/lib/armv7-m\libc_nano.a(lib_a-ctype_.o)
                0x00007e60                _ctype_
 .rodata.str1.1
                0x00007f61       0x11 c:/program files (x86)/cypress/psoc creator/4.4/psoc creator/import/gnu/arm/5.4.1/bin/../lib/gcc/arm-none-eabi/5.4.1/../../../../arm-none-eabi/lib/armv7-m\libc_nano.a(lib_a-nano-svfprintf.o)
 .rodata.str1.1
                0x00007f72       0x22 c:/program files (x86)/cypress/psoc creator/4.4/psoc creator/import/gnu/arm/5.4.1/bin/../lib/gcc/arm-none-eabi/5.4.1/../../../../arm-none-eabi/lib/armv7-m\libc_nano.a(lib_a-nano-vfprintf_i.o)
 .rodata.acIdleText.6021
                0x00007f94        0xa ..\..\..\..\Lib\libosT7LDP.a(OS_Task.o)
 .rodata.OS_DebugInfo
                0x00007f9e       0x18 ..\..\..\..\Lib\libosT7LDP.a(OS_Info.o)
                0x00007f9e                OS_DebugInfo
 .rodata.acCPU.5977
                0x00007fb6       0x10 ..\..\..\..\Lib\libosT7LDP.a(OS_Info.o)
 .rodata.acLibName.5987
                0x00007fc6        0x6 ..\..\..\..\Lib\libosT7LDP.a(OS_Info.o)
 .rodata.OS_Version
                0x00007fcc        0x4 ..\..\..\..\Lib\libosT7LDP.a(OS_Global.o)
                0x00007fcc                OS_Version
 .rodata.OS_sCopyright
                0x00007fd0        0x4 ..\..\..\..\Lib\libosT7LDP.a(OS_Global.o)
                0x00007fd0                OS_sCopyright
 .rodata.str1.1
                0x00007fd4       0x15 ..\..\..\..\Lib\libosT7LDP.a(OS_Global.o)
                0x00007fec                . = ALIGN (0x4)
 *fill*         0x00007fe9        0x3 
 *(.init)
 .init          0x00007fec        0x4 c:/program files (x86)/cypress/psoc creator/4.4/psoc creator/import/gnu/arm/5.4.1/bin/../lib/gcc/arm-none-eabi/5.4.1/armv7-m/crti.o
                0x00007fec                _init
 .init          0x00007ff0        0x8 c:/program files (x86)/cypress/psoc creator/4.4/psoc creator/import/gnu/arm/5.4.1/bin/../lib/gcc/arm-none-eabi/5.4.1/armv7-m/crtn.o
                0x00007ff8                . = ALIGN (0x4)
                0x00007ff8                __preinit_array_start = .
 *(.preinit_array)
                0x00007ff8                __preinit_array_end = .
                0x00007ff8                . = ALIGN (0x4)
                0x00007ff8                __init_array_start = .
 *(SORT(.init_array.*))
 *(.init_array)
 .init_array    0x00007ff8        0x4 c:/program files (x86)/cypress/psoc creator/4.4/psoc creator/import/gnu/arm/5.4.1/bin/../lib/gcc/arm-none-eabi/5.4.1/armv7-m/crtbegin.o
 .init_array    0x00007ffc        0x4 .\ARM_GCC_541\Debug\Cm3Start.o
                0x00008000                __init_array_end = .
                0x00008000                . = ALIGN (0x4)
 *(.fini)
 .fini          0x00008000        0x4 c:/program files (x86)/cypress/psoc creator/4.4/psoc creator/import/gnu/arm/5.4.1/bin/../lib/gcc/arm-none-eabi/5.4.1/armv7-m/crti.o
                0x00008000                _fini
 .fini          0x00008004        0x8 c:/program files (x86)/cypress/psoc creator/4.4/psoc creator/import/gnu/arm/5.4.1/bin/../lib/gcc/arm-none-eabi/5.4.1/armv7-m/crtn.o
                0x0000800c                . = ALIGN (0x4)
                0x0000800c                __fini_array_start = .
 *(.fini_array)
 .fini_array    0x0000800c        0x4 c:/program files (x86)/cypress/psoc creator/4.4/psoc creator/import/gnu/arm/5.4.1/bin/../lib/gcc/arm-none-eabi/5.4.1/armv7-m/crtbegin.o
 *(SORT(.fini_array.*))
                0x00008010                __fini_array_end = .
                0x00008010                . = ALIGN (0x4)
 *crtbegin.o(.ctors)
 *(EXCLUDE_FILE(*crtend.o) .ctors)
 *(SORT(.ctors.*))
 *crtend.o(.ctors)
                0x00008010                . = ALIGN (0x4)
 *crtbegin.o(.dtors)
 *(EXCLUDE_FILE(*crtend.o) .dtors)
 *(SORT(.dtors.*))
 *crtend.o(.dtors)
                0x00008010                . = ALIGN (0x4)
                0x00008010                __cy_regions = .
                0x00008010        0x4 LONG 0x8020 __cy_region_init_ram
                0x00008014        0x4 LONG 0x1fff80c8 __cy_region_start_data
                0x00008018        0x4 LONG 0x78 __cy_region_init_size_ram
                0x0000801c        0x4 LONG 0x2230 __cy_region_zero_size_ram
                0x00008020                __cy_regions_end = .
                0x00008020                . = ALIGN (0x8)
                0x00008020                _etext = .

.ramvectors     0x1fff8000       0xc0
                0x1fff8000                __cy_region_start_ram = .
 *(.ramvectors)
 .ramvectors    0x1fff8000       0xc0 .\ARM_GCC_541\Debug\Cm3Start.o
                0x1fff8000                CyRamVectors

.noinit         0x1fff80c0        0x5
 *(.noinit)
 .noinit        0x1fff80c0        0x4 .\ARM_GCC_541\Debug\Cm3Start.o
 .noinit        0x1fff80c4        0x1 .\ARM_GCC_541\Debug\Start_CY8C5868_AccessV1.0_OldBrd.a(CyLib.o)
                0x1fff80c4                CyResetStatus

.data           0x1fff80c8       0x78 load address 0x00008020
                0x1fff80c8                __cy_region_start_data = .
 *(.jcr)
 .jcr           0x1fff80c8        0x0 c:/program files (x86)/cypress/psoc creator/4.4/psoc creator/import/gnu/arm/5.4.1/bin/../lib/gcc/arm-none-eabi/5.4.1/armv7-m/crtbegin.o
 .jcr           0x1fff80c8        0x4 c:/program files (x86)/cypress/psoc creator/4.4/psoc creator/import/gnu/arm/5.4.1/bin/../lib/gcc/arm-none-eabi/5.4.1/armv7-m/crtend.o
 *(.got.plt)
 *(.got)
 *(.shdata)
 *(.data .data.* .gnu.linkonce.d.*)
 .data          0x1fff80cc        0x4 .\ARM_GCC_541\Debug\OS_Main.o
                0x1fff80cc                Port1_W_bits
                0x1fff80cd                Port1_W_bits_Old
                0x1fff80ce                Port2_W_bits
                0x1fff80cf                Port2_W_bits_Old
 .data.impure_data
                0x1fff80d0       0x60 c:/program files (x86)/cypress/psoc creator/4.4/psoc creator/import/gnu/arm/5.4.1/bin/../lib/gcc/arm-none-eabi/5.4.1/../../../../arm-none-eabi/lib/armv7-m\libc_nano.a(lib_a-impure.o)
 .data._impure_ptr
                0x1fff8130        0x4 c:/program files (x86)/cypress/psoc creator/4.4/psoc creator/import/gnu/arm/5.4.1/bin/../lib/gcc/arm-none-eabi/5.4.1/../../../../arm-none-eabi/lib/armv7-m\libc_nano.a(lib_a-impure.o)
                0x1fff8130                _impure_ptr
 .data.__ctype_ptr__
                0x1fff8134        0x4 c:/program files (x86)/cypress/psoc creator/4.4/psoc creator/import/gnu/arm/5.4.1/bin/../lib/gcc/arm-none-eabi/5.4.1/../../../../arm-none-eabi/lib/armv7-m\libc_nano.a(lib_a-ctype_.o)
                0x1fff8134                __ctype_ptr__
 .data.IntsPerTimeUnit
                0x1fff8138        0x4 ..\..\..\..\Lib\libosT7LDP.a(OS_SysTick.o)
                0x1fff8138                IntsPerTimeUnit
 .data.TicksPerTimeUnit
                0x1fff813c        0x4 ..\..\..\..\Lib\libosT7LDP.a(OS_SysTick.o)
                0x1fff813c                TicksPerTimeUnit
                0x1fff8140                . = ALIGN (0x8)
 *(.ram)
                0x1fff8140                _edata = .

.igot.plt       0x1fff8140        0x0 load address 0x00008098
 .igot.plt      0x1fff8140        0x0 c:/program files (x86)/cypress/psoc creator/4.4/psoc creator/import/gnu/arm/5.4.1/bin/../lib/gcc/arm-none-eabi/5.4.1/armv7-m/crtbegin.o

.bss            0x1fff8140     0x2230 load address 0x00008098
                0x1fff8140                PROVIDE (__bss_start__, .)
 *(.shbss)
 *(.bss .bss.* .gnu.linkonce.b.*)
 .bss           0x1fff8140       0x1c c:/program files (x86)/cypress/psoc creator/4.4/psoc creator/import/gnu/arm/5.4.1/bin/../lib/gcc/arm-none-eabi/5.4.1/armv7-m/crtbegin.o
 .bss           0x1fff815c       0x62 .\ARM_GCC_541\Debug\OS_Main.o
                0x1fff815c                read_counter_port1
                0x1fff8160                read_counter_port2
                0x1fff8164                read_counter_total
                0x1fff8168                read_failure_port1
                0x1fff816c                read_failure_port2
                0x1fff8170                read_failure_total
                0x1fff8174                linux_read_counter_port1
                0x1fff8178                linux_read_counter_port2
                0x1fff817c                linux_read_counter_total
                0x1fff8180                linux_read_failure_port1
                0x1fff8184                linux_read_failure_port2
                0x1fff8188                linux_read_failure_total
                0x1fff818c                read_input_port1
                0x1fff8190                read_input_port2
                0x1fff8194                read_input_total
                0x1fff8198                linux_read_input_failure_port1
                0x1fff819c                linux_read_input_failure_port2
                0x1fff81a0                linux_read_input_failure_total
                0x1fff81a4                linux_uart_failure
                0x1fff81a8                Port1_Relay
                0x1fff81a9                Port1_Relay_Old
                0x1fff81aa                Port1_Locked
                0x1fff81ab                Port1_Locked_Old
                0x1fff81ac                Port1_w_Start
                0x1fff81ad                Port1_w_have
                0x1fff81ae                Port1_W_Counter
                0x1fff81af                Port2_Relay
                0x1fff81b0                Port2_Relay_Old
                0x1fff81b1                Port2_Locked
                0x1fff81b2                Port2_Locked_Old
                0x1fff81b3                Port2_w_Start
                0x1fff81b4                Port2_w_have
                0x1fff81b5                Port2_W_Counter
                0x1fff81b6                UART_Linux_StartBit
                0x1fff81b8                UART_Linux_Rx_Counter
                0x1fff81bc                RGB_Color
                0x1fff81bd                RGB_Color_Old
 *fill*         0x1fff81be        0x2 
 .bss           0x1fff81c0        0x8 .\ARM_GCC_541\Debug\OS_Syscalls.o
                0x1fff81c0                __env
 .bss           0x1fff81c8       0x24 .\ARM_GCC_541\Debug\JLINKMEM_Process.o
 .bss           0x1fff81ec      0x411 .\ARM_GCC_541\Debug\SEGGER_RTT.o
 *fill*         0x1fff85fd        0x3 
 .bss           0x1fff8600      0x51b .\ARM_GCC_541\Debug\SEGGER_SYSVIEW.o
 *fill*         0x1fff8b1b        0x1 
 .bss           0x1fff8b1c        0xf .\ARM_GCC_541\Debug\Start_CY8C5868_AccessV1.0_OldBrd.a(UART_Debug.o)
                0x1fff8b1c                UART_Debug_initVar
                0x1fff8b1e                UART_Debug_txBufferRead
                0x1fff8b20                UART_Debug_txBufferWrite
                0x1fff8b22                UART_Debug_errorStatus
                0x1fff8b24                UART_Debug_rxBufferRead
                0x1fff8b26                UART_Debug_rxBufferWrite
                0x1fff8b28                UART_Debug_rxBufferLoopDetect
                0x1fff8b29                UART_Debug_rxBufferOverflow
 *fill*         0x1fff8b2b        0x1 
 .bss           0x1fff8b2c        0xf .\ARM_GCC_541\Debug\Start_CY8C5868_AccessV1.0_OldBrd.a(UART_Linux.o)
                0x1fff8b2c                UART_Linux_initVar
                0x1fff8b2e                UART_Linux_txBufferRead
                0x1fff8b30                UART_Linux_txBufferWrite
                0x1fff8b32                UART_Linux_errorStatus
                0x1fff8b34                UART_Linux_rxBufferRead
                0x1fff8b36                UART_Linux_rxBufferWrite
                0x1fff8b38                UART_Linux_rxBufferLoopDetect
                0x1fff8b39                UART_Linux_rxBufferOverflow
 *fill*         0x1fff8b3b        0x1 
 .bss.__malloc_sbrk_start
                0x1fff8b3c        0x4 c:/program files (x86)/cypress/psoc creator/4.4/psoc creator/import/gnu/arm/5.4.1/bin/../lib/gcc/arm-none-eabi/5.4.1/../../../../arm-none-eabi/lib/armv7-m\libc_nano.a(lib_a-nano-mallocr.o)
                0x1fff8b3c                __malloc_sbrk_start
 .bss.__malloc_free_list
                0x1fff8b40        0x4 c:/program files (x86)/cypress/psoc creator/4.4/psoc creator/import/gnu/arm/5.4.1/bin/../lib/gcc/arm-none-eabi/5.4.1/../../../../arm-none-eabi/lib/armv7-m\libc_nano.a(lib_a-nano-mallocr.o)
                0x1fff8b40                __malloc_free_list
 .bss._IntState
                0x1fff8b44        0x4 ..\..\..\..\Lib\libosT7LDP.a(OS_ThreadSafeInt.o)
 .bss._LockCnt  0x1fff8b48        0x4 ..\..\..\..\Lib\libosT7LDP.a(OS_ThreadSafeInt.o)
 .bss._OS_ProfilingExTime
                0x1fff8b4c        0x4 ..\..\..\..\Lib\libosT7LDP.a(OS_Kern.o)
 .bss.OS_Global
                0x1fff8b50       0x80 ..\..\..\..\Lib\libosT7LDP.a(OS_Global.o)
                0x1fff8b50                OS_Global
 .bss.OS_SysTimer_Settings
                0x1fff8bd0       0x30 ..\..\..\..\Lib\libosT7LDP.a(OS_Global.o)
                0x1fff8bd0                OS_SysTimer_Settings
 .bss.OS_COM_pTask
                0x1fff8c00        0x4 ..\..\..\..\Lib\libosT7LDP.a(OS_Com.o)
                0x1fff8c00                OS_COM_pTask
 .bss._ChkSum   0x1fff8c04        0x1 ..\..\..\..\Lib\libosT7LDP.a(OS_Com.o)
 .bss._InBufferCnt
                0x1fff8c05        0x1 ..\..\..\..\Lib\libosT7LDP.a(OS_Com.o)
 .bss._InCheckSum
                0x1fff8c06        0x1 ..\..\..\..\Lib\libosT7LDP.a(OS_Com.o)
 .bss._InInt    0x1fff8c07        0x1 ..\..\..\..\Lib\libosT7LDP.a(OS_Com.o)
 .bss._InRdOff  0x1fff8c08        0x1 ..\..\..\..\Lib\libosT7LDP.a(OS_Com.o)
 .bss._InStage  0x1fff8c09        0x1 ..\..\..\..\Lib\libosT7LDP.a(OS_Com.o)
 *fill*         0x1fff8c0a        0x2 
 .bss._OS_COM_pac
                0x1fff8c0c        0x4 ..\..\..\..\Lib\libosT7LDP.a(OS_Com.o)
 .bss._OS_StringLen
                0x1fff8c10        0x1 ..\..\..\..\Lib\libosT7LDP.a(OS_Com.o)
 .bss._OS_TxActive
                0x1fff8c11        0x1 ..\..\..\..\Lib\libosT7LDP.a(OS_Com.o)
 .bss._OutBufferCnt
                0x1fff8c12        0x2 ..\..\..\..\Lib\libosT7LDP.a(OS_Com.o)
 .bss._OutStage
                0x1fff8c14        0x1 ..\..\..\..\Lib\libosT7LDP.a(OS_Com.o)
 .bss._RemLen   0x1fff8c15        0x1 ..\..\..\..\Lib\libosT7LDP.a(OS_Com.o)
 .bss._TxCnt    0x1fff8c16        0x2 ..\..\..\..\Lib\libosT7LDP.a(OS_Com.o)
 .bss._abInBuffer
                0x1fff8c18        0x8 ..\..\..\..\Lib\libosT7LDP.a(OS_Com.o)
 .bss._abOutBuffer
                0x1fff8c20       0xc8 ..\..\..\..\Lib\libosT7LDP.a(OS_Com.o)
 .bss._pfRXCallback
                0x1fff8ce8        0x4 ..\..\..\..\Lib\libosT7LDP.a(OS_Com.o)
 *(COMMON)
 COMMON         0x1fff8cec      0x5c4 .\ARM_GCC_541\Debug\OS_Main.o
                0x1fff8cec                Timer_RGB_LED
                0x1fff8d00                Timer_Read_W_Port1
                0x1fff8d14                Timer_Read_Linux
                0x1fff8d28                Timer_Read_W_Port2
                0x1fff8d3c                Port1_W
                0x1fff8dc0                Timer_WD
                0x1fff8dd4                In2
                0x1fff8dd8                In1
                0x1fff8ddc                Timer_AfterRead_Port2
                0x1fff8df0                Port2_W
                0x1fff8e74                UART_Linux_Rx_Buffer
                0x1fff9274                Timer_AfterRead_Port1
                0x1fff9288                Timer_AfterRead_In2
                0x1fff929c                Timer_AfterRead_In1
 COMMON         0x1fff92b0        0xc .\ARM_GCC_541\Debug\JLINKMEM_Process.o
                0x1fff92b0                _pfGetNextChar
                0x1fff92b4                _pfOnTx
                0x1fff92b8                _pfOnRx
 COMMON         0x1fff92bc       0xa8 .\ARM_GCC_541\Debug\SEGGER_RTT.o
                0x1fff92bc                _SEGGER_RTT
 COMMON         0x1fff9364        0x8 .\ARM_GCC_541\Debug\SEGGER_SYSVIEW.o
                0x1fff9364                SEGGER_SYSVIEW_InterruptId
                0x1fff9368                SEGGER_SYSVIEW_TickCnt
 COMMON         0x1fff936c      0x800 .\ARM_GCC_541\Debug\Start_CY8C5868_AccessV1.0_OldBrd.a(UART_Debug.o)
                0x1fff936c                UART_Debug_rxBuffer
                0x1fff976c                UART_Debug_txBuffer
 COMMON         0x1fff9b6c      0x800 .\ARM_GCC_541\Debug\Start_CY8C5868_AccessV1.0_OldBrd.a(UART_Linux.o)
                0x1fff9b6c                UART_Linux_rxBuffer
                0x1fff9f6c                UART_Linux_txBuffer
 COMMON         0x1fffa36c        0x4 c:/program files (x86)/cypress/psoc creator/4.4/psoc creator/import/gnu/arm/5.4.1/bin/../lib/gcc/arm-none-eabi/5.4.1/../../../../arm-none-eabi/lib/armv7-m\libc_nano.a(lib_a-reent.o)
                0x1fffa36c                errno
                0x1fffa370                . = ALIGN (0x8)
 *(.ram.b)
                0x1fffa370                _end = .
                0x1fffa370                __end = .
                0x1fffa370                PROVIDE (end, .)
                0x1fffa370                PROVIDE (__bss_end__, .)
                0x00008020                __cy_region_init_ram = LOADADDR (.data)
                0x00000078                __cy_region_init_size_ram = (_edata - ADDR (.data))
                0x00002230                __cy_region_zero_size_ram = (_end - _edata)

.heap           0x1fffa370      0x400 load address 0x00008098
                0x1fffa370                . = _end
                0x1fffa370                __heap_start__ = .
                0x1fffa770                . = (. + 0x400)
 *fill*         0x1fffa370      0x400 
                0x1fffa770                __heap_end__ = .

.stack          0x1fffa770      0x400 load address 0x00008098
                0x1fffa770                __stack_start__ = .
                0x1fffab70                . = (. + 0x400)
 *fill*         0x1fffa770      0x400 
                0x1fffab70                __stack_end__ = .
                0x1fffab70                __cy_stack = .

.cyloadermeta
 *(.cyloadermeta)

.cyloadablemeta
 *(.cyloadablemeta)

.cyconfigecc    0x80000000      0x688
 *(.cyconfigecc)
 .cyconfigecc   0x80000000      0x688 .\ARM_GCC_541\Debug\cymetadata.o
                0x80000000                cy_meta_configecc

.cycustnvl      0x90000000        0x4
 *(.cycustnvl)
 .cycustnvl     0x90000000        0x4 .\ARM_GCC_541\Debug\cymetadata.o
                0x90000000                cy_meta_custnvl

.cywolatch      0x90100000        0x4
 *(.cywolatch)
 .cywolatch     0x90100000        0x4 .\ARM_GCC_541\Debug\cymetadata.o
                0x90100000                cy_meta_wonvl

.cyeeprom       0x90200000        0x0
 *(.cyeeprom)
                0x00000001                ASSERT ((. <= ((0x90200000 + ee_offset) + ee_size)), .cyeeprom data will not fit in EEPROM)

.cyflashprotect
                0x90400000      0x100
 *(.cyflashprotect)
 .cyflashprotect
                0x90400000      0x100 .\ARM_GCC_541\Debug\cymetadata.o
                0x90400000                cy_meta_flashprotect

.cymeta         0x90500000        0xc
 *(.cymeta)
 .cymeta        0x90500000        0xc .\ARM_GCC_541\Debug\cymetadata.o
                0x90500000                cy_metadata

.rel.dyn        0x00008098        0x0 load address 0x9050000c
 .rel.iplt      0x00008098        0x0 c:/program files (x86)/cypress/psoc creator/4.4/psoc creator/import/gnu/arm/5.4.1/bin/../lib/gcc/arm-none-eabi/5.4.1/armv7-m/crtbegin.o

.stab
 *(.stab)

.stabstr
 *(.stabstr)

.debug
 *(.debug)

.line
 *(.line)

.debug_srcinfo
 *(.debug_srcinfo)

.debug_sfnames
 *(.debug_sfnames)

.debug_aranges  0x00000000     0x12a8
 *(.debug_aranges)
 .debug_aranges
                0x00000000       0xb0 .\ARM_GCC_541\Debug\OS_Main.o
 .debug_aranges
                0x000000b0       0x20 .\ARM_GCC_541\Debug\BSP.o
 .debug_aranges
                0x000000d0       0x20 .\ARM_GCC_541\Debug\OS_Error.o
 .debug_aranges
                0x000000f0       0x28 .\ARM_GCC_541\Debug\OS_ThreadSafe.o
 .debug_aranges
                0x00000118       0xb0 .\ARM_GCC_541\Debug\OS_Syscalls.o
 .debug_aranges
                0x000001c8       0x58 .\ARM_GCC_541\Debug\RTOSInit_CY8C5868.o
 .debug_aranges
                0x00000220       0x88 .\ARM_GCC_541\Debug\JLINKMEM_Process.o
 .debug_aranges
                0x000002a8      0x138 .\ARM_GCC_541\Debug\SEGGER_RTT.o
 .debug_aranges
                0x000003e0       0x40 .\ARM_GCC_541\Debug\SEGGER_RTT_printf.o
 .debug_aranges
                0x00000420       0x28 .\ARM_GCC_541\Debug\SEGGER_RTT_Syscalls_GCC.o
 .debug_aranges
                0x00000448      0x280 .\ARM_GCC_541\Debug\SEGGER_SYSVIEW.o
 .debug_aranges
                0x000006c8       0x28 .\ARM_GCC_541\Debug\SEGGER_SYSVIEW_Config_embOS.o
 .debug_aranges
                0x000006f0       0x28 .\ARM_GCC_541\Debug\SEGGER_SYSVIEW_embOS.o
 .debug_aranges
                0x00000718       0x20 .\ARM_GCC_541\Debug\SEGGER_RTT_ASM_ARMv7M.o
 .debug_aranges
                0x00000738       0x30 .\ARM_GCC_541\Debug\IO.o
 .debug_aranges
                0x00000768       0x20 .\ARM_GCC_541\Debug\defines.o
 .debug_aranges
                0x00000788       0x20 .\ARM_GCC_541\Debug\ChipMonitor.o
 .debug_aranges
                0x000007a8       0x60 .\ARM_GCC_541\Debug\cyfitter_cfg.o
 .debug_aranges
                0x00000808       0x18 .\ARM_GCC_541\Debug\cymetadata.o
 .debug_aranges
                0x00000820       0x48 .\ARM_GCC_541\Debug\Cm3Start.o
 .debug_aranges
                0x00000868       0xf0 .\ARM_GCC_541\Debug\Start_CY8C5868_AccessV1.0_OldBrd.a(UART_Debug.o)
 .debug_aranges
                0x00000958       0x28 .\ARM_GCC_541\Debug\Start_CY8C5868_AccessV1.0_OldBrd.a(UART_Debug_INT.o)
 .debug_aranges
                0x00000980       0xf0 .\ARM_GCC_541\Debug\Start_CY8C5868_AccessV1.0_OldBrd.a(UART_Linux.o)
 .debug_aranges
                0x00000a70       0x28 .\ARM_GCC_541\Debug\Start_CY8C5868_AccessV1.0_OldBrd.a(UART_Linux_INT.o)
 .debug_aranges
                0x00000a98       0x48 .\ARM_GCC_541\Debug\Start_CY8C5868_AccessV1.0_OldBrd.a(Pins_Port1.o)
 .debug_aranges
                0x00000ae0       0x48 .\ARM_GCC_541\Debug\Start_CY8C5868_AccessV1.0_OldBrd.a(Pins_Port2.o)
 .debug_aranges
                0x00000b28       0x38 .\ARM_GCC_541\Debug\Start_CY8C5868_AccessV1.0_OldBrd.a(Relay_Port1.o)
 .debug_aranges
                0x00000b60       0x38 .\ARM_GCC_541\Debug\Start_CY8C5868_AccessV1.0_OldBrd.a(Relay_Port2.o)
 .debug_aranges
                0x00000b98       0x80 .\ARM_GCC_541\Debug\Start_CY8C5868_AccessV1.0_OldBrd.a(intr_Port2.o)
 .debug_aranges
                0x00000c18       0x38 .\ARM_GCC_541\Debug\Start_CY8C5868_AccessV1.0_OldBrd.a(LED_RGB.o)
 .debug_aranges
                0x00000c50       0x70 .\ARM_GCC_541\Debug\Start_CY8C5868_AccessV1.0_OldBrd.a(UART_Debug_IntClock.o)
 .debug_aranges
                0x00000cc0       0x70 .\ARM_GCC_541\Debug\Start_CY8C5868_AccessV1.0_OldBrd.a(UART_Linux_IntClock.o)
 .debug_aranges
                0x00000d30      0x2a0 .\ARM_GCC_541\Debug\Start_CY8C5868_AccessV1.0_OldBrd.a(CyLib.o)
 .debug_aranges
                0x00000fd0       0x98 .\ARM_GCC_541\Debug\Start_CY8C5868_AccessV1.0_OldBrd.a(cyPm.o)
 .debug_aranges
                0x00001068       0x80 .\ARM_GCC_541\Debug\Start_CY8C5868_AccessV1.0_OldBrd.a(intr_UART_Linux_Rx.o)
 .debug_aranges
                0x000010e8       0x80 .\ARM_GCC_541\Debug\Start_CY8C5868_AccessV1.0_OldBrd.a(intr_Port1.o)
 .debug_aranges
                0x00001168       0x20 .\ARM_GCC_541\Debug\Start_CY8C5868_AccessV1.0_OldBrd.a(CyBootAsmGnu.o)
 .debug_aranges
                0x00001188       0x88 .\ARM_GCC_541\Debug\Start_CY8C5868_AccessV1.0_OldBrd.a(CyFlash.o)
 .debug_aranges
                0x00001210       0x80 .\ARM_GCC_541\Debug\Start_CY8C5868_AccessV1.0_OldBrd.a(CySpc.o)
 .debug_aranges
                0x00001290       0x18 ..\..\..\..\Lib\libosT7LDP.a(OS_Global.o)

.debug_pubnames
 *(.debug_pubnames)

.debug_info     0x00000000    0x14687
 *(.debug_info .gnu.linkonce.wi.*)
 .debug_info    0x00000000     0x1add .\ARM_GCC_541\Debug\OS_Main.o
 .debug_info    0x00001add       0xc7 .\ARM_GCC_541\Debug\BSP.o
 .debug_info    0x00001ba4     0x1272 .\ARM_GCC_541\Debug\OS_Error.o
 .debug_info    0x00002e16      0x8ab .\ARM_GCC_541\Debug\OS_ThreadSafe.o
 .debug_info    0x000036c1      0x76f .\ARM_GCC_541\Debug\OS_Syscalls.o
 .debug_info    0x00003e30     0x17b0 .\ARM_GCC_541\Debug\RTOSInit_CY8C5868.o
 .debug_info    0x000055e0     0x150c .\ARM_GCC_541\Debug\JLINKMEM_Process.o
 .debug_info    0x00006aec     0x1460 .\ARM_GCC_541\Debug\SEGGER_RTT.o
 .debug_info    0x00007f4c      0x3f1 .\ARM_GCC_541\Debug\SEGGER_RTT_printf.o
 .debug_info    0x0000833d      0x916 .\ARM_GCC_541\Debug\SEGGER_RTT_Syscalls_GCC.o
 .debug_info    0x00008c53     0x34c0 .\ARM_GCC_541\Debug\SEGGER_SYSVIEW.o
 .debug_info    0x0000c113      0x717 .\ARM_GCC_541\Debug\SEGGER_SYSVIEW_Config_embOS.o
 .debug_info    0x0000c82a     0x1366 .\ARM_GCC_541\Debug\SEGGER_SYSVIEW_embOS.o
 .debug_info    0x0000db90       0xf9 .\ARM_GCC_541\Debug\SEGGER_RTT_ASM_ARMv7M.o
 .debug_info    0x0000dc89      0x12e .\ARM_GCC_541\Debug\IO.o
 .debug_info    0x0000ddb7      0x12c .\ARM_GCC_541\Debug\defines.o
 .debug_info    0x0000dee3       0xf1 .\ARM_GCC_541\Debug\ChipMonitor.o
 .debug_info    0x0000dfd4      0x452 .\ARM_GCC_541\Debug\cyfitter_cfg.o
 .debug_info    0x0000e426      0x138 .\ARM_GCC_541\Debug\cymetadata.o
 .debug_info    0x0000e55e      0x32b .\ARM_GCC_541\Debug\Cm3Start.o
 .debug_info    0x0000e889      0x64e .\ARM_GCC_541\Debug\Start_CY8C5868_AccessV1.0_OldBrd.a(UART_Debug.o)
 .debug_info    0x0000eed7      0x195 .\ARM_GCC_541\Debug\Start_CY8C5868_AccessV1.0_OldBrd.a(UART_Debug_INT.o)
 .debug_info    0x0000f06c      0x64e .\ARM_GCC_541\Debug\Start_CY8C5868_AccessV1.0_OldBrd.a(UART_Linux.o)
 .debug_info    0x0000f6ba      0x195 .\ARM_GCC_541\Debug\Start_CY8C5868_AccessV1.0_OldBrd.a(UART_Linux_INT.o)
 .debug_info    0x0000f84f      0x171 .\ARM_GCC_541\Debug\Start_CY8C5868_AccessV1.0_OldBrd.a(Pins_Port1.o)
 .debug_info    0x0000f9c0      0x171 .\ARM_GCC_541\Debug\Start_CY8C5868_AccessV1.0_OldBrd.a(Pins_Port2.o)
 .debug_info    0x0000fb31      0x11e .\ARM_GCC_541\Debug\Start_CY8C5868_AccessV1.0_OldBrd.a(Relay_Port1.o)
 .debug_info    0x0000fc4f      0x11e .\ARM_GCC_541\Debug\Start_CY8C5868_AccessV1.0_OldBrd.a(Relay_Port2.o)
 .debug_info    0x0000fd6d      0x241 .\ARM_GCC_541\Debug\Start_CY8C5868_AccessV1.0_OldBrd.a(intr_Port2.o)
 .debug_info    0x0000ffae      0x11e .\ARM_GCC_541\Debug\Start_CY8C5868_AccessV1.0_OldBrd.a(LED_RGB.o)
 .debug_info    0x000100cc      0x25d .\ARM_GCC_541\Debug\Start_CY8C5868_AccessV1.0_OldBrd.a(UART_Debug_IntClock.o)
 .debug_info    0x00010329      0x25d .\ARM_GCC_541\Debug\Start_CY8C5868_AccessV1.0_OldBrd.a(UART_Linux_IntClock.o)
 .debug_info    0x00010586      0xe51 .\ARM_GCC_541\Debug\Start_CY8C5868_AccessV1.0_OldBrd.a(CyLib.o)
 .debug_info    0x000113d7      0x57a .\ARM_GCC_541\Debug\Start_CY8C5868_AccessV1.0_OldBrd.a(cyPm.o)
 .debug_info    0x00011951      0x241 .\ARM_GCC_541\Debug\Start_CY8C5868_AccessV1.0_OldBrd.a(intr_UART_Linux_Rx.o)
 .debug_info    0x00011b92      0x241 .\ARM_GCC_541\Debug\Start_CY8C5868_AccessV1.0_OldBrd.a(intr_Port1.o)
 .debug_info    0x00011dd3       0xf0 .\ARM_GCC_541\Debug\Start_CY8C5868_AccessV1.0_OldBrd.a(CyBootAsmGnu.o)
 .debug_info    0x00011ec3      0x3b9 .\ARM_GCC_541\Debug\Start_CY8C5868_AccessV1.0_OldBrd.a(CyFlash.o)
 .debug_info    0x0001227c      0x4c0 .\ARM_GCC_541\Debug\Start_CY8C5868_AccessV1.0_OldBrd.a(CySpc.o)
 .debug_info    0x0001273c     0x1f4b ..\..\..\..\Lib\libosT7LDP.a(OS_Global.o)

.debug_abbrev   0x00000000     0x3247
 *(.debug_abbrev)
 .debug_abbrev  0x00000000      0x248 .\ARM_GCC_541\Debug\OS_Main.o
 .debug_abbrev  0x00000248       0x65 .\ARM_GCC_541\Debug\BSP.o
 .debug_abbrev  0x000002ad      0x14a .\ARM_GCC_541\Debug\OS_Error.o
 .debug_abbrev  0x000003f7      0x1a5 .\ARM_GCC_541\Debug\OS_ThreadSafe.o
 .debug_abbrev  0x0000059c      0x162 .\ARM_GCC_541\Debug\OS_Syscalls.o
 .debug_abbrev  0x000006fe      0x29c .\ARM_GCC_541\Debug\RTOSInit_CY8C5868.o
 .debug_abbrev  0x0000099a      0x26f .\ARM_GCC_541\Debug\JLINKMEM_Process.o
 .debug_abbrev  0x00000c09      0x1c6 .\ARM_GCC_541\Debug\SEGGER_RTT.o
 .debug_abbrev  0x00000dcf      0x175 .\ARM_GCC_541\Debug\SEGGER_RTT_printf.o
 .debug_abbrev  0x00000f44      0x1bd .\ARM_GCC_541\Debug\SEGGER_RTT_Syscalls_GCC.o
 .debug_abbrev  0x00001101      0x2ae .\ARM_GCC_541\Debug\SEGGER_SYSVIEW.o
 .debug_abbrev  0x000013af      0x127 .\ARM_GCC_541\Debug\SEGGER_SYSVIEW_Config_embOS.o
 .debug_abbrev  0x000014d6      0x1b2 .\ARM_GCC_541\Debug\SEGGER_SYSVIEW_embOS.o
 .debug_abbrev  0x00001688       0x14 .\ARM_GCC_541\Debug\SEGGER_RTT_ASM_ARMv7M.o
 .debug_abbrev  0x0000169c       0x9f .\ARM_GCC_541\Debug\IO.o
 .debug_abbrev  0x0000173b       0xa2 .\ARM_GCC_541\Debug\defines.o
 .debug_abbrev  0x000017dd       0x94 .\ARM_GCC_541\Debug\ChipMonitor.o
 .debug_abbrev  0x00001871      0x1b7 .\ARM_GCC_541\Debug\cyfitter_cfg.o
 .debug_abbrev  0x00001a28       0x77 .\ARM_GCC_541\Debug\cymetadata.o
 .debug_abbrev  0x00001a9f      0x1d6 .\ARM_GCC_541\Debug\Cm3Start.o
 .debug_abbrev  0x00001c75      0x15f .\ARM_GCC_541\Debug\Start_CY8C5868_AccessV1.0_OldBrd.a(UART_Debug.o)
 .debug_abbrev  0x00001dd4       0xa2 .\ARM_GCC_541\Debug\Start_CY8C5868_AccessV1.0_OldBrd.a(UART_Debug_INT.o)
 .debug_abbrev  0x00001e76      0x15f .\ARM_GCC_541\Debug\Start_CY8C5868_AccessV1.0_OldBrd.a(UART_Linux.o)
 .debug_abbrev  0x00001fd5       0xa2 .\ARM_GCC_541\Debug\Start_CY8C5868_AccessV1.0_OldBrd.a(UART_Linux_INT.o)
 .debug_abbrev  0x00002077       0x90 .\ARM_GCC_541\Debug\Start_CY8C5868_AccessV1.0_OldBrd.a(Pins_Port1.o)
 .debug_abbrev  0x00002107       0x90 .\ARM_GCC_541\Debug\Start_CY8C5868_AccessV1.0_OldBrd.a(Pins_Port2.o)
 .debug_abbrev  0x00002197       0x90 .\ARM_GCC_541\Debug\Start_CY8C5868_AccessV1.0_OldBrd.a(Relay_Port1.o)
 .debug_abbrev  0x00002227       0x90 .\ARM_GCC_541\Debug\Start_CY8C5868_AccessV1.0_OldBrd.a(Relay_Port2.o)
 .debug_abbrev  0x000022b7      0x172 .\ARM_GCC_541\Debug\Start_CY8C5868_AccessV1.0_OldBrd.a(intr_Port2.o)
 .debug_abbrev  0x00002429       0x90 .\ARM_GCC_541\Debug\Start_CY8C5868_AccessV1.0_OldBrd.a(LED_RGB.o)
 .debug_abbrev  0x000024b9      0x11d .\ARM_GCC_541\Debug\Start_CY8C5868_AccessV1.0_OldBrd.a(UART_Debug_IntClock.o)
 .debug_abbrev  0x000025d6      0x11d .\ARM_GCC_541\Debug\Start_CY8C5868_AccessV1.0_OldBrd.a(UART_Linux_IntClock.o)
 .debug_abbrev  0x000026f3      0x217 .\ARM_GCC_541\Debug\Start_CY8C5868_AccessV1.0_OldBrd.a(CyLib.o)
 .debug_abbrev  0x0000290a      0x161 .\ARM_GCC_541\Debug\Start_CY8C5868_AccessV1.0_OldBrd.a(cyPm.o)
 .debug_abbrev  0x00002a6b      0x172 .\ARM_GCC_541\Debug\Start_CY8C5868_AccessV1.0_OldBrd.a(intr_UART_Linux_Rx.o)
 .debug_abbrev  0x00002bdd      0x172 .\ARM_GCC_541\Debug\Start_CY8C5868_AccessV1.0_OldBrd.a(intr_Port1.o)
 .debug_abbrev  0x00002d4f       0x14 .\ARM_GCC_541\Debug\Start_CY8C5868_AccessV1.0_OldBrd.a(CyBootAsmGnu.o)
 .debug_abbrev  0x00002d63      0x14b .\ARM_GCC_541\Debug\Start_CY8C5868_AccessV1.0_OldBrd.a(CyFlash.o)
 .debug_abbrev  0x00002eae      0x16c .\ARM_GCC_541\Debug\Start_CY8C5868_AccessV1.0_OldBrd.a(CySpc.o)
 .debug_abbrev  0x0000301a      0x22d ..\..\..\..\Lib\libosT7LDP.a(OS_Global.o)

.debug_line     0x00000000     0x6026
 *(.debug_line)
 .debug_line    0x00000000      0x6bc .\ARM_GCC_541\Debug\OS_Main.o
 .debug_line    0x000006bc      0x164 .\ARM_GCC_541\Debug\BSP.o
 .debug_line    0x00000820       0x6b .\ARM_GCC_541\Debug\OS_Error.o
 .debug_line    0x0000088b      0x16c .\ARM_GCC_541\Debug\OS_ThreadSafe.o
 .debug_line    0x000009f7      0x2e1 .\ARM_GCC_541\Debug\OS_Syscalls.o
 .debug_line    0x00000cd8      0x30e .\ARM_GCC_541\Debug\RTOSInit_CY8C5868.o
 .debug_line    0x00000fe6      0x1fd .\ARM_GCC_541\Debug\JLINKMEM_Process.o
 .debug_line    0x000011e3      0x50c .\ARM_GCC_541\Debug\SEGGER_RTT.o
 .debug_line    0x000016ef      0x246 .\ARM_GCC_541\Debug\SEGGER_RTT_printf.o
 .debug_line    0x00001935      0x1ec .\ARM_GCC_541\Debug\SEGGER_RTT_Syscalls_GCC.o
 .debug_line    0x00001b21     0x13c6 .\ARM_GCC_541\Debug\SEGGER_SYSVIEW.o
 .debug_line    0x00002ee7       0xbb .\ARM_GCC_541\Debug\SEGGER_SYSVIEW_Config_embOS.o
 .debug_line    0x00002fa2       0xbf .\ARM_GCC_541\Debug\SEGGER_SYSVIEW_embOS.o
 .debug_line    0x00003061       0x8c .\ARM_GCC_541\Debug\SEGGER_RTT_ASM_ARMv7M.o
 .debug_line    0x000030ed      0x1a3 .\ARM_GCC_541\Debug\IO.o
 .debug_line    0x00003290      0x1e5 .\ARM_GCC_541\Debug\defines.o
 .debug_line    0x00003475      0x18e .\ARM_GCC_541\Debug\ChipMonitor.o
 .debug_line    0x00003603      0x21f .\ARM_GCC_541\Debug\cyfitter_cfg.o
 .debug_line    0x00003822      0x141 .\ARM_GCC_541\Debug\cymetadata.o
 .debug_line    0x00003963      0x1dc .\ARM_GCC_541\Debug\Cm3Start.o
 .debug_line    0x00003b3f      0x34c .\ARM_GCC_541\Debug\Start_CY8C5868_AccessV1.0_OldBrd.a(UART_Debug.o)
 .debug_line    0x00003e8b       0xb9 .\ARM_GCC_541\Debug\Start_CY8C5868_AccessV1.0_OldBrd.a(UART_Debug_INT.o)
 .debug_line    0x00003f44      0x34c .\ARM_GCC_541\Debug\Start_CY8C5868_AccessV1.0_OldBrd.a(UART_Linux.o)
 .debug_line    0x00004290       0xb9 .\ARM_GCC_541\Debug\Start_CY8C5868_AccessV1.0_OldBrd.a(UART_Linux_INT.o)
 .debug_line    0x00004349       0xc7 .\ARM_GCC_541\Debug\Start_CY8C5868_AccessV1.0_OldBrd.a(Pins_Port1.o)
 .debug_line    0x00004410       0xc7 .\ARM_GCC_541\Debug\Start_CY8C5868_AccessV1.0_OldBrd.a(Pins_Port2.o)
 .debug_line    0x000044d7       0x9b .\ARM_GCC_541\Debug\Start_CY8C5868_AccessV1.0_OldBrd.a(Relay_Port1.o)
 .debug_line    0x00004572       0x9b .\ARM_GCC_541\Debug\Start_CY8C5868_AccessV1.0_OldBrd.a(Relay_Port2.o)
 .debug_line    0x0000460d      0x155 .\ARM_GCC_541\Debug\Start_CY8C5868_AccessV1.0_OldBrd.a(intr_Port2.o)
 .debug_line    0x00004762       0x9b .\ARM_GCC_541\Debug\Start_CY8C5868_AccessV1.0_OldBrd.a(LED_RGB.o)
 .debug_line    0x000047fd      0x1b2 .\ARM_GCC_541\Debug\Start_CY8C5868_AccessV1.0_OldBrd.a(UART_Debug_IntClock.o)
 .debug_line    0x000049af      0x1b2 .\ARM_GCC_541\Debug\Start_CY8C5868_AccessV1.0_OldBrd.a(UART_Linux_IntClock.o)
 .debug_line    0x00004b61      0x883 .\ARM_GCC_541\Debug\Start_CY8C5868_AccessV1.0_OldBrd.a(CyLib.o)
 .debug_line    0x000053e4      0x38e .\ARM_GCC_541\Debug\Start_CY8C5868_AccessV1.0_OldBrd.a(cyPm.o)
 .debug_line    0x00005772      0x15d .\ARM_GCC_541\Debug\Start_CY8C5868_AccessV1.0_OldBrd.a(intr_UART_Linux_Rx.o)
 .debug_line    0x000058cf      0x155 .\ARM_GCC_541\Debug\Start_CY8C5868_AccessV1.0_OldBrd.a(intr_Port1.o)
 .debug_line    0x00005a24       0x66 .\ARM_GCC_541\Debug\Start_CY8C5868_AccessV1.0_OldBrd.a(CyBootAsmGnu.o)
 .debug_line    0x00005a8a      0x22f .\ARM_GCC_541\Debug\Start_CY8C5868_AccessV1.0_OldBrd.a(CyFlash.o)
 .debug_line    0x00005cb9      0x231 .\ARM_GCC_541\Debug\Start_CY8C5868_AccessV1.0_OldBrd.a(CySpc.o)
 .debug_line    0x00005eea      0x13c ..\..\..\..\Lib\libosT7LDP.a(OS_Global.o)

.debug_frame    0x00000000     0x4ffc
 *(.debug_frame)
 .debug_frame   0x00000000      0x2e0 .\ARM_GCC_541\Debug\OS_Main.o
 .debug_frame   0x000002e0       0x2c .\ARM_GCC_541\Debug\BSP.o
 .debug_frame   0x0000030c       0x38 .\ARM_GCC_541\Debug\OS_Error.o
 .debug_frame   0x00000344       0x60 .\ARM_GCC_541\Debug\OS_ThreadSafe.o
 .debug_frame   0x000003a4      0x2f4 .\ARM_GCC_541\Debug\OS_Syscalls.o
 .debug_frame   0x00000698      0x134 .\ARM_GCC_541\Debug\RTOSInit_CY8C5868.o
 .debug_frame   0x000007cc      0x210 .\ARM_GCC_541\Debug\JLINKMEM_Process.o
 .debug_frame   0x000009dc      0x5a4 .\ARM_GCC_541\Debug\SEGGER_RTT.o
 .debug_frame   0x00000f80       0xf8 .\ARM_GCC_541\Debug\SEGGER_RTT_printf.o
 .debug_frame   0x00001078       0x60 .\ARM_GCC_541\Debug\SEGGER_RTT_Syscalls_GCC.o
 .debug_frame   0x000010d8      0xcfc .\ARM_GCC_541\Debug\SEGGER_SYSVIEW.o
 .debug_frame   0x00001dd4       0x48 .\ARM_GCC_541\Debug\SEGGER_SYSVIEW_Config_embOS.o
 .debug_frame   0x00001e1c       0x60 .\ARM_GCC_541\Debug\SEGGER_SYSVIEW_embOS.o
 .debug_frame   0x00001e7c       0x88 .\ARM_GCC_541\Debug\IO.o
 .debug_frame   0x00001f04       0x38 .\ARM_GCC_541\Debug\defines.o
 .debug_frame   0x00001f3c       0x38 .\ARM_GCC_541\Debug\ChipMonitor.o
 .debug_frame   0x00001f74      0x16c .\ARM_GCC_541\Debug\cyfitter_cfg.o
 .debug_frame   0x000020e0       0xd8 .\ARM_GCC_541\Debug\Cm3Start.o
 .debug_frame   0x000021b8      0x428 .\ARM_GCC_541\Debug\Start_CY8C5868_AccessV1.0_OldBrd.a(UART_Debug.o)
 .debug_frame   0x000025e0       0x5c .\ARM_GCC_541\Debug\Start_CY8C5868_AccessV1.0_OldBrd.a(UART_Debug_INT.o)
 .debug_frame   0x0000263c      0x428 .\ARM_GCC_541\Debug\Start_CY8C5868_AccessV1.0_OldBrd.a(UART_Linux.o)
 .debug_frame   0x00002a64       0x5c .\ARM_GCC_541\Debug\Start_CY8C5868_AccessV1.0_OldBrd.a(UART_Linux_INT.o)
 .debug_frame   0x00002ac0       0xf4 .\ARM_GCC_541\Debug\Start_CY8C5868_AccessV1.0_OldBrd.a(Pins_Port1.o)
 .debug_frame   0x00002bb4       0xf4 .\ARM_GCC_541\Debug\Start_CY8C5868_AccessV1.0_OldBrd.a(Pins_Port2.o)
 .debug_frame   0x00002ca8       0xa8 .\ARM_GCC_541\Debug\Start_CY8C5868_AccessV1.0_OldBrd.a(Relay_Port1.o)
 .debug_frame   0x00002d50       0xa8 .\ARM_GCC_541\Debug\Start_CY8C5868_AccessV1.0_OldBrd.a(Relay_Port2.o)
 .debug_frame   0x00002df8      0x1e8 .\ARM_GCC_541\Debug\Start_CY8C5868_AccessV1.0_OldBrd.a(intr_Port2.o)
 .debug_frame   0x00002fe0       0xa8 .\ARM_GCC_541\Debug\Start_CY8C5868_AccessV1.0_OldBrd.a(LED_RGB.o)
 .debug_frame   0x00003088      0x1b4 .\ARM_GCC_541\Debug\Start_CY8C5868_AccessV1.0_OldBrd.a(UART_Debug_IntClock.o)
 .debug_frame   0x0000323c      0x1b4 .\ARM_GCC_541\Debug\Start_CY8C5868_AccessV1.0_OldBrd.a(UART_Linux_IntClock.o)
 .debug_frame   0x000033f0      0xc0c .\ARM_GCC_541\Debug\Start_CY8C5868_AccessV1.0_OldBrd.a(CyLib.o)
 .debug_frame   0x00003ffc      0x234 .\ARM_GCC_541\Debug\Start_CY8C5868_AccessV1.0_OldBrd.a(cyPm.o)
 .debug_frame   0x00004230      0x1e8 .\ARM_GCC_541\Debug\Start_CY8C5868_AccessV1.0_OldBrd.a(intr_UART_Linux_Rx.o)
 .debug_frame   0x00004418      0x1e8 .\ARM_GCC_541\Debug\Start_CY8C5868_AccessV1.0_OldBrd.a(intr_Port1.o)
 .debug_frame   0x00004600      0x238 .\ARM_GCC_541\Debug\Start_CY8C5868_AccessV1.0_OldBrd.a(CyFlash.o)
 .debug_frame   0x00004838      0x228 .\ARM_GCC_541\Debug\Start_CY8C5868_AccessV1.0_OldBrd.a(CySpc.o)
 .debug_frame   0x00004a60       0x30 c:/program files (x86)/cypress/psoc creator/4.4/psoc creator/import/gnu/arm/5.4.1/bin/../lib/gcc/arm-none-eabi/5.4.1/../../../../arm-none-eabi/lib/armv7-m\libc_nano.a(lib_a-atoi.o)
 .debug_frame   0x00004a90       0x20 c:/program files (x86)/cypress/psoc creator/4.4/psoc creator/import/gnu/arm/5.4.1/bin/../lib/gcc/arm-none-eabi/5.4.1/../../../../arm-none-eabi/lib/armv7-m\libc_nano.a(lib_a-errno.o)
 .debug_frame   0x00004ab0       0x28 c:/program files (x86)/cypress/psoc creator/4.4/psoc creator/import/gnu/arm/5.4.1/bin/../lib/gcc/arm-none-eabi/5.4.1/../../../../arm-none-eabi/lib/armv7-m\libc_nano.a(lib_a-exit.o)
 .debug_frame   0x00004ad8       0x2c c:/program files (x86)/cypress/psoc creator/4.4/psoc creator/import/gnu/arm/5.4.1/bin/../lib/gcc/arm-none-eabi/5.4.1/../../../../arm-none-eabi/lib/armv7-m\libc_nano.a(lib_a-init.o)
 .debug_frame   0x00004b04       0x28 c:/program files (x86)/cypress/psoc creator/4.4/psoc creator/import/gnu/arm/5.4.1/bin/../lib/gcc/arm-none-eabi/5.4.1/../../../../arm-none-eabi/lib/armv7-m\libc_nano.a(lib_a-memcmp.o)
 .debug_frame   0x00004b2c       0x28 c:/program files (x86)/cypress/psoc creator/4.4/psoc creator/import/gnu/arm/5.4.1/bin/../lib/gcc/arm-none-eabi/5.4.1/../../../../arm-none-eabi/lib/armv7-m\libc_nano.a(lib_a-memcpy-stub.o)
 .debug_frame   0x00004b54       0x28 c:/program files (x86)/cypress/psoc creator/4.4/psoc creator/import/gnu/arm/5.4.1/bin/../lib/gcc/arm-none-eabi/5.4.1/../../../../arm-none-eabi/lib/armv7-m\libc_nano.a(lib_a-memmove.o)
 .debug_frame   0x00004b7c       0x20 c:/program files (x86)/cypress/psoc creator/4.4/psoc creator/import/gnu/arm/5.4.1/bin/../lib/gcc/arm-none-eabi/5.4.1/../../../../arm-none-eabi/lib/armv7-m\libc_nano.a(lib_a-memset.o)
 .debug_frame   0x00004b9c       0x5c c:/program files (x86)/cypress/psoc creator/4.4/psoc creator/import/gnu/arm/5.4.1/bin/../lib/gcc/arm-none-eabi/5.4.1/../../../../arm-none-eabi/lib/armv7-m\libc_nano.a(lib_a-reent.o)
 .debug_frame   0x00004bf8       0x70 c:/program files (x86)/cypress/psoc creator/4.4/psoc creator/import/gnu/arm/5.4.1/bin/../lib/gcc/arm-none-eabi/5.4.1/../../../../arm-none-eabi/lib/armv7-m\libc_nano.a(lib_a-sprintf.o)
 .debug_frame   0x00004c68       0x30 c:/program files (x86)/cypress/psoc creator/4.4/psoc creator/import/gnu/arm/5.4.1/bin/../lib/gcc/arm-none-eabi/5.4.1/../../../../arm-none-eabi/lib/armv7-m\libc_nano.a(lib_a-strstr.o)
 .debug_frame   0x00004c98       0x44 c:/program files (x86)/cypress/psoc creator/4.4/psoc creator/import/gnu/arm/5.4.1/bin/../lib/gcc/arm-none-eabi/5.4.1/../../../../arm-none-eabi/lib/armv7-m\libc_nano.a(lib_a-strtol.o)
 .debug_frame   0x00004cdc       0x38 c:/program files (x86)/cypress/psoc creator/4.4/psoc creator/import/gnu/arm/5.4.1/bin/../lib/gcc/arm-none-eabi/5.4.1/../../../../arm-none-eabi/lib/armv7-m\libc_nano.a(lib_a-nano-freer.o)
 .debug_frame   0x00004d14       0x2c c:/program files (x86)/cypress/psoc creator/4.4/psoc creator/import/gnu/arm/5.4.1/bin/../lib/gcc/arm-none-eabi/5.4.1/../../../../arm-none-eabi/lib/armv7-m\libc_nano.a(lib_a-nano-mallocr.o)
 .debug_frame   0x00004d40       0x90 c:/program files (x86)/cypress/psoc creator/4.4/psoc creator/import/gnu/arm/5.4.1/bin/../lib/gcc/arm-none-eabi/5.4.1/../../../../arm-none-eabi/lib/armv7-m\libc_nano.a(lib_a-nano-svfprintf.o)
 .debug_frame   0x00004dd0       0x60 c:/program files (x86)/cypress/psoc creator/4.4/psoc creator/import/gnu/arm/5.4.1/bin/../lib/gcc/arm-none-eabi/5.4.1/../../../../arm-none-eabi/lib/armv7-m\libc_nano.a(lib_a-nano-vfprintf_i.o)
 .debug_frame   0x00004e30       0x2c c:/program files (x86)/cypress/psoc creator/4.4/psoc creator/import/gnu/arm/5.4.1/bin/../lib/gcc/arm-none-eabi/5.4.1/../../../../arm-none-eabi/lib/armv7-m\libc_nano.a(lib_a-sbrkr.o)
 .debug_frame   0x00004e5c       0x28 c:/program files (x86)/cypress/psoc creator/4.4/psoc creator/import/gnu/arm/5.4.1/bin/../lib/gcc/arm-none-eabi/5.4.1/../../../../arm-none-eabi/lib/armv7-m\libc_nano.a(lib_a-memchr-stub.o)
 .debug_frame   0x00004e84       0x3c c:/program files (x86)/cypress/psoc creator/4.4/psoc creator/import/gnu/arm/5.4.1/bin/../lib/gcc/arm-none-eabi/5.4.1/../../../../arm-none-eabi/lib/armv7-m\libc_nano.a(lib_a-nano-reallocr.o)
 .debug_frame   0x00004ec0       0x20 c:/program files (x86)/cypress/psoc creator/4.4/psoc creator/import/gnu/arm/5.4.1/bin/../lib/gcc/arm-none-eabi/5.4.1/../../../../arm-none-eabi/lib/armv7-m\libc_nano.a(lib_a-nano-msizer.o)
 .debug_frame   0x00004ee0       0x24 ..\..\..\..\Lib\libosT7LDP.a(RTOS.o)
 .debug_frame   0x00004f04       0x30 c:/program files (x86)/cypress/psoc creator/4.4/psoc creator/import/gnu/arm/5.4.1/bin/../lib/gcc/arm-none-eabi/5.4.1/../../../../arm-none-eabi/lib/armv7-m\libg_nano.a(lib_a-malloc.o)
 .debug_frame   0x00004f34       0x20 c:/program files (x86)/cypress/psoc creator/4.4/psoc creator/import/gnu/arm/5.4.1/bin/../lib/gcc/arm-none-eabi/5.4.1/../../../../arm-none-eabi/lib/armv7-m\libg_nano.a(lib_a-realloc.o)
 .debug_frame   0x00004f54       0x44 c:/program files (x86)/cypress/psoc creator/4.4/psoc creator/import/gnu/arm/5.4.1/bin/../lib/gcc/arm-none-eabi/5.4.1/armv7-m\libgcc.a(_aeabi_ldivmod.o)
 .debug_frame   0x00004f98       0x2c c:/program files (x86)/cypress/psoc creator/4.4/psoc creator/import/gnu/arm/5.4.1/bin/../lib/gcc/arm-none-eabi/5.4.1/armv7-m\libgcc.a(_aeabi_uldivmod.o)