Archive member included to satisfy reference by file (symbol)

.\CortexM0\ARM_GCC_541\Debug\Bootloader01_TEST.a(Bootloader_StatusLED.o)
                              .\CortexM0\ARM_GCC_541\Debug\main.o (Bootloader_StatusLED_Write)
.\CortexM0\ARM_GCC_541\Debug\Bootloader01_TEST.a(Bootloader.o)
                              .\CortexM0\ARM_GCC_541\Debug\main.o (Bootloader_Start)
.\CortexM0\ARM_GCC_541\Debug\Bootloader01_TEST.a(CyFlash.o)
                              .\CortexM0\ARM_GCC_541\Debug\Bootloader01_TEST.a(Bootloader.o) (CySysFlashWriteRow)
.\CortexM0\ARM_GCC_541\Debug\Bootloader01_TEST.a(CyLib.o)
                              .\CortexM0\ARM_GCC_541\Debug\cyfitter_cfg.o (CySysClkWriteImoFreq)
.\CortexM0\ARM_GCC_541\Debug\Bootloader01_TEST.a(CyBootAsmGnu.o)
                              .\CortexM0\ARM_GCC_541\Debug\Bootloader01_TEST.a(CyLib.o) (CyDelayCycles)
.\CortexM0\ARM_GCC_541\Debug\Bootloader01_TEST.a(I2C_Slave_I2C_BOOT.o)
                              .\CortexM0\ARM_GCC_541\Debug\Bootloader01_TEST.a(Bootloader.o) (I2C_Slave_I2CCyBtldrCommStart)
.\CortexM0\ARM_GCC_541\Debug\Bootloader01_TEST.a(I2C_Slave_I2C_SLAVE.o)
                              .\CortexM0\ARM_GCC_541\Debug\Bootloader01_TEST.a(I2C_Slave_I2C_BOOT.o) (I2C_Slave_slStatus)
.\CortexM0\ARM_GCC_541\Debug\Bootloader01_TEST.a(I2C_Slave.o)
                              .\CortexM0\ARM_GCC_541\Debug\Bootloader01_TEST.a(I2C_Slave_I2C_BOOT.o) (I2C_Slave_Start)
.\CortexM0\ARM_GCC_541\Debug\Bootloader01_TEST.a(I2C_Slave_I2C.o)
                              .\CortexM0\ARM_GCC_541\Debug\Bootloader01_TEST.a(I2C_Slave.o) (I2C_Slave_I2CInit)
.\CortexM0\ARM_GCC_541\Debug\Bootloader01_TEST.a(I2C_Slave_I2C_INT.o)
                              .\CortexM0\ARM_GCC_541\Debug\Bootloader01_TEST.a(I2C_Slave_I2C.o) (I2C_Slave_I2C_ISR)
c:/program files (x86)/cypress/psoc creator/4.4/psoc creator/import/gnu/arm/5.4.1/bin/../lib/gcc/arm-none-eabi/5.4.1/armv6-m\libgcc.a(_udivsi3.o)
                              .\CortexM0\ARM_GCC_541\Debug\Bootloader01_TEST.a(CyLib.o) (__aeabi_uidiv)
c:/program files (x86)/cypress/psoc creator/4.4/psoc creator/import/gnu/arm/5.4.1/bin/../lib/gcc/arm-none-eabi/5.4.1/armv6-m\libgcc.a(_dvmd_tls.o)
                              c:/program files (x86)/cypress/psoc creator/4.4/psoc creator/import/gnu/arm/5.4.1/bin/../lib/gcc/arm-none-eabi/5.4.1/armv6-m\libgcc.a(_udivsi3.o) (__aeabi_idiv0)
c:/program files (x86)/cypress/psoc creator/4.4/psoc creator/import/gnu/arm/5.4.1/bin/../lib/gcc/arm-none-eabi/5.4.1/../../../../arm-none-eabi/lib/armv6-m\libg_nano.a(lib_a-errno.o)
                              .\CortexM0\ARM_GCC_541\Debug\Cm0Start.o (__errno)
c:/program files (x86)/cypress/psoc creator/4.4/psoc creator/import/gnu/arm/5.4.1/bin/../lib/gcc/arm-none-eabi/5.4.1/../../../../arm-none-eabi/lib/armv6-m\libg_nano.a(lib_a-exit.o)
                              c:/program files (x86)/cypress/psoc creator/4.4/psoc creator/import/gnu/arm/5.4.1/bin/../lib/gcc/arm-none-eabi/5.4.1/../../../../arm-none-eabi/lib/armv6-m/crt0.o (exit)
c:/program files (x86)/cypress/psoc creator/4.4/psoc creator/import/gnu/arm/5.4.1/bin/../lib/gcc/arm-none-eabi/5.4.1/../../../../arm-none-eabi/lib/armv6-m\libg_nano.a(lib_a-impure.o)
                              c:/program files (x86)/cypress/psoc creator/4.4/psoc creator/import/gnu/arm/5.4.1/bin/../lib/gcc/arm-none-eabi/5.4.1/../../../../arm-none-eabi/lib/armv6-m\libg_nano.a(lib_a-exit.o) (_global_impure_ptr)
c:/program files (x86)/cypress/psoc creator/4.4/psoc creator/import/gnu/arm/5.4.1/bin/../lib/gcc/arm-none-eabi/5.4.1/../../../../arm-none-eabi/lib/armv6-m\libg_nano.a(lib_a-init.o)
                              c:/program files (x86)/cypress/psoc creator/4.4/psoc creator/import/gnu/arm/5.4.1/bin/../lib/gcc/arm-none-eabi/5.4.1/../../../../arm-none-eabi/lib/armv6-m/crt0.o (__libc_init_array)
c:/program files (x86)/cypress/psoc creator/4.4/psoc creator/import/gnu/arm/5.4.1/bin/../lib/gcc/arm-none-eabi/5.4.1/../../../../arm-none-eabi/lib/armv6-m\libg_nano.a(lib_a-memcpy-stub.o)
                              .\CortexM0\ARM_GCC_541\Debug\cyfitter_cfg.o (memcpy)
c:/program files (x86)/cypress/psoc creator/4.4/psoc creator/import/gnu/arm/5.4.1/bin/../lib/gcc/arm-none-eabi/5.4.1/../../../../arm-none-eabi/lib/armv6-m\libg_nano.a(lib_a-memset.o)
                              c:/program files (x86)/cypress/psoc creator/4.4/psoc creator/import/gnu/arm/5.4.1/bin/../lib/gcc/arm-none-eabi/5.4.1/../../../../arm-none-eabi/lib/armv6-m/crt0.o (memset)

Allocating common symbols
Common symbol       size              file

I2C_Slave_slRdBufIndexTmp
                    0x4               .\CortexM0\ARM_GCC_541\Debug\Bootloader01_TEST.a(I2C_Slave_I2C_SLAVE.o)
I2C_Slave_slRdBufIndex
                    0x4               .\CortexM0\ARM_GCC_541\Debug\Bootloader01_TEST.a(I2C_Slave_I2C_SLAVE.o)
I2C_Slave_slWrBufSize
                    0x4               .\CortexM0\ARM_GCC_541\Debug\Bootloader01_TEST.a(I2C_Slave_I2C_SLAVE.o)
I2C_Slave_slWrBufIndex
                    0x4               .\CortexM0\ARM_GCC_541\Debug\Bootloader01_TEST.a(I2C_Slave_I2C_SLAVE.o)
I2C_Slave_slRdBufPtr
                    0x4               .\CortexM0\ARM_GCC_541\Debug\Bootloader01_TEST.a(I2C_Slave_I2C_SLAVE.o)
I2C_Slave_slWrBufPtr
                    0x4               .\CortexM0\ARM_GCC_541\Debug\Bootloader01_TEST.a(I2C_Slave_I2C_SLAVE.o)
I2C_Slave_state     0x1               .\CortexM0\ARM_GCC_541\Debug\Bootloader01_TEST.a(I2C_Slave_I2C.o)
I2C_Slave_slRdBufSize
                    0x4               .\CortexM0\ARM_GCC_541\Debug\Bootloader01_TEST.a(I2C_Slave_I2C_SLAVE.o)
I2C_Slave_slStatus  0x1               .\CortexM0\ARM_GCC_541\Debug\Bootloader01_TEST.a(I2C_Slave_I2C_SLAVE.o)
I2C_Slave_slOverFlowCount
                    0x1               .\CortexM0\ARM_GCC_541\Debug\Bootloader01_TEST.a(I2C_Slave_I2C_SLAVE.o)

Discarded input sections

 .text          0x00000000        0x0 c:/program files (x86)/cypress/psoc creator/4.4/psoc creator/import/gnu/arm/5.4.1/bin/../lib/gcc/arm-none-eabi/5.4.1/armv6-m/crti.o
 .data          0x00000000        0x0 c:/program files (x86)/cypress/psoc creator/4.4/psoc creator/import/gnu/arm/5.4.1/bin/../lib/gcc/arm-none-eabi/5.4.1/armv6-m/crti.o
 .bss           0x00000000        0x0 c:/program files (x86)/cypress/psoc creator/4.4/psoc creator/import/gnu/arm/5.4.1/bin/../lib/gcc/arm-none-eabi/5.4.1/armv6-m/crti.o
 .data          0x00000000        0x4 c:/program files (x86)/cypress/psoc creator/4.4/psoc creator/import/gnu/arm/5.4.1/bin/../lib/gcc/arm-none-eabi/5.4.1/armv6-m/crtbegin.o
 .text          0x00000000       0x78 c:/program files (x86)/cypress/psoc creator/4.4/psoc creator/import/gnu/arm/5.4.1/bin/../lib/gcc/arm-none-eabi/5.4.1/../../../../arm-none-eabi/lib/armv6-m/crt0.o
 .data          0x00000000        0x0 c:/program files (x86)/cypress/psoc creator/4.4/psoc creator/import/gnu/arm/5.4.1/bin/../lib/gcc/arm-none-eabi/5.4.1/../../../../arm-none-eabi/lib/armv6-m/crt0.o
 .bss           0x00000000        0x0 c:/program files (x86)/cypress/psoc creator/4.4/psoc creator/import/gnu/arm/5.4.1/bin/../lib/gcc/arm-none-eabi/5.4.1/../../../../arm-none-eabi/lib/armv6-m/crt0.o
 .ARM.extab     0x00000000        0x0 c:/program files (x86)/cypress/psoc creator/4.4/psoc creator/import/gnu/arm/5.4.1/bin/../lib/gcc/arm-none-eabi/5.4.1/../../../../arm-none-eabi/lib/armv6-m/crt0.o
 .ARM.exidx     0x00000000        0x8 c:/program files (x86)/cypress/psoc creator/4.4/psoc creator/import/gnu/arm/5.4.1/bin/../lib/gcc/arm-none-eabi/5.4.1/../../../../arm-none-eabi/lib/armv6-m/crt0.o
 .text          0x00000000        0x0 .\CortexM0\ARM_GCC_541\Debug\main.o
 .data          0x00000000        0x0 .\CortexM0\ARM_GCC_541\Debug\main.o
 .bss           0x00000000        0x0 .\CortexM0\ARM_GCC_541\Debug\main.o
 .text          0x00000000        0x0 .\CortexM0\ARM_GCC_541\Debug\cyfitter_cfg.o
 .data          0x00000000        0x0 .\CortexM0\ARM_GCC_541\Debug\cyfitter_cfg.o
 .bss           0x00000000        0x0 .\CortexM0\ARM_GCC_541\Debug\cyfitter_cfg.o
 .text.CYCONFIGCPY
                0x00000000       0x20 .\CortexM0\ARM_GCC_541\Debug\cyfitter_cfg.o
 .text.CYCONFIGCPYCODE
                0x00000000       0x20 .\CortexM0\ARM_GCC_541\Debug\cyfitter_cfg.o
 .text          0x00000000        0x0 .\CortexM0\ARM_GCC_541\Debug\cymetadata.o
 .data          0x00000000        0x0 .\CortexM0\ARM_GCC_541\Debug\cymetadata.o
 .bss           0x00000000        0x0 .\CortexM0\ARM_GCC_541\Debug\cymetadata.o
 .text          0x00000000        0x0 .\CortexM0\ARM_GCC_541\Debug\Cm0Start.o
 .data          0x00000000        0x4 .\CortexM0\ARM_GCC_541\Debug\Cm0Start.o
 .bss           0x00000000        0x0 .\CortexM0\ARM_GCC_541\Debug\Cm0Start.o
 .text._exit    0x00000000       0x14 .\CortexM0\ARM_GCC_541\Debug\Cm0Start.o
 .text._sbrk    0x00000000       0x54 .\CortexM0\ARM_GCC_541\Debug\Cm0Start.o
 .text          0x00000000        0x0 .\CortexM0\ARM_GCC_541\Debug\Bootloader01_TEST.a(Bootloader_StatusLED.o)
 .data          0x00000000        0x0 .\CortexM0\ARM_GCC_541\Debug\Bootloader01_TEST.a(Bootloader_StatusLED.o)
 .bss           0x00000000        0x0 .\CortexM0\ARM_GCC_541\Debug\Bootloader01_TEST.a(Bootloader_StatusLED.o)
 .text.Bootloader_StatusLED_SetDriveMode
                0x00000000       0x30 .\CortexM0\ARM_GCC_541\Debug\Bootloader01_TEST.a(Bootloader_StatusLED.o)
 .text.Bootloader_StatusLED_Read
                0x00000000       0x1c .\CortexM0\ARM_GCC_541\Debug\Bootloader01_TEST.a(Bootloader_StatusLED.o)
 .text.Bootloader_StatusLED_ReadDataReg
                0x00000000       0x1c .\CortexM0\ARM_GCC_541\Debug\Bootloader01_TEST.a(Bootloader_StatusLED.o)
 .text.Bootloader_StatusLED_SetInterruptMode
                0x00000000       0x44 .\CortexM0\ARM_GCC_541\Debug\Bootloader01_TEST.a(Bootloader_StatusLED.o)
 .text.Bootloader_StatusLED_ClearInterrupt
                0x00000000       0x30 .\CortexM0\ARM_GCC_541\Debug\Bootloader01_TEST.a(Bootloader_StatusLED.o)
 .text          0x00000000        0x0 .\CortexM0\ARM_GCC_541\Debug\Bootloader01_TEST.a(Bootloader.o)
 .text.Bootloader_InitCallback
                0x00000000       0x1c .\CortexM0\ARM_GCC_541\Debug\Bootloader01_TEST.a(Bootloader.o)
 .text.Bootloader_Exit
                0x00000000       0x98 .\CortexM0\ARM_GCC_541\Debug\Bootloader01_TEST.a(Bootloader.o)
 .text.Bootloader_SetFlashByte
                0x00000000       0xac .\CortexM0\ARM_GCC_541\Debug\Bootloader01_TEST.a(Bootloader.o)
 .text          0x00000000        0x0 .\CortexM0\ARM_GCC_541\Debug\Bootloader01_TEST.a(CyFlash.o)
 .data          0x00000000        0x0 .\CortexM0\ARM_GCC_541\Debug\Bootloader01_TEST.a(CyFlash.o)
 .text.CySysFlashSetWaitCycles
                0x00000000       0x54 .\CortexM0\ARM_GCC_541\Debug\Bootloader01_TEST.a(CyFlash.o)
 .text          0x00000000        0x0 .\CortexM0\ARM_GCC_541\Debug\Bootloader01_TEST.a(CyLib.o)
 .bss           0x00000000       0x18 .\CortexM0\ARM_GCC_541\Debug\Bootloader01_TEST.a(CyLib.o)
 .text.CySysClkImoStart
                0x00000000       0x1c .\CortexM0\ARM_GCC_541\Debug\Bootloader01_TEST.a(CyLib.o)
 .text.CySysClkImoStop
                0x00000000       0x1c .\CortexM0\ARM_GCC_541\Debug\Bootloader01_TEST.a(CyLib.o)
 .text.CySysClkWriteHfclkDirect
                0x00000000       0x48 .\CortexM0\ARM_GCC_541\Debug\Bootloader01_TEST.a(CyLib.o)
 .text.CySysEnablePumpClock
                0x00000000       0x50 .\CortexM0\ARM_GCC_541\Debug\Bootloader01_TEST.a(CyLib.o)
 .text.CySysClkGetSysclkSource
                0x00000000       0x34 .\CortexM0\ARM_GCC_541\Debug\Bootloader01_TEST.a(CyLib.o)
 .text.CySysClkWriteSysclkDiv
                0x00000000       0x48 .\CortexM0\ARM_GCC_541\Debug\Bootloader01_TEST.a(CyLib.o)
 .text.CySysLvdEnable
                0x00000000       0x64 .\CortexM0\ARM_GCC_541\Debug\Bootloader01_TEST.a(CyLib.o)
 .text.CySysLvdDisable
                0x00000000       0x2c .\CortexM0\ARM_GCC_541\Debug\Bootloader01_TEST.a(CyLib.o)
 .text.CySysLvdGetInterruptSource
                0x00000000       0x18 .\CortexM0\ARM_GCC_541\Debug\Bootloader01_TEST.a(CyLib.o)
 .text.CySysLvdClearInterrupt
                0x00000000       0x14 .\CortexM0\ARM_GCC_541\Debug\Bootloader01_TEST.a(CyLib.o)
 .text.CySysGetResetReason
                0x00000000       0x30 .\CortexM0\ARM_GCC_541\Debug\Bootloader01_TEST.a(CyLib.o)
 .text.CyDisableInts
                0x00000000       0x24 .\CortexM0\ARM_GCC_541\Debug\Bootloader01_TEST.a(CyLib.o)
 .text.CyEnableInts
                0x00000000       0x1c .\CortexM0\ARM_GCC_541\Debug\Bootloader01_TEST.a(CyLib.o)
 .text.CyIntSetSysVector
                0x00000000       0x48 .\CortexM0\ARM_GCC_541\Debug\Bootloader01_TEST.a(CyLib.o)
 .text.CyIntGetSysVector
                0x00000000       0x34 .\CortexM0\ARM_GCC_541\Debug\Bootloader01_TEST.a(CyLib.o)
 .text.CyIntGetVector
                0x00000000       0x38 .\CortexM0\ARM_GCC_541\Debug\Bootloader01_TEST.a(CyLib.o)
 .text.CyIntGetPriority
                0x00000000       0x58 .\CortexM0\ARM_GCC_541\Debug\Bootloader01_TEST.a(CyLib.o)
 .text.CyIntGetState
                0x00000000       0x30 .\CortexM0\ARM_GCC_541\Debug\Bootloader01_TEST.a(CyLib.o)
 .text.CyIntSetPending
                0x00000000       0x2c .\CortexM0\ARM_GCC_541\Debug\Bootloader01_TEST.a(CyLib.o)
 .text.CyDelayFreq
                0x00000000       0x84 .\CortexM0\ARM_GCC_541\Debug\Bootloader01_TEST.a(CyLib.o)
 .text.CySysTickStart
                0x00000000       0x24 .\CortexM0\ARM_GCC_541\Debug\Bootloader01_TEST.a(CyLib.o)
 .text.CySysTickInit
                0x00000000       0x5c .\CortexM0\ARM_GCC_541\Debug\Bootloader01_TEST.a(CyLib.o)
 .text.CySysTickEnable
                0x00000000       0x20 .\CortexM0\ARM_GCC_541\Debug\Bootloader01_TEST.a(CyLib.o)
 .text.CySysTickStop
                0x00000000       0x1c .\CortexM0\ARM_GCC_541\Debug\Bootloader01_TEST.a(CyLib.o)
 .text.CySysTickEnableInterrupt
                0x00000000       0x1c .\CortexM0\ARM_GCC_541\Debug\Bootloader01_TEST.a(CyLib.o)
 .text.CySysTickDisableInterrupt
                0x00000000       0x1c .\CortexM0\ARM_GCC_541\Debug\Bootloader01_TEST.a(CyLib.o)
 .text.CySysTickSetReload
                0x00000000       0x20 .\CortexM0\ARM_GCC_541\Debug\Bootloader01_TEST.a(CyLib.o)
 .text.CySysTickGetReload
                0x00000000       0x18 .\CortexM0\ARM_GCC_541\Debug\Bootloader01_TEST.a(CyLib.o)
 .text.CySysTickGetValue
                0x00000000       0x18 .\CortexM0\ARM_GCC_541\Debug\Bootloader01_TEST.a(CyLib.o)
 .text.CySysTickGetCountFlag
                0x00000000       0x18 .\CortexM0\ARM_GCC_541\Debug\Bootloader01_TEST.a(CyLib.o)
 .text.CySysTickClear
                0x00000000       0x14 .\CortexM0\ARM_GCC_541\Debug\Bootloader01_TEST.a(CyLib.o)
 .text.CySysTickSetCallback
                0x00000000       0x2c .\CortexM0\ARM_GCC_541\Debug\Bootloader01_TEST.a(CyLib.o)
 .text.CySysTickGetCallback
                0x00000000       0x1c .\CortexM0\ARM_GCC_541\Debug\Bootloader01_TEST.a(CyLib.o)
 .text.CySysTickServiceCallbacks
                0x00000000       0x44 .\CortexM0\ARM_GCC_541\Debug\Bootloader01_TEST.a(CyLib.o)
 .text.CyGetUniqueId
                0x00000000       0xc0 .\CortexM0\ARM_GCC_541\Debug\Bootloader01_TEST.a(CyLib.o)
 .data          0x00000000        0x0 .\CortexM0\ARM_GCC_541\Debug\Bootloader01_TEST.a(CyBootAsmGnu.o)
 .bss           0x00000000        0x0 .\CortexM0\ARM_GCC_541\Debug\Bootloader01_TEST.a(CyBootAsmGnu.o)
 .text          0x00000000        0x0 .\CortexM0\ARM_GCC_541\Debug\Bootloader01_TEST.a(I2C_Slave_I2C_BOOT.o)
 .data          0x00000000        0x0 .\CortexM0\ARM_GCC_541\Debug\Bootloader01_TEST.a(I2C_Slave_I2C_BOOT.o)
 .text.I2C_Slave_I2CCyBtldrCommReset
                0x00000000       0x34 .\CortexM0\ARM_GCC_541\Debug\Bootloader01_TEST.a(I2C_Slave_I2C_BOOT.o)
 .text          0x00000000        0x0 .\CortexM0\ARM_GCC_541\Debug\Bootloader01_TEST.a(I2C_Slave_I2C_SLAVE.o)
 .data          0x00000000        0x0 .\CortexM0\ARM_GCC_541\Debug\Bootloader01_TEST.a(I2C_Slave_I2C_SLAVE.o)
 .bss           0x00000000        0x0 .\CortexM0\ARM_GCC_541\Debug\Bootloader01_TEST.a(I2C_Slave_I2C_SLAVE.o)
 .text.I2C_Slave_I2CSlaveStatus
                0x00000000       0x14 .\CortexM0\ARM_GCC_541\Debug\Bootloader01_TEST.a(I2C_Slave_I2C_SLAVE.o)
 .text.I2C_Slave_I2CSlaveClearReadStatus
                0x00000000       0x40 .\CortexM0\ARM_GCC_541\Debug\Bootloader01_TEST.a(I2C_Slave_I2C_SLAVE.o)
 .text.I2C_Slave_I2CSlaveClearWriteStatus
                0x00000000       0x40 .\CortexM0\ARM_GCC_541\Debug\Bootloader01_TEST.a(I2C_Slave_I2C_SLAVE.o)
 .text.I2C_Slave_I2CSlaveSetAddress
                0x00000000       0x38 .\CortexM0\ARM_GCC_541\Debug\Bootloader01_TEST.a(I2C_Slave_I2C_SLAVE.o)
 .text.I2C_Slave_I2CSlaveSetAddressMask
                0x00000000       0x38 .\CortexM0\ARM_GCC_541\Debug\Bootloader01_TEST.a(I2C_Slave_I2C_SLAVE.o)
 .text.I2C_Slave_I2CSlaveGetReadBufSize
                0x00000000       0x14 .\CortexM0\ARM_GCC_541\Debug\Bootloader01_TEST.a(I2C_Slave_I2C_SLAVE.o)
 .text.I2C_Slave_I2CSlaveGetWriteBufSize
                0x00000000       0x14 .\CortexM0\ARM_GCC_541\Debug\Bootloader01_TEST.a(I2C_Slave_I2C_SLAVE.o)
 .text.I2C_Slave_I2CSlaveClearReadBuf
                0x00000000       0x14 .\CortexM0\ARM_GCC_541\Debug\Bootloader01_TEST.a(I2C_Slave_I2C_SLAVE.o)
 .text.I2C_Slave_I2CSlaveClearWriteBuf
                0x00000000       0x14 .\CortexM0\ARM_GCC_541\Debug\Bootloader01_TEST.a(I2C_Slave_I2C_SLAVE.o)
 .text          0x00000000        0x0 .\CortexM0\ARM_GCC_541\Debug\Bootloader01_TEST.a(I2C_Slave.o)
 .data          0x00000000        0x0 .\CortexM0\ARM_GCC_541\Debug\Bootloader01_TEST.a(I2C_Slave.o)
 .text.I2C_Slave_SetRxFifoLevel
                0x00000000       0x34 .\CortexM0\ARM_GCC_541\Debug\Bootloader01_TEST.a(I2C_Slave.o)
 .text.I2C_Slave_SetTxFifoLevel
                0x00000000       0x34 .\CortexM0\ARM_GCC_541\Debug\Bootloader01_TEST.a(I2C_Slave.o)
 .text          0x00000000        0x0 .\CortexM0\ARM_GCC_541\Debug\Bootloader01_TEST.a(I2C_Slave_I2C.o)
 .data          0x00000000        0x0 .\CortexM0\ARM_GCC_541\Debug\Bootloader01_TEST.a(I2C_Slave_I2C.o)
 .bss           0x00000000        0x0 .\CortexM0\ARM_GCC_541\Debug\Bootloader01_TEST.a(I2C_Slave_I2C.o)
 .text          0x00000000        0x0 .\CortexM0\ARM_GCC_541\Debug\Bootloader01_TEST.a(I2C_Slave_I2C_INT.o)
 .data          0x00000000        0x0 .\CortexM0\ARM_GCC_541\Debug\Bootloader01_TEST.a(I2C_Slave_I2C_INT.o)
 .bss           0x00000000        0x0 .\CortexM0\ARM_GCC_541\Debug\Bootloader01_TEST.a(I2C_Slave_I2C_INT.o)
 .text          0x00000000      0x114 c:/program files (x86)/cypress/psoc creator/4.4/psoc creator/import/gnu/arm/5.4.1/bin/../lib/gcc/arm-none-eabi/5.4.1/armv6-m\libgcc.a(_udivsi3.o)
 .data          0x00000000        0x0 c:/program files (x86)/cypress/psoc creator/4.4/psoc creator/import/gnu/arm/5.4.1/bin/../lib/gcc/arm-none-eabi/5.4.1/armv6-m\libgcc.a(_udivsi3.o)
 .bss           0x00000000        0x0 c:/program files (x86)/cypress/psoc creator/4.4/psoc creator/import/gnu/arm/5.4.1/bin/../lib/gcc/arm-none-eabi/5.4.1/armv6-m\libgcc.a(_udivsi3.o)
 .text          0x00000000        0x4 c:/program files (x86)/cypress/psoc creator/4.4/psoc creator/import/gnu/arm/5.4.1/bin/../lib/gcc/arm-none-eabi/5.4.1/armv6-m\libgcc.a(_dvmd_tls.o)
 .data          0x00000000        0x0 c:/program files (x86)/cypress/psoc creator/4.4/psoc creator/import/gnu/arm/5.4.1/bin/../lib/gcc/arm-none-eabi/5.4.1/armv6-m\libgcc.a(_dvmd_tls.o)
 .bss           0x00000000        0x0 c:/program files (x86)/cypress/psoc creator/4.4/psoc creator/import/gnu/arm/5.4.1/bin/../lib/gcc/arm-none-eabi/5.4.1/armv6-m\libgcc.a(_dvmd_tls.o)
 .text          0x00000000        0x0 c:/program files (x86)/cypress/psoc creator/4.4/psoc creator/import/gnu/arm/5.4.1/bin/../lib/gcc/arm-none-eabi/5.4.1/../../../../arm-none-eabi/lib/armv6-m\libg_nano.a(lib_a-errno.o)
 .data          0x00000000        0x0 c:/program files (x86)/cypress/psoc creator/4.4/psoc creator/import/gnu/arm/5.4.1/bin/../lib/gcc/arm-none-eabi/5.4.1/../../../../arm-none-eabi/lib/armv6-m\libg_nano.a(lib_a-errno.o)
 .bss           0x00000000        0x0 c:/program files (x86)/cypress/psoc creator/4.4/psoc creator/import/gnu/arm/5.4.1/bin/../lib/gcc/arm-none-eabi/5.4.1/../../../../arm-none-eabi/lib/armv6-m\libg_nano.a(lib_a-errno.o)
 .text          0x00000000        0x0 c:/program files (x86)/cypress/psoc creator/4.4/psoc creator/import/gnu/arm/5.4.1/bin/../lib/gcc/arm-none-eabi/5.4.1/../../../../arm-none-eabi/lib/armv6-m\libg_nano.a(lib_a-exit.o)
 .data          0x00000000        0x0 c:/program files (x86)/cypress/psoc creator/4.4/psoc creator/import/gnu/arm/5.4.1/bin/../lib/gcc/arm-none-eabi/5.4.1/../../../../arm-none-eabi/lib/armv6-m\libg_nano.a(lib_a-exit.o)
 .bss           0x00000000        0x0 c:/program files (x86)/cypress/psoc creator/4.4/psoc creator/import/gnu/arm/5.4.1/bin/../lib/gcc/arm-none-eabi/5.4.1/../../../../arm-none-eabi/lib/armv6-m\libg_nano.a(lib_a-exit.o)
 .text.exit     0x00000000       0x2c c:/program files (x86)/cypress/psoc creator/4.4/psoc creator/import/gnu/arm/5.4.1/bin/../lib/gcc/arm-none-eabi/5.4.1/../../../../arm-none-eabi/lib/armv6-m\libg_nano.a(lib_a-exit.o)
 .text          0x00000000        0x0 c:/program files (x86)/cypress/psoc creator/4.4/psoc creator/import/gnu/arm/5.4.1/bin/../lib/gcc/arm-none-eabi/5.4.1/../../../../arm-none-eabi/lib/armv6-m\libg_nano.a(lib_a-impure.o)
 .data          0x00000000        0x0 c:/program files (x86)/cypress/psoc creator/4.4/psoc creator/import/gnu/arm/5.4.1/bin/../lib/gcc/arm-none-eabi/5.4.1/../../../../arm-none-eabi/lib/armv6-m\libg_nano.a(lib_a-impure.o)
 .bss           0x00000000        0x0 c:/program files (x86)/cypress/psoc creator/4.4/psoc creator/import/gnu/arm/5.4.1/bin/../lib/gcc/arm-none-eabi/5.4.1/../../../../arm-none-eabi/lib/armv6-m\libg_nano.a(lib_a-impure.o)
 .rodata._global_impure_ptr
                0x00000000        0x4 c:/program files (x86)/cypress/psoc creator/4.4/psoc creator/import/gnu/arm/5.4.1/bin/../lib/gcc/arm-none-eabi/5.4.1/../../../../arm-none-eabi/lib/armv6-m\libg_nano.a(lib_a-impure.o)
 .text          0x00000000        0x0 c:/program files (x86)/cypress/psoc creator/4.4/psoc creator/import/gnu/arm/5.4.1/bin/../lib/gcc/arm-none-eabi/5.4.1/../../../../arm-none-eabi/lib/armv6-m\libg_nano.a(lib_a-init.o)
 .data          0x00000000        0x0 c:/program files (x86)/cypress/psoc creator/4.4/psoc creator/import/gnu/arm/5.4.1/bin/../lib/gcc/arm-none-eabi/5.4.1/../../../../arm-none-eabi/lib/armv6-m\libg_nano.a(lib_a-init.o)
 .bss           0x00000000        0x0 c:/program files (x86)/cypress/psoc creator/4.4/psoc creator/import/gnu/arm/5.4.1/bin/../lib/gcc/arm-none-eabi/5.4.1/../../../../arm-none-eabi/lib/armv6-m\libg_nano.a(lib_a-init.o)
 .text          0x00000000        0x0 c:/program files (x86)/cypress/psoc creator/4.4/psoc creator/import/gnu/arm/5.4.1/bin/../lib/gcc/arm-none-eabi/5.4.1/../../../../arm-none-eabi/lib/armv6-m\libg_nano.a(lib_a-memcpy-stub.o)
 .data          0x00000000        0x0 c:/program files (x86)/cypress/psoc creator/4.4/psoc creator/import/gnu/arm/5.4.1/bin/../lib/gcc/arm-none-eabi/5.4.1/../../../../arm-none-eabi/lib/armv6-m\libg_nano.a(lib_a-memcpy-stub.o)
 .bss           0x00000000        0x0 c:/program files (x86)/cypress/psoc creator/4.4/psoc creator/import/gnu/arm/5.4.1/bin/../lib/gcc/arm-none-eabi/5.4.1/../../../../arm-none-eabi/lib/armv6-m\libg_nano.a(lib_a-memcpy-stub.o)
 .text          0x00000000        0x0 c:/program files (x86)/cypress/psoc creator/4.4/psoc creator/import/gnu/arm/5.4.1/bin/../lib/gcc/arm-none-eabi/5.4.1/../../../../arm-none-eabi/lib/armv6-m\libg_nano.a(lib_a-memset.o)
 .data          0x00000000        0x0 c:/program files (x86)/cypress/psoc creator/4.4/psoc creator/import/gnu/arm/5.4.1/bin/../lib/gcc/arm-none-eabi/5.4.1/../../../../arm-none-eabi/lib/armv6-m\libg_nano.a(lib_a-memset.o)
 .bss           0x00000000        0x0 c:/program files (x86)/cypress/psoc creator/4.4/psoc creator/import/gnu/arm/5.4.1/bin/../lib/gcc/arm-none-eabi/5.4.1/../../../../arm-none-eabi/lib/armv6-m\libg_nano.a(lib_a-memset.o)
 .text          0x00000000        0x0 c:/program files (x86)/cypress/psoc creator/4.4/psoc creator/import/gnu/arm/5.4.1/bin/../lib/gcc/arm-none-eabi/5.4.1/armv6-m/crtend.o
 .data          0x00000000        0x0 c:/program files (x86)/cypress/psoc creator/4.4/psoc creator/import/gnu/arm/5.4.1/bin/../lib/gcc/arm-none-eabi/5.4.1/armv6-m/crtend.o
 .bss           0x00000000        0x0 c:/program files (x86)/cypress/psoc creator/4.4/psoc creator/import/gnu/arm/5.4.1/bin/../lib/gcc/arm-none-eabi/5.4.1/armv6-m/crtend.o
 .text          0x00000000        0x0 c:/program files (x86)/cypress/psoc creator/4.4/psoc creator/import/gnu/arm/5.4.1/bin/../lib/gcc/arm-none-eabi/5.4.1/armv6-m/crtn.o
 .data          0x00000000        0x0 c:/program files (x86)/cypress/psoc creator/4.4/psoc creator/import/gnu/arm/5.4.1/bin/../lib/gcc/arm-none-eabi/5.4.1/armv6-m/crtn.o
 .bss           0x00000000        0x0 c:/program files (x86)/cypress/psoc creator/4.4/psoc creator/import/gnu/arm/5.4.1/bin/../lib/gcc/arm-none-eabi/5.4.1/armv6-m/crtn.o

Memory Configuration

Name             Origin             Length             Attributes
rom              0x00000000         0x00008000         xr
ram              0x20000000         0x00001000         xrw
*default*        0x00000000         0xffffffff

Linker script and memory map

LOAD c:/program files (x86)/cypress/psoc creator/4.4/psoc creator/import/gnu/arm/5.4.1/bin/../lib/gcc/arm-none-eabi/5.4.1/armv6-m/crti.o
LOAD c:/program files (x86)/cypress/psoc creator/4.4/psoc creator/import/gnu/arm/5.4.1/bin/../lib/gcc/arm-none-eabi/5.4.1/armv6-m/crtbegin.o
LOAD c:/program files (x86)/cypress/psoc creator/4.4/psoc creator/import/gnu/arm/5.4.1/bin/../lib/gcc/arm-none-eabi/5.4.1/../../../../arm-none-eabi/lib/armv6-m/crt0.o
START GROUP
LOAD .\CortexM0\ARM_GCC_541\Debug\main.o
LOAD .\CortexM0\ARM_GCC_541\Debug\cyfitter_cfg.o
LOAD .\CortexM0\ARM_GCC_541\Debug\cymetadata.o
LOAD .\CortexM0\ARM_GCC_541\Debug\Cm0Start.o
LOAD .\CortexM0\ARM_GCC_541\Debug\Bootloader01_TEST.a
END GROUP
START GROUP
LOAD c:/program files (x86)/cypress/psoc creator/4.4/psoc creator/import/gnu/arm/5.4.1/bin/../lib/gcc/arm-none-eabi/5.4.1/armv6-m\libgcc.a
LOAD c:/program files (x86)/cypress/psoc creator/4.4/psoc creator/import/gnu/arm/5.4.1/bin/../lib/gcc/arm-none-eabi/5.4.1/../../../../arm-none-eabi/lib/armv6-m\libg_nano.a
LOAD c:/program files (x86)/cypress/psoc creator/4.4/psoc creator/import/gnu/arm/5.4.1/bin/../lib/gcc/arm-none-eabi/5.4.1/../../../../arm-none-eabi/lib/armv6-m\libc_nano.a
END GROUP
START GROUP
LOAD c:/program files (x86)/cypress/psoc creator/4.4/psoc creator/import/gnu/arm/5.4.1/bin/../lib/gcc/arm-none-eabi/5.4.1/armv6-m\libgcc.a
LOAD c:/program files (x86)/cypress/psoc creator/4.4/psoc creator/import/gnu/arm/5.4.1/bin/../lib/gcc/arm-none-eabi/5.4.1/../../../../arm-none-eabi/lib/armv6-m\libc_nano.a
END GROUP
LOAD c:/program files (x86)/cypress/psoc creator/4.4/psoc creator/import/gnu/arm/5.4.1/bin/../lib/gcc/arm-none-eabi/5.4.1/armv6-m/crtend.o
LOAD c:/program files (x86)/cypress/psoc creator/4.4/psoc creator/import/gnu/arm/5.4.1/bin/../lib/gcc/arm-none-eabi/5.4.1/armv6-m/crtn.o
START GROUP
LOAD c:/program files (x86)/cypress/psoc creator/4.4/psoc creator/import/gnu/arm/5.4.1/bin/../lib/gcc/arm-none-eabi/5.4.1/armv6-m\libgcc.a
LOAD c:/program files (x86)/cypress/psoc creator/4.4/psoc creator/import/gnu/arm/5.4.1/bin/../lib/gcc/arm-none-eabi/5.4.1/../../../../arm-none-eabi/lib/armv6-m\libc.a
LOAD c:/program files (x86)/cypress/psoc creator/4.4/psoc creator/import/gnu/arm/5.4.1/bin/../lib/gcc/arm-none-eabi/5.4.1/../../../../arm-none-eabi/lib/armv6-m\libnosys.a
END GROUP
                0x00000000                CY_APPL_ORIGIN = 0x0
                0x00000080                CY_FLASH_ROW_SIZE = 0x80
                0x00000001                CY_APPL_NUM = 0x1
                0x00000001                CY_APPL_MAX = 0x1
                0x00000040                CY_METADATA_SIZE = 0x40
                0x00000000                CY_APPL_LOADABLE = 0x0
                0x00000000                CY_CHECKSUM_EXCLUDE_SIZE = ALIGN (0x0, CY_FLASH_ROW_SIZE)
                0x00000000                CY_APP_FOR_STACK_AND_COPIER = 0x0
                [!provide]                PROVIDE (__cy_heap_start, _end)
                0x00000001                PROVIDE (__cy_region_num, ((__cy_regions_end - __cy_regions) / 0x10))
                0x20001000                PROVIDE (__cy_stack, (ORIGIN (ram) + LENGTH (ram)))
                [!provide]                PROVIDE (__cy_heap_end, (__cy_stack - 0x400))

.cybootloader   0x00000000        0x0
 *(.cybootloader)
                0x00000000                appl1_start = CY_APPL_ORIGIN?CY_APPL_ORIGIN:ALIGN (CY_FLASH_ROW_SIZE)
                0x00003f80                appl2_start = (appl1_start + ALIGN ((((LENGTH (rom) - appl1_start) - (0x2 * CY_FLASH_ROW_SIZE)) / 0x2), CY_FLASH_ROW_SIZE))
                0x00000000                appl_start = (CY_APPL_NUM == 0x1)?appl1_start:appl2_start
                0x00000001                cy_project_type_bootloader = (appl_start == 0x0)?0x1:0x0
                0x00000000                cy_project_type_app_for_stack_and_copier = (CY_APP_FOR_STACK_AND_COPIER == 0x1)?0x1:0x0

.text           0x00000000     0x2500
 CREATE_OBJECT_SYMBOLS
                0x00000000                PROVIDE (__cy_interrupt_vector, RomVectors)
 *(.romvectors)
 .romvectors    0x00000000       0x10 .\CortexM0\ARM_GCC_541\Debug\Cm0Start.o
                0x00000000                RomVectors
                0x00000001                ASSERT ((. != __cy_interrupt_vector), No interrupt vector)
                0x00000001                ASSERT (CY_APPL_ORIGIN?(SIZEOF (.cybootloader) <= CY_APPL_ORIGIN):0x1, Wrong image location)
                0x00000010                PROVIDE (__cy_reset, Reset)
 *(.text.Reset)
 .text.Reset    0x00000010        0xc .\CortexM0\ARM_GCC_541\Debug\Cm0Start.o
                0x00000010                Reset
                0x00000001                ASSERT ((. != __cy_reset), No reset code)
 *(.psocinit)
 .psocinit      0x0000001c      0x144 .\CortexM0\ARM_GCC_541\Debug\cyfitter_cfg.o
                0x00000084                cyfitter_cfg
                0x00000160                . = MAX (., 0x100)
 *(.text .text.* .gnu.linkonce.t.*)
 .text          0x00000160       0x60 c:/program files (x86)/cypress/psoc creator/4.4/psoc creator/import/gnu/arm/5.4.1/bin/../lib/gcc/arm-none-eabi/5.4.1/armv6-m/crtbegin.o
 .text.main     0x000001c0       0x14 .\CortexM0\ARM_GCC_541\Debug\main.o
                0x000001c0                main
 .text.CYMEMZERO
                0x000001d4       0x20 .\CortexM0\ARM_GCC_541\Debug\cyfitter_cfg.o
 .text.AnalogSetDefault
                0x000001f4        0xc .\CortexM0\ARM_GCC_541\Debug\cyfitter_cfg.o
 .text.IntDefaultHandler
                0x00000200       0x14 .\CortexM0\ARM_GCC_541\Debug\Cm0Start.o
                0x00000200                IntDefaultHandler
 .text.Start_c  0x00000214       0x98 .\CortexM0\ARM_GCC_541\Debug\Cm0Start.o
                0x00000214                Start_c
 .text.initialize_psoc
                0x000002ac       0x78 .\CortexM0\ARM_GCC_541\Debug\Cm0Start.o
                0x000002ac                initialize_psoc
 .text.Bootloader_StatusLED_Write
                0x00000324       0x50 .\CortexM0\ARM_GCC_541\Debug\Bootloader01_TEST.a(Bootloader_StatusLED.o)
                0x00000324                Bootloader_StatusLED_Write
 .text.Bootloader_CalcPacketChecksum
                0x00000374       0x58 .\CortexM0\ARM_GCC_541\Debug\Bootloader01_TEST.a(Bootloader.o)
 .text.Bootloader_Calc8BitSum
                0x000003cc       0x58 .\CortexM0\ARM_GCC_541\Debug\Bootloader01_TEST.a(Bootloader.o)
                0x000003cc                Bootloader_Calc8BitSum
 .text.Bootloader_Start
                0x00000424       0xa0 .\CortexM0\ARM_GCC_541\Debug\Bootloader01_TEST.a(Bootloader.o)
                0x00000424                Bootloader_Start
 .text.Bootloader_LaunchApplication
                0x000004c4       0x18 .\CortexM0\ARM_GCC_541\Debug\Bootloader01_TEST.a(Bootloader.o)
 .text.CyBtldr_CheckLaunch
                0x000004dc       0x60 .\CortexM0\ARM_GCC_541\Debug\Bootloader01_TEST.a(Bootloader.o)
                0x000004dc                CyBtldr_CheckLaunch
 .text.Bootloader_LaunchBootloadable
                0x0000053c        0x4 .\CortexM0\ARM_GCC_541\Debug\Bootloader01_TEST.a(Bootloader.o)
 .text.Bootloader_ValidateBootloadable
                0x00000540       0xdc .\CortexM0\ARM_GCC_541\Debug\Bootloader01_TEST.a(Bootloader.o)
                0x00000540                Bootloader_ValidateBootloadable
 .text.Bootloader_HostLink
                0x0000061c      0x968 .\CortexM0\ARM_GCC_541\Debug\Bootloader01_TEST.a(Bootloader.o)
 .text.Bootloader_WritePacket
                0x00000f84       0xb4 .\CortexM0\ARM_GCC_541\Debug\Bootloader01_TEST.a(Bootloader.o)
 .text.Bootloader_GetMetadata
                0x00001038      0x23c .\CortexM0\ARM_GCC_541\Debug\Bootloader01_TEST.a(Bootloader.o)
                0x00001038                Bootloader_GetMetadata
 .text.CySysFlashWriteRow
                0x00001274      0x38c .\CortexM0\ARM_GCC_541\Debug\Bootloader01_TEST.a(CyFlash.o)
                0x00001274                CySysFlashWriteRow
 .text.CySysFlashClockBackup
                0x00001600       0x24 .\CortexM0\ARM_GCC_541\Debug\Bootloader01_TEST.a(CyFlash.o)
 .text.CySysFlashClockRestore
                0x00001624       0x24 .\CortexM0\ARM_GCC_541\Debug\Bootloader01_TEST.a(CyFlash.o)
 .text.CySysClkWriteImoFreq
                0x00001648      0x1e4 .\CortexM0\ARM_GCC_541\Debug\Bootloader01_TEST.a(CyLib.o)
                0x00001648                CySysClkWriteImoFreq
 .text.CyIntSetVector
                0x0000182c       0x4c .\CortexM0\ARM_GCC_541\Debug\Bootloader01_TEST.a(CyLib.o)
                0x0000182c                CyIntSetVector
 .text.CyIntSetPriority
                0x00001878       0xa8 .\CortexM0\ARM_GCC_541\Debug\Bootloader01_TEST.a(CyLib.o)
                0x00001878                CyIntSetPriority
 .text.CyIntEnable
                0x00001920       0x2c .\CortexM0\ARM_GCC_541\Debug\Bootloader01_TEST.a(CyLib.o)
                0x00001920                CyIntEnable
 .text.CyIntDisable
                0x0000194c       0x2c .\CortexM0\ARM_GCC_541\Debug\Bootloader01_TEST.a(CyLib.o)
                0x0000194c                CyIntDisable
 .text.CyIntClearPending
                0x00001978       0x2c .\CortexM0\ARM_GCC_541\Debug\Bootloader01_TEST.a(CyLib.o)
                0x00001978                CyIntClearPending
 .text.CyHalt   0x000019a4       0x18 .\CortexM0\ARM_GCC_541\Debug\Bootloader01_TEST.a(CyLib.o)
                0x000019a4                CyHalt
 .text.CySoftwareReset
                0x000019bc       0x24 .\CortexM0\ARM_GCC_541\Debug\Bootloader01_TEST.a(CyLib.o)
                0x000019bc                CySoftwareReset
 .text.CyDelay  0x000019e0       0x4c .\CortexM0\ARM_GCC_541\Debug\Bootloader01_TEST.a(CyLib.o)
                0x000019e0                CyDelay
 .text.CyDelayUs
                0x00001a2c       0x28 .\CortexM0\ARM_GCC_541\Debug\Bootloader01_TEST.a(CyLib.o)
                0x00001a2c                CyDelayUs
 *fill*         0x00001a54        0x4 
 .text          0x00001a58       0x24 .\CortexM0\ARM_GCC_541\Debug\Bootloader01_TEST.a(CyBootAsmGnu.o)
                0x00001a58                CyDelayCycles
                0x00001a6c                CyEnterCriticalSection
                0x00001a74                CyExitCriticalSection
 .text.I2C_Slave_I2CCyBtldrCommStart
                0x00001a7c       0x40 .\CortexM0\ARM_GCC_541\Debug\Bootloader01_TEST.a(I2C_Slave_I2C_BOOT.o)
                0x00001a7c                I2C_Slave_I2CCyBtldrCommStart
 .text.I2C_Slave_I2CCyBtldrCommStop
                0x00001abc       0x10 .\CortexM0\ARM_GCC_541\Debug\Bootloader01_TEST.a(I2C_Slave_I2C_BOOT.o)
                0x00001abc                I2C_Slave_I2CCyBtldrCommStop
 .text.I2C_Slave_I2CCyBtldrCommRead
                0x00001acc       0xc0 .\CortexM0\ARM_GCC_541\Debug\Bootloader01_TEST.a(I2C_Slave_I2C_BOOT.o)
                0x00001acc                I2C_Slave_I2CCyBtldrCommRead
 .text.I2C_Slave_I2CCyBtldrCommWrite
                0x00001b8c       0x6c .\CortexM0\ARM_GCC_541\Debug\Bootloader01_TEST.a(I2C_Slave_I2C_BOOT.o)
                0x00001b8c                I2C_Slave_I2CCyBtldrCommWrite
 .text.I2C_Slave_I2CResposeInsert
                0x00001bf8       0x64 .\CortexM0\ARM_GCC_541\Debug\Bootloader01_TEST.a(I2C_Slave_I2C_BOOT.o)
 .text.I2C_Slave_I2CSlaveInitReadBuf
                0x00001c5c       0x4c .\CortexM0\ARM_GCC_541\Debug\Bootloader01_TEST.a(I2C_Slave_I2C_SLAVE.o)
                0x00001c5c                I2C_Slave_I2CSlaveInitReadBuf
 .text.I2C_Slave_I2CSlaveInitWriteBuf
                0x00001ca8       0x44 .\CortexM0\ARM_GCC_541\Debug\Bootloader01_TEST.a(I2C_Slave_I2C_SLAVE.o)
                0x00001ca8                I2C_Slave_I2CSlaveInitWriteBuf
 .text.I2C_Slave_Init
                0x00001cec       0x10 .\CortexM0\ARM_GCC_541\Debug\Bootloader01_TEST.a(I2C_Slave.o)
                0x00001cec                I2C_Slave_Init
 .text.I2C_Slave_Enable
                0x00001cfc       0x24 .\CortexM0\ARM_GCC_541\Debug\Bootloader01_TEST.a(I2C_Slave.o)
                0x00001cfc                I2C_Slave_Enable
 .text.I2C_Slave_Start
                0x00001d20       0x24 .\CortexM0\ARM_GCC_541\Debug\Bootloader01_TEST.a(I2C_Slave.o)
                0x00001d20                I2C_Slave_Start
 .text.I2C_Slave_Stop
                0x00001d44       0x34 .\CortexM0\ARM_GCC_541\Debug\Bootloader01_TEST.a(I2C_Slave.o)
                0x00001d44                I2C_Slave_Stop
 .text.I2C_Slave_SetCustomInterruptHandler
                0x00001d78       0x1c .\CortexM0\ARM_GCC_541\Debug\Bootloader01_TEST.a(I2C_Slave.o)
                0x00001d78                I2C_Slave_SetCustomInterruptHandler
 .text.I2C_Slave_ScbEnableIntr
                0x00001d94       0x10 .\CortexM0\ARM_GCC_541\Debug\Bootloader01_TEST.a(I2C_Slave.o)
 .text.I2C_Slave_ScbModePostEnable
                0x00001da4        0xc .\CortexM0\ARM_GCC_541\Debug\Bootloader01_TEST.a(I2C_Slave.o)
 .text.I2C_Slave_ScbModeStop
                0x00001db0       0x10 .\CortexM0\ARM_GCC_541\Debug\Bootloader01_TEST.a(I2C_Slave.o)
 .text.I2C_Slave_I2CSlaveNackGeneration
                0x00001dc0       0x54 .\CortexM0\ARM_GCC_541\Debug\Bootloader01_TEST.a(I2C_Slave.o)
                0x00001dc0                I2C_Slave_I2CSlaveNackGeneration
 .text.I2C_Slave_I2CInit
                0x00001e14       0xf8 .\CortexM0\ARM_GCC_541\Debug\Bootloader01_TEST.a(I2C_Slave_I2C.o)
                0x00001e14                I2C_Slave_I2CInit
 .text.I2C_Slave_I2CStop
                0x00001f0c       0x28 .\CortexM0\ARM_GCC_541\Debug\Bootloader01_TEST.a(I2C_Slave_I2C.o)
                0x00001f0c                I2C_Slave_I2CStop
 .text.I2C_Slave_I2CFwBlockReset
                0x00001f34       0xa8 .\CortexM0\ARM_GCC_541\Debug\Bootloader01_TEST.a(I2C_Slave_I2C.o)
                0x00001f34                I2C_Slave_I2CFwBlockReset
 .text.I2C_Slave_I2C_ISR
                0x00001fdc      0x4a0 .\CortexM0\ARM_GCC_541\Debug\Bootloader01_TEST.a(I2C_Slave_I2C_INT.o)
                0x00001fdc                I2C_Slave_I2C_ISR
 .text.__errno  0x0000247c        0xc c:/program files (x86)/cypress/psoc creator/4.4/psoc creator/import/gnu/arm/5.4.1/bin/../lib/gcc/arm-none-eabi/5.4.1/../../../../arm-none-eabi/lib/armv6-m\libg_nano.a(lib_a-errno.o)
                0x0000247c                __errno
 .text.__libc_init_array
                0x00002488       0x4c c:/program files (x86)/cypress/psoc creator/4.4/psoc creator/import/gnu/arm/5.4.1/bin/../lib/gcc/arm-none-eabi/5.4.1/../../../../arm-none-eabi/lib/armv6-m\libg_nano.a(lib_a-init.o)
                0x00002488                __libc_init_array
 .text.memcpy   0x000024d4       0x12 c:/program files (x86)/cypress/psoc creator/4.4/psoc creator/import/gnu/arm/5.4.1/bin/../lib/gcc/arm-none-eabi/5.4.1/../../../../arm-none-eabi/lib/armv6-m\libg_nano.a(lib_a-memcpy-stub.o)
                0x000024d4                memcpy
 .text.memset   0x000024e6       0x10 c:/program files (x86)/cypress/psoc creator/4.4/psoc creator/import/gnu/arm/5.4.1/bin/../lib/gcc/arm-none-eabi/5.4.1/../../../../arm-none-eabi/lib/armv6-m\libg_nano.a(lib_a-memset.o)
                0x000024e6                memset
 *(.plt)
 *(.gnu.warning)
 *(.glue_7t)
 .glue_7t       0x000024f6        0x0 linker stubs
 *(.glue_7)
 .glue_7        0x000024f6        0x0 linker stubs
 *(.vfp11_veneer)
 .vfp11_veneer  0x000024f6        0x0 linker stubs
 *(.bootloader)
 *fill*         0x000024f6        0x2 
 .bootloader    0x000024f8        0x8 .\CortexM0\ARM_GCC_541\Debug\Bootloader01_TEST.a(Bootloader.o)
                0x000024f8                Bootloader_Checksum
                0x000024fc                Bootloader_SizeBytes
 *(.ARM.extab* .gnu.linkonce.armextab.*)
 *(.gcc_except_table)

.v4_bx          0x00002500        0x0
 .v4_bx         0x00002500        0x0 linker stubs

.iplt           0x00002500        0x0
 .iplt          0x00002500        0x0 c:/program files (x86)/cypress/psoc creator/4.4/psoc creator/import/gnu/arm/5.4.1/bin/../lib/gcc/arm-none-eabi/5.4.1/armv6-m/crtbegin.o

.eh_frame_hdr
 *(.eh_frame_hdr)

.eh_frame       0x00002500        0x4
 *(.eh_frame)
 .eh_frame      0x00002500        0x0 c:/program files (x86)/cypress/psoc creator/4.4/psoc creator/import/gnu/arm/5.4.1/bin/../lib/gcc/arm-none-eabi/5.4.1/armv6-m/crtbegin.o
 .eh_frame      0x00002500        0x4 c:/program files (x86)/cypress/psoc creator/4.4/psoc creator/import/gnu/arm/5.4.1/bin/../lib/gcc/arm-none-eabi/5.4.1/armv6-m/crtend.o
                [!provide]                PROVIDE (__exidx_start, .)

.ARM.exidx
 *(.ARM.exidx* .gnu.linkonce.armexidx.*)
                0x00002504                __exidx_end = .

.rodata         0x00002504       0xdc
 *(.rodata .rodata.* .gnu.linkonce.r.*)
 .rodata        0x00002504        0xc .\CortexM0\ARM_GCC_541\Debug\cyfitter_cfg.o
 .rodata        0x00002510       0x68 .\CortexM0\ARM_GCC_541\Debug\Bootloader01_TEST.a(Bootloader.o)
 .rodata        0x00002578       0x2e .\CortexM0\ARM_GCC_541\Debug\Bootloader01_TEST.a(CyLib.o)
                0x00002578                cyImoFreqMhz2Reg
 .rodata.str1.1
                0x000025a6        0x2 c:/program files (x86)/cypress/psoc creator/4.4/psoc creator/import/gnu/arm/5.4.1/bin/../lib/gcc/arm-none-eabi/5.4.1/../../../../arm-none-eabi/lib/armv6-m\libg_nano.a(lib_a-impure.o)
                0x000025a8                . = ALIGN (0x4)
 *(.init)
 .init          0x000025a8        0x4 c:/program files (x86)/cypress/psoc creator/4.4/psoc creator/import/gnu/arm/5.4.1/bin/../lib/gcc/arm-none-eabi/5.4.1/armv6-m/crti.o
                0x000025a8                _init
 .init          0x000025ac        0x8 c:/program files (x86)/cypress/psoc creator/4.4/psoc creator/import/gnu/arm/5.4.1/bin/../lib/gcc/arm-none-eabi/5.4.1/armv6-m/crtn.o
                0x000025b4                . = ALIGN (0x4)
                0x000025b4                __preinit_array_start = .
 *(.preinit_array)
                0x000025b4                __preinit_array_end = .
                0x000025b4                . = ALIGN (0x4)
                0x000025b4                __init_array_start = .
 *(SORT(.init_array.*))
 *(.init_array)
 .init_array    0x000025b4        0x4 c:/program files (x86)/cypress/psoc creator/4.4/psoc creator/import/gnu/arm/5.4.1/bin/../lib/gcc/arm-none-eabi/5.4.1/armv6-m/crtbegin.o
 .init_array    0x000025b8        0x4 .\CortexM0\ARM_GCC_541\Debug\Cm0Start.o
                0x000025bc                __init_array_end = .
                0x000025bc                . = ALIGN (0x4)
 *(.fini)
 .fini          0x000025bc        0x4 c:/program files (x86)/cypress/psoc creator/4.4/psoc creator/import/gnu/arm/5.4.1/bin/../lib/gcc/arm-none-eabi/5.4.1/armv6-m/crti.o
                0x000025bc                _fini
 .fini          0x000025c0        0x8 c:/program files (x86)/cypress/psoc creator/4.4/psoc creator/import/gnu/arm/5.4.1/bin/../lib/gcc/arm-none-eabi/5.4.1/armv6-m/crtn.o
                0x000025c8                . = ALIGN (0x4)
                0x000025c8                __fini_array_start = .
 *(.fini_array)
 .fini_array    0x000025c8        0x4 c:/program files (x86)/cypress/psoc creator/4.4/psoc creator/import/gnu/arm/5.4.1/bin/../lib/gcc/arm-none-eabi/5.4.1/armv6-m/crtbegin.o
 *(SORT(.fini_array.*))
                0x000025cc                __fini_array_end = .
                0x000025cc                . = ALIGN (0x4)
 *crtbegin.o(.ctors)
 *(EXCLUDE_FILE(*crtend.o) .ctors)
 *(SORT(.ctors.*))
 *crtend.o(.ctors)
                0x000025cc                . = ALIGN (0x4)
 *crtbegin.o(.dtors)
 *(EXCLUDE_FILE(*crtend.o) .dtors)
 *(SORT(.dtors.*))
 *crtend.o(.dtors)
                0x000025cc                . = ALIGN (0x4)
                0x000025cc                __cy_regions = .
                0x000025cc        0x4 LONG 0x25e0 __cy_region_init_ram
                0x000025d0        0x4 LONG 0x200000d0 __cy_region_start_data
                0x000025d4        0x4 LONG 0x88 __cy_region_init_size_ram
                0x000025d8        0x4 LONG 0xd0 __cy_region_zero_size_ram
                0x000025dc                __cy_regions_end = .
                0x000025e0                . = ALIGN (0x8)
 *fill*         0x000025dc        0x4 
                0x000025e0                _etext = .

.cy_checksum_exclude
                0x000025e0        0x0
 *(.cy_checksum_exclude)

.ramvectors     0x20000000       0xc0
                0x20000000                __cy_region_start_ram = .
 *(.ramvectors)
 .ramvectors    0x20000000       0xc0 .\CortexM0\ARM_GCC_541\Debug\Cm0Start.o
                0x20000000                CyRamVectors

.btldr_run      0x200000c0        0x4
 *(.bootloaderruntype)
 .bootloaderruntype
                0x200000c0        0x4 .\CortexM0\ARM_GCC_541\Debug\Cm0Start.o
                0x200000c0                cyBtldrRunType

.noinit         0x200000c8        0x4
 *(.noinit)
 .noinit        0x200000c8        0x4 .\CortexM0\ARM_GCC_541\Debug\Cm0Start.o

.data           0x200000d0       0x88 load address 0x000025e0
                0x200000d0                __cy_region_start_data = .
 *(.jcr)
 .jcr           0x200000d0        0x0 c:/program files (x86)/cypress/psoc creator/4.4/psoc creator/import/gnu/arm/5.4.1/bin/../lib/gcc/arm-none-eabi/5.4.1/armv6-m/crtbegin.o
 .jcr           0x200000d0        0x4 c:/program files (x86)/cypress/psoc creator/4.4/psoc creator/import/gnu/arm/5.4.1/bin/../lib/gcc/arm-none-eabi/5.4.1/armv6-m/crtend.o
 *(.got.plt)
 *(.got)
 *(.shdata)
 *(.data .data.* .gnu.linkonce.d.*)
 .data          0x200000d4        0x8 .\CortexM0\ARM_GCC_541\Debug\Bootloader01_TEST.a(Bootloader.o)
                0x200000d4                Bootloader_ChecksumAccess
                0x200000d8                Bootloader_SizeBytesAccess
 .data          0x200000dc       0x14 .\CortexM0\ARM_GCC_541\Debug\Bootloader01_TEST.a(CyLib.o)
                0x200000dc                cydelayFreqHz
                0x200000e0                cydelayFreqKhz
                0x200000e4                cydelayFreqMhz
                0x200000e8                cydelay32kMs
                0x200000ec                CySysClkPumpConfig
 .data.impure_data
                0x200000f0       0x60 c:/program files (x86)/cypress/psoc creator/4.4/psoc creator/import/gnu/arm/5.4.1/bin/../lib/gcc/arm-none-eabi/5.4.1/../../../../arm-none-eabi/lib/armv6-m\libg_nano.a(lib_a-impure.o)
 .data._impure_ptr
                0x20000150        0x4 c:/program files (x86)/cypress/psoc creator/4.4/psoc creator/import/gnu/arm/5.4.1/bin/../lib/gcc/arm-none-eabi/5.4.1/../../../../arm-none-eabi/lib/armv6-m\libg_nano.a(lib_a-impure.o)
                0x20000150                _impure_ptr
                0x20000158                . = ALIGN (0x8)
 *fill*         0x20000154        0x4 
 *(.ram)
                0x20000158                _edata = .

.igot.plt       0x20000158        0x0 load address 0x00002668
 .igot.plt      0x20000158        0x0 c:/program files (x86)/cypress/psoc creator/4.4/psoc creator/import/gnu/arm/5.4.1/bin/../lib/gcc/arm-none-eabi/5.4.1/armv6-m/crtbegin.o

.bss            0x20000158       0xd0 load address 0x00002668
                0x20000158                PROVIDE (__bss_start__, .)
 *(.shbss)
 *(.bss .bss.* .gnu.linkonce.b.*)
 .bss           0x20000158       0x1c c:/program files (x86)/cypress/psoc creator/4.4/psoc creator/import/gnu/arm/5.4.1/bin/../lib/gcc/arm-none-eabi/5.4.1/armv6-m/crtbegin.o
 .bss           0x20000174        0x4 .\CortexM0\ARM_GCC_541\Debug\Bootloader01_TEST.a(Bootloader.o)
 .bss           0x20000178        0x4 .\CortexM0\ARM_GCC_541\Debug\Bootloader01_TEST.a(CyFlash.o)
 .bss           0x2000017c       0x84 .\CortexM0\ARM_GCC_541\Debug\Bootloader01_TEST.a(I2C_Slave_I2C_BOOT.o)
 .bss           0x20000200        0x8 .\CortexM0\ARM_GCC_541\Debug\Bootloader01_TEST.a(I2C_Slave.o)
                0x20000200                I2C_Slave_initVar
                0x20000204                I2C_Slave_customIntrHandler
 *(COMMON)
 COMMON         0x20000208       0x1e .\CortexM0\ARM_GCC_541\Debug\Bootloader01_TEST.a(I2C_Slave_I2C_SLAVE.o)
                0x20000208                I2C_Slave_slRdBufIndexTmp
                0x2000020c                I2C_Slave_slRdBufIndex
                0x20000210                I2C_Slave_slWrBufSize
                0x20000214                I2C_Slave_slWrBufIndex
                0x20000218                I2C_Slave_slRdBufPtr
                0x2000021c                I2C_Slave_slWrBufPtr
                0x20000220                I2C_Slave_slRdBufSize
                0x20000224                I2C_Slave_slStatus
                0x20000225                I2C_Slave_slOverFlowCount
 COMMON         0x20000226        0x1 .\CortexM0\ARM_GCC_541\Debug\Bootloader01_TEST.a(I2C_Slave_I2C.o)
                0x20000226                I2C_Slave_state
                0x20000228                . = ALIGN (0x8)
 *fill*         0x20000227        0x1 
 *(.ram.b)
                0x20000228                _end = .
                0x20000228                __end = .
                0x20000228                PROVIDE (end, .)
                0x20000228                PROVIDE (__bss_end__, .)
                0x000025e0                __cy_region_init_ram = LOADADDR (.data)
                0x00000088                __cy_region_init_size_ram = (_edata - ADDR (.data))
                0x000000d0                __cy_region_zero_size_ram = (_end - _edata)

.heap           0x20000228      0x100 load address 0x00002668
                0x20000228                . = _end
                0x20000328                . = (. + 0x100)
 *fill*         0x20000228      0x100 
                0x20000328                __cy_heap_limit = .

.stack          0x20000c00      0x400
                0x20000c00                __cy_stack_limit = .
                0x20001000                . = (. + 0x400)
 *fill*         0x20000c00      0x400 
                0x00000001                ASSERT ((__cy_stack_limit >= __cy_heap_limit), region RAM overflowed with stack)
                0x00000000                cy_checksum_exclude_size = (CY_APPL_LOADABLE == 0x1)?SIZEOF (.cy_checksum_exclude):0x0
                0x00000001                ASSERT ((cy_checksum_exclude_size <= CY_CHECKSUM_EXCLUDE_SIZE), CY_BOOT: Section .cy_checksum_exclude size exceedes specified limit.)
                0x00007fc0                cyloadermeta_start = (cy_project_type_bootloader || cy_project_type_app_for_stack_and_copier)?(LENGTH (rom) - CY_METADATA_SIZE):0xf0000000

.cyloadermeta   0x00007fc0       0x40
 *(.cyloadermeta)
 .cyloadermeta  0x00007fc0       0x40 .\CortexM0\ARM_GCC_541\Debug\cymetadata.o
                0x00007fc0                cy_meta_loader
                0x00007fc0                cyloadablemeta_start = cy_project_type_app_for_stack_and_copier?((LENGTH (rom) - CY_FLASH_ROW_SIZE) - CY_METADATA_SIZE):((LENGTH (rom) - (CY_FLASH_ROW_SIZE * (CY_APPL_NUM - 0x1))) - CY_METADATA_SIZE)

.cyloadablemeta
 *(.cyloadablemeta)

.cyflashprotect
                0x90400000       0x20
 *(.cyflashprotect)
 .cyflashprotect
                0x90400000       0x20 .\CortexM0\ARM_GCC_541\Debug\cymetadata.o
                0x90400000                cy_meta_flashprotect

.cymeta         0x90500000        0xc
 *(.cymeta)
 .cymeta        0x90500000        0xc .\CortexM0\ARM_GCC_541\Debug\cymetadata.o
                0x90500000                cy_metadata

.cychipprotect  0x90600000        0x1
 *(.cychipprotect)
 .cychipprotect
                0x90600000        0x1 .\CortexM0\ARM_GCC_541\Debug\cymetadata.o
                0x90600000                cy_meta_chipprotect

.rel.dyn        0x00002668        0x0 load address 0x90600004
 .rel.iplt      0x00002668        0x0 c:/program files (x86)/cypress/psoc creator/4.4/psoc creator/import/gnu/arm/5.4.1/bin/../lib/gcc/arm-none-eabi/5.4.1/armv6-m/crtbegin.o

.stab
 *(.stab)

.stabstr
 *(.stabstr)

.debug
 *(.debug)

.line
 *(.line)

.debug_srcinfo
 *(.debug_srcinfo)

.debug_sfnames
 *(.debug_sfnames)

.debug_aranges  0x00000000      0x4e0
 *(.debug_aranges)
 .debug_aranges
                0x00000000       0x20 .\CortexM0\ARM_GCC_541\Debug\main.o
 .debug_aranges
                0x00000020       0x48 .\CortexM0\ARM_GCC_541\Debug\cyfitter_cfg.o
 .debug_aranges
                0x00000068       0x18 .\CortexM0\ARM_GCC_541\Debug\cymetadata.o
 .debug_aranges
                0x00000080       0x48 .\CortexM0\ARM_GCC_541\Debug\Cm0Start.o
 .debug_aranges
                0x000000c8       0x48 .\CortexM0\ARM_GCC_541\Debug\Bootloader01_TEST.a(Bootloader_StatusLED.o)
 .debug_aranges
                0x00000110       0x80 .\CortexM0\ARM_GCC_541\Debug\Bootloader01_TEST.a(Bootloader.o)
 .debug_aranges
                0x00000190       0x38 .\CortexM0\ARM_GCC_541\Debug\Bootloader01_TEST.a(CyFlash.o)
 .debug_aranges
                0x000001c8      0x180 .\CortexM0\ARM_GCC_541\Debug\Bootloader01_TEST.a(CyLib.o)
 .debug_aranges
                0x00000348       0x20 .\CortexM0\ARM_GCC_541\Debug\Bootloader01_TEST.a(CyBootAsmGnu.o)
 .debug_aranges
                0x00000368       0x48 .\CortexM0\ARM_GCC_541\Debug\Bootloader01_TEST.a(I2C_Slave_I2C_BOOT.o)
 .debug_aranges
                0x000003b0       0x70 .\CortexM0\ARM_GCC_541\Debug\Bootloader01_TEST.a(I2C_Slave_I2C_SLAVE.o)
 .debug_aranges
                0x00000420       0x70 .\CortexM0\ARM_GCC_541\Debug\Bootloader01_TEST.a(I2C_Slave.o)
 .debug_aranges
                0x00000490       0x30 .\CortexM0\ARM_GCC_541\Debug\Bootloader01_TEST.a(I2C_Slave_I2C.o)
 .debug_aranges
                0x000004c0       0x20 .\CortexM0\ARM_GCC_541\Debug\Bootloader01_TEST.a(I2C_Slave_I2C_INT.o)

.debug_pubnames
 *(.debug_pubnames)

.debug_info     0x00000000     0x2662
 *(.debug_info .gnu.linkonce.wi.*)
 .debug_info    0x00000000       0xa4 .\CortexM0\ARM_GCC_541\Debug\main.o
 .debug_info    0x000000a4      0x253 .\CortexM0\ARM_GCC_541\Debug\cyfitter_cfg.o
 .debug_info    0x000002f7      0x11e .\CortexM0\ARM_GCC_541\Debug\cymetadata.o
 .debug_info    0x00000415      0x323 .\CortexM0\ARM_GCC_541\Debug\Cm0Start.o
 .debug_info    0x00000738      0x19a .\CortexM0\ARM_GCC_541\Debug\Bootloader01_TEST.a(Bootloader_StatusLED.o)
 .debug_info    0x000008d2      0x79c .\CortexM0\ARM_GCC_541\Debug\Bootloader01_TEST.a(Bootloader.o)
 .debug_info    0x0000106e      0x289 .\CortexM0\ARM_GCC_541\Debug\Bootloader01_TEST.a(CyFlash.o)
 .debug_info    0x000012f7      0x8e0 .\CortexM0\ARM_GCC_541\Debug\Bootloader01_TEST.a(CyLib.o)
 .debug_info    0x00001bd7       0x8c .\CortexM0\ARM_GCC_541\Debug\Bootloader01_TEST.a(CyBootAsmGnu.o)
 .debug_info    0x00001c63      0x26d .\CortexM0\ARM_GCC_541\Debug\Bootloader01_TEST.a(I2C_Slave_I2C_BOOT.o)
 .debug_info    0x00001ed0      0x2e5 .\CortexM0\ARM_GCC_541\Debug\Bootloader01_TEST.a(I2C_Slave_I2C_SLAVE.o)
 .debug_info    0x000021b5      0x1fd .\CortexM0\ARM_GCC_541\Debug\Bootloader01_TEST.a(I2C_Slave.o)
 .debug_info    0x000023b2      0x12f .\CortexM0\ARM_GCC_541\Debug\Bootloader01_TEST.a(I2C_Slave_I2C.o)
 .debug_info    0x000024e1      0x181 .\CortexM0\ARM_GCC_541\Debug\Bootloader01_TEST.a(I2C_Slave_I2C_INT.o)

.debug_abbrev   0x00000000      0xd4d
 *(.debug_abbrev)
 .debug_abbrev  0x00000000       0x42 .\CortexM0\ARM_GCC_541\Debug\main.o
 .debug_abbrev  0x00000042      0x136 .\CortexM0\ARM_GCC_541\Debug\cyfitter_cfg.o
 .debug_abbrev  0x00000178       0x5d .\CortexM0\ARM_GCC_541\Debug\cymetadata.o
 .debug_abbrev  0x000001d5      0x1d9 .\CortexM0\ARM_GCC_541\Debug\Cm0Start.o
 .debug_abbrev  0x000003ae       0xaa .\CortexM0\ARM_GCC_541\Debug\Bootloader01_TEST.a(Bootloader_StatusLED.o)
 .debug_abbrev  0x00000458      0x1ee .\CortexM0\ARM_GCC_541\Debug\Bootloader01_TEST.a(Bootloader.o)
 .debug_abbrev  0x00000646      0x12f .\CortexM0\ARM_GCC_541\Debug\Bootloader01_TEST.a(CyFlash.o)
 .debug_abbrev  0x00000775      0x1a7 .\CortexM0\ARM_GCC_541\Debug\Bootloader01_TEST.a(CyLib.o)
 .debug_abbrev  0x0000091c       0x14 .\CortexM0\ARM_GCC_541\Debug\Bootloader01_TEST.a(CyBootAsmGnu.o)
 .debug_abbrev  0x00000930       0xf1 .\CortexM0\ARM_GCC_541\Debug\Bootloader01_TEST.a(I2C_Slave_I2C_BOOT.o)
 .debug_abbrev  0x00000a21      0x121 .\CortexM0\ARM_GCC_541\Debug\Bootloader01_TEST.a(I2C_Slave_I2C_SLAVE.o)
 .debug_abbrev  0x00000b42       0xf3 .\CortexM0\ARM_GCC_541\Debug\Bootloader01_TEST.a(I2C_Slave.o)
 .debug_abbrev  0x00000c35       0x90 .\CortexM0\ARM_GCC_541\Debug\Bootloader01_TEST.a(I2C_Slave_I2C.o)
 .debug_abbrev  0x00000cc5       0x88 .\CortexM0\ARM_GCC_541\Debug\Bootloader01_TEST.a(I2C_Slave_I2C_INT.o)

.debug_line     0x00000000     0x1593
 *(.debug_line)
 .debug_line    0x00000000       0x3f .\CortexM0\ARM_GCC_541\Debug\main.o
 .debug_line    0x0000003f      0x15f .\CortexM0\ARM_GCC_541\Debug\cyfitter_cfg.o
 .debug_line    0x0000019e      0x141 .\CortexM0\ARM_GCC_541\Debug\cymetadata.o
 .debug_line    0x000002df      0x1d0 .\CortexM0\ARM_GCC_541\Debug\Cm0Start.o
 .debug_line    0x000004af       0xcc .\CortexM0\ARM_GCC_541\Debug\Bootloader01_TEST.a(Bootloader_StatusLED.o)
 .debug_line    0x0000057b      0x3fa .\CortexM0\ARM_GCC_541\Debug\Bootloader01_TEST.a(Bootloader.o)
 .debug_line    0x00000975      0x1a3 .\CortexM0\ARM_GCC_541\Debug\Bootloader01_TEST.a(CyFlash.o)
 .debug_line    0x00000b18      0x47b .\CortexM0\ARM_GCC_541\Debug\Bootloader01_TEST.a(CyLib.o)
 .debug_line    0x00000f93       0x69 .\CortexM0\ARM_GCC_541\Debug\Bootloader01_TEST.a(CyBootAsmGnu.o)
 .debug_line    0x00000ffc      0x116 .\CortexM0\ARM_GCC_541\Debug\Bootloader01_TEST.a(I2C_Slave_I2C_BOOT.o)
 .debug_line    0x00001112      0x139 .\CortexM0\ARM_GCC_541\Debug\Bootloader01_TEST.a(I2C_Slave_I2C_SLAVE.o)
 .debug_line    0x0000124b      0x141 .\CortexM0\ARM_GCC_541\Debug\Bootloader01_TEST.a(I2C_Slave.o)
 .debug_line    0x0000138c       0xc5 .\CortexM0\ARM_GCC_541\Debug\Bootloader01_TEST.a(I2C_Slave_I2C.o)
 .debug_line    0x00001451      0x142 .\CortexM0\ARM_GCC_541\Debug\Bootloader01_TEST.a(I2C_Slave_I2C_INT.o)

.debug_frame    0x00000000      0xf2c
 *(.debug_frame)
 .debug_frame   0x00000000       0x2c .\CortexM0\ARM_GCC_541\Debug\main.o
 .debug_frame   0x0000002c       0xc8 .\CortexM0\ARM_GCC_541\Debug\cyfitter_cfg.o
 .debug_frame   0x000000f4       0xc8 .\CortexM0\ARM_GCC_541\Debug\Cm0Start.o
 .debug_frame   0x000001bc       0xc8 .\CortexM0\ARM_GCC_541\Debug\Bootloader01_TEST.a(Bootloader_StatusLED.o)
 .debug_frame   0x00000284      0x1ac .\CortexM0\ARM_GCC_541\Debug\Bootloader01_TEST.a(Bootloader.o)
 .debug_frame   0x00000430       0x98 .\CortexM0\ARM_GCC_541\Debug\Bootloader01_TEST.a(CyFlash.o)
 .debug_frame   0x000004c8      0x588 .\CortexM0\ARM_GCC_541\Debug\Bootloader01_TEST.a(CyLib.o)
 .debug_frame   0x00000a50       0xc0 .\CortexM0\ARM_GCC_541\Debug\Bootloader01_TEST.a(I2C_Slave_I2C_BOOT.o)
 .debug_frame   0x00000b10      0x15c .\CortexM0\ARM_GCC_541\Debug\Bootloader01_TEST.a(I2C_Slave_I2C_SLAVE.o)
 .debug_frame   0x00000c6c      0x150 .\CortexM0\ARM_GCC_541\Debug\Bootloader01_TEST.a(I2C_Slave.o)
 .debug_frame   0x00000dbc       0x64 .\CortexM0\ARM_GCC_541\Debug\Bootloader01_TEST.a(I2C_Slave_I2C.o)
 .debug_frame   0x00000e20       0x30 .\CortexM0\ARM_GCC_541\Debug\Bootloader01_TEST.a(I2C_Slave_I2C_INT.o)
 .debug_frame   0x00000e50       0x20 c:/program files (x86)/cypress/psoc creator/4.4/psoc creator/import/gnu/arm/5.4.1/bin/../lib/gcc/arm-none-eabi/5.4.1/armv6-m\libgcc.a(_udivsi3.o)
 .debug_frame   0x00000e70       0x20 c:/program files (x86)/cypress/psoc creator/4.4/psoc creator/import/gnu/arm/5.4.1/bin/../lib/gcc/arm-none-eabi/5.4.1/../../../../arm-none-eabi/lib/armv6-m\libg_nano.a(lib_a-errno.o)
 .debug_frame   0x00000e90       0x28 c:/program files (x86)/cypress/psoc creator/4.4/psoc creator/import/gnu/arm/5.4.1/bin/../lib/gcc/arm-none-eabi/5.4.1/../../../../arm-none-eabi/lib/armv6-m\libg_nano.a(lib_a-exit.o)
 .debug_frame   0x00000eb8       0x2c c:/program files (x86)/cypress/psoc creator/4.4/psoc creator/import/gnu/arm/5.4.1/bin/../lib/gcc/arm-none-eabi/5.4.1/../../../../arm-none-eabi/lib/armv6-m\libg_nano.a(lib_a-init.o)
 .debug_frame   0x00000ee4       0x28 c:/program files (x86)/cypress/psoc creator/4.4/psoc creator/import/gnu/arm/5.4.1/bin/../lib/gcc/arm-none-eabi/5.4.1/../../../../arm-none-eabi/lib/armv6-m\libg_nano.a(lib_a-memcpy-stub.o)
 .debug_frame   0x00000f0c       0x20 c:/program files (x86)/cypress/psoc creator/4.4/psoc creator/import/gnu/arm/5.4.1/bin/../lib/gcc/arm-none-eabi/5.4.1/../../../../arm-none-eabi/lib/armv6-m\libg_nano.a(lib_a-memset.o)

.debug_str      0x00000000     0x14c3
 *(.debug_str)
 .debug_str     0x00000000      0x143 .\CortexM0\ARM_GCC_541\Debug\main.o
                                0x183 (size before relaxing)
 .debug_str     0x00000143       0xbd .\CortexM0\ARM_GCC_541\Debug\cyfitter_cfg.o
                                0x241 (size before relaxing)
 .debug_str     0x00000200       0x72 .\CortexM0\ARM_GCC_541\Debug\cymetadata.o
                                0x1d3 (size before relaxing)
 .debug_str     0x00000272      0x12e .\CortexM0\ARM_GCC_541\Debug\Cm0Start.o
                                0x2d9 (size before relaxing)
 .debug_str     0x000003a0      0x11f .\CortexM0\ARM_GCC_541\Debug\Bootloader01_TEST.a(Bootloader_StatusLED.o)
                                0x29b (size before relaxing)
 .debug_str     0x000004bf      0x435 .\CortexM0\ARM_GCC_541\Debug\Bootloader01_TEST.a(Bootloader.o)
                                0x5ee (size before relaxing)
 .debug_str     0x000008f4      0x13d .\CortexM0\ARM_GCC_541\Debug\Bootloader01_TEST.a(CyFlash.o)
                                0x2ef (size before relaxing)
 .debug_str     0x00000a31      0x4b2 .\CortexM0\ARM_GCC_541\Debug\Bootloader01_TEST.a(CyLib.o)
                                0x677 (size before relaxing)
 .debug_str     0x00000ee3      0x181 .\CortexM0\ARM_GCC_541\Debug\Bootloader01_TEST.a(I2C_Slave_I2C_BOOT.o)
                                0x335 (size before relaxing)
 .debug_str     0x00001064      0x225 .\CortexM0\ARM_GCC_541\Debug\Bootloader01_TEST.a(I2C_Slave_I2C_SLAVE.o)
                                0x415 (size before relaxing)
 .debug_str     0x00001289      0x172 .\CortexM0\ARM_GCC_541\Debug\Bootloader01_TEST.a(I2C_Slave.o)
                                0x2fc (size before relaxing)
 .debug_str     0x000013fb       0x75 .\CortexM0\ARM_GCC_541\Debug\Bootloader01_TEST.a(I2C_Slave_I2C.o)
                                0x25a (size before relaxing)
 .debug_str     0x00001470       0x53 .\CortexM0\ARM_GCC_541\Debug\Bootloader01_TEST.a(I2C_Slave_I2C_INT.o)
                                0x2e1 (size before relaxing)

.debug_loc
 *(.debug_loc)

.debug_macinfo
 *(.debug_macinfo)

.debug_ranges   0x00000000      0x448
 *(.debug_ranges)
 .debug_ranges  0x00000000       0x10 .\CortexM0\ARM_GCC_541\Debug\main.o
 .debug_ranges  0x00000010       0x38 .\CortexM0\ARM_GCC_541\Debug\cyfitter_cfg.o
 .debug_ranges  0x00000048       0x38 .\CortexM0\ARM_GCC_541\Debug\Cm0Start.o
 .debug_ranges  0x00000080       0x38 .\CortexM0\ARM_GCC_541\Debug\Bootloader01_TEST.a(Bootloader_StatusLED.o)
 .debug_ranges  0x000000b8       0xd0 .\CortexM0\ARM_GCC_541\Debug\Bootloader01_TEST.a(Bootloader.o)
 .debug_ranges  0x00000188       0x28 .\CortexM0\ARM_GCC_541\Debug\Bootloader01_TEST.a(CyFlash.o)
 .debug_ranges  0x000001b0      0x170 .\CortexM0\ARM_GCC_541\Debug\Bootloader01_TEST.a(CyLib.o)
 .debug_ranges  0x00000320       0x38 .\CortexM0\ARM_GCC_541\Debug\Bootloader01_TEST.a(I2C_Slave_I2C_BOOT.o)
 .debug_ranges  0x00000358       0x60 .\CortexM0\ARM_GCC_541\Debug\Bootloader01_TEST.a(I2C_Slave_I2C_SLAVE.o)
 .debug_ranges  0x000003b8       0x60 .\CortexM0\ARM_GCC_541\Debug\Bootloader01_TEST.a(I2C_Slave.o)
 .debug_ranges  0x00000418       0x20 .\CortexM0\ARM_GCC_541\Debug\Bootloader01_TEST.a(I2C_Slave_I2C.o)
 .debug_ranges  0x00000438       0x10 .\CortexM0\ARM_GCC_541\Debug\Bootloader01_TEST.a(I2C_Slave_I2C_INT.o)

.comment        0x00000000       0x6e
 .comment       0x00000000       0x6e .\CortexM0\ARM_GCC_541\Debug\main.o
                                 0x6f (size before relaxing)
 .comment       0x0000006e       0x6f .\CortexM0\ARM_GCC_541\Debug\cyfitter_cfg.o
 .comment       0x0000006e       0x6f .\CortexM0\ARM_GCC_541\Debug\cymetadata.o
 .comment       0x0000006e       0x6f .\CortexM0\ARM_GCC_541\Debug\Cm0Start.o
 .comment       0x0000006e       0x6f .\CortexM0\ARM_GCC_541\Debug\Bootloader01_TEST.a(Bootloader_StatusLED.o)
 .comment       0x0000006e       0x6f .\CortexM0\ARM_GCC_541\Debug\Bootloader01_TEST.a(Bootloader.o)
 .comment       0x0000006e       0x6f .\CortexM0\ARM_GCC_541\Debug\Bootloader01_TEST.a(CyFlash.o)
 .comment       0x0000006e       0x6f .\CortexM0\ARM_GCC_541\Debug\Bootloader01_TEST.a(CyLib.o)
 .comment       0x0000006e       0x6f .\CortexM0\ARM_GCC_541\Debug\Bootloader01_TEST.a(I2C_Slave_I2C_BOOT.o)
 .comment       0x0000006e       0x6f .\CortexM0\ARM_GCC_541\Debug\Bootloader01_TEST.a(I2C_Slave_I2C_SLAVE.o)
 .comment       0x0000006e       0x6f .\CortexM0\ARM_GCC_541\Debug\Bootloader01_TEST.a(I2C_Slave.o)
 .comment       0x0000006e       0x6f .\CortexM0\ARM_GCC_541\Debug\Bootloader01_TEST.a(I2C_Slave_I2C.o)
 .comment       0x0000006e       0x6f .\CortexM0\ARM_GCC_541\Debug\Bootloader01_TEST.a(I2C_Slave_I2C_INT.o)

.debug_weaknames
 *(.debug_weaknames)

.debug_funcnames
 *(.debug_funcnames)

.debug_typenames
 *(.debug_typenames)

.debug_varnames
 *(.debug_varnames)

.note.gnu.arm.ident
 *(.note.gnu.arm.ident)

.ARM.attributes
                0x00000000       0x28
 *(.ARM.attributes)
 .ARM.attributes
                0x00000000       0x1e c:/program files (x86)/cypress/psoc creator/4.4/psoc creator/import/gnu/arm/5.4.1/bin/../lib/gcc/arm-none-eabi/5.4.1/armv6-m/crti.o
 .ARM.attributes
                0x0000001e       0x2c c:/program files (x86)/cypress/psoc creator/4.4/psoc creator/import/gnu/arm/5.4.1/bin/../lib/gcc/arm-none-eabi/5.4.1/armv6-m/crtbegin.o
 .ARM.attributes
                0x0000004a       0x1b c:/program files (x86)/cypress/psoc creator/4.4/psoc creator/import/gnu/arm/5.4.1/bin/../lib/gcc/arm-none-eabi/5.4.1/../../../../arm-none-eabi/lib/armv6-m/crt0.o
 .ARM.attributes
                0x00000065       0x31 .\CortexM0\ARM_GCC_541\Debug\main.o
 .ARM.attributes
                0x00000096       0x31 .\CortexM0\ARM_GCC_541\Debug\cyfitter_cfg.o
 .ARM.attributes
                0x000000c7       0x31 .\CortexM0\ARM_GCC_541\Debug\cymetadata.o
 .ARM.attributes
                0x000000f8       0x31 .\CortexM0\ARM_GCC_541\Debug\Cm0Start.o
 .ARM.attributes
                0x00000129       0x31 .\CortexM0\ARM_GCC_541\Debug\Bootloader01_TEST.a(Bootloader_StatusLED.o)
 .ARM.attributes
                0x0000015a       0x31 .\CortexM0\ARM_GCC_541\Debug\Bootloader01_TEST.a(Bootloader.o)
 .ARM.attributes
                0x0000018b       0x31 .\CortexM0\ARM_GCC_541\Debug\Bootloader01_TEST.a(CyFlash.o)
 .ARM.attributes
                0x000001bc       0x31 .\CortexM0\ARM_GCC_541\Debug\Bootloader01_TEST.a(CyLib.o)
 .ARM.attributes
                0x000001ed       0x21 .\CortexM0\ARM_GCC_541\Debug\Bootloader01_TEST.a(CyBootAsmGnu.o)
 .ARM.attributes
                0x0000020e       0x31 .\CortexM0\ARM_GCC_541\Debug\Bootloader01_TEST.a(I2C_Slave_I2C_BOOT.o)
 .ARM.attributes
                0x0000023f       0x31 .\CortexM0\ARM_GCC_541\Debug\Bootloader01_TEST.a(I2C_Slave_I2C_SLAVE.o)
 .ARM.attributes
                0x00000270       0x31 .\CortexM0\ARM_GCC_541\Debug\Bootloader01_TEST.a(I2C_Slave.o)
 .ARM.attributes
                0x000002a1       0x31 .\CortexM0\ARM_GCC_541\Debug\Bootloader01_TEST.a(I2C_Slave_I2C.o)
 .ARM.attributes
                0x000002d2       0x31 .\CortexM0\ARM_GCC_541\Debug\Bootloader01_TEST.a(I2C_Slave_I2C_INT.o)
 .ARM.attributes
                0x00000303       0x1e c:/program files (x86)/cypress/psoc creator/4.4/psoc creator/import/gnu/arm/5.4.1/bin/../lib/gcc/arm-none-eabi/5.4.1/armv6-m\libgcc.a(_udivsi3.o)
 .ARM.attributes
                0x00000321       0x1e c:/program files (x86)/cypress/psoc creator/4.4/psoc creator/import/gnu/arm/5.4.1/bin/../lib/gcc/arm-none-eabi/5.4.1/armv6-m\libgcc.a(_dvmd_tls.o)
 .ARM.attributes
                0x0000033f       0x2c c:/program files (x86)/cypress/psoc creator/4.4/psoc creator/import/gnu/arm/5.4.1/bin/../lib/gcc/arm-none-eabi/5.4.1/../../../../arm-none-eabi/lib/armv6-m\libg_nano.a(lib_a-errno.o)
 .ARM.attributes
                0x0000036b       0x2c c:/program files (x86)/cypress/psoc creator/4.4/psoc creator/import/gnu/arm/5.4.1/bin/../lib/gcc/arm-none-eabi/5.4.1/../../../../arm-none-eabi/lib/armv6-m\libg_nano.a(lib_a-exit.o)
 .ARM.attributes
                0x00000397       0x2c c:/program files (x86)/cypress/psoc creator/4.4/psoc creator/import/gnu/arm/5.4.1/bin/../lib/gcc/arm-none-eabi/5.4.1/../../../../arm-none-eabi/lib/armv6-m\libg_nano.a(lib_a-impure.o)
 .ARM.attributes
                0x000003c3       0x2c c:/program files (x86)/cypress/psoc creator/4.4/psoc creator/import/gnu/arm/5.4.1/bin/../lib/gcc/arm-none-eabi/5.4.1/../../../../arm-none-eabi/lib/armv6-m\libg_nano.a(lib_a-init.o)
 .ARM.attributes
                0x000003ef       0x2c c:/program files (x86)/cypress/psoc creator/4.4/psoc creator/import/gnu/arm/5.4.1/bin/../lib/gcc/arm-none-eabi/5.4.1/../../../../arm-none-eabi/lib/armv6-m\libg_nano.a(lib_a-memcpy-stub.o)
 .ARM.attributes
                0x0000041b       0x2c c:/program files (x86)/cypress/psoc creator/4.4/psoc creator/import/gnu/arm/5.4.1/bin/../lib/gcc/arm-none-eabi/5.4.1/../../../../arm-none-eabi/lib/armv6-m\libg_nano.a(lib_a-memset.o)
 .ARM.attributes
                0x00000447       0x2c c:/program files (x86)/cypress/psoc creator/4.4/psoc creator/import/gnu/arm/5.4.1/bin/../lib/gcc/arm-none-eabi/5.4.1/armv6-m/crtend.o
 .ARM.attributes
                0x00000473       0x1e c:/program files (x86)/cypress/psoc creator/4.4/psoc creator/import/gnu/arm/5.4.1/bin/../lib/gcc/arm-none-eabi/5.4.1/armv6-m/crtn.o

/DISCARD/
 *(.note.GNU-stack)
OUTPUT(Z:\#IroTeam\PSoC Creator\Bootloader01\Bootloader01_TEST.cydsn\CortexM0\ARM_GCC_541\Debug\Bootloader01_TEST.elf elf32-littlearm)
