Archive member included to satisfy reference by file (symbol)

.\ARM_GCC_541\Debug\Start_CY8C5868.a(UART_Debug.o)
                              .\ARM_GCC_541\Debug\BSP.o (UART_Debug_Start)
.\ARM_GCC_541\Debug\Start_CY8C5868.a(UART_Debug_INT.o)
                              .\ARM_GCC_541\Debug\Start_CY8C5868.a(UART_Debug.o) (UART_Debug_RXISR)
.\ARM_GCC_541\Debug\Start_CY8C5868.a(UART_Linux.o)
                              .\ARM_GCC_541\Debug\BSP.o (UART_Linux_Start)
.\ARM_GCC_541\Debug\Start_CY8C5868.a(UART_Linux_INT.o)
                              .\ARM_GCC_541\Debug\Start_CY8C5868.a(UART_Linux.o) (UART_Linux_RXISR)
.\ARM_GCC_541\Debug\Start_CY8C5868.a(Pins_Port1.o)
                              .\ARM_GCC_541\Debug\OS_StartLEDBlink.o (Pins_Port1_ClearInterrupt)
.\ARM_GCC_541\Debug\Start_CY8C5868.a(Pins_Port2.o)
                              .\ARM_GCC_541\Debug\OS_StartLEDBlink.o (Pins_Port2_ClearInterrupt)
.\ARM_GCC_541\Debug\Start_CY8C5868.a(Relay_Port1.o)
                              .\ARM_GCC_541\Debug\OS_StartLEDBlink.o (Relay_Port1_Write)
.\ARM_GCC_541\Debug\Start_CY8C5868.a(Relay_Port2.o)
                              .\ARM_GCC_541\Debug\OS_StartLEDBlink.o (Relay_Port2_Write)
.\ARM_GCC_541\Debug\Start_CY8C5868.a(intr_Port2.o)
                              .\ARM_GCC_541\Debug\OS_StartLEDBlink.o (intr_Port2_StartEx)
.\ARM_GCC_541\Debug\Start_CY8C5868.a(LED_RGB.o)
                              .\ARM_GCC_541\Debug\IO.o (LED_RGB_Write)
.\ARM_GCC_541\Debug\Start_CY8C5868.a(UART_Debug_IntClock.o)
                              .\ARM_GCC_541\Debug\Start_CY8C5868.a(UART_Debug.o) (UART_Debug_IntClock_Start)
.\ARM_GCC_541\Debug\Start_CY8C5868.a(UART_Linux_IntClock.o)
                              .\ARM_GCC_541\Debug\Start_CY8C5868.a(UART_Linux.o) (UART_Linux_IntClock_Start)
.\ARM_GCC_541\Debug\Start_CY8C5868.a(CyLib.o)
                              .\ARM_GCC_541\Debug\Cm3Start.o (CyResetStatus)
.\ARM_GCC_541\Debug\Start_CY8C5868.a(cyPm.o)
                              .\ARM_GCC_541\Debug\Start_CY8C5868.a(CyLib.o) (CyPmReadStatus)
.\ARM_GCC_541\Debug\Start_CY8C5868.a(intr_UART_Linux_Rx.o)
                              .\ARM_GCC_541\Debug\OS_StartLEDBlink.o (intr_UART_Linux_Rx_StartEx)
.\ARM_GCC_541\Debug\Start_CY8C5868.a(intr_Port1.o)
                              .\ARM_GCC_541\Debug\OS_StartLEDBlink.o (intr_Port1_StartEx)
.\ARM_GCC_541\Debug\Start_CY8C5868.a(CyBootAsmGnu.o)
                              .\ARM_GCC_541\Debug\cyfitter_cfg.o (CyDelayCycles)
.\ARM_GCC_541\Debug\Start_CY8C5868.a(CyFlash.o)
                              .\ARM_GCC_541\Debug\Start_CY8C5868.a(cyPm.o) (CyFlash_SetWaitCycles)
.\ARM_GCC_541\Debug\Start_CY8C5868.a(CySpc.o)
                              .\ARM_GCC_541\Debug\Start_CY8C5868.a(CyFlash.o) (CySpcStart)
c:/program files (x86)/cypress/psoc creator/4.4/psoc creator/import/gnu/arm/5.4.1/bin/../lib/gcc/arm-none-eabi/5.4.1/../../../../arm-none-eabi/lib/armv7-m\libc_nano.a(lib_a-atoi.o)
                              .\ARM_GCC_541\Debug\OS_StartLEDBlink.o (atoi)
c:/program files (x86)/cypress/psoc creator/4.4/psoc creator/import/gnu/arm/5.4.1/bin/../lib/gcc/arm-none-eabi/5.4.1/../../../../arm-none-eabi/lib/armv7-m\libc_nano.a(lib_a-errno.o)
                              .\ARM_GCC_541\Debug\Cm3Start.o (__errno)
c:/program files (x86)/cypress/psoc creator/4.4/psoc creator/import/gnu/arm/5.4.1/bin/../lib/gcc/arm-none-eabi/5.4.1/../../../../arm-none-eabi/lib/armv7-m\libc_nano.a(lib_a-exit.o)
                              c:/program files (x86)/cypress/psoc creator/4.4/psoc creator/import/gnu/arm/5.4.1/bin/../lib/gcc/arm-none-eabi/5.4.1/../../../../arm-none-eabi/lib/armv7-m/crt0.o (exit)
c:/program files (x86)/cypress/psoc creator/4.4/psoc creator/import/gnu/arm/5.4.1/bin/../lib/gcc/arm-none-eabi/5.4.1/../../../../arm-none-eabi/lib/armv7-m\libc_nano.a(lib_a-impure.o)
                              c:/program files (x86)/cypress/psoc creator/4.4/psoc creator/import/gnu/arm/5.4.1/bin/../lib/gcc/arm-none-eabi/5.4.1/../../../../arm-none-eabi/lib/armv7-m\libc_nano.a(lib_a-exit.o) (_global_impure_ptr)
c:/program files (x86)/cypress/psoc creator/4.4/psoc creator/import/gnu/arm/5.4.1/bin/../lib/gcc/arm-none-eabi/5.4.1/../../../../arm-none-eabi/lib/armv7-m\libc_nano.a(lib_a-init.o)
                              c:/program files (x86)/cypress/psoc creator/4.4/psoc creator/import/gnu/arm/5.4.1/bin/../lib/gcc/arm-none-eabi/5.4.1/../../../../arm-none-eabi/lib/armv7-m/crt0.o (__libc_init_array)
c:/program files (x86)/cypress/psoc creator/4.4/psoc creator/import/gnu/arm/5.4.1/bin/../lib/gcc/arm-none-eabi/5.4.1/../../../../arm-none-eabi/lib/armv7-m\libc_nano.a(lib_a-memcmp.o)
                              .\ARM_GCC_541\Debug\OS_StartLEDBlink.o (memcmp)
c:/program files (x86)/cypress/psoc creator/4.4/psoc creator/import/gnu/arm/5.4.1/bin/../lib/gcc/arm-none-eabi/5.4.1/../../../../arm-none-eabi/lib/armv7-m\libc_nano.a(lib_a-memcpy-stub.o)
                              .\ARM_GCC_541\Debug\SEGGER_RTT.o (memcpy)
[...]
Memory Configuration

Name             Origin             Length             Attributes
rom              0x00000000         0x00040000         xr
ram              0x1fff8000         0x00010000         xrw
*default*        0x00000000         0xffffffff

Linker script and memory map

LOAD c:/program files (x86)/cypress/psoc creator/4.4/psoc creator/import/gnu/arm/5.4.1/bin/../lib/gcc/arm-none-eabi/5.4.1/armv7-m/crti.o
LOAD c:/program files (x86)/cypress/psoc creator/4.4/psoc creator/import/gnu/arm/5.4.1/bin/../lib/gcc/arm-none-eabi/5.4.1/armv7-m/crtbegin.o
LOAD c:/program files (x86)/cypress/psoc creator/4.4/psoc creator/import/gnu/arm/5.4.1/bin/../lib/gcc/arm-none-eabi/5.4.1/../../../../arm-none-eabi/lib/armv7-m/crt0.o
START GROUP
LOAD .\ARM_GCC_541\Debug\OS_StartLEDBlink.o
LOAD .\ARM_GCC_541\Debug\BSP.o
LOAD .\ARM_GCC_541\Debug\OS_Error.o
LOAD .\ARM_GCC_541\Debug\OS_ThreadSafe.o
LOAD .\ARM_GCC_541\Debug\OS_Syscalls.o
LOAD .\ARM_GCC_541\Debug\RTOSInit_CY8C5868.o
LOAD .\ARM_GCC_541\Debug\JLINKMEM_Process.o
LOAD .\ARM_GCC_541\Debug\SEGGER_RTT.o
LOAD .\ARM_GCC_541\Debug\SEGGER_RTT_printf.o
LOAD .\ARM_GCC_541\Debug\SEGGER_RTT_Syscalls_GCC.o
LOAD .\ARM_GCC_541\Debug\SEGGER_SYSVIEW.o
LOAD .\ARM_GCC_541\Debug\SEGGER_SYSVIEW_Config_embOS.o
LOAD .\ARM_GCC_541\Debug\SEGGER_SYSVIEW_embOS.o
LOAD .\ARM_GCC_541\Debug\SEGGER_RTT_ASM_ARMv7M.o
LOAD .\ARM_GCC_541\Debug\IO.o
LOAD .\ARM_GCC_541\Debug\cyfitter_cfg.o
LOAD .\ARM_GCC_541\Debug\cymetadata.o
LOAD .\ARM_GCC_541\Debug\Cm3Start.o
LOAD .\ARM_GCC_541\Debug\Start_CY8C5868.a
LOAD C:\Program Files (x86)\Cypress\PSoC Creator\4.4\PSoC Creator\psoc\content\cycomponentlibrary\CyComponentLibrary.cylib\CortexM3\ARM_GCC_541\Debug\CyComponentLibrary.a
LOAD c:/program files (x86)/cypress/psoc creator/4.4/psoc creator/import/gnu/arm/5.4.1/bin/../lib/gcc/arm-none-eabi/5.4.1/../../../../arm-none-eabi/lib/armv7-m\libc_nano.a
LOAD c:/program files (x86)/cypress/psoc creator/4.4/psoc creator/import/gnu/arm/5.4.1/bin/../lib/gcc/arm-none-eabi/5.4.1/armv7-m\libgcc.a
LOAD ..\..\..\..\Lib\libosT7LDP.a
LOAD c:/program files (x86)/cypress/psoc creator/4.4/psoc creator/import/gnu/arm/5.4.1/bin/../lib/gcc/arm-none-eabi/5.4.1/../../../../arm-none-eabi/lib/armv7-m\libg_nano.a
END GROUP
START GROUP
LOAD c:/program files (x86)/cypress/psoc creator/4.4/psoc creator/import/gnu/arm/5.4.1/bin/../lib/gcc/arm-none-eabi/5.4.1/armv7-m\libgcc.a
LOAD c:/program files (x86)/cypress/psoc creator/4.4/psoc creator/import/gnu/arm/5.4.1/bin/../lib/gcc/arm-none-eabi/5.4.1/../../../../arm-none-eabi/lib/armv7-m\libg_nano.a
LOAD c:/program files (x86)/cypress/psoc creator/4.4/psoc creator/import/gnu/arm/5.4.1/bin/../lib/gcc/arm-none-eabi/5.4.1/../../../../arm-none-eabi/lib/armv7-m\libc_nano.a
END GROUP
START GROUP
LOAD c:/program files (x86)/cypress/psoc creator/4.4/psoc creator/import/gnu/arm/5.4.1/bin/../lib/gcc/arm-none-eabi/5.4.1/armv7-m\libgcc.a
LOAD c:/program files (x86)/cypress/psoc creator/4.4/psoc creator/import/gnu/arm/5.4.1/bin/../lib/gcc/arm-none-eabi/5.4.1/../../../../arm-none-eabi/lib/armv7-m\libc_nano.a
END GROUP
LOAD c:/program files (x86)/cypress/psoc creator/4.4/psoc creator/import/gnu/arm/5.4.1/bin/../lib/gcc/arm-none-eabi/5.4.1/armv7-m/crtend.o
LOAD c:/program files (x86)/cypress/psoc creator/4.4/psoc creator/import/gnu/arm/5.4.1/bin/../lib/gcc/arm-none-eabi/5.4.1/armv7-m/crtn.o
START GROUP
LOAD c:/program files (x86)/cypress/psoc creator/4.4/psoc creator/import/gnu/arm/5.4.1/bin/../lib/gcc/arm-none-eabi/5.4.1/armv7-m\libgcc.a
LOAD c:/program files (x86)/cypress/psoc creator/4.4/psoc creator/import/gnu/arm/5.4.1/bin/../lib/gcc/arm-none-eabi/5.4.1/../../../../arm-none-eabi/lib/armv7-m\libc.a
LOAD c:/program files (x86)/cypress/psoc creator/4.4/psoc creator/import/gnu/arm/5.4.1/bin/../lib/gcc/arm-none-eabi/5.4.1/../../../../arm-none-eabi/lib/armv7-m\libnosys.a
END GROUP
                0x00000000                CY_APPL_ORIGIN = 0x0
                0x00000100                CY_FLASH_ROW_SIZE = 0x100
                0x00000020                CY_ECC_ROW_SIZE = 0x20
                0x00000000                CY_EE_IN_BTLDR = 0x0
                0x00000000                CY_APPL_LOADABLE = 0x0
                0x00000800                CY_EE_SIZE = 0x800
                0x00000001                CY_APPL_NUM = 0x1
                0x00000001                CY_APPL_MAX = 0x1
                0x00000040                CY_METADATA_SIZE = 0x40
                0x00000001                PROVIDE (__cy_region_num, ((__cy_regions_end - __cy_regions) / 0x10))

.cybootloader   0x00000000        0x0
 *(.cybootloader)
                0x00000000                appl1_start = CY_APPL_ORIGIN?CY_APPL_ORIGIN:ALIGN (CY_FLASH_ROW_SIZE)
                0x0001ff00                appl2_start = (appl1_start + ALIGN ((((LENGTH (rom) - appl1_start) - (0x2 * CY_FLASH_ROW_SIZE)) / 0x2), CY_FLASH_ROW_SIZE))
                0x00000000                appl_start = (CY_APPL_NUM == 0x1)?appl1_start:appl2_start
                0x00000000                ecc_offset = ((appl_start / CY_FLASH_ROW_SIZE) * CY_ECC_ROW_SIZE)
                0x00000000                ee_offset = (CY_APPL_LOADABLE && ! (CY_EE_IN_BTLDR))?((CY_EE_SIZE / CY_APPL_MAX) * (CY_APPL_NUM - 0x1)):0x0
                0x00000800                ee_size = (CY_APPL_LOADABLE && ! (CY_EE_IN_BTLDR))?(CY_EE_SIZE / CY_APPL_MAX):CY_EE_SIZE
                [!provide]                PROVIDE (CY_ECC_OFFSET, ecc_offset)

.text           0x00000000     0x7484
 CREATE_OBJECT_SYMBOLS
                0x00000000                PROVIDE (__cy_interrupt_vector, RomVectors)
 *(.romvectors)
 .romvectors    0x00000000       0x10 .\ARM_GCC_541\Debug\Cm3Start.o
                0x00000000                RomVectors
                0x00000001                ASSERT ((. != __cy_interrupt_vector), No interrupt vector)
                0x00000001                ASSERT (CY_APPL_ORIGIN?(SIZEOF (.cybootloader) <= CY_APPL_ORIGIN):0x1, Wrong image location)
                0x00000010                PROVIDE (__cy_reset, Reset)
 *(.text.Reset)
 .text.Reset    0x00000010       0x18 .\ARM_GCC_541\Debug\Cm3Start.o
                0x00000010                Reset
                0x00000001                ASSERT ((. != __cy_reset), No reset code)
 *(.dma_init)
                0x00000001                ASSERT ((((appl_start + .) <= 0x10000) || 0x1), DMA Init must be within the first 64k of flash)
 *(.text .text.* .gnu.linkonce.t.*)
 .text          0x00000028       0x5c c:/program files (x86)/cypress/psoc creator/4.4/psoc creator/import/gnu/arm/5.4.1/bin/../lib/gcc/arm-none-eabi/5.4.1/armv7-m/crtbegin.o
 .text.q_put_message
                0x00000084       0x84 .\ARM_GCC_541\Debug\OS_StartLEDBlink.o
                0x00000084                q_put_message
 .text.q_get_message
                0x00000108       0x34 .\ARM_GCC_541\Debug\OS_StartLEDBlink.o
                0x00000108                q_get_message
 .text.Por1_Job
                0x0000013c      0x1cc .\ARM_GCC_541\Debug\OS_StartLEDBlink.o
                0x0000013c                Por1_Job
 .text.Por2_Job
                0x00000308      0x1cc .\ARM_GCC_541\Debug\OS_StartLEDBlink.o
                0x00000308                Por2_Job
 .text.strremove
                0x000004d4       0x58 .\ARM_GCC_541\Debug\OS_StartLEDBlink.o
                0x000004d4                strremove
 .text.CmdTask  0x0000052c      0x4f4 .\ARM_GCC_541\Debug\OS_StartLEDBlink.o
 .text.UART_Linux_Rx_ISR
                0x00000a20      0x188 .\ARM_GCC_541\Debug\OS_StartLEDBlink.o
                0x00000a20                UART_Linux_Rx_ISR
 .text.Port1_ISR
                0x00000ba8      0x130 .\ARM_GCC_541\Debug\OS_StartLEDBlink.o
                0x00000ba8                Port1_ISR
 .text.Port2_ISR
                0x00000cd8      0x130 .\ARM_GCC_541\Debug\OS_StartLEDBlink.o
                0x00000cd8                Port2_ISR
 .text.Timer_Read_Linux_Callback
                0x00000e08       0x28 .\ARM_GCC_541\Debug\OS_StartLEDBlink.o
 .text.Timer_RGB_LED_Callback
                0x00000e30       0x68 .\ARM_GCC_541\Debug\OS_StartLEDBlink.o
 .text.Timer_Read_W_Port1_Callback
                0x00000e98       0x3c .\ARM_GCC_541\Debug\OS_StartLEDBlink.o
 .text.Timer_Read_W_Port2_Callback
                0x00000ed4       0x3c .\ARM_GCC_541\Debug\OS_StartLEDBlink.o
 .text.Timer_AfterRead_Input1_Callback
                0x00000f10       0x30 .\ARM_GCC_541\Debug\OS_StartLEDBlink.o
 .text.Timer_AfterRead_Port1_Callback
                0x00000f40       0x30 .\ARM_GCC_541\Debug\OS_StartLEDBlink.o
 .text.Timer_AfterRead_Input2_Callback
                0x00000f70       0x30 .\ARM_GCC_541\Debug\OS_StartLEDBlink.o
 .text.Timer_AfterRead_Port2_Callback
                0x00000fa0       0x30 .\ARM_GCC_541\Debug\OS_StartLEDBlink.o
 .text.Timer_WD_Callback
                0x00000fd0       0x1c .\ARM_GCC_541\Debug\OS_StartLEDBlink.o
 .text.create_tasks
                0x00000fec       0x38 .\ARM_GCC_541\Debug\OS_StartLEDBlink.o
                0x00000fec                create_tasks
 .text.create_queues
                0x00001024       0x1c .\ARM_GCC_541\Debug\OS_StartLEDBlink.o
                0x00001024                create_queues
 .text.intrrupt_init
                0x00001040       0x30 .\ARM_GCC_541\Debug\OS_StartLEDBlink.o
                0x00001040                intrrupt_init
 .text.init_vars
                0x00001070       0x34 .\ARM_GCC_541\Debug\OS_StartLEDBlink.o
                0x00001070                init_vars
 .text.timers_create
                0x000010a4       0xb4 .\ARM_GCC_541\Debug\OS_StartLEDBlink.o
                0x000010a4                timers_create
 .text.main     0x00001158       0x7c .\ARM_GCC_541\Debug\OS_StartLEDBlink.o
                0x00001158                main
 .text.BSP_Init
                0x000011d4       0x10 .\ARM_GCC_541\Debug\BSP.o
                0x000011d4                BSP_Init
 .text.OS_Error
                0x000011e4       0x40 .\ARM_GCC_541\Debug\OS_Error.o
                0x000011e4                OS_Error
 .text.__malloc_lock
                0x00001224       0x14 .\ARM_GCC_541\Debug\OS_ThreadSafe.o
                0x00001224                __malloc_lock
 .text.__malloc_unlock
                0x00001238       0x14 .\ARM_GCC_541\Debug\OS_ThreadSafe.o
                0x00001238                __malloc_unlock
 .text._sbrk    0x0000124c       0x60 .\ARM_GCC_541\Debug\OS_Syscalls.o
                0x0000124c                _sbrk
 .text.NVIC_SetPriority
                0x000012ac       0x54 .\ARM_GCC_541\Debug\RTOSInit_CY8C5868.o
 .text.SysTick_Config
                0x00001300       0x44 .\ARM_GCC_541\Debug\RTOSInit_CY8C5868.o
 .text._OS_GetHWTimerCycles
                0x00001344       0x14 .\ARM_GCC_541\Debug\RTOSInit_CY8C5868.o
 .text._OS_GetHWTimer_IntPending
                0x00001358       0x18 .\ARM_GCC_541\Debug\RTOSInit_CY8C5868.o
 .text.SysTick_Handler
                0x00001370      0x124 .\ARM_GCC_541\Debug\RTOSInit_CY8C5868.o
                0x00001370                SysTick_Handler
 .text.OS_InitHW
                0x00001494       0xd4 .\ARM_GCC_541\Debug\RTOSInit_CY8C5868.o
                0x00001494                OS_InitHW
 .text.OS_Idle  0x00001568        0x8 .\ARM_GCC_541\Debug\RTOSInit_CY8C5868.o
                0x00001568                OS_Idle
 .text.OS_COM_Send1
                0x00001570       0x1c .\ARM_GCC_541\Debug\RTOSInit_CY8C5868.o
                0x00001570                OS_COM_Send1
 .text._RetriggerTimer
                0x0000158c       0x18 .\ARM_GCC_541\Debug\JLINKMEM_Process.o
 .text._StopTimer
                0x000015a4       0x18 .\ARM_GCC_541\Debug\JLINKMEM_Process.o
 .text._Init    0x000015bc       0x94 .\ARM_GCC_541\Debug\JLINKMEM_Process.o
 .text._LockTxBuf
                0x00001650       0x5c .\ARM_GCC_541\Debug\JLINKMEM_Process.o
 .text._UnlockTxBuf
                0x000016ac       0x18 .\ARM_GCC_541\Debug\JLINKMEM_Process.o
 .text._Receive
                0x000016c4       0x80 .\ARM_GCC_541\Debug\JLINKMEM_Process.o
 .text._FillTxBuf
                0x00001744       0xb4 .\ARM_GCC_541\Debug\JLINKMEM_Process.o
 .text._DropTxData
                0x000017f8       0x24 .\ARM_GCC_541\Debug\JLINKMEM_Process.o
 .text._Send    0x0000181c       0x60 .\ARM_GCC_541\Debug\JLINKMEM_Process.o
 .text.JLINKMEM_Process
                0x0000187c       0x9c .\ARM_GCC_541\Debug\JLINKMEM_Process.o
                0x0000187c                JLINKMEM_Process
 .text.JLINKMEM_SendChar
                0x00001918       0xa8 .\ARM_GCC_541\Debug\JLINKMEM_Process.o
                0x00001918                JLINKMEM_SendChar
 .text.JLINKMEM_SetpfOnRx
                0x000019c0       0x1c .\ARM_GCC_541\Debug\JLINKMEM_Process.o
                0x000019c0                JLINKMEM_SetpfOnRx
 .text.JLINKMEM_SetpfOnTx
                0x000019dc       0x1c .\ARM_GCC_541\Debug\JLINKMEM_Process.o
                0x000019dc                JLINKMEM_SetpfOnTx
 .text.JLINKMEM_SetpfGetNextChar
                0x000019f8       0x1c .\ARM_GCC_541\Debug\JLINKMEM_Process.o
                0x000019f8                JLINKMEM_SetpfGetNextChar
 .text._DoInit  0x00001a14       0xac .\ARM_GCC_541\Debug\SEGGER_RTT.o
 .text.SEGGER_RTT_ReadNoLock
                0x00001ac0      0x10c .\ARM_GCC_541\Debug\SEGGER_RTT.o
                0x00001ac0                SEGGER_RTT_ReadNoLock
 .text.SEGGER_RTT_AllocUpBuffer
                0x00001bcc      0x104 .\ARM_GCC_541\Debug\SEGGER_RTT.o
                0x00001bcc                SEGGER_RTT_AllocUpBuffer
 .text.SEGGER_RTT_ConfigDownBuffer
                0x00001cd0       0x94 .\ARM_GCC_541\Debug\SEGGER_RTT.o
                0x00001cd0                SEGGER_RTT_ConfigDownBuffer
 .text._EncodeStr
                0x00001d64       0xa0 .\ARM_GCC_541\Debug\SEGGER_SYSVIEW.o
 .text._PreparePacket
                0x00001e04       0x18 .\ARM_GCC_541\Debug\SEGGER_SYSVIEW.o
 .text._HandleIncomingPacket
                0x00001e1c       0xd4 .\ARM_GCC_541\Debug\SEGGER_SYSVIEW.o
 .text._TrySendOverflowPacket
                0x00001ef0       0xe4 .\ARM_GCC_541\Debug\SEGGER_SYSVIEW.o
 .text._SendPacket
                0x00001fd4      0x1c8 .\ARM_GCC_541\Debug\SEGGER_SYSVIEW.o
 .text.SEGGER_SYSVIEW_Init
                0x0000219c       0x8c .\ARM_GCC_541\Debug\SEGGER_SYSVIEW.o
                0x0000219c                SEGGER_SYSVIEW_Init
 .text.SEGGER_SYSVIEW_RecordVoid
                0x00002228       0x3c .\ARM_GCC_541\Debug\SEGGER_SYSVIEW.o
                0x00002228                SEGGER_SYSVIEW_RecordVoid
 .text.SEGGER_SYSVIEW_RecordU32
                0x00002264       0x78 .\ARM_GCC_541\Debug\SEGGER_SYSVIEW.o
                0x00002264                SEGGER_SYSVIEW_RecordU32
 .text.SEGGER_SYSVIEW_RecordU32x2
                0x000022dc       0xb4 .\ARM_GCC_541\Debug\SEGGER_SYSVIEW.o
                0x000022dc                SEGGER_SYSVIEW_RecordU32x2
 .text.SEGGER_SYSVIEW_RecordU32x3
                0x00002390       0xec .\ARM_GCC_541\Debug\SEGGER_SYSVIEW.o
                0x00002390                SEGGER_SYSVIEW_RecordU32x3
 .text.SEGGER_SYSVIEW_RecordU32x4
                0x0000247c      0x124 .\ARM_GCC_541\Debug\SEGGER_SYSVIEW.o
                0x0000247c                SEGGER_SYSVIEW_RecordU32x4
 .text.SEGGER_SYSVIEW_RecordU32x5
                0x000025a0      0x15c .\ARM_GCC_541\Debug\SEGGER_SYSVIEW.o
                0x000025a0                SEGGER_SYSVIEW_RecordU32x5
 .text.SEGGER_SYSVIEW_Start
                0x000026fc      0x174 .\ARM_GCC_541\Debug\SEGGER_SYSVIEW.o
                0x000026fc                SEGGER_SYSVIEW_Start
 .text.SEGGER_SYSVIEW_Stop
                0x00002870       0x4c .\ARM_GCC_541\Debug\SEGGER_SYSVIEW.o
                0x00002870                SEGGER_SYSVIEW_Stop
 .text.SEGGER_SYSVIEW_GetSysDesc
                0x000028bc      0x134 .\ARM_GCC_541\Debug\SEGGER_SYSVIEW.o
                0x000028bc                SEGGER_SYSVIEW_GetSysDesc
 .text.SEGGER_SYSVIEW_SendTaskInfo
                0x000029f0      0x1c8 .\ARM_GCC_541\Debug\SEGGER_SYSVIEW.o
                0x000029f0                SEGGER_SYSVIEW_SendTaskInfo
 .text.SEGGER_SYSVIEW_SendTaskList
                0x00002bb8       0x28 .\ARM_GCC_541\Debug\SEGGER_SYSVIEW.o
                0x00002bb8                SEGGER_SYSVIEW_SendTaskList
 .text.SEGGER_SYSVIEW_SendSysDesc
                0x00002be0       0x48 .\ARM_GCC_541\Debug\SEGGER_SYSVIEW.o
                0x00002be0                SEGGER_SYSVIEW_SendSysDesc
 .text.SEGGER_SYSVIEW_RecordSystime
                0x00002c28       0x58 .\ARM_GCC_541\Debug\SEGGER_SYSVIEW.o
                0x00002c28                SEGGER_SYSVIEW_RecordSystime
 .text.SEGGER_SYSVIEW_RecordEnterISR
                0x00002c80       0x84 .\ARM_GCC_541\Debug\SEGGER_SYSVIEW.o
                0x00002c80                SEGGER_SYSVIEW_RecordEnterISR
 .text.SEGGER_SYSVIEW_RecordExitISR
                0x00002d04       0x38 .\ARM_GCC_541\Debug\SEGGER_SYSVIEW.o
                0x00002d04                SEGGER_SYSVIEW_RecordExitISR
 .text.SEGGER_SYSVIEW_RecordExitISRToScheduler
                0x00002d3c       0x38 .\ARM_GCC_541\Debug\SEGGER_SYSVIEW.o
                0x00002d3c                SEGGER_SYSVIEW_RecordExitISRToScheduler
 .text.SEGGER_SYSVIEW_RecordEnterTimer
                0x00002d74       0x80 .\ARM_GCC_541\Debug\SEGGER_SYSVIEW.o
                0x00002d74                SEGGER_SYSVIEW_RecordEnterTimer
 .text.SEGGER_SYSVIEW_RecordExitTimer
                0x00002df4       0x38 .\ARM_GCC_541\Debug\SEGGER_SYSVIEW.o
                0x00002df4                SEGGER_SYSVIEW_RecordExitTimer
 .text.SEGGER_SYSVIEW_RecordEndCall
                0x00002e2c       0x78 .\ARM_GCC_541\Debug\SEGGER_SYSVIEW.o
                0x00002e2c                SEGGER_SYSVIEW_RecordEndCall
 .text.SEGGER_SYSVIEW_RecordEndCallU32
                0x00002ea4       0xb0 .\ARM_GCC_541\Debug\SEGGER_SYSVIEW.o
                0x00002ea4                SEGGER_SYSVIEW_RecordEndCallU32
 .text.SEGGER_SYSVIEW_OnIdle
                0x00002f54       0x38 .\ARM_GCC_541\Debug\SEGGER_SYSVIEW.o
                0x00002f54                SEGGER_SYSVIEW_OnIdle
 .text.SEGGER_SYSVIEW_OnTaskCreate
                0x00002f8c       0x84 .\ARM_GCC_541\Debug\SEGGER_SYSVIEW.o
                0x00002f8c                SEGGER_SYSVIEW_OnTaskCreate
 .text.SEGGER_SYSVIEW_OnTaskTerminate
                0x00003010       0x84 .\ARM_GCC_541\Debug\SEGGER_SYSVIEW.o
                0x00003010                SEGGER_SYSVIEW_OnTaskTerminate
 .text.SEGGER_SYSVIEW_OnTaskStartExec
                0x00003094       0x84 .\ARM_GCC_541\Debug\SEGGER_SYSVIEW.o
                0x00003094                SEGGER_SYSVIEW_OnTaskStartExec
 .text.SEGGER_SYSVIEW_OnTaskStopExec
                0x00003118       0x38 .\ARM_GCC_541\Debug\SEGGER_SYSVIEW.o
                0x00003118                SEGGER_SYSVIEW_OnTaskStopExec
 .text.SEGGER_SYSVIEW_OnTaskStartReady
                0x00003150       0x84 .\ARM_GCC_541\Debug\SEGGER_SYSVIEW.o
                0x00003150                SEGGER_SYSVIEW_OnTaskStartReady
 .text.SEGGER_SYSVIEW_OnTaskStopReady
                0x000031d4       0xc0 .\ARM_GCC_541\Debug\SEGGER_SYSVIEW.o
                0x000031d4                SEGGER_SYSVIEW_OnTaskStopReady
 .text.SEGGER_SYSVIEW_NameResource
                0x00003294       0x90 .\ARM_GCC_541\Debug\SEGGER_SYSVIEW.o
                0x00003294                SEGGER_SYSVIEW_NameResource
 .text.SEGGER_SYSVIEW_ShrinkId
                0x00003324       0x20 .\ARM_GCC_541\Debug\SEGGER_SYSVIEW.o
                0x00003324                SEGGER_SYSVIEW_ShrinkId
 .text.SEGGER_SYSVIEW_SendModule
                0x00003344      0x100 .\ARM_GCC_541\Debug\SEGGER_SYSVIEW.o
                0x00003344                SEGGER_SYSVIEW_SendModule
 .text.SEGGER_SYSVIEW_SendModuleDescription
                0x00003444       0x3c .\ARM_GCC_541\Debug\SEGGER_SYSVIEW.o
                0x00003444                SEGGER_SYSVIEW_SendModuleDescription
 .text.SEGGER_SYSVIEW_SendNumModules
                0x00003480       0x7c .\ARM_GCC_541\Debug\SEGGER_SYSVIEW.o
                0x00003480                SEGGER_SYSVIEW_SendNumModules
 .text._cbSendSystemDesc
                0x000034fc       0x1c .\ARM_GCC_541\Debug\SEGGER_SYSVIEW_Config_embOS.o
 .text.SEGGER_SYSVIEW_Conf
                0x00003518       0x54 .\ARM_GCC_541\Debug\SEGGER_SYSVIEW_Config_embOS.o
                0x00003518                SEGGER_SYSVIEW_Conf
 .text._cbSendTaskInfo
                0x0000356c       0x54 .\ARM_GCC_541\Debug\SEGGER_SYSVIEW_embOS.o
 .text._cbSendTaskList
                0x000035c0       0x5c .\ARM_GCC_541\Debug\SEGGER_SYSVIEW_embOS.o
 .text          0x0000361c       0x8c .\ARM_GCC_541\Debug\SEGGER_RTT_ASM_ARMv7M.o
                0x0000361c                SEGGER_RTT_ASM_WriteSkipNoLock
 .text.RGB      0x000036a8       0x78 .\ARM_GCC_541\Debug\IO.o
                0x000036a8                RGB
 .text.RGB_RED  0x00003720       0x28 .\ARM_GCC_541\Debug\IO.o
                0x00003720                RGB_RED
 .text.CYMEMZERO
                0x00003748       0x1c .\ARM_GCC_541\Debug\cyfitter_cfg.o
 .text.CYCONFIGCPY
                0x00003764       0x20 .\ARM_GCC_541\Debug\cyfitter_cfg.o
 .text.CyClockStartupError
                0x00003784        0xc .\ARM_GCC_541\Debug\cyfitter_cfg.o
 .text.cfg_write_bytes32
                0x00003790       0x74 .\ARM_GCC_541\Debug\cyfitter_cfg.o
 .text.ClockSetup
                0x00003804      0x114 .\ARM_GCC_541\Debug\cyfitter_cfg.o
 .text.AnalogSetDefault
                0x00003918       0x44 .\ARM_GCC_541\Debug\cyfitter_cfg.o
 .text.cyfitter_cfg
                0x0000395c      0x1ac .\ARM_GCC_541\Debug\cyfitter_cfg.o
                0x0000395c                cyfitter_cfg
 .text.IntDefaultHandler
                0x00003b08       0x14 .\ARM_GCC_541\Debug\Cm3Start.o
                0x00003b08                IntDefaultHandler
 .text.Start_c  0x00003b1c       0x98 .\ARM_GCC_541\Debug\Cm3Start.o
                0x00003b1c                Start_c
 .text.initialize_psoc
                0x00003bb4       0x90 .\ARM_GCC_541\Debug\Cm3Start.o
                0x00003bb4                initialize_psoc
 .text.UART_Debug_Start
                0x00003c44       0x24 .\ARM_GCC_541\Debug\Start_CY8C5868.a(UART_Debug.o)
                0x00003c44                UART_Debug_Start
 .text.UART_Debug_Init
                0x00003c68       0x6c .\ARM_GCC_541\Debug\Start_CY8C5868.a(UART_Debug.o)
                0x00003c68                UART_Debug_Init
 .text.UART_Debug_Enable
                0x00003cd4       0x78 .\ARM_GCC_541\Debug\Start_CY8C5868.a(UART_Debug.o)
                0x00003cd4                UART_Debug_Enable
 .text.UART_Debug_PutChar
                0x00003d4c       0xb8 .\ARM_GCC_541\Debug\Start_CY8C5868.a(UART_Debug.o)
                0x00003d4c                UART_Debug_PutChar
 .text.UART_Debug_PutString
                0x00003e04       0x44 .\ARM_GCC_541\Debug\Start_CY8C5868.a(UART_Debug.o)
                0x00003e04                UART_Debug_PutString
 .text.UART_Debug_RXISR
                0x00003e48       0xd8 .\ARM_GCC_541\Debug\Start_CY8C5868.a(UART_Debug_INT.o)
                0x00003e48                UART_Debug_RXISR
 .text.UART_Debug_TXISR
                0x00003f20       0x70 .\ARM_GCC_541\Debug\Start_CY8C5868.a(UART_Debug_INT.o)
                0x00003f20                UART_Debug_TXISR
 .text.UART_Linux_Start
                0x00003f90       0x24 .\ARM_GCC_541\Debug\Start_CY8C5868.a(UART_Linux.o)
                0x00003f90                UART_Linux_Start
 .text.UART_Linux_Init
                0x00003fb4       0x6c .\ARM_GCC_541\Debug\Start_CY8C5868.a(UART_Linux.o)
                0x00003fb4                UART_Linux_Init
 .text.UART_Linux_Enable
                0x00004020       0x78 .\ARM_GCC_541\Debug\Start_CY8C5868.a(UART_Linux.o)
                0x00004020                UART_Linux_Enable
 .text.UART_Linux_GetChar
                0x00004098       0xb4 .\ARM_GCC_541\Debug\Start_CY8C5868.a(UART_Linux.o)
                0x00004098                UART_Linux_GetChar
 .text.UART_Linux_PutChar
                0x0000414c       0xbc .\ARM_GCC_541\Debug\Start_CY8C5868.a(UART_Linux.o)
                0x0000414c                UART_Linux_PutChar
 .text.UART_Linux_PutString
                0x00004208       0x44 .\ARM_GCC_541\Debug\Start_CY8C5868.a(UART_Linux.o)
                0x00004208                UART_Linux_PutString
 .text.UART_Linux_RXISR
                0x0000424c       0xd8 .\ARM_GCC_541\Debug\Start_CY8C5868.a(UART_Linux_INT.o)
                0x0000424c                UART_Linux_RXISR
 .text.UART_Linux_TXISR
                0x00004324       0x70 .\ARM_GCC_541\Debug\Start_CY8C5868.a(UART_Linux_INT.o)
                0x00004324                UART_Linux_TXISR
 .text.Pins_Port1_ClearInterrupt
                0x00004394       0x20 .\ARM_GCC_541\Debug\Start_CY8C5868.a(Pins_Port1.o)
                0x00004394                Pins_Port1_ClearInterrupt
 .text.Pins_Port2_ClearInterrupt
                0x000043b4       0x20 .\ARM_GCC_541\Debug\Start_CY8C5868.a(Pins_Port2.o)
                0x000043b4                Pins_Port2_ClearInterrupt
 .text.Relay_Port1_Write
                0x000043d4       0x3c .\ARM_GCC_541\Debug\Start_CY8C5868.a(Relay_Port1.o)
                0x000043d4                Relay_Port1_Write
 .text.Relay_Port2_Write
                0x00004410       0x3c .\ARM_GCC_541\Debug\Start_CY8C5868.a(Relay_Port2.o)
                0x00004410                Relay_Port2_Write
 .text.intr_Port2_StartEx
                0x0000444c       0x24 .\ARM_GCC_541\Debug\Start_CY8C5868.a(intr_Port2.o)
                0x0000444c                intr_Port2_StartEx
 .text.intr_Port2_SetVector
                0x00004470       0x24 .\ARM_GCC_541\Debug\Start_CY8C5868.a(intr_Port2.o)
                0x00004470                intr_Port2_SetVector
 .text.intr_Port2_SetPriority
                0x00004494       0x24 .\ARM_GCC_541\Debug\Start_CY8C5868.a(intr_Port2.o)
                0x00004494                intr_Port2_SetPriority
 .text.intr_Port2_Enable
                0x000044b8       0x18 .\ARM_GCC_541\Debug\Start_CY8C5868.a(intr_Port2.o)
                0x000044b8                intr_Port2_Enable
 .text.intr_Port2_Disable
                0x000044d0       0x18 .\ARM_GCC_541\Debug\Start_CY8C5868.a(intr_Port2.o)
                0x000044d0                intr_Port2_Disable
 .text.LED_RGB_Write
                0x000044e8       0x3c .\ARM_GCC_541\Debug\Start_CY8C5868.a(LED_RGB.o)
                0x000044e8                LED_RGB_Write
 .text.UART_Debug_IntClock_Start
                0x00004524       0x34 .\ARM_GCC_541\Debug\Start_CY8C5868.a(UART_Debug_IntClock.o)
                0x00004524                UART_Debug_IntClock_Start
 .text.UART_Linux_IntClock_Start
                0x00004558       0x34 .\ARM_GCC_541\Debug\Start_CY8C5868.a(UART_Linux_IntClock.o)
                0x00004558                UART_Linux_IntClock_Start
 .text.CyHalt   0x0000458c       0x18 .\ARM_GCC_541\Debug\Start_CY8C5868.a(CyLib.o)
                0x0000458c                CyHalt
 .text.CySoftwareReset
                0x000045a4       0x20 .\ARM_GCC_541\Debug\Start_CY8C5868.a(CyLib.o)
                0x000045a4                CySoftwareReset
 .text.CyWdtStart
                0x000045c4       0x8c .\ARM_GCC_541\Debug\Start_CY8C5868.a(CyLib.o)
                0x000045c4                CyWdtStart
 .text.CyWdtClear
                0x00004650       0x18 .\ARM_GCC_541\Debug\Start_CY8C5868.a(CyLib.o)
                0x00004650                CyWdtClear
 .text.CyIntSetSysVector
                0x00004668       0x4c .\ARM_GCC_541\Debug\Start_CY8C5868.a(CyLib.o)
                0x00004668                CyIntSetSysVector
 .text.CyIntSetVector
                0x000046b4       0x50 .\ARM_GCC_541\Debug\Start_CY8C5868.a(CyLib.o)
                0x000046b4                CyIntSetVector
 .text.CyIntSetPriority
                0x00004704       0x48 .\ARM_GCC_541\Debug\Start_CY8C5868.a(CyLib.o)
                0x00004704                CyIntSetPriority
 .text.intr_UART_Linux_Rx_StartEx
                0x0000474c       0x24 .\ARM_GCC_541\Debug\Start_CY8C5868.a(intr_UART_Linux_Rx.o)
                0x0000474c                intr_UART_Linux_Rx_StartEx
 .text.intr_UART_Linux_Rx_SetVector
                0x00004770       0x24 .\ARM_GCC_541\Debug\Start_CY8C5868.a(intr_UART_Linux_Rx.o)
                0x00004770                intr_UART_Linux_Rx_SetVector
 .text.intr_UART_Linux_Rx_SetPriority
                0x00004794       0x24 .\ARM_GCC_541\Debug\Start_CY8C5868.a(intr_UART_Linux_Rx.o)
                0x00004794                intr_UART_Linux_Rx_SetPriority
 .text.intr_UART_Linux_Rx_Enable
                0x000047b8       0x18 .\ARM_GCC_541\Debug\Start_CY8C5868.a(intr_UART_Linux_Rx.o)
                0x000047b8                intr_UART_Linux_Rx_Enable
 .text.intr_UART_Linux_Rx_Disable
                0x000047d0       0x18 .\ARM_GCC_541\Debug\Start_CY8C5868.a(intr_UART_Linux_Rx.o)
                0x000047d0                intr_UART_Linux_Rx_Disable
 .text.intr_Port1_StartEx
                0x000047e8       0x24 .\ARM_GCC_541\Debug\Start_CY8C5868.a(intr_Port1.o)
                0x000047e8                intr_Port1_StartEx
 .text.intr_Port1_SetVector
                0x0000480c       0x24 .\ARM_GCC_541\Debug\Start_CY8C5868.a(intr_Port1.o)
                0x0000480c                intr_Port1_SetVector
 .text.intr_Port1_SetPriority
                0x00004830       0x24 .\ARM_GCC_541\Debug\Start_CY8C5868.a(intr_Port1.o)
                0x00004830                intr_Port1_SetPriority
 .text.intr_Port1_Enable
                0x00004854       0x18 .\ARM_GCC_541\Debug\Start_CY8C5868.a(intr_Port1.o)
                0x00004854                intr_Port1_Enable
 .text.intr_Port1_Disable
                0x0000486c       0x18 .\ARM_GCC_541\Debug\Start_CY8C5868.a(intr_Port1.o)
                0x0000486c                intr_Port1_Disable
 *fill*         0x00004884        0x4 
 .text          0x00004888       0x20 .\ARM_GCC_541\Debug\Start_CY8C5868.a(CyBootAsmGnu.o)
                0x00004888                CyDelayCycles
                0x00004898                CyEnterCriticalSection
                0x000048a0                CyExitCriticalSection
 .text.atoi     0x000048a8        0x8 c:/program files (x86)/cypress/psoc creator/4.4/psoc creator/import/gnu/arm/5.4.1/bin/../lib/gcc/arm-none-eabi/5.4.1/../../../../arm-none-eabi/lib/armv7-m\libc_nano.a(lib_a-atoi.o)
                0x000048a8                atoi
 .text.__errno  0x000048b0        0xc c:/program files (x86)/cypress/psoc creator/4.4/psoc creator/import/gnu/arm/5.4.1/bin/../lib/gcc/arm-none-eabi/5.4.1/../../../../arm-none-eabi/lib/armv7-m\libc_nano.a(lib_a-errno.o)
                0x000048b0                __errno
 .text.__libc_init_array
                0x000048bc       0x4c c:/program files (x86)/cypress/psoc creator/4.4/psoc creator/import/gnu/arm/5.4.1/bin/../lib/gcc/arm-none-eabi/5.4.1/../../../../arm-none-eabi/lib/armv7-m\libc_nano.a(lib_a-init.o)
                0x000048bc                __libc_init_array
 .text.memcmp   0x00004908       0x1e c:/program files (x86)/cypress/psoc creator/4.4/psoc creator/import/gnu/arm/5.4.1/bin/../lib/gcc/arm-none-eabi/5.4.1/../../../../arm-none-eabi/lib/armv7-m\libc_nano.a(lib_a-memcmp.o)
                0x00004908                memcmp
 .text.memcpy   0x00004926       0x16 c:/program files (x86)/cypress/psoc creator/4.4/psoc creator/import/gnu/arm/5.4.1/bin/../lib/gcc/arm-none-eabi/5.4.1/../../../../arm-none-eabi/lib/armv7-m\libc_nano.a(lib_a-memcpy-stub.o)
                0x00004926                memcpy
 .text.memmove  0x0000493c       0x36 c:/program files (x86)/cypress/psoc creator/4.4/psoc creator/import/gnu/arm/5.4.1/bin/../lib/gcc/arm-none-eabi/5.4.1/../../../../arm-none-eabi/lib/armv7-m\libc_nano.a(lib_a-memmove.o)
                0x0000493c                memmove
 .text.memset   0x00004972       0x10 c:/program files (x86)/cypress/psoc creator/4.4/psoc creator/import/gnu/arm/5.4.1/bin/../lib/gcc/arm-none-eabi/5.4.1/../../../../arm-none-eabi/lib/armv7-m\libc_nano.a(lib_a-memset.o)
                0x00004972                memset
 *fill*         0x00004982        0x2 
 .text.sprintf  0x00004984       0x48 c:/program files (x86)/cypress/psoc creator/4.4/psoc creator/import/gnu/arm/5.4.1/bin/../lib/gcc/arm-none-eabi/5.4.1/../../../../arm-none-eabi/lib/armv7-m\libc_nano.a(lib_a-sprintf.o)
                0x00004984                siprintf
                0x00004984                sprintf
 .text.strcpy   0x000049cc       0x10 c:/program files (x86)/cypress/psoc creator/4.4/psoc creator/import/gnu/arm/5.4.1/bin/../lib/gcc/arm-none-eabi/5.4.1/../../../../arm-none-eabi/lib/armv7-m\libc_nano.a(lib_a-strcpy.o)
                0x000049cc                strcpy
 .text          0x000049dc       0x10 c:/program files (x86)/cypress/psoc creator/4.4/psoc creator/import/gnu/arm/5.4.1/bin/../lib/gcc/arm-none-eabi/5.4.1/../../../../arm-none-eabi/lib/armv7-m\libc_nano.a(lib_a-strlen.o)
                0x000049dc                strlen
 .text.strstr   0x000049ec       0x34 c:/program files (x86)/cypress/psoc creator/4.4/psoc creator/import/gnu/arm/5.4.1/bin/../lib/gcc/arm-none-eabi/5.4.1/../../../../arm-none-eabi/lib/armv7-m\libc_nano.a(lib_a-strstr.o)
                0x000049ec                strstr
 .text._strtol_r
                0x00004a20      0x10c c:/program files (x86)/cypress/psoc creator/4.4/psoc creator/import/gnu/arm/5.4.1/bin/../lib/gcc/arm-none-eabi/5.4.1/../../../../arm-none-eabi/lib/armv7-m\libc_nano.a(lib_a-strtol.o)
                0x00004a20                _strtol_r
 .text.strtol   0x00004b2c       0x14 c:/program files (x86)/cypress/psoc creator/4.4/psoc creator/import/gnu/arm/5.4.1/bin/../lib/gcc/arm-none-eabi/5.4.1/../../../../arm-none-eabi/lib/armv7-m\libc_nano.a(lib_a-strtol.o)
                0x00004b2c                strtol
 .text._free_r  0x00004b40       0x98 c:/program files (x86)/cypress/psoc creator/4.4/psoc creator/import/gnu/arm/5.4.1/bin/../lib/gcc/arm-none-eabi/5.4.1/../../../../arm-none-eabi/lib/armv7-m\libc_nano.a(lib_a-nano-freer.o)
                0x00004b40                _free_r
 .text._malloc_r
                0x00004bd8       0xbc c:/program files (x86)/cypress/psoc creator/4.4/psoc creator/import/gnu/arm/5.4.1/bin/../lib/gcc/arm-none-eabi/5.4.1/../../../../arm-none-eabi/lib/armv7-m\libc_nano.a(lib_a-nano-mallocr.o)
                0x00004bd8                _malloc_r
 .text.__ssputs_r
                0x00004c94       0xb2 c:/program files (x86)/cypress/psoc creator/4.4/psoc creator/import/gnu/arm/5.4.1/bin/../lib/gcc/arm-none-eabi/5.4.1/../../../../arm-none-eabi/lib/armv7-m\libc_nano.a(lib_a-nano-svfprintf.o)
                0x00004c94                __ssputs_r
 *fill*         0x00004d46        0x2 
 .text._svfprintf_r
                0x00004d48      0x1e8 c:/program files (x86)/cypress/psoc creator/4.4/psoc creator/import/gnu/arm/5.4.1/bin/../lib/gcc/arm-none-eabi/5.4.1/../../../../arm-none-eabi/lib/armv7-m\libc_nano.a(lib_a-nano-svfprintf.o)
                0x00004d48                _svfiprintf_r
                0x00004d48                _svfprintf_r
 .text._printf_common
                0x00004f30       0xec c:/program files (x86)/cypress/psoc creator/4.4/psoc creator/import/gnu/arm/5.4.1/bin/../lib/gcc/arm-none-eabi/5.4.1/../../../../arm-none-eabi/lib/armv7-m\libc_nano.a(lib_a-nano-vfprintf_i.o)
                0x00004f30                _printf_common
 .text._printf_i
                0x0000501c      0x24c c:/program files (x86)/cypress/psoc creator/4.4/psoc creator/import/gnu/arm/5.4.1/bin/../lib/gcc/arm-none-eabi/5.4.1/../../../../arm-none-eabi/lib/armv7-m\libc_nano.a(lib_a-nano-vfprintf_i.o)
                0x0000501c                _printf_i
 .text._sbrk_r  0x00005268       0x20 c:/program files (x86)/cypress/psoc creator/4.4/psoc creator/import/gnu/arm/5.4.1/bin/../lib/gcc/arm-none-eabi/5.4.1/../../../../arm-none-eabi/lib/armv7-m\libc_nano.a(lib_a-sbrkr.o)
                0x00005268                _sbrk_r
 .text.memchr   0x00005288       0x1c c:/program files (x86)/cypress/psoc creator/4.4/psoc creator/import/gnu/arm/5.4.1/bin/../lib/gcc/arm-none-eabi/5.4.1/../../../../arm-none-eabi/lib/armv7-m\libc_nano.a(lib_a-memchr-stub.o)
                0x00005288                memchr
 .text._realloc_r
                0x000052a4       0x4c c:/program files (x86)/cypress/psoc creator/4.4/psoc creator/import/gnu/arm/5.4.1/bin/../lib/gcc/arm-none-eabi/5.4.1/../../../../arm-none-eabi/lib/armv7-m\libc_nano.a(lib_a-nano-reallocr.o)
                0x000052a4                _realloc_r
 .text._malloc_usable_size_r
                0x000052f0       0x14 c:/program files (x86)/cypress/psoc creator/4.4/psoc creator/import/gnu/arm/5.4.1/bin/../lib/gcc/arm-none-eabi/5.4.1/../../../../arm-none-eabi/lib/armv7-m\libc_nano.a(lib_a-nano-msizer.o)
                0x000052f0                _malloc_usable_size_r
 .text          0x00005304      0x140 ..\..\..\..\Lib\libosT7LDP.a(RTOS.o)
                0x00005304                PendSV_Handler
                0x0000536c                OS_StartTask
                0x00005380                OS_StartASM
                0x000053c8                OS_StopASM
                0x000053de                OS_Switch
                0x000053fc                OS_SwitchAfterISR_CortexM
                0x00005400                OS_Switch_End
                0x00005402                OS_SwitchFromInt
 .text.OS_InterruptSafetyLock
                0x00005444       0x28 ..\..\..\..\Lib\libosT7LDP.a(OS_ThreadSafeInt.o)
                0x00005444                OS_InterruptSafetyLock
 .text.OS_InterruptSafetyUnlock
                0x0000546c       0x20 ..\..\..\..\Lib\libosT7LDP.a(OS_ThreadSafeInt.o)
                0x0000546c                OS_InterruptSafetyUnlock
 .text.OS_GetCPUState
                0x0000548c       0x2c ..\..\..\..\Lib\libosT7LDP.a(OS_ARMv7M_GetCPUState.o)
                0x0000548c                OS_GetCPUState
 .text.OS_TRACE_SetAPI
                0x000054b8       0x2c ..\..\..\..\Lib\libosT7LDP.a(OS_Trace.o)
                0x000054b8                OS_TRACE_SetAPI
 .text.OS_TIME_ConfigSysTimer
                0x000054e4       0xbc ..\..\..\..\Lib\libosT7LDP.a(OS_Timing.o)
                0x000054e4                OS_TIME_ConfigSysTimer
 .text.OS__TIME_GetCycles
                0x000055a0       0x8c ..\..\..\..\Lib\libosT7LDP.a(OS_Timing.o)
                0x000055a0                OS__TIME_GetCycles
 .text.OS__TIME_ConvertCycles2us
                0x0000562c       0x34 ..\..\..\..\Lib\libosT7LDP.a(OS_Timing.o)
                0x0000562c                OS__TIME_ConvertCycles2us
 .text.OS_TIME_Get_us64
                0x00005660       0x44 ..\..\..\..\Lib\libosT7LDP.a(OS_Timing.o)
                0x00005660                OS_TIME_Get_us64
 .text.OS_TIME_GetTicks
                0x000056a4       0x20 ..\..\..\..\Lib\libosT7LDP.a(OS_Timing.o)
                0x000056a4                OS_TIME_GetTicks
 .text.OS_TIME_GetTicks32
                0x000056c4       0x20 ..\..\..\..\Lib\libosT7LDP.a(OS_Timing.o)
                0x000056c4                OS_TIME_GetTicks32
 .text._DelayUntil
                0x000056e4       0x44 ..\..\..\..\Lib\libosT7LDP.a(OS_Task.o)
 .text.OS_TASK_Create_DP
                0x00005728      0x168 ..\..\..\..\Lib\libosT7LDP.a(OS_Task.o)
                0x00005728                OS_TASK_Create_DP
 .text.OS_TASK_Delay
                0x00005890       0x54 ..\..\..\..\Lib\libosT7LDP.a(OS_Task.o)
                0x00005890                OS_TASK_Delay
 .text.OS_TASK_GetName
                0x000058e4       0x60 ..\..\..\..\Lib\libosT7LDP.a(OS_Task.o)
                0x000058e4                OS_TASK_GetName
 .text.OS_TASK_GetTimeSliceRem
                0x00005944       0x8c ..\..\..\..\Lib\libosT7LDP.a(OS_Task.o)
                0x00005944                OS_TASK_GetTimeSliceRem
 .text.OS_TASK_LeaveRegion
                0x000059d0       0x68 ..\..\..\..\Lib\libosT7LDP.a(OS_Task.o)
                0x000059d0                OS_TASK_LeaveRegion
 .text.OS_TICK_Handle
                0x00005a38       0xc4 ..\..\..\..\Lib\libosT7LDP.a(OS_SysTick.o)
                0x00005a38                OS_TICK_Handle
 .text.OS_CheckTimer
                0x00005afc       0x60 ..\..\..\..\Lib\libosT7LDP.a(OS_SoftwareTimer.o)
                0x00005afc                OS_CheckTimer
 .text._InsertTimerInList
                0x00005b5c       0x88 ..\..\..\..\Lib\libosT7LDP.a(OS_SoftwareTimer.o)
 .text.OS_TIMER_Create
                0x00005be4       0xac ..\..\..\..\Lib\libosT7LDP.a(OS_SoftwareTimer.o)
                0x00005be4                OS_TIMER_Create
 .text.OS_TIMER_GetStatus
                0x00005c90       0x4c ..\..\..\..\Lib\libosT7LDP.a(OS_SoftwareTimer.o)
                0x00005c90                OS_TIMER_GetStatus
 .text.OS_TIMER_Restart
                0x00005cdc       0x9c ..\..\..\..\Lib\libosT7LDP.a(OS_SoftwareTimer.o)
                0x00005cdc                OS_TIMER_Restart
 .text.OS_TIMER_Stop
                0x00005d78       0x9c ..\..\..\..\Lib\libosT7LDP.a(OS_SoftwareTimer.o)
                0x00005d78                OS_TIMER_Stop
 .text._GetOffset
                0x00005e14       0x68 ..\..\..\..\Lib\libosT7LDP.a(OS_Queue.o)
 .text._CopyMessage
                0x00005e7c       0x68 ..\..\..\..\Lib\libosT7LDP.a(OS_Queue.o)
 .text.OS_QUEUE_Create
                0x00005ee4       0xc0 ..\..\..\..\Lib\libosT7LDP.a(OS_Queue.o)
                0x00005ee4                OS_QUEUE_Create
 .text.OS_QUEUE_GetPtr
                0x00005fa4       0xa0 ..\..\..\..\Lib\libosT7LDP.a(OS_Queue.o)
                0x00005fa4                OS_QUEUE_GetPtr
 .text.OS_QUEUE_Purge
                0x00006044       0xc8 ..\..\..\..\Lib\libosT7LDP.a(OS_Queue.o)
                0x00006044                OS_QUEUE_Purge
 .text.OS_QUEUE_Put
                0x0000610c       0xb8 ..\..\..\..\Lib\libosT7LDP.a(OS_Queue.o)
                0x0000610c                OS_QUEUE_Put
 .text.OS_AssertCPUInISRMode
                0x000061c4       0x2c ..\..\..\..\Lib\libosT7LDP.a(OS_Kern.o)
                0x000061c4                OS_AssertCPUInISRMode
 .text.OS_Deactivated
                0x000061f0       0x44 ..\..\..\..\Lib\libosT7LDP.a(OS_Kern.o)
                0x000061f0                OS_Deactivated
 .text.OS_EnableProfiling
                0x00006234       0x6c ..\..\..\..\Lib\libosT7LDP.a(OS_Kern.o)
                0x00006234                OS_EnableProfiling
 .text.OS_EnterRegionFunc
                0x000062a0       0x10 ..\..\..\..\Lib\libosT7LDP.a(OS_Kern.o)
                0x000062a0                OS_EnterRegionFunc
 .text.OS_RemoveTaskFromWaitList
                0x000062b0       0x12 ..\..\..\..\Lib\libosT7LDP.a(OS_Kern.o)
                0x000062b0                OS_RemoveTaskFromWaitList
 *fill*         0x000062c2        0x2 
 .text.OS_MakeTaskReady
                0x000062c4       0x98 ..\..\..\..\Lib\libosT7LDP.a(OS_Kern.o)
                0x000062c4                OS_MakeTaskReady
 .text.OS_ClearWaitObj
                0x0000635c       0x40 ..\..\..\..\Lib\libosT7LDP.a(OS_Kern.o)
                0x0000635c                OS_ClearWaitObj
 .text.OS_InsertTask
                0x0000639c       0x88 ..\..\..\..\Lib\libosT7LDP.a(OS_Kern.o)
                0x0000639c                OS_InsertTask
 .text.OS_SaveMainStack
                0x00006424       0x38 ..\..\..\..\Lib\libosT7LDP.a(OS_Kern.o)
                0x00006424                OS_SaveMainStack
 .text.OS_TaskInit
                0x0000645c       0x1c ..\..\..\..\Lib\libosT7LDP.a(OS_Kern.o)
                0x0000645c                OS_TaskInit
 .text.OS_TerminateError
                0x00006478        0x6 ..\..\..\..\Lib\libosT7LDP.a(OS_Kern.o)
                0x00006478                OS_TerminateError
 .text.OS_UnlinkTask
                0x0000647e        0xc ..\..\..\..\Lib\libosT7LDP.a(OS_Kern.o)
                0x0000647e                OS_UnlinkTask
 *fill*         0x0000648a        0x2 
 .text.OS_ChangeTask_STD
                0x0000648c      0x318 ..\..\..\..\Lib\libosT7LDP.a(OS_Kern.o)
                0x0000648c                OS_ChangeTask_STD
 .text.OS_Init_STD
                0x000067a4       0xb4 ..\..\..\..\Lib\libosT7LDP.a(OS_Kern.o)
                0x000067a4                OS_Init_STD
 .text.OS_IsRunning
                0x00006858       0x3c ..\..\..\..\Lib\libosT7LDP.a(OS_Kern.o)
                0x00006858                OS_IsRunning
 .text.OS__Start
                0x00006894       0x3c ..\..\..\..\Lib\libosT7LDP.a(OS_Kern.o)
                0x00006894                OS__Start
 .text.OS_STAT_GetExecTime
                0x000068d0       0xc8 ..\..\..\..\Lib\libosT7LDP.a(OS_Kern.o)
                0x000068d0                OS_STAT_GetExecTime
 .text.OS_INFO_GetCPU
                0x00006998       0x40 ..\..\..\..\Lib\libosT7LDP.a(OS_Info.o)
                0x00006998                OS_INFO_GetCPU
 .text.OS_INFO_GetLibName
                0x000069d8       0x40 ..\..\..\..\Lib\libosT7LDP.a(OS_Info.o)
                0x000069d8                OS_INFO_GetLibName
 .text.OS_INFO_GetVersion
                0x00006a18       0x40 ..\..\..\..\Lib\libosT7LDP.a(OS_Info.o)
                0x00006a18                OS_INFO_GetVersion
 .text.OS_STACK_GetTaskStackBase
                0x00006a58       0x8c ..\..\..\..\Lib\libosT7LDP.a(OS_Info.o)
                0x00006a58                OS_STACK_GetTaskStackBase
 .text.OS_STACK_GetTaskStackSize
                0x00006ae4       0x8c ..\..\..\..\Lib\libosT7LDP.a(OS_Info.o)
                0x00006ae4                OS_STACK_GetTaskStackSize
 .text._OnTx    0x00006b70      0x168 ..\..\..\..\Lib\libosT7LDP.a(OS_Com.o)
 .text._StartSend
                0x00006cd8       0x48 ..\..\..\..\Lib\libosT7LDP.a(OS_Com.o)
 .text.OS_COM_ClearTxActive
                0x00006d20       0x24 ..\..\..\..\Lib\libosT7LDP.a(OS_Com.o)
                0x00006d20                OS_COM_ClearTxActive
 .text.OS_COM_GetInU8
                0x00006d44       0x18 ..\..\..\..\Lib\libosT7LDP.a(OS_Com.o)
                0x00006d44                OS_COM_GetInU8
 .text.OS_COM_GetInU16
                0x00006d5c       0x14 ..\..\..\..\Lib\libosT7LDP.a(OS_Com.o)
                0x00006d5c                OS_COM_GetInU16
 .text.OS_COM_GetInU32
                0x00006d70       0x12 ..\..\..\..\Lib\libosT7LDP.a(OS_Com.o)
                0x00006d70                OS_COM_GetInU32
 .text.OS_COM_GetNextChar
                0x00006d82        0x4 ..\..\..\..\Lib\libosT7LDP.a(OS_Com.o)
                0x00006d82                OS_COM_GetNextChar
 *fill*         0x00006d86        0x2 
 .text.OS_COM_StoreInU8
                0x00006d88       0x1c ..\..\..\..\Lib\libosT7LDP.a(OS_Com.o)
                0x00006d88                OS_COM_StoreInU8
 .text.OS_COM_StoreOutU8
                0x00006da4       0x1c ..\..\..\..\Lib\libosT7LDP.a(OS_Com.o)
                0x00006da4                OS_COM_StoreOutU8
 .text._StoreOutString.constprop.1
                0x00006dc0       0x4c ..\..\..\..\Lib\libosT7LDP.a(OS_Com.o)
 .text.OS_COM_StoreOutU16
                0x00006e0c       0x14 ..\..\..\..\Lib\libosT7LDP.a(OS_Com.o)
                0x00006e0c                OS_COM_StoreOutU16
 .text.OS_COM_StoreOutU32
                0x00006e20       0x14 ..\..\..\..\Lib\libosT7LDP.a(OS_Com.o)
                0x00006e20                OS_COM_StoreOutU32
 .text._EvaPacket
                0x00006e34      0x1e0 ..\..\..\..\Lib\libosT7LDP.a(OS_Com.o)
 .text.OS_COM_OnRx
                0x00007014       0xbc ..\..\..\..\Lib\libosT7LDP.a(OS_Com.o)
                0x00007014                OS_COM_OnRx
 .text.OS_COM_OnTx
                0x000070d0       0x18 ..\..\..\..\Lib\libosT7LDP.a(OS_Com.o)
                0x000070d0                OS_COM_OnTx
 .text.OS_STACK_GetSysStackBase
                0x000070e8        0x8 ..\..\..\..\Lib\libosT7LDP.a(OS_StackInfo.o)
                0x000070e8                OS_STACK_GetSysStackBase
 .text.OS_STACK_GetSysStackSize
                0x000070f0       0x10 ..\..\..\..\Lib\libosT7LDP.a(OS_StackInfo.o)
                0x000070f0                OS_STACK_GetSysStackSize
 .text.OS_STACK_GetSP
                0x00007100        0x4 ..\..\..\..\Lib\libosT7LDP.a(OS_StackInfo.o)
                0x00007100                OS_STACK_GetSP
 .text.OS_ARMv7M_Init
                0x00007104       0x60 ..\..\..\..\Lib\libosT7LDP.a(OS_ARMv7M_Init.o)
                0x00007104                OS_ARMv7M_Init
 .text          0x00007164       0x30 c:/program files (x86)/cypress/psoc creator/4.4/psoc creator/import/gnu/arm/5.4.1/bin/../lib/gcc/arm-none-eabi/5.4.1/armv7-m\libgcc.a(_aeabi_uldivmod.o)
                0x00007164                __aeabi_uldivmod
 .text          0x00007194      0x2ec c:/program files (x86)/cypress/psoc creator/4.4/psoc creator/import/gnu/arm/5.4.1/bin/../lib/gcc/arm-none-eabi/5.4.1/armv7-m\libgcc.a(_udivmoddi4.o)
                0x00007194                __udivmoddi4
 .text          0x00007480        0x4 c:/program files (x86)/cypress/psoc creator/4.4/psoc creator/import/gnu/arm/5.4.1/bin/../lib/gcc/arm-none-eabi/5.4.1/armv7-m\libgcc.a(_dvmd_tls.o)
                0x00007480                __aeabi_idiv0
                0x00007480                __aeabi_ldiv0
 *(.plt)
 *(.gnu.warning)
 *(.glue_7t)
 .glue_7t       0x00007484        0x0 linker stubs
 *(.glue_7)
 .glue_7        0x00007484        0x0 linker stubs
 *(.vfp11_veneer)
 .vfp11_veneer  0x00007484        0x0 linker stubs
 *(.bootloader)
 *(.ARM.extab* .gnu.linkonce.armextab.*)
 *(.gcc_except_table)

.v4_bx          0x00007484        0x0
 .v4_bx         0x00007484        0x0 linker stubs

.iplt           0x00007484        0x0
 .iplt          0x00007484        0x0 c:/program files (x86)/cypress/psoc creator/4.4/psoc creator/import/gnu/arm/5.4.1/bin/../lib/gcc/arm-none-eabi/5.4.1/armv7-m/crtbegin.o

.eh_frame_hdr
 *(.eh_frame_hdr)

.eh_frame       0x00007484        0x4
 *(.eh_frame)
 .eh_frame      0x00007484        0x0 c:/program files (x86)/cypress/psoc creator/4.4/psoc creator/import/gnu/arm/5.4.1/bin/../lib/gcc/arm-none-eabi/5.4.1/armv7-m/crtbegin.o
 .eh_frame      0x00007484        0x4 c:/program files (x86)/cypress/psoc creator/4.4/psoc creator/import/gnu/arm/5.4.1/bin/../lib/gcc/arm-none-eabi/5.4.1/armv7-m/crtend.o
                [!provide]                PROVIDE (__exidx_start, .)

.ARM.exidx      0x00007488        0x8
 *(.ARM.exidx* .gnu.linkonce.armexidx.*)
 .ARM.exidx     0x00007488        0x8 c:/program files (x86)/cypress/psoc creator/4.4/psoc creator/import/gnu/arm/5.4.1/bin/../lib/gcc/arm-none-eabi/5.4.1/armv7-m\libgcc.a(_udivmoddi4.o)
                0x00007490                __exidx_end = .

.rodata         0x00007490      0x718
 *(.rodata .rodata.* .gnu.linkonce.r.*)
 .rodata        0x00007490      0x422 .\ARM_GCC_541\Debug\OS_StartLEDBlink.o
 *fill*         0x000078b2        0x2 
 .rodata        0x000078b4       0x18 .\ARM_GCC_541\Debug\RTOSInit_CY8C5868.o
                0x000078b4                OS_JLINKMEM_BufferSize
 .rodata        0x000078cc       0x1d .\ARM_GCC_541\Debug\SEGGER_RTT.o
 *fill*         0x000078e9        0x3 
 .rodata        0x000078ec       0x24 .\ARM_GCC_541\Debug\SEGGER_SYSVIEW.o
 .rodata        0x00007910       0x39 .\ARM_GCC_541\Debug\SEGGER_SYSVIEW_Config_embOS.o
 *fill*         0x00007949        0x3 
 .rodata        0x0000794c       0x64 .\ARM_GCC_541\Debug\SEGGER_SYSVIEW_embOS.o
                0x0000794c                embOS_TraceAPI_SYSVIEW
                0x000079a8                SYSVIEW_X_OS_TraceAPI
 .rodata        0x000079b0       0x36 .\ARM_GCC_541\Debug\cyfitter_cfg.o
 .rodata.str1.1
                0x000079e6        0x2 c:/program files (x86)/cypress/psoc creator/4.4/psoc creator/import/gnu/arm/5.4.1/bin/../lib/gcc/arm-none-eabi/5.4.1/../../../../arm-none-eabi/lib/armv7-m\libc_nano.a(lib_a-impure.o)
 .rodata._ctype_
                0x000079e8      0x101 c:/program files (x86)/cypress/psoc creator/4.4/psoc creator/import/gnu/arm/5.4.1/bin/../lib/gcc/arm-none-eabi/5.4.1/../../../../arm-none-eabi/lib/armv7-m\libc_nano.a(lib_a-ctype_.o)
                0x000079e8                _ctype_
 .rodata.str1.1
                0x00007ae9       0x11 c:/program files (x86)/cypress/psoc creator/4.4/psoc creator/import/gnu/arm/5.4.1/bin/../lib/gcc/arm-none-eabi/5.4.1/../../../../arm-none-eabi/lib/armv7-m\libc_nano.a(lib_a-nano-svfprintf.o)
 .rodata.str1.1
                0x00007afa       0x22 c:/program files (x86)/cypress/psoc creator/4.4/psoc creator/import/gnu/arm/5.4.1/bin/../lib/gcc/arm-none-eabi/5.4.1/../../../../arm-none-eabi/lib/armv7-m\libc_nano.a(lib_a-nano-vfprintf_i.o)
 .rodata.acIdleText.6021
                0x00007b1c        0xa ..\..\..\..\Lib\libosT7LDP.a(OS_Task.o)
 .rodata.OS_DebugInfo
                0x00007b26       0x18 ..\..\..\..\Lib\libosT7LDP.a(OS_Info.o)
                0x00007b26                OS_DebugInfo
 .rodata.acCPU.5977
                0x00007b3e       0x10 ..\..\..\..\Lib\libosT7LDP.a(OS_Info.o)
 .rodata.acLibName.5987
                0x00007b4e        0x6 ..\..\..\..\Lib\libosT7LDP.a(OS_Info.o)
 .rodata.OS_Version
                0x00007b54        0x4 ..\..\..\..\Lib\libosT7LDP.a(OS_Global.o)
                0x00007b54                OS_Version
 .rodata.OS_sCopyright
                0x00007b58        0x4 ..\..\..\..\Lib\libosT7LDP.a(OS_Global.o)
                0x00007b58                OS_sCopyright
 .rodata.str1.1
                0x00007b5c       0x15 ..\..\..\..\Lib\libosT7LDP.a(OS_Global.o)
                0x00007b74                . = ALIGN (0x4)
 *fill*         0x00007b71        0x3 
 *(.init)
 .init          0x00007b74        0x4 c:/program files (x86)/cypress/psoc creator/4.4/psoc creator/import/gnu/arm/5.4.1/bin/../lib/gcc/arm-none-eabi/5.4.1/armv7-m/crti.o
                0x00007b74                _init
 .init          0x00007b78        0x8 c:/program files (x86)/cypress/psoc creator/4.4/psoc creator/import/gnu/arm/5.4.1/bin/../lib/gcc/arm-none-eabi/5.4.1/armv7-m/crtn.o
                0x00007b80                . = ALIGN (0x4)
                0x00007b80                __preinit_array_start = .
 *(.preinit_array)
                0x00007b80                __preinit_array_end = .
                0x00007b80                . = ALIGN (0x4)
                0x00007b80                __init_array_start = .
 *(SORT(.init_array.*))
 *(.init_array)
 .init_array    0x00007b80        0x4 c:/program files (x86)/cypress/psoc creator/4.4/psoc creator/import/gnu/arm/5.4.1/bin/../lib/gcc/arm-none-eabi/5.4.1/armv7-m/crtbegin.o
 .init_array    0x00007b84        0x4 .\ARM_GCC_541\Debug\Cm3Start.o
                0x00007b88                __init_array_end = .
                0x00007b88                . = ALIGN (0x4)
 *(.fini)
 .fini          0x00007b88        0x4 c:/program files (x86)/cypress/psoc creator/4.4/psoc creator/import/gnu/arm/5.4.1/bin/../lib/gcc/arm-none-eabi/5.4.1/armv7-m/crti.o
                0x00007b88                _fini
 .fini          0x00007b8c        0x8 c:/program files (x86)/cypress/psoc creator/4.4/psoc creator/import/gnu/arm/5.4.1/bin/../lib/gcc/arm-none-eabi/5.4.1/armv7-m/crtn.o
                0x00007b94                . = ALIGN (0x4)
                0x00007b94                __fini_array_start = .
 *(.fini_array)
 .fini_array    0x00007b94        0x4 c:/program files (x86)/cypress/psoc creator/4.4/psoc creator/import/gnu/arm/5.4.1/bin/../lib/gcc/arm-none-eabi/5.4.1/armv7-m/crtbegin.o
 *(SORT(.fini_array.*))
                0x00007b98                __fini_array_end = .
                0x00007b98                . = ALIGN (0x4)
 *crtbegin.o(.ctors)
 *(EXCLUDE_FILE(*crtend.o) .ctors)
 *(SORT(.ctors.*))
 *crtend.o(.ctors)
                0x00007b98                . = ALIGN (0x4)
 *crtbegin.o(.dtors)
 *(EXCLUDE_FILE(*crtend.o) .dtors)
 *(SORT(.dtors.*))
 *crtend.o(.dtors)
                0x00007b98                . = ALIGN (0x4)
                0x00007b98                __cy_regions = .
                0x00007b98        0x4 LONG 0x7ba8 __cy_region_init_ram
                0x00007b9c        0x4 LONG 0x1fff80c8 __cy_region_start_data
                0x00007ba0        0x4 LONG 0x78 __cy_region_init_size_ram
                0x00007ba4        0x4 LONG 0x5210 __cy_region_zero_size_ram
                0x00007ba8                __cy_regions_end = .
                0x00007ba8                . = ALIGN (0x8)
                0x00007ba8                _etext = .

.ramvectors     0x1fff8000       0xc0
                0x1fff8000                __cy_region_start_ram = .
 *(.ramvectors)
 .ramvectors    0x1fff8000       0xc0 .\ARM_GCC_541\Debug\Cm3Start.o
                0x1fff8000                CyRamVectors

.noinit         0x1fff80c0        0x5
 *(.noinit)
 .noinit        0x1fff80c0        0x4 .\ARM_GCC_541\Debug\Cm3Start.o
 .noinit        0x1fff80c4        0x1 .\ARM_GCC_541\Debug\Start_CY8C5868.a(CyLib.o)
                0x1fff80c4                CyResetStatus

.data           0x1fff80c8       0x78 load address 0x00007ba8
                0x1fff80c8                __cy_region_start_data = .
 *(.jcr)
 .jcr           0x1fff80c8        0x0 c:/program files (x86)/cypress/psoc creator/4.4/psoc creator/import/gnu/arm/5.4.1/bin/../lib/gcc/arm-none-eabi/5.4.1/armv7-m/crtbegin.o
 .jcr           0x1fff80c8        0x4 c:/program files (x86)/cypress/psoc creator/4.4/psoc creator/import/gnu/arm/5.4.1/bin/../lib/gcc/arm-none-eabi/5.4.1/armv7-m/crtend.o
 *(.got.plt)
 *(.got)
 *(.shdata)
 *(.data .data.* .gnu.linkonce.d.*)
 .data          0x1fff80cc        0x4 .\ARM_GCC_541\Debug\OS_StartLEDBlink.o
                0x1fff80cc                Port1_W_bits
                0x1fff80cd                Port1_W_bits_Old
                0x1fff80ce                Port2_W_bits
                0x1fff80cf                Port2_W_bits_Old
 .data.impure_data
                0x1fff80d0       0x60 c:/program files (x86)/cypress/psoc creator/4.4/psoc creator/import/gnu/arm/5.4.1/bin/../lib/gcc/arm-none-eabi/5.4.1/../../../../arm-none-eabi/lib/armv7-m\libc_nano.a(lib_a-impure.o)
 .data._impure_ptr
                0x1fff8130        0x4 c:/program files (x86)/cypress/psoc creator/4.4/psoc creator/import/gnu/arm/5.4.1/bin/../lib/gcc/arm-none-eabi/5.4.1/../../../../arm-none-eabi/lib/armv7-m\libc_nano.a(lib_a-impure.o)
                0x1fff8130                _impure_ptr
 .data.__ctype_ptr__
                0x1fff8134        0x4 c:/program files (x86)/cypress/psoc creator/4.4/psoc creator/import/gnu/arm/5.4.1/bin/../lib/gcc/arm-none-eabi/5.4.1/../../../../arm-none-eabi/lib/armv7-m\libc_nano.a(lib_a-ctype_.o)
                0x1fff8134                __ctype_ptr__
 .data.IntsPerTimeUnit
                0x1fff8138        0x4 ..\..\..\..\Lib\libosT7LDP.a(OS_SysTick.o)
                0x1fff8138                IntsPerTimeUnit
 .data.TicksPerTimeUnit
                0x1fff813c        0x4 ..\..\..\..\Lib\libosT7LDP.a(OS_SysTick.o)
                0x1fff813c                TicksPerTimeUnit
                0x1fff8140                . = ALIGN (0x8)
 *(.ram)
                0x1fff8140                _edata = .

.igot.plt       0x1fff8140        0x0 load address 0x00007c20
 .igot.plt      0x1fff8140        0x0 c:/program files (x86)/cypress/psoc creator/4.4/psoc creator/import/gnu/arm/5.4.1/bin/../lib/gcc/arm-none-eabi/5.4.1/armv7-m/crtbegin.o

.bss            0x1fff8140     0x5210 load address 0x00007c20
                0x1fff8140                PROVIDE (__bss_start__, .)
 *(.shbss)
 *(.bss .bss.* .gnu.linkonce.b.*)
 .bss           0x1fff8140       0x1c c:/program files (x86)/cypress/psoc creator/4.4/psoc creator/import/gnu/arm/5.4.1/bin/../lib/gcc/arm-none-eabi/5.4.1/armv7-m/crtbegin.o
 .bss           0x1fff815c     0x39fa .\ARM_GCC_541\Debug\OS_StartLEDBlink.o
                0x1fffbb40                Port1_Relay
                0x1fffbb41                Port1_Relay_Old
                0x1fffbb42                Port1_Locked
                0x1fffbb43                Port1_Locked_Old
                0x1fffbb44                Port1_w_Start
                0x1fffbb45                Port1_W_Counter
                0x1fffbb46                Port2_Relay
                0x1fffbb47                Port2_Relay_Old
                0x1fffbb48                Port2_Locked
                0x1fffbb49                Port2_Locked_Old
                0x1fffbb4a                Port2_w_Start
                0x1fffbb4b                Port2_W_Counter
                0x1fffbb4c                UART_Linux_StartBit
                0x1fffbb50                UART_Linux_Rx_Counter
                0x1fffbb54                RGB_Color
                0x1fffbb55                RGB_Color_Old
 *fill*         0x1fffbb56        0x2 
 .bss           0x1fffbb58        0x8 .\ARM_GCC_541\Debug\OS_Syscalls.o
                0x1fffbb58                __env
 .bss           0x1fffbb60       0x24 .\ARM_GCC_541\Debug\JLINKMEM_Process.o
 .bss           0x1fffbb84      0x411 .\ARM_GCC_541\Debug\SEGGER_RTT.o
 *fill*         0x1fffbf95        0x3 
 .bss           0x1fffbf98      0x51b .\ARM_GCC_541\Debug\SEGGER_SYSVIEW.o
 *fill*         0x1fffc4b3        0x1 
 .bss           0x1fffc4b4        0xc .\ARM_GCC_541\Debug\Start_CY8C5868.a(UART_Debug.o)
                0x1fffc4b4                UART_Debug_initVar
                0x1fffc4b6                UART_Debug_txBufferRead
                0x1fffc4b8                UART_Debug_txBufferWrite
                0x1fffc4ba                UART_Debug_errorStatus
                0x1fffc4bb                UART_Debug_rxBufferRead
                0x1fffc4bc                UART_Debug_rxBufferWrite
                0x1fffc4bd                UART_Debug_rxBufferLoopDetect
                0x1fffc4be                UART_Debug_rxBufferOverflow
 .bss           0x1fffc4c0        0xf .\ARM_GCC_541\Debug\Start_CY8C5868.a(UART_Linux.o)
                0x1fffc4c0                UART_Linux_initVar
                0x1fffc4c2                UART_Linux_txBufferRead
                0x1fffc4c4                UART_Linux_txBufferWrite
                0x1fffc4c6                UART_Linux_errorStatus
                0x1fffc4c8                UART_Linux_rxBufferRead
                0x1fffc4ca                UART_Linux_rxBufferWrite
                0x1fffc4cc                UART_Linux_rxBufferLoopDetect
                0x1fffc4cd                UART_Linux_rxBufferOverflow
 *fill*         0x1fffc4cf        0x1 
 .bss.__malloc_sbrk_start
                0x1fffc4d0        0x4 c:/program files (x86)/cypress/psoc creator/4.4/psoc creator/import/gnu/arm/5.4.1/bin/../lib/gcc/arm-none-eabi/5.4.1/../../../../arm-none-eabi/lib/armv7-m\libc_nano.a(lib_a-nano-mallocr.o)
                0x1fffc4d0                __malloc_sbrk_start
 .bss.__malloc_free_list
                0x1fffc4d4        0x4 c:/program files (x86)/cypress/psoc creator/4.4/psoc creator/import/gnu/arm/5.4.1/bin/../lib/gcc/arm-none-eabi/5.4.1/../../../../arm-none-eabi/lib/armv7-m\libc_nano.a(lib_a-nano-mallocr.o)
                0x1fffc4d4                __malloc_free_list
 .bss._IntState
                0x1fffc4d8        0x4 ..\..\..\..\Lib\libosT7LDP.a(OS_ThreadSafeInt.o)
 .bss._LockCnt  0x1fffc4dc        0x4 ..\..\..\..\Lib\libosT7LDP.a(OS_ThreadSafeInt.o)
 .bss._OS_ProfilingExTime
                0x1fffc4e0        0x4 ..\..\..\..\Lib\libosT7LDP.a(OS_Kern.o)
 *fill*         0x1fffc4e4        0x4 
 .bss.OS_Global
                0x1fffc4e8       0x80 ..\..\..\..\Lib\libosT7LDP.a(OS_Global.o)
                0x1fffc4e8                OS_Global
 .bss.OS_SysTimer_Settings
                0x1fffc568       0x30 ..\..\..\..\Lib\libosT7LDP.a(OS_Global.o)
                0x1fffc568                OS_SysTimer_Settings
 .bss.OS_COM_pTask
                0x1fffc598        0x4 ..\..\..\..\Lib\libosT7LDP.a(OS_Com.o)
                0x1fffc598                OS_COM_pTask
 .bss._ChkSum   0x1fffc59c        0x1 ..\..\..\..\Lib\libosT7LDP.a(OS_Com.o)
 .bss._InBufferCnt
                0x1fffc59d        0x1 ..\..\..\..\Lib\libosT7LDP.a(OS_Com.o)
 .bss._InCheckSum
                0x1fffc59e        0x1 ..\..\..\..\Lib\libosT7LDP.a(OS_Com.o)
 .bss._InInt    0x1fffc59f        0x1 ..\..\..\..\Lib\libosT7LDP.a(OS_Com.o)
 .bss._InRdOff  0x1fffc5a0        0x1 ..\..\..\..\Lib\libosT7LDP.a(OS_Com.o)
 .bss._InStage  0x1fffc5a1        0x1 ..\..\..\..\Lib\libosT7LDP.a(OS_Com.o)
 *fill*         0x1fffc5a2        0x2 
 .bss._OS_COM_pac
                0x1fffc5a4        0x4 ..\..\..\..\Lib\libosT7LDP.a(OS_Com.o)
 .bss._OS_StringLen
                0x1fffc5a8        0x1 ..\..\..\..\Lib\libosT7LDP.a(OS_Com.o)
 .bss._OS_TxActive
                0x1fffc5a9        0x1 ..\..\..\..\Lib\libosT7LDP.a(OS_Com.o)
 .bss._OutBufferCnt
                0x1fffc5aa        0x2 ..\..\..\..\Lib\libosT7LDP.a(OS_Com.o)
 .bss._OutStage
                0x1fffc5ac        0x1 ..\..\..\..\Lib\libosT7LDP.a(OS_Com.o)
 .bss._RemLen   0x1fffc5ad        0x1 ..\..\..\..\Lib\libosT7LDP.a(OS_Com.o)
 .bss._TxCnt    0x1fffc5ae        0x2 ..\..\..\..\Lib\libosT7LDP.a(OS_Com.o)
 .bss._abInBuffer
                0x1fffc5b0        0x8 ..\..\..\..\Lib\libosT7LDP.a(OS_Com.o)
 .bss._abOutBuffer
                0x1fffc5b8       0xc8 ..\..\..\..\Lib\libosT7LDP.a(OS_Com.o)
 .bss._pfRXCallback
                0x1fffc680        0x4 ..\..\..\..\Lib\libosT7LDP.a(OS_Com.o)
 *(COMMON)
 COMMON         0x1fffc684      0x510 .\ARM_GCC_541\Debug\OS_StartLEDBlink.o
                0x1fffc684                Port1_W
                0x1fffc708                In2
                0x1fffc70c                In1
                0x1fffc710                Port2_W
                0x1fffc794                UART_Linux_Rx_Buffer
 COMMON         0x1fffcb94        0xc .\ARM_GCC_541\Debug\JLINKMEM_Process.o
                0x1fffcb94                _pfGetNextChar
                0x1fffcb98                _pfOnTx
                0x1fffcb9c                _pfOnRx
 COMMON         0x1fffcba0       0xa8 .\ARM_GCC_541\Debug\SEGGER_RTT.o
                0x1fffcba0                _SEGGER_RTT
 COMMON         0x1fffcc48        0x8 .\ARM_GCC_541\Debug\SEGGER_SYSVIEW.o
                0x1fffcc48                SEGGER_SYSVIEW_InterruptId
                0x1fffcc4c                SEGGER_SYSVIEW_TickCnt
 COMMON         0x1fffcc50      0x1fc .\ARM_GCC_541\Debug\Start_CY8C5868.a(UART_Debug.o)
                0x1fffcc50                UART_Debug_rxBuffer
                0x1fffcd4c                UART_Debug_txBuffer
 COMMON         0x1fffce4c      0x500 .\ARM_GCC_541\Debug\Start_CY8C5868.a(UART_Linux.o)
                0x1fffce4c                UART_Linux_rxBuffer
                0x1fffcf4c                UART_Linux_txBuffer
 COMMON         0x1fffd34c        0x4 c:/program files (x86)/cypress/psoc creator/4.4/psoc creator/import/gnu/arm/5.4.1/bin/../lib/gcc/arm-none-eabi/5.4.1/../../../../arm-none-eabi/lib/armv7-m\libc_nano.a(lib_a-reent.o)
                0x1fffd34c                errno
                0x1fffd350                . = ALIGN (0x8)
 *(.ram.b)
                0x1fffd350                _end = .
                0x1fffd350                __end = .
                0x1fffd350                PROVIDE (end, .)
                0x1fffd350                PROVIDE (__bss_end__, .)
                0x00007ba8                __cy_region_init_ram = LOADADDR (.data)
                0x00000078                __cy_region_init_size_ram = (_edata - ADDR (.data))
                0x00005210                __cy_region_zero_size_ram = (_end - _edata)

.heap           0x1fffd350      0x400 load address 0x00007c20
                0x1fffd350                . = _end
                0x1fffd350                __heap_start__ = .
                0x1fffd750                . = (. + 0x400)
 *fill*         0x1fffd350      0x400 
                0x1fffd750                __heap_end__ = .

.stack          0x1fffd750      0x400 load address 0x00007c20
                0x1fffd750                __stack_start__ = .
                0x1fffdb50                . = (. + 0x400)
 *fill*         0x1fffd750      0x400 
                0x1fffdb50                __stack_end__ = .
                0x1fffdb50                __cy_stack = .

.cyloadermeta
 *(.cyloadermeta)

.cyloadablemeta
 *(.cyloadablemeta)

.cyconfigecc    0x80000000      0x688
 *(.cyconfigecc)
 .cyconfigecc   0x80000000      0x688 .\ARM_GCC_541\Debug\cymetadata.o
                0x80000000                cy_meta_configecc

.cycustnvl      0x90000000        0x4
 *(.cycustnvl)
 .cycustnvl     0x90000000        0x4 .\ARM_GCC_541\Debug\cymetadata.o
                0x90000000                cy_meta_custnvl

.cywolatch      0x90100000        0x4
 *(.cywolatch)
 .cywolatch     0x90100000        0x4 .\ARM_GCC_541\Debug\cymetadata.o
                0x90100000                cy_meta_wonvl

.cyeeprom       0x90200000        0x0
 *(.cyeeprom)
                0x00000001                ASSERT ((. <= ((0x90200000 + ee_offset) + ee_size)), .cyeeprom data will not fit in EEPROM)

.cyflashprotect
                0x90400000      0x100
 *(.cyflashprotect)
 .cyflashprotect
                0x90400000      0x100 .\ARM_GCC_541\Debug\cymetadata.o
                0x90400000                cy_meta_flashprotect

.cymeta         0x90500000        0xc
 *(.cymeta)
 .cymeta        0x90500000        0xc .\ARM_GCC_541\Debug\cymetadata.o
                0x90500000                cy_metadata

.rel.dyn        0x00007c20        0x0 load address 0x9050000c
 .rel.iplt      0x00007c20        0x0 c:/program files (x86)/cypress/psoc creator/4.4/psoc creator/import/gnu/arm/5.4.1/bin/../lib/gcc/arm-none-eabi/5.4.1/armv7-m/crtbegin.o

.stab
 *(.stab)

.stabstr
 *(.stabstr)

.debug
 *(.debug)

.line
 *(.line)

.debug_srcinfo
 *(.debug_srcinfo)

.debug_sfnames
 *(.debug_sfnames)

.debug_aranges  0x00000000     0x12b0
 *(.debug_aranges)
 .debug_aranges
                0x00000000       0xd8 .\ARM_GCC_541\Debug\OS_StartLEDBlink.o
 .debug_aranges
                0x000000d8       0x20 .\ARM_GCC_541\Debug\BSP.o
 .debug_aranges
                0x000000f8       0x20 .\ARM_GCC_541\Debug\OS_Error.o
 .debug_aranges
                0x00000118       0x28 .\ARM_GCC_541\Debug\OS_ThreadSafe.o
 .debug_aranges
                0x00000140       0xb0 .\ARM_GCC_541\Debug\OS_Syscalls.o
 .debug_aranges
                0x000001f0       0x58 .\ARM_GCC_541\Debug\RTOSInit_CY8C5868.o
 .debug_aranges
                0x00000248       0x88 .\ARM_GCC_541\Debug\JLINKMEM_Process.o
 .debug_aranges
                0x000002d0      0x138 .\ARM_GCC_541\Debug\SEGGER_RTT.o
 .debug_aranges
                0x00000408       0x40 .\ARM_GCC_541\Debug\SEGGER_RTT_printf.o
 .debug_aranges
                0x00000448       0x28 .\ARM_GCC_541\Debug\SEGGER_RTT_Syscalls_GCC.o
 .debug_aranges
                0x00000470      0x280 .\ARM_GCC_541\Debug\SEGGER_SYSVIEW.o
 .debug_aranges
                0x000006f0       0x28 .\ARM_GCC_541\Debug\SEGGER_SYSVIEW_Config_embOS.o
 .debug_aranges
                0x00000718       0x28 .\ARM_GCC_541\Debug\SEGGER_SYSVIEW_embOS.o
 .debug_aranges
                0x00000740       0x20 .\ARM_GCC_541\Debug\SEGGER_RTT_ASM_ARMv7M.o
 .debug_aranges
                0x00000760       0x60 .\ARM_GCC_541\Debug\IO.o
 .debug_aranges
                0x000007c0       0x60 .\ARM_GCC_541\Debug\cyfitter_cfg.o
 .debug_aranges
                0x00000820       0x18 .\ARM_GCC_541\Debug\cymetadata.o
 .debug_aranges
                0x00000838       0x48 .\ARM_GCC_541\Debug\Cm3Start.o
 .debug_aranges
                0x00000880       0xf0 .\ARM_GCC_541\Debug\Start_CY8C5868.a(UART_Debug.o)
 .debug_aranges
                0x00000970       0x28 .\ARM_GCC_541\Debug\Start_CY8C5868.a(UART_Debug_INT.o)
 .debug_aranges
                0x00000998       0xf0 .\ARM_GCC_541\Debug\Start_CY8C5868.a(UART_Linux.o)
 .debug_aranges
                0x00000a88       0x28 .\ARM_GCC_541\Debug\Start_CY8C5868.a(UART_Linux_INT.o)
 .debug_aranges
                0x00000ab0       0x48 .\ARM_GCC_541\Debug\Start_CY8C5868.a(Pins_Port1.o)
 .debug_aranges
                0x00000af8       0x48 .\ARM_GCC_541\Debug\Start_CY8C5868.a(Pins_Port2.o)
 .debug_aranges
                0x00000b40       0x38 .\ARM_GCC_541\Debug\Start_CY8C5868.a(Relay_Port1.o)
 .debug_aranges
                0x00000b78       0x38 .\ARM_GCC_541\Debug\Start_CY8C5868.a(Relay_Port2.o)
 .debug_aranges
                0x00000bb0       0x80 .\ARM_GCC_541\Debug\Start_CY8C5868.a(intr_Port2.o)
 .debug_aranges
                0x00000c30       0x38 .\ARM_GCC_541\Debug\Start_CY8C5868.a(LED_RGB.o)
 .debug_aranges
                0x00000c68       0x70 .\ARM_GCC_541\Debug\Start_CY8C5868.a(UART_Debug_IntClock.o)
 .debug_aranges
                0x00000cd8       0x70 .\ARM_GCC_541\Debug\Start_CY8C5868.a(UART_Linux_IntClock.o)
 .debug_aranges
                0x00000d48      0x2a0 .\ARM_GCC_541\Debug\Start_CY8C5868.a(CyLib.o)
 .debug_aranges
                0x00000fe8       0x98 .\ARM_GCC_541\Debug\Start_CY8C5868.a(cyPm.o)
 .debug_aranges
                0x00001080       0x80 .\ARM_GCC_541\Debug\Start_CY8C5868.a(intr_UART_Linux_Rx.o)
 .debug_aranges
                0x00001100       0x80 .\ARM_GCC_541\Debug\Start_CY8C5868.a(intr_Port1.o)
 .debug_aranges
                0x00001180       0x20 .\ARM_GCC_541\Debug\Start_CY8C5868.a(CyBootAsmGnu.o)
 .debug_aranges
                0x000011a0       0x80 .\ARM_GCC_541\Debug\Start_CY8C5868.a(CyFlash.o)
 .debug_aranges
                0x00001220       0x78 .\ARM_GCC_541\Debug\Start_CY8C5868.a(CySpc.o)
 .debug_aranges
                0x00001298       0x18 ..\..\..\..\Lib\libosT7LDP.a(OS_Global.o)

.debug_pubnames
 *(.debug_pubnames)

.debug_info     0x00000000    0x14395
 *(.debug_info .gnu.linkonce.wi.*)
 .debug_info    0x00000000     0x1a14 .\ARM_GCC_541\Debug\OS_StartLEDBlink.o
 .debug_info    0x00001a14       0xc7 .\ARM_GCC_541\Debug\BSP.o
 .debug_info    0x00001adb     0x1272 .\ARM_GCC_541\Debug\OS_Error.o
 .debug_info    0x00002d4d      0x8ab .\ARM_GCC_541\Debug\OS_ThreadSafe.o
 .debug_info    0x000035f8      0x76f .\ARM_GCC_541\Debug\OS_Syscalls.o
 .debug_info    0x00003d67     0x17b0 .\ARM_GCC_541\Debug\RTOSInit_CY8C5868.o
 .debug_info    0x00005517     0x150c .\ARM_GCC_541\Debug\JLINKMEM_Process.o
 .debug_info    0x00006a23     0x1460 .\ARM_GCC_541\Debug\SEGGER_RTT.o
 .debug_info    0x00007e83      0x3f1 .\ARM_GCC_541\Debug\SEGGER_RTT_printf.o
 .debug_info    0x00008274      0x916 .\ARM_GCC_541\Debug\SEGGER_RTT_Syscalls_GCC.o
 .debug_info    0x00008b8a     0x34c0 .\ARM_GCC_541\Debug\SEGGER_SYSVIEW.o
 .debug_info    0x0000c04a      0x717 .\ARM_GCC_541\Debug\SEGGER_SYSVIEW_Config_embOS.o
 .debug_info    0x0000c761     0x1366 .\ARM_GCC_541\Debug\SEGGER_SYSVIEW_embOS.o
 .debug_info    0x0000dac7       0xc2 .\ARM_GCC_541\Debug\SEGGER_RTT_ASM_ARMv7M.o
 .debug_info    0x0000db89      0x206 .\ARM_GCC_541\Debug\IO.o
 .debug_info    0x0000dd8f      0x452 .\ARM_GCC_541\Debug\cyfitter_cfg.o
 .debug_info    0x0000e1e1      0x138 .\ARM_GCC_541\Debug\cymetadata.o
 .debug_info    0x0000e319      0x325 .\ARM_GCC_541\Debug\Cm3Start.o
 .debug_info    0x0000e63e      0x65d .\ARM_GCC_541\Debug\Start_CY8C5868.a(UART_Debug.o)
 .debug_info    0x0000ec9b      0x1a4 .\ARM_GCC_541\Debug\Start_CY8C5868.a(UART_Debug_INT.o)
 .debug_info    0x0000ee3f      0x65e .\ARM_GCC_541\Debug\Start_CY8C5868.a(UART_Linux.o)
 .debug_info    0x0000f49d      0x1a5 .\ARM_GCC_541\Debug\Start_CY8C5868.a(UART_Linux_INT.o)
 .debug_info    0x0000f642      0x171 .\ARM_GCC_541\Debug\Start_CY8C5868.a(Pins_Port1.o)
 .debug_info    0x0000f7b3      0x171 .\ARM_GCC_541\Debug\Start_CY8C5868.a(Pins_Port2.o)
 .debug_info    0x0000f924      0x11e .\ARM_GCC_541\Debug\Start_CY8C5868.a(Relay_Port1.o)
 .debug_info    0x0000fa42      0x11e .\ARM_GCC_541\Debug\Start_CY8C5868.a(Relay_Port2.o)
 .debug_info    0x0000fb60      0x241 .\ARM_GCC_541\Debug\Start_CY8C5868.a(intr_Port2.o)
 .debug_info    0x0000fda1      0x11e .\ARM_GCC_541\Debug\Start_CY8C5868.a(LED_RGB.o)
 .debug_info    0x0000febf      0x25d .\ARM_GCC_541\Debug\Start_CY8C5868.a(UART_Debug_IntClock.o)
 .debug_info    0x0001011c      0x25d .\ARM_GCC_541\Debug\Start_CY8C5868.a(UART_Linux_IntClock.o)
 .debug_info    0x00010379      0xe51 .\ARM_GCC_541\Debug\Start_CY8C5868.a(CyLib.o)
 .debug_info    0x000111ca      0x56d .\ARM_GCC_541\Debug\Start_CY8C5868.a(cyPm.o)
 .debug_info    0x00011737      0x241 .\ARM_GCC_541\Debug\Start_CY8C5868.a(intr_UART_Linux_Rx.o)
 .debug_info    0x00011978      0x241 .\ARM_GCC_541\Debug\Start_CY8C5868.a(intr_Port1.o)
 .debug_info    0x00011bb9       0xc6 .\ARM_GCC_541\Debug\Start_CY8C5868.a(CyBootAsmGnu.o)
 .debug_info    0x00011c7f      0x371 .\ARM_GCC_541\Debug\Start_CY8C5868.a(CyFlash.o)
 .debug_info    0x00011ff0      0x45a .\ARM_GCC_541\Debug\Start_CY8C5868.a(CySpc.o)
 .debug_info    0x0001244a     0x1f4b ..\..\..\..\Lib\libosT7LDP.a(OS_Global.o)

.debug_abbrev   0x00000000     0x3194
 *(.debug_abbrev)
 .debug_abbrev  0x00000000      0x2c8 .\ARM_GCC_541\Debug\OS_StartLEDBlink.o
 .debug_abbrev  0x000002c8       0x65 .\ARM_GCC_541\Debug\BSP.o
 .debug_abbrev  0x0000032d      0x14a .\ARM_GCC_541\Debug\OS_Error.o
 .debug_abbrev  0x00000477      0x1a5 .\ARM_GCC_541\Debug\OS_ThreadSafe.o
 .debug_abbrev  0x0000061c      0x162 .\ARM_GCC_541\Debug\OS_Syscalls.o
 .debug_abbrev  0x0000077e      0x29c .\ARM_GCC_541\Debug\RTOSInit_CY8C5868.o
 .debug_abbrev  0x00000a1a      0x26f .\ARM_GCC_541\Debug\JLINKMEM_Process.o
 .debug_abbrev  0x00000c89      0x1c6 .\ARM_GCC_541\Debug\SEGGER_RTT.o
 .debug_abbrev  0x00000e4f      0x175 .\ARM_GCC_541\Debug\SEGGER_RTT_printf.o
 .debug_abbrev  0x00000fc4      0x1bd .\ARM_GCC_541\Debug\SEGGER_RTT_Syscalls_GCC.o
 .debug_abbrev  0x00001181      0x2ae .\ARM_GCC_541\Debug\SEGGER_SYSVIEW.o
 .debug_abbrev  0x0000142f      0x127 .\ARM_GCC_541\Debug\SEGGER_SYSVIEW_Config_embOS.o
 .debug_abbrev  0x00001556      0x1b2 .\ARM_GCC_541\Debug\SEGGER_SYSVIEW_embOS.o
 .debug_abbrev  0x00001708       0x14 .\ARM_GCC_541\Debug\SEGGER_RTT_ASM_ARMv7M.o
 .debug_abbrev  0x0000171c       0x9f .\ARM_GCC_541\Debug\IO.o
 .debug_abbrev  0x000017bb      0x1b7 .\ARM_GCC_541\Debug\cyfitter_cfg.o
 .debug_abbrev  0x00001972       0x77 .\ARM_GCC_541\Debug\cymetadata.o
 .debug_abbrev  0x000019e9      0x1d6 .\ARM_GCC_541\Debug\Cm3Start.o
 .debug_abbrev  0x00001bbf      0x15f .\ARM_GCC_541\Debug\Start_CY8C5868.a(UART_Debug.o)
 .debug_abbrev  0x00001d1e       0xa2 .\ARM_GCC_541\Debug\Start_CY8C5868.a(UART_Debug_INT.o)
 .debug_abbrev  0x00001dc0      0x168 .\ARM_GCC_541\Debug\Start_CY8C5868.a(UART_Linux.o)
 .debug_abbrev  0x00001f28       0xab .\ARM_GCC_541\Debug\Start_CY8C5868.a(UART_Linux_INT.o)
 .debug_abbrev  0x00001fd3       0x90 .\ARM_GCC_541\Debug\Start_CY8C5868.a(Pins_Port1.o)
 .debug_abbrev  0x00002063       0x90 .\ARM_GCC_541\Debug\Start_CY8C5868.a(Pins_Port2.o)
 .debug_abbrev  0x000020f3       0x90 .\ARM_GCC_541\Debug\Start_CY8C5868.a(Relay_Port1.o)
 .debug_abbrev  0x00002183       0x90 .\ARM_GCC_541\Debug\Start_CY8C5868.a(Relay_Port2.o)
 .debug_abbrev  0x00002213      0x172 .\ARM_GCC_541\Debug\Start_CY8C5868.a(intr_Port2.o)
 .debug_abbrev  0x00002385       0x90 .\ARM_GCC_541\Debug\Start_CY8C5868.a(LED_RGB.o)
 .debug_abbrev  0x00002415      0x11d .\ARM_GCC_541\Debug\Start_CY8C5868.a(UART_Debug_IntClock.o)
 .debug_abbrev  0x00002532      0x11d .\ARM_GCC_541\Debug\Start_CY8C5868.a(UART_Linux_IntClock.o)
 .debug_abbrev  0x0000264f      0x217 .\ARM_GCC_541\Debug\Start_CY8C5868.a(CyLib.o)
 .debug_abbrev  0x00002866      0x161 .\ARM_GCC_541\Debug\Start_CY8C5868.a(cyPm.o)
 .debug_abbrev  0x000029c7      0x172 .\ARM_GCC_541\Debug\Start_CY8C5868.a(intr_UART_Linux_Rx.o)
 .debug_abbrev  0x00002b39      0x172 .\ARM_GCC_541\Debug\Start_CY8C5868.a(intr_Port1.o)
 .debug_abbrev  0x00002cab       0x14 .\ARM_GCC_541\Debug\Start_CY8C5868.a(CyBootAsmGnu.o)
 .debug_abbrev  0x00002cbf      0x13c .\ARM_GCC_541\Debug\Start_CY8C5868.a(CyFlash.o)
 .debug_abbrev  0x00002dfb      0x16c .\ARM_GCC_541\Debug\Start_CY8C5868.a(CySpc.o)
 .debug_abbrev  0x00002f67      0x22d ..\..\..\..\Lib\libosT7LDP.a(OS_Global.o)

.debug_line     0x00000000     0x5cc1
 *(.debug_line)
 .debug_line    0x00000000      0x68e .\ARM_GCC_541\Debug\OS_StartLEDBlink.o
 .debug_line    0x0000068e      0x164 .\ARM_GCC_541\Debug\BSP.o
 .debug_line    0x000007f2       0x6b .\ARM_GCC_541\Debug\OS_Error.o
 .debug_line    0x0000085d      0x16c .\ARM_GCC_541\Debug\OS_ThreadSafe.o
 .debug_line    0x000009c9      0x2e1 .\ARM_GCC_541\Debug\OS_Syscalls.o
 .debug_line    0x00000caa      0x30e .\ARM_GCC_541\Debug\RTOSInit_CY8C5868.o
 .debug_line    0x00000fb8      0x1fd .\ARM_GCC_541\Debug\JLINKMEM_Process.o
 .debug_line    0x000011b5      0x50c .\ARM_GCC_541\Debug\SEGGER_RTT.o
 .debug_line    0x000016c1      0x246 .\ARM_GCC_541\Debug\SEGGER_RTT_printf.o
 .debug_line    0x00001907      0x1ec .\ARM_GCC_541\Debug\SEGGER_RTT_Syscalls_GCC.o
 .debug_line    0x00001af3     0x13c6 .\ARM_GCC_541\Debug\SEGGER_SYSVIEW.o
 .debug_line    0x00002eb9       0xbb .\ARM_GCC_541\Debug\SEGGER_SYSVIEW_Config_embOS.o
 .debug_line    0x00002f74       0xbf .\ARM_GCC_541\Debug\SEGGER_SYSVIEW_embOS.o
 .debug_line    0x00003033       0x8c .\ARM_GCC_541\Debug\SEGGER_RTT_ASM_ARMv7M.o
 .debug_line    0x000030bf      0x22d .\ARM_GCC_541\Debug\IO.o
 .debug_line    0x000032ec      0x21c .\ARM_GCC_541\Debug\cyfitter_cfg.o
 .debug_line    0x00003508      0x141 .\ARM_GCC_541\Debug\cymetadata.o
 .debug_line    0x00003649      0x1dc .\ARM_GCC_541\Debug\Cm3Start.o
 .debug_line    0x00003825      0x34d .\ARM_GCC_541\Debug\Start_CY8C5868.a(UART_Debug.o)
 .debug_line    0x00003b72       0xb9 .\ARM_GCC_541\Debug\Start_CY8C5868.a(UART_Debug_INT.o)
 .debug_line    0x00003c2b      0x34c .\ARM_GCC_541\Debug\Start_CY8C5868.a(UART_Linux.o)
 .debug_line    0x00003f77       0xb9 .\ARM_GCC_541\Debug\Start_CY8C5868.a(UART_Linux_INT.o)
 .debug_line    0x00004030       0xc7 .\ARM_GCC_541\Debug\Start_CY8C5868.a(Pins_Port1.o)
 .debug_line    0x000040f7       0xc7 .\ARM_GCC_541\Debug\Start_CY8C5868.a(Pins_Port2.o)
 .debug_line    0x000041be       0x9b .\ARM_GCC_541\Debug\Start_CY8C5868.a(Relay_Port1.o)
 .debug_line    0x00004259       0x9b .\ARM_GCC_541\Debug\Start_CY8C5868.a(Relay_Port2.o)
 .debug_line    0x000042f4      0x155 .\ARM_GCC_541\Debug\Start_CY8C5868.a(intr_Port2.o)
 .debug_line    0x00004449       0x9b .\ARM_GCC_541\Debug\Start_CY8C5868.a(LED_RGB.o)
 .debug_line    0x000044e4      0x1b2 .\ARM_GCC_541\Debug\Start_CY8C5868.a(UART_Debug_IntClock.o)
 .debug_line    0x00004696      0x1b2 .\ARM_GCC_541\Debug\Start_CY8C5868.a(UART_Linux_IntClock.o)
 .debug_line    0x00004848      0x883 .\ARM_GCC_541\Debug\Start_CY8C5868.a(CyLib.o)
 .debug_line    0x000050cb      0x38b .\ARM_GCC_541\Debug\Start_CY8C5868.a(cyPm.o)
 .debug_line    0x00005456      0x15d .\ARM_GCC_541\Debug\Start_CY8C5868.a(intr_UART_Linux_Rx.o)
 .debug_line    0x000055b3      0x155 .\ARM_GCC_541\Debug\Start_CY8C5868.a(intr_Port1.o)
 .debug_line    0x00005708       0x66 .\ARM_GCC_541\Debug\Start_CY8C5868.a(CyBootAsmGnu.o)
 .debug_line    0x0000576e      0x205 .\ARM_GCC_541\Debug\Start_CY8C5868.a(CyFlash.o)
 .debug_line    0x00005973      0x212 .\ARM_GCC_541\Debug\Start_CY8C5868.a(CySpc.o)
 .debug_line    0x00005b85      0x13c ..\..\..\..\Lib\libosT7LDP.a(OS_Global.o)

.debug_frame    0x00000000     0x50a0
 *(.debug_frame)
 .debug_frame   0x00000000      0x33c .\ARM_GCC_541\Debug\OS_StartLEDBlink.o
 .debug_frame   0x0000033c       0x2c .\ARM_GCC_541\Debug\BSP.o
 .debug_frame   0x00000368       0x38 .\ARM_GCC_541\Debug\OS_Error.o
 .debug_frame   0x000003a0       0x60 .\ARM_GCC_541\Debug\OS_ThreadSafe.o
 .debug_frame   0x00000400      0x2f4 .\ARM_GCC_541\Debug\OS_Syscalls.o
 .debug_frame   0x000006f4      0x134 .\ARM_GCC_541\Debug\RTOSInit_CY8C5868.o
 .debug_frame   0x00000828      0x210 .\ARM_GCC_541\Debug\JLINKMEM_Process.o
 .debug_frame   0x00000a38      0x5a4 .\ARM_GCC_541\Debug\SEGGER_RTT.o
 .debug_frame   0x00000fdc       0xf8 .\ARM_GCC_541\Debug\SEGGER_RTT_printf.o
 .debug_frame   0x000010d4       0x60 .\ARM_GCC_541\Debug\SEGGER_RTT_Syscalls_GCC.o
 .debug_frame   0x00001134      0xcfc .\ARM_GCC_541\Debug\SEGGER_SYSVIEW.o
 .debug_frame   0x00001e30       0x48 .\ARM_GCC_541\Debug\SEGGER_SYSVIEW_Config_embOS.o
 .debug_frame   0x00001e78       0x60 .\ARM_GCC_541\Debug\SEGGER_SYSVIEW_embOS.o
 .debug_frame   0x00001ed8      0x178 .\ARM_GCC_541\Debug\IO.o
 .debug_frame   0x00002050      0x16c .\ARM_GCC_541\Debug\cyfitter_cfg.o
 .debug_frame   0x000021bc       0xd8 .\ARM_GCC_541\Debug\Cm3Start.o
 .debug_frame   0x00002294      0x428 .\ARM_GCC_541\Debug\Start_CY8C5868.a(UART_Debug.o)
 .debug_frame   0x000026bc       0x5c .\ARM_GCC_541\Debug\Start_CY8C5868.a(UART_Debug_INT.o)
 .debug_frame   0x00002718      0x428 .\ARM_GCC_541\Debug\Start_CY8C5868.a(UART_Linux.o)
 .debug_frame   0x00002b40       0x5c .\ARM_GCC_541\Debug\Start_CY8C5868.a(UART_Linux_INT.o)
 .debug_frame   0x00002b9c       0xf4 .\ARM_GCC_541\Debug\Start_CY8C5868.a(Pins_Port1.o)
 .debug_frame   0x00002c90       0xf4 .\ARM_GCC_541\Debug\Start_CY8C5868.a(Pins_Port2.o)
 .debug_frame   0x00002d84       0xa8 .\ARM_GCC_541\Debug\Start_CY8C5868.a(Relay_Port1.o)
 .debug_frame   0x00002e2c       0xa8 .\ARM_GCC_541\Debug\Start_CY8C5868.a(Relay_Port2.o)
 .debug_frame   0x00002ed4      0x1e8 .\ARM_GCC_541\Debug\Start_CY8C5868.a(intr_Port2.o)
 .debug_frame   0x000030bc       0xa8 .\ARM_GCC_541\Debug\Start_CY8C5868.a(LED_RGB.o)
 .debug_frame   0x00003164      0x1b4 .\ARM_GCC_541\Debug\Start_CY8C5868.a(UART_Debug_IntClock.o)
 .debug_frame   0x00003318      0x1b4 .\ARM_GCC_541\Debug\Start_CY8C5868.a(UART_Linux_IntClock.o)
 .debug_frame   0x000034cc      0xc0c .\ARM_GCC_541\Debug\Start_CY8C5868.a(CyLib.o)
 .debug_frame   0x000040d8      0x234 .\ARM_GCC_541\Debug\Start_CY8C5868.a(cyPm.o)
 .debug_frame   0x0000430c      0x1e8 .\ARM_GCC_541\Debug\Start_CY8C5868.a(intr_UART_Linux_Rx.o)
 .debug_frame   0x000044f4      0x1e8 .\ARM_GCC_541\Debug\Start_CY8C5868.a(intr_Port1.o)
 .debug_frame   0x000046dc      0x210 .\ARM_GCC_541\Debug\Start_CY8C5868.a(CyFlash.o)
 .debug_frame   0x000048ec      0x1f8 .\ARM_GCC_541\Debug\Start_CY8C5868.a(CySpc.o)
 .debug_frame   0x00004ae4       0x30 c:/program files (x86)/cypress/psoc creator/4.4/psoc creator/import/gnu/arm/5.4.1/bin/../lib/gcc/arm-none-eabi/5.4.1/../../../../arm-none-eabi/lib/armv7-m\libc_nano.a(lib_a-atoi.o)
 .debug_frame   0x00004b14       0x20 c:/program files (x86)/cypress/psoc creator/4.4/psoc creator/import/gnu/arm/5.4.1/bin/../lib/gcc/arm-none-eabi/5.4.1/../../../../arm-none-eabi/lib/armv7-m\libc_nano.a(lib_a-errno.o)
 .debug_frame   0x00004b34       0x28 c:/program files (x86)/cypress/psoc creator/4.4/psoc creator/import/gnu/arm/5.4.1/bin/../lib/gcc/arm-none-eabi/5.4.1/../../../../arm-none-eabi/lib/armv7-m\libc_nano.a(lib_a-exit.o)
 .debug_frame   0x00004b5c       0x2c c:/program files (x86)/cypress/psoc creator/4.4/psoc creator/import/gnu/arm/5.4.1/bin/../lib/gcc/arm-none-eabi/5.4.1/../../../../arm-none-eabi/lib/armv7-m\libc_nano.a(lib_a-init.o)
 .debug_frame   0x00004b88       0x28 c:/program files (x86)/cypress/psoc creator/4.4/psoc creator/import/gnu/arm/5.4.1/bin/../lib/gcc/arm-none-eabi/5.4.1/../../../../arm-none-eabi/lib/armv7-m\libc_nano.a(lib_a-memcmp.o)
 .debug_frame   0x00004bb0       0x28 c:/program files (x86)/cypress/psoc creator/4.4/psoc creator/import/gnu/arm/5.4.1/bin/../lib/gcc/arm-none-eabi/5.4.1/../../../../arm-none-eabi/lib/armv7-m\libc_nano.a(lib_a-memcpy-stub.o)
 .debug_frame   0x00004bd8       0x28 c:/program files (x86)/cypress/psoc creator/4.4/psoc creator/import/gnu/arm/5.4.1/bin/../lib/gcc/arm-none-eabi/5.4.1/../../../../arm-none-eabi/lib/armv7-m\libc_nano.a(lib_a-memmove.o)
 .debug_frame   0x00004c00       0x20 c:/program files (x86)/cypress/psoc creator/4.4/psoc creator/import/gnu/arm/5.4.1/bin/../lib/gcc/arm-none-eabi/5.4.1/../../../../arm-none-eabi/lib/armv7-m\libc_nano.a(lib_a-memset.o)
 .debug_frame   0x00004c20       0x5c c:/program files (x86)/cypress/psoc creator/4.4/psoc creator/import/gnu/arm/5.4.1/bin/../lib/gcc/arm-none-eabi/5.4.1/../../../../arm-none-eabi/lib/armv7-m\libc_nano.a(lib_a-reent.o)
 .debug_frame   0x00004c7c       0x70 c:/program files (x86)/cypress/psoc creator/4.4/psoc creator/import/gnu/arm/5.4.1/bin/../lib/gcc/arm-none-eabi/5.4.1/../../../../arm-none-eabi/lib/armv7-m\libc_nano.a(lib_a-sprintf.o)
 .debug_frame   0x00004cec       0x20 c:/program files (x86)/cypress/psoc creator/4.4/psoc creator/import/gnu/arm/5.4.1/bin/../lib/gcc/arm-none-eabi/5.4.1/../../../../arm-none-eabi/lib/armv7-m\libc_nano.a(lib_a-strcpy.o)
 .debug_frame   0x00004d0c       0x30 c:/program files (x86)/cypress/psoc creator/4.4/psoc creator/import/gnu/arm/5.4.1/bin/../lib/gcc/arm-none-eabi/5.4.1/../../../../arm-none-eabi/lib/armv7-m\libc_nano.a(lib_a-strstr.o)
 .debug_frame   0x00004d3c       0x44 c:/program files (x86)/cypress/psoc creator/4.4/psoc creator/import/gnu/arm/5.4.1/bin/../lib/gcc/arm-none-eabi/5.4.1/../../../../arm-none-eabi/lib/armv7-m\libc_nano.a(lib_a-strtol.o)
 .debug_frame   0x00004d80       0x38 c:/program files (x86)/cypress/psoc creator/4.4/psoc creator/import/gnu/arm/5.4.1/bin/../lib/gcc/arm-none-eabi/5.4.1/../../../../arm-none-eabi/lib/armv7-m\libc_nano.a(lib_a-nano-freer.o)
 .debug_frame   0x00004db8       0x2c c:/program files (x86)/cypress/psoc creator/4.4/psoc creator/import/gnu/arm/5.4.1/bin/../lib/gcc/arm-none-eabi/5.4.1/../../../../arm-none-eabi/lib/armv7-m\libc_nano.a(lib_a-nano-mallocr.o)
 .debug_frame   0x00004de4       0x90 c:/program files (x86)/cypress/psoc creator/4.4/psoc creator/import/gnu/arm/5.4.1/bin/../lib/gcc/arm-none-eabi/5.4.1/../../../../arm-none-eabi/lib/armv7-m\libc_nano.a(lib_a-nano-svfprintf.o)
 .debug_frame   0x00004e74       0x60 c:/program files (x86)/cypress/psoc creator/4.4/psoc creator/import/gnu/arm/5.4.1/bin/../lib/gcc/arm-none-eabi/5.4.1/../../../../arm-none-eabi/lib/armv7-m\libc_nano.a(lib_a-nano-vfprintf_i.o)
 .debug_frame   0x00004ed4       0x2c c:/program files (x86)/cypress/psoc creator/4.4/psoc creator/import/gnu/arm/5.4.1/bin/../lib/gcc/arm-none-eabi/5.4.1/../../../../arm-none-eabi/lib/armv7-m\libc_nano.a(lib_a-sbrkr.o)
 .debug_frame   0x00004f00       0x28 c:/program files (x86)/cypress/psoc creator/4.4/psoc creator/import/gnu/arm/5.4.1/bin/../lib/gcc/arm-none-eabi/5.4.1/../../../../arm-none-eabi/lib/armv7-m\libc_nano.a(lib_a-memchr-stub.o)
 .debug_frame   0x00004f28       0x3c c:/program files (x86)/cypress/psoc creator/4.4/psoc creator/import/gnu/arm/5.4.1/bin/../lib/gcc/arm-none-eabi/5.4.1/../../../../arm-none-eabi/lib/armv7-m\libc_nano.a(lib_a-nano-reallocr.o)
 .debug_frame   0x00004f64       0x20 c:/program files (x86)/cypress/psoc creator/4.4/psoc creator/import/gnu/arm/5.4.1/bin/../lib/gcc/arm-none-eabi/5.4.1/../../../../arm-none-eabi/lib/armv7-m\libc_nano.a(lib_a-nano-msizer.o)
 .debug_frame   0x00004f84       0x24 ..\..\..\..\Lib\libosT7LDP.a(RTOS.o)
 .debug_frame   0x00004fa8       0x30 c:/program files (x86)/cypress/psoc creator/4.4/psoc creator/import/gnu/arm/5.4.1/bin/../lib/gcc/arm-none-eabi/5.4.1/../../../../arm-none-eabi/lib/armv7-m\libg_nano.a(lib_a-malloc.o)
 .debug_frame   0x00004fd8       0x20 c:/program files (x86)/cypress/psoc creator/4.4/psoc creator/import/gnu/arm/5.4.1/bin/../lib/gcc/arm-none-eabi/5.4.1/../../../../arm-none-eabi/lib/armv7-m\libg_nano.a(lib_a-realloc.o)
 .debug_frame   0x00004ff8       0x44 c:/program files (x86)/cypress/psoc creator/4.4/psoc creator/import/gnu/arm/5.4.1/bin/../lib/gcc/arm-none-eabi/5.4.1/armv7-m\libgcc.a(_aeabi_ldivmod.o)
 .debug_frame   0x0000503c       0x2c c:/program files (x86)/cypress/psoc creator/4.4/psoc creator/import/gnu/arm/5.4.1/bin/../lib/gcc/arm-none-eabi/5.4.1/armv7-m\libgcc.a(_aeabi_uldivmod.o)
 .debug_frame   0x00005068       0x38 c:/program files (x86)/cypress/psoc creator/4.4/psoc creator/import/gnu/arm/5.4.1/bin/../lib/gcc/arm-none-eabi/5.4.1/armv7-m\libgcc.a(_udivmoddi4.o)

.debug_str      0x00000000     0x5fa3
 *(.debug_str)
 .debug_str     0x00000000     0x193a .\ARM_GCC_541\Debug\OS_StartLEDBlink.o
                               0x1a2a (size before relaxing)
 .debug_str     0x0000193a       0x18 .\ARM_GCC_541\Debug\BSP.o
                                0x1e8 (size before relaxing)
 .debug_str     0x00001952       0x25 .\ARM_GCC_541\Debug\OS_Error.o
                               0x15a4 (size before relaxing)
 .debug_str     0x00001977      0x3c4 .\ARM_GCC_541\Debug\OS_ThreadSafe.o
                                0x591 (size before relaxing)
 .debug_str     0x00001d3b      0x27b .\ARM_GCC_541\Debug\OS_Syscalls.o
                                0x4b2 (size before relaxing)
 .debug_str     0x00001fb6      0x2c3 .\ARM_GCC_541\Debug\RTOSInit_CY8C5868.o
                               0x188f (size before relaxing)
 .debug_str     0x00002279      0x173 .\ARM_GCC_541\Debug\JLINKMEM_Process.o
                               0x170e (size before relaxing)
 .debug_str     0x000023ec      0x4b0 .\ARM_GCC_541\Debug\SEGGER_RTT.o
                                0x6ab (size before relaxing)
 .debug_str     0x0000289c      0x10c .\ARM_GCC_541\Debug\SEGGER_RTT_printf.o
                                0x2fe (size before relaxing)
 .debug_str     0x000029a8       0x36 .\ARM_GCC_541\Debug\SEGGER_RTT_Syscalls_GCC.o
                                0x59c (size before relaxing)
 .debug_str     0x000029de      0xc2b .\ARM_GCC_541\Debug\SEGGER_SYSVIEW.o
                                0xfd7 (size before relaxing)
 .debug_str     0x00003609       0x7b .\ARM_GCC_541\Debug\SEGGER_SYSVIEW_Config_embOS.o
                                0x685 (size before relaxing)
 .debug_str     0x00003684       0x41 .\ARM_GCC_541\Debug\SEGGER_SYSVIEW_embOS.o
                               0x164f (size before relaxing)
 .debug_str     0x000036c5       0x54 .\ARM_GCC_541\Debug\IO.o
                                0x230 (size before relaxing)
 .debug_str     0x00003719      0x189 .\ARM_GCC_541\Debug\cyfitter_cfg.o
                                0x36e (size before relaxing)
 .debug_str     0x000038a2       0x75 .\ARM_GCC_541\Debug\cymetadata.o
                                0x21a (size before relaxing)
 .debug_str     0x00003917      0x10c .\ARM_GCC_541\Debug\Cm3Start.o
                                0x30d (size before relaxing)
 .debug_str     0x00003a23      0x45a .\ARM_GCC_541\Debug\Start_CY8C5868.a(UART_Debug.o)
                                0x63e (size before relaxing)
 .debug_str     0x00003e7d       0x70 .\ARM_GCC_541\Debug\Start_CY8C5868.a(UART_Debug_INT.o)
                                0x30e (size before relaxing)
 .debug_str     0x00003eed      0x389 .\ARM_GCC_541\Debug\Start_CY8C5868.a(UART_Linux.o)
                                0x63e (size before relaxing)
 .debug_str     0x00004276       0x4a .\ARM_GCC_541\Debug\Start_CY8C5868.a(UART_Linux_INT.o)
                                0x30e (size before relaxing)
 .debug_str     0x000042c0       0xbe .\ARM_GCC_541\Debug\Start_CY8C5868.a(Pins_Port1.o)