Archive member included to satisfy reference by file (symbol)

.\ARM_GCC_541\Release\Start_CY8C5868.a(UART_Debug.o)
                              .\ARM_GCC_541\Release\BSP.o (UART_Debug_Start)
.\ARM_GCC_541\Release\Start_CY8C5868.a(UART_Debug_INT.o)
                              .\ARM_GCC_541\Release\Start_CY8C5868.a(UART_Debug.o) (UART_Debug_RXISR)
.\ARM_GCC_541\Release\Start_CY8C5868.a(UART_Linux.o)
                              .\ARM_GCC_541\Release\BSP.o (UART_Linux_Start)
.\ARM_GCC_541\Release\Start_CY8C5868.a(UART_Linux_INT.o)
                              .\ARM_GCC_541\Release\Start_CY8C5868.a(UART_Linux.o) (UART_Linux_RXISR)
.\ARM_GCC_541\Release\Start_CY8C5868.a(Pins_Port1.o)
                              .\ARM_GCC_541\Release\OS_Main.o (Pins_Port1_ClearInterrupt)
.\ARM_GCC_541\Release\Start_CY8C5868.a(Pins_Port2.o)
                              .\ARM_GCC_541\Release\OS_Main.o (Pins_Port2_ClearInterrupt)
.\ARM_GCC_541\Release\Start_CY8C5868.a(Relay_Port1.o)
                              .\ARM_GCC_541\Release\OS_Main.o (Relay_Port1_Write)
.\ARM_GCC_541\Release\Start_CY8C5868.a(Relay_Port2.o)
                              .\ARM_GCC_541\Release\OS_Main.o (Relay_Port2_Write)
.\ARM_GCC_541\Release\Start_CY8C5868.a(intr_Port2.o)
                              .\ARM_GCC_541\Release\OS_Main.o (intr_Port2_StartEx)
.\ARM_GCC_541\Release\Start_CY8C5868.a(LED_RGB.o)
                              .\ARM_GCC_541\Release\IO.o (LED_RGB_Write)
.\ARM_GCC_541\Release\Start_CY8C5868.a(UART_Debug_IntClock.o)
                              .\ARM_GCC_541\Release\Start_CY8C5868.a(UART_Debug.o) (UART_Debug_IntClock_Start)
.\ARM_GCC_541\Release\Start_CY8C5868.a(UART_Linux_IntClock.o)
                              .\ARM_GCC_541\Release\Start_CY8C5868.a(UART_Linux.o) (UART_Linux_IntClock_Start)
.\ARM_GCC_541\Release\Start_CY8C5868.a(CyLib.o)
                              .\ARM_GCC_541\Release\Cm3Start.o (CyHalt)
.\ARM_GCC_541\Release\Start_CY8C5868.a(cyPm.o)
                              .\ARM_GCC_541\Release\Start_CY8C5868.a(CyLib.o) (CyPmReadStatus)
.\ARM_GCC_541\Release\Start_CY8C5868.a(intr_UART_Linux_Rx.o)
                              .\ARM_GCC_541\Release\OS_Main.o (intr_UART_Linux_Rx_StartEx)
.\ARM_GCC_541\Release\Start_CY8C5868.a(intr_Port1.o)
                              .\ARM_GCC_541\Release\OS_Main.o (intr_Port1_StartEx)
.\ARM_GCC_541\Release\Start_CY8C5868.a(CyBootAsmGnu.o)
                              .\ARM_GCC_541\Release\cyfitter_cfg.o (CyDelayCycles)
.\ARM_GCC_541\Release\Start_CY8C5868.a(CyFlash.o)
                              .\ARM_GCC_541\Release\Start_CY8C5868.a(cyPm.o) (CyFlash_SetWaitCycles)
.\ARM_GCC_541\Release\Start_CY8C5868.a(CySpc.o)
                              .\ARM_GCC_541\Release\Start_CY8C5868.a(CyFlash.o) (CySpcStart)
c:/program files (x86)/cypress/psoc creator/4.4/psoc creator/import/gnu/arm/5.4.1/bin/../lib/gcc/arm-none-eabi/5.4.1/../../../../arm-none-eabi/lib/armv7-m\libc_nano.a(lib_a-atoi.o)
                              .\ARM_GCC_541\Release\OS_Main.o (atoi)
c:/program files (x86)/cypress/psoc creator/4.4/psoc creator/import/gnu/arm/5.4.1/bin/../lib/gcc/arm-none-eabi/5.4.1/../../../../arm-none-eabi/lib/armv7-m\libc_nano.a(lib_a-errno.o)
                              .\ARM_GCC_541\Release\Cm3Start.o (__errno)
c:/program files (x86)/cypress/psoc creator/4.4/psoc creator/import/gnu/arm/5.4.1/bin/../lib/gcc/arm-none-eabi/5.4.1/../../../../arm-none-eabi/lib/armv7-m\libc_nano.a(lib_a-exit.o)
                              c:/program files (x86)/cypress/psoc creator/4.4/psoc creator/import/gnu/arm/5.4.1/bin/../lib/gcc/arm-none-eabi/5.4.1/../../../../arm-none-eabi/lib/armv7-m/crt0.o (exit)
c:/program files (x86)/cypress/psoc creator/4.4/psoc creator/import/gnu/arm/5.4.1/bin/../lib/gcc/arm-none-eabi/5.4.1/../../../../arm-none-eabi/lib/armv7-m\libc_nano.a(lib_a-impure.o)
                              c:/program files (x86)/cypress/psoc creator/4.4/psoc creator/import/gnu/arm/5.4.1/bin/../lib/gcc/arm-none-eabi/5.4.1/../../../../arm-none-eabi/lib/armv7-m\libc_nano.a(lib_a-exit.o) (_global_impure_ptr)
c:/program files (x86)/cypress/psoc creator/4.4/psoc creator/import/gnu/arm/5.4.1/bin/../lib/gcc/arm-none-eabi/5.4.1/../../../../arm-none-eabi/lib/armv7-m\libc_nano.a(lib_a-init.o)
                              c:/program files (x86)/cypress/psoc creator/4.4/psoc creator/import/gnu/arm/5.4.1/bin/../lib/gcc/arm-none-eabi/5.4.1/../../../../arm-none-eabi/lib/armv7-m/crt0.o (__libc_init_array)
c:/program files (x86)/cypress/psoc creator/4.4/psoc creator/import/gnu/arm/5.4.1/bin/../lib/gcc/arm-none-eabi/5.4.1/../../../../arm-none-eabi/lib/armv7-m\libc_nano.a(lib_a-memcmp.o)
                              .\ARM_GCC_541\Release\OS_Main.o (memcmp)
c:/program files (x86)/cypress/psoc creator/4.4/psoc creator/import/gnu/arm/5.4.1/bin/../lib/gcc/arm-none-eabi/5.4.1/../../../../arm-none-eabi/lib/armv7-m\libc_nano.a(lib_a-memcpy-stub.o)
                              .\ARM_GCC_541\Release\SEGGER_RTT.o (memcpy)
[...]
Memory Configuration

Name             Origin             Length             Attributes
rom              0x00000000         0x00040000         xr
ram              0x1fff8000         0x00010000         xrw
*default*        0x00000000         0xffffffff

Linker script and memory map

LOAD c:/program files (x86)/cypress/psoc creator/4.4/psoc creator/import/gnu/arm/5.4.1/bin/../lib/gcc/arm-none-eabi/5.4.1/armv7-m/crti.o
LOAD c:/program files (x86)/cypress/psoc creator/4.4/psoc creator/import/gnu/arm/5.4.1/bin/../lib/gcc/arm-none-eabi/5.4.1/armv7-m/crtbegin.o
LOAD c:/program files (x86)/cypress/psoc creator/4.4/psoc creator/import/gnu/arm/5.4.1/bin/../lib/gcc/arm-none-eabi/5.4.1/../../../../arm-none-eabi/lib/armv7-m/crt0.o
START GROUP
LOAD .\ARM_GCC_541\Release\OS_Main.o
LOAD .\ARM_GCC_541\Release\BSP.o
LOAD .\ARM_GCC_541\Release\OS_Error.o
LOAD .\ARM_GCC_541\Release\OS_ThreadSafe.o
LOAD .\ARM_GCC_541\Release\OS_Syscalls.o
LOAD .\ARM_GCC_541\Release\RTOSInit_CY8C5868.o
LOAD .\ARM_GCC_541\Release\JLINKMEM_Process.o
LOAD .\ARM_GCC_541\Release\SEGGER_RTT.o
LOAD .\ARM_GCC_541\Release\SEGGER_RTT_printf.o
LOAD .\ARM_GCC_541\Release\SEGGER_RTT_Syscalls_GCC.o
LOAD .\ARM_GCC_541\Release\SEGGER_SYSVIEW.o
LOAD .\ARM_GCC_541\Release\SEGGER_SYSVIEW_Config_embOS.o
LOAD .\ARM_GCC_541\Release\SEGGER_SYSVIEW_embOS.o
LOAD .\ARM_GCC_541\Release\SEGGER_RTT_ASM_ARMv7M.o
LOAD .\ARM_GCC_541\Release\IO.o
LOAD .\ARM_GCC_541\Release\defines.o
LOAD .\ARM_GCC_541\Release\ChipMonitor.o
LOAD .\ARM_GCC_541\Release\cyfitter_cfg.o
LOAD .\ARM_GCC_541\Release\cymetadata.o
LOAD .\ARM_GCC_541\Release\Cm3Start.o
LOAD .\ARM_GCC_541\Release\Start_CY8C5868.a
LOAD C:\Program Files (x86)\Cypress\PSoC Creator\4.4\PSoC Creator\psoc\content\cycomponentlibrary\CyComponentLibrary.cylib\CortexM3\ARM_GCC_541\Release\CyComponentLibrary.a
LOAD c:/program files (x86)/cypress/psoc creator/4.4/psoc creator/import/gnu/arm/5.4.1/bin/../lib/gcc/arm-none-eabi/5.4.1/../../../../arm-none-eabi/lib/armv7-m\libc_nano.a
LOAD c:/program files (x86)/cypress/psoc creator/4.4/psoc creator/import/gnu/arm/5.4.1/bin/../lib/gcc/arm-none-eabi/5.4.1/armv7-m\libgcc.a
LOAD ..\..\..\..\Lib\libosT7LR.a
LOAD c:/program files (x86)/cypress/psoc creator/4.4/psoc creator/import/gnu/arm/5.4.1/bin/../lib/gcc/arm-none-eabi/5.4.1/../../../../arm-none-eabi/lib/armv7-m\libg_nano.a
END GROUP
START GROUP
LOAD c:/program files (x86)/cypress/psoc creator/4.4/psoc creator/import/gnu/arm/5.4.1/bin/../lib/gcc/arm-none-eabi/5.4.1/armv7-m\libgcc.a
LOAD c:/program files (x86)/cypress/psoc creator/4.4/psoc creator/import/gnu/arm/5.4.1/bin/../lib/gcc/arm-none-eabi/5.4.1/../../../../arm-none-eabi/lib/armv7-m\libc_nano.a
END GROUP
START GROUP
LOAD c:/program files (x86)/cypress/psoc creator/4.4/psoc creator/import/gnu/arm/5.4.1/bin/../lib/gcc/arm-none-eabi/5.4.1/armv7-m\libgcc.a
LOAD c:/program files (x86)/cypress/psoc creator/4.4/psoc creator/import/gnu/arm/5.4.1/bin/../lib/gcc/arm-none-eabi/5.4.1/../../../../arm-none-eabi/lib/armv7-m\libc_nano.a
END GROUP
LOAD c:/program files (x86)/cypress/psoc creator/4.4/psoc creator/import/gnu/arm/5.4.1/bin/../lib/gcc/arm-none-eabi/5.4.1/armv7-m/crtend.o
LOAD c:/program files (x86)/cypress/psoc creator/4.4/psoc creator/import/gnu/arm/5.4.1/bin/../lib/gcc/arm-none-eabi/5.4.1/armv7-m/crtn.o
START GROUP
LOAD c:/program files (x86)/cypress/psoc creator/4.4/psoc creator/import/gnu/arm/5.4.1/bin/../lib/gcc/arm-none-eabi/5.4.1/armv7-m\libgcc.a
LOAD c:/program files (x86)/cypress/psoc creator/4.4/psoc creator/import/gnu/arm/5.4.1/bin/../lib/gcc/arm-none-eabi/5.4.1/../../../../arm-none-eabi/lib/armv7-m\libc.a
LOAD c:/program files (x86)/cypress/psoc creator/4.4/psoc creator/import/gnu/arm/5.4.1/bin/../lib/gcc/arm-none-eabi/5.4.1/../../../../arm-none-eabi/lib/armv7-m\libnosys.a
END GROUP
                0x00000000                CY_APPL_ORIGIN = 0x0
                0x00000100                CY_FLASH_ROW_SIZE = 0x100
                0x00000020                CY_ECC_ROW_SIZE = 0x20
                0x00000000                CY_EE_IN_BTLDR = 0x0
                0x00000000                CY_APPL_LOADABLE = 0x0
                0x00000800                CY_EE_SIZE = 0x800
                0x00000001                CY_APPL_NUM = 0x1
                0x00000001                CY_APPL_MAX = 0x1
                0x00000040                CY_METADATA_SIZE = 0x40
                0x00000001                PROVIDE (__cy_region_num, ((__cy_regions_end - __cy_regions) / 0x10))

.cybootloader   0x00000000        0x0
 *(.cybootloader)
                0x00000000                appl1_start = CY_APPL_ORIGIN?CY_APPL_ORIGIN:ALIGN (CY_FLASH_ROW_SIZE)
                0x0001ff00                appl2_start = (appl1_start + ALIGN ((((LENGTH (rom) - appl1_start) - (0x2 * CY_FLASH_ROW_SIZE)) / 0x2), CY_FLASH_ROW_SIZE))
                0x00000000                appl_start = (CY_APPL_NUM == 0x1)?appl1_start:appl2_start
                0x00000000                ecc_offset = ((appl_start / CY_FLASH_ROW_SIZE) * CY_ECC_ROW_SIZE)
                0x00000000                ee_offset = (CY_APPL_LOADABLE && ! (CY_EE_IN_BTLDR))?((CY_EE_SIZE / CY_APPL_MAX) * (CY_APPL_NUM - 0x1)):0x0
                0x00000800                ee_size = (CY_APPL_LOADABLE && ! (CY_EE_IN_BTLDR))?(CY_EE_SIZE / CY_APPL_MAX):CY_EE_SIZE
                [!provide]                PROVIDE (CY_ECC_OFFSET, ecc_offset)

.text           0x00000000     0x2ef8
 CREATE_OBJECT_SYMBOLS
                0x00000000                PROVIDE (__cy_interrupt_vector, RomVectors)
 *(.romvectors)
 .romvectors    0x00000000       0x10 .\ARM_GCC_541\Release\Cm3Start.o
                0x00000000                RomVectors
                0x00000001                ASSERT ((. != __cy_interrupt_vector), No interrupt vector)
                0x00000001                ASSERT (CY_APPL_ORIGIN?(SIZEOF (.cybootloader) <= CY_APPL_ORIGIN):0x1, Wrong image location)
                0x00000010                PROVIDE (__cy_reset, Reset)
 *(.text.Reset)
 .text.Reset    0x00000010       0x18 .\ARM_GCC_541\Release\Cm3Start.o
                0x00000010                Reset
                0x00000001                ASSERT ((. != __cy_reset), No reset code)
 *(.dma_init)
                0x00000001                ASSERT ((((appl_start + .) <= 0x10000) || 0x1), DMA Init must be within the first 64k of flash)
 *(.text .text.* .gnu.linkonce.t.*)
 .text          0x00000028       0x5c c:/program files (x86)/cypress/psoc creator/4.4/psoc creator/import/gnu/arm/5.4.1/bin/../lib/gcc/arm-none-eabi/5.4.1/armv7-m/crtbegin.o
 .text.Timer_Read_W_Port1_Callback
                0x00000084       0x70 .\ARM_GCC_541\Release\OS_Main.o
                0x00000084                Timer_Read_W_Port1_Callback
 .text.Timer_Read_W_Port2_Callback
                0x000000f4       0x70 .\ARM_GCC_541\Release\OS_Main.o
                0x000000f4                Timer_Read_W_Port2_Callback
 .text.Timer_AfterRead_Input1_Callback
                0x00000164       0x6c .\ARM_GCC_541\Release\OS_Main.o
                0x00000164                Timer_AfterRead_Input1_Callback
 .text.Timer_AfterRead_Port1_Callback
                0x000001d0       0x70 .\ARM_GCC_541\Release\OS_Main.o
                0x000001d0                Timer_AfterRead_Port1_Callback
 .text.Timer_AfterRead_Input2_Callback
                0x00000240       0x6c .\ARM_GCC_541\Release\OS_Main.o
                0x00000240                Timer_AfterRead_Input2_Callback
 .text.Timer_AfterRead_Port2_Callback
                0x000002ac       0x70 .\ARM_GCC_541\Release\OS_Main.o
                0x000002ac                Timer_AfterRead_Port2_Callback
 .text.Timer_WD_Callback
                0x0000031c       0x1c .\ARM_GCC_541\Release\OS_Main.o
                0x0000031c                Timer_WD_Callback
 .text.Timer_RGB_LED_Callback
                0x00000338       0x54 .\ARM_GCC_541\Release\OS_Main.o
                0x00000338                Timer_RGB_LED_Callback
 .text.Timer_Read_Linux_Callback
                0x0000038c       0x6c .\ARM_GCC_541\Release\OS_Main.o
                0x0000038c                Timer_Read_Linux_Callback
 .text.Por1_Job
                0x000003f8      0x1d0 .\ARM_GCC_541\Release\OS_Main.o
                0x000003f8                Por1_Job
 .text.Port1_ISR
                0x000005c8       0x5c .\ARM_GCC_541\Release\OS_Main.o
                0x000005c8                Port1_ISR
 .text.Por2_Job
                0x00000624      0x1c8 .\ARM_GCC_541\Release\OS_Main.o
                0x00000624                Por2_Job
 .text.Port2_ISR
                0x000007ec       0x5c .\ARM_GCC_541\Release\OS_Main.o
                0x000007ec                Port2_ISR
 .text.CmdTask  0x00000848      0x54c .\ARM_GCC_541\Release\OS_Main.o
                0x00000848                CmdTask
 .text.UART_Linux_Rx_ISR
                0x00000d94       0xa4 .\ARM_GCC_541\Release\OS_Main.o
                0x00000d94                UART_Linux_Rx_ISR
 .text.intrrupt_init
                0x00000e38       0x30 .\ARM_GCC_541\Release\OS_Main.o
                0x00000e38                intrrupt_init
 .text.timers_create
                0x00000e68       0xb4 .\ARM_GCC_541\Release\OS_Main.o
                0x00000e68                timers_create
 .text.startup.main
                0x00000f1c       0x98 .\ARM_GCC_541\Release\OS_Main.o
                0x00000f1c                main
 .text.BSP_Init
                0x00000fb4       0x10 .\ARM_GCC_541\Release\BSP.o
                0x00000fb4                BSP_Init
 .text.__malloc_lock
                0x00000fc4        0x4 .\ARM_GCC_541\Release\OS_ThreadSafe.o
                0x00000fc4                __malloc_lock
 .text.__malloc_unlock
                0x00000fc8        0x4 .\ARM_GCC_541\Release\OS_ThreadSafe.o
                0x00000fc8                __malloc_unlock
 .text._sbrk    0x00000fcc       0x38 .\ARM_GCC_541\Release\OS_Syscalls.o
                0x00000fcc                _sbrk
 .text._OS_GetHWTimerCycles
                0x00001004        0xc .\ARM_GCC_541\Release\RTOSInit_CY8C5868.o
 .text._OS_GetHWTimer_IntPending
                0x00001010       0x10 .\ARM_GCC_541\Release\RTOSInit_CY8C5868.o
 .text.SysTick_Handler
                0x00001020       0x44 .\ARM_GCC_541\Release\RTOSInit_CY8C5868.o
                0x00001020                SysTick_Handler
 .text.OS_InitHW
                0x00001064       0x8c .\ARM_GCC_541\Release\RTOSInit_CY8C5868.o
                0x00001064                OS_InitHW
 .text.OS_Idle  0x000010f0        0x4 .\ARM_GCC_541\Release\RTOSInit_CY8C5868.o
                0x000010f0                OS_Idle
 .text.RGB      0x000010f4       0x3c .\ARM_GCC_541\Release\IO.o
                0x000010f4                RGB
 .text.RGB_RED  0x00001130        0xc .\ARM_GCC_541\Release\IO.o
                0x00001130                RGB_RED
 .text.strremove
                0x0000113c       0x3c .\ARM_GCC_541\Release\defines.o
                0x0000113c                strremove
 .text.cymonitoring_get_lastWtd
                0x00001178       0x34 .\ARM_GCC_541\Release\ChipMonitor.o
                0x00001178                cymonitoring_get_lastWtd
 .text.cyfitter_cfg
                0x000011ac      0x248 .\ARM_GCC_541\Release\cyfitter_cfg.o
                0x000011ac                cyfitter_cfg
 .text.IntDefaultHandler
                0x000013f4       0x10 .\ARM_GCC_541\Release\Cm3Start.o
                0x000013f4                IntDefaultHandler
 .text.Start_c  0x00001404       0x58 .\ARM_GCC_541\Release\Cm3Start.o
                0x00001404                Start_c
 .text.startup.initialize_psoc
                0x0000145c       0x64 .\ARM_GCC_541\Release\Cm3Start.o
                0x0000145c                initialize_psoc
 .text.UART_Debug_Start
                0x000014c0       0xc0 .\ARM_GCC_541\Release\Start_CY8C5868.a(UART_Debug.o)
                0x000014c0                UART_Debug_Start
 .text.UART_Debug_PutString
                0x00001580       0xb0 .\ARM_GCC_541\Release\Start_CY8C5868.a(UART_Debug.o)
                0x00001580                UART_Debug_PutString
 .text.UART_Debug_RXISR
                0x00001630       0xa0 .\ARM_GCC_541\Release\Start_CY8C5868.a(UART_Debug_INT.o)
                0x00001630                UART_Debug_RXISR
 .text.UART_Debug_TXISR
                0x000016d0       0x70 .\ARM_GCC_541\Release\Start_CY8C5868.a(UART_Debug_INT.o)
                0x000016d0                UART_Debug_TXISR
 .text.UART_Linux_Start
                0x00001740       0xc0 .\ARM_GCC_541\Release\Start_CY8C5868.a(UART_Linux.o)
                0x00001740                UART_Linux_Start
 .text.UART_Linux_GetChar
                0x00001800       0x7c .\ARM_GCC_541\Release\Start_CY8C5868.a(UART_Linux.o)
                0x00001800                UART_Linux_GetChar
 .text.UART_Linux_PutArray
                0x0000187c       0xb0 .\ARM_GCC_541\Release\Start_CY8C5868.a(UART_Linux.o)
                0x0000187c                UART_Linux_PutArray
 .text.UART_Linux_RXISR
                0x0000192c       0xa0 .\ARM_GCC_541\Release\Start_CY8C5868.a(UART_Linux_INT.o)
                0x0000192c                UART_Linux_RXISR
 .text.UART_Linux_TXISR
                0x000019cc       0x70 .\ARM_GCC_541\Release\Start_CY8C5868.a(UART_Linux_INT.o)
                0x000019cc                UART_Linux_TXISR
 .text.Pins_Port1_ClearInterrupt
                0x00001a3c       0x10 .\ARM_GCC_541\Release\Start_CY8C5868.a(Pins_Port1.o)
                0x00001a3c                Pins_Port1_ClearInterrupt
 .text.Pins_Port2_ClearInterrupt
                0x00001a4c       0x10 .\ARM_GCC_541\Release\Start_CY8C5868.a(Pins_Port2.o)
                0x00001a4c                Pins_Port2_ClearInterrupt
 .text.Relay_Port1_Write
                0x00001a5c       0x18 .\ARM_GCC_541\Release\Start_CY8C5868.a(Relay_Port1.o)
                0x00001a5c                Relay_Port1_Write
 .text.Relay_Port2_Write
                0x00001a74       0x18 .\ARM_GCC_541\Release\Start_CY8C5868.a(Relay_Port2.o)
                0x00001a74                Relay_Port2_Write
 .text.intr_Port2_StartEx
                0x00001a8c       0x30 .\ARM_GCC_541\Release\Start_CY8C5868.a(intr_Port2.o)
                0x00001a8c                intr_Port2_StartEx
 .text.LED_RGB_Write
                0x00001abc       0x18 .\ARM_GCC_541\Release\Start_CY8C5868.a(LED_RGB.o)
                0x00001abc                LED_RGB_Write
 .text.UART_Debug_IntClock_Start
                0x00001ad4       0x20 .\ARM_GCC_541\Release\Start_CY8C5868.a(UART_Debug_IntClock.o)
                0x00001ad4                UART_Debug_IntClock_Start
 .text.UART_Linux_IntClock_Start
                0x00001af4       0x20 .\ARM_GCC_541\Release\Start_CY8C5868.a(UART_Linux_IntClock.o)
                0x00001af4                UART_Linux_IntClock_Start
 .text.CySoftwareReset
                0x00001b14       0x10 .\ARM_GCC_541\Release\Start_CY8C5868.a(CyLib.o)
                0x00001b14                CySoftwareReset
 .text.CyWdtStart
                0x00001b24       0x40 .\ARM_GCC_541\Release\Start_CY8C5868.a(CyLib.o)
                0x00001b24                CyWdtStart
 .text.CyWdtClear
                0x00001b64        0xc .\ARM_GCC_541\Release\Start_CY8C5868.a(CyLib.o)
                0x00001b64                CyWdtClear
 .text.CyIntSetSysVector
                0x00001b70       0x18 .\ARM_GCC_541\Release\Start_CY8C5868.a(CyLib.o)
                0x00001b70                CyIntSetSysVector
 .text.CyIntSetVector
                0x00001b88       0x1c .\ARM_GCC_541\Release\Start_CY8C5868.a(CyLib.o)
                0x00001b88                CyIntSetVector
 .text.CyIntSetPriority
                0x00001ba4       0x14 .\ARM_GCC_541\Release\Start_CY8C5868.a(CyLib.o)
                0x00001ba4                CyIntSetPriority
 .text.intr_UART_Linux_Rx_StartEx
                0x00001bb8       0x2c .\ARM_GCC_541\Release\Start_CY8C5868.a(intr_UART_Linux_Rx.o)
                0x00001bb8                intr_UART_Linux_Rx_StartEx
 .text.intr_Port1_StartEx
                0x00001be4       0x2c .\ARM_GCC_541\Release\Start_CY8C5868.a(intr_Port1.o)
                0x00001be4                intr_Port1_StartEx
 .text          0x00001c10       0x20 .\ARM_GCC_541\Release\Start_CY8C5868.a(CyBootAsmGnu.o)
                0x00001c10                CyDelayCycles
                0x00001c20                CyEnterCriticalSection
                0x00001c28                CyExitCriticalSection
 .text.atoi     0x00001c30        0x8 c:/program files (x86)/cypress/psoc creator/4.4/psoc creator/import/gnu/arm/5.4.1/bin/../lib/gcc/arm-none-eabi/5.4.1/../../../../arm-none-eabi/lib/armv7-m\libc_nano.a(lib_a-atoi.o)
                0x00001c30                atoi
 .text.__errno  0x00001c38        0xc c:/program files (x86)/cypress/psoc creator/4.4/psoc creator/import/gnu/arm/5.4.1/bin/../lib/gcc/arm-none-eabi/5.4.1/../../../../arm-none-eabi/lib/armv7-m\libc_nano.a(lib_a-errno.o)
                0x00001c38                __errno
 .text.__libc_init_array
                0x00001c44       0x4c c:/program files (x86)/cypress/psoc creator/4.4/psoc creator/import/gnu/arm/5.4.1/bin/../lib/gcc/arm-none-eabi/5.4.1/../../../../arm-none-eabi/lib/armv7-m\libc_nano.a(lib_a-init.o)
                0x00001c44                __libc_init_array
 .text.memcmp   0x00001c90       0x1e c:/program files (x86)/cypress/psoc creator/4.4/psoc creator/import/gnu/arm/5.4.1/bin/../lib/gcc/arm-none-eabi/5.4.1/../../../../arm-none-eabi/lib/armv7-m\libc_nano.a(lib_a-memcmp.o)
                0x00001c90                memcmp
 .text.memcpy   0x00001cae       0x16 c:/program files (x86)/cypress/psoc creator/4.4/psoc creator/import/gnu/arm/5.4.1/bin/../lib/gcc/arm-none-eabi/5.4.1/../../../../arm-none-eabi/lib/armv7-m\libc_nano.a(lib_a-memcpy-stub.o)
                0x00001cae                memcpy
 .text.memmove  0x00001cc4       0x36 c:/program files (x86)/cypress/psoc creator/4.4/psoc creator/import/gnu/arm/5.4.1/bin/../lib/gcc/arm-none-eabi/5.4.1/../../../../arm-none-eabi/lib/armv7-m\libc_nano.a(lib_a-memmove.o)
                0x00001cc4                memmove
 .text.memset   0x00001cfa       0x10 c:/program files (x86)/cypress/psoc creator/4.4/psoc creator/import/gnu/arm/5.4.1/bin/../lib/gcc/arm-none-eabi/5.4.1/../../../../arm-none-eabi/lib/armv7-m\libc_nano.a(lib_a-memset.o)
                0x00001cfa                memset
 *fill*         0x00001d0a        0x2 
 .text.sprintf  0x00001d0c       0x48 c:/program files (x86)/cypress/psoc creator/4.4/psoc creator/import/gnu/arm/5.4.1/bin/../lib/gcc/arm-none-eabi/5.4.1/../../../../arm-none-eabi/lib/armv7-m\libc_nano.a(lib_a-sprintf.o)
                0x00001d0c                siprintf
                0x00001d0c                sprintf
 .text          0x00001d54       0x10 c:/program files (x86)/cypress/psoc creator/4.4/psoc creator/import/gnu/arm/5.4.1/bin/../lib/gcc/arm-none-eabi/5.4.1/../../../../arm-none-eabi/lib/armv7-m\libc_nano.a(lib_a-strlen.o)
                0x00001d54                strlen
 .text.strstr   0x00001d64       0x34 c:/program files (x86)/cypress/psoc creator/4.4/psoc creator/import/gnu/arm/5.4.1/bin/../lib/gcc/arm-none-eabi/5.4.1/../../../../arm-none-eabi/lib/armv7-m\libc_nano.a(lib_a-strstr.o)
                0x00001d64                strstr
 .text._strtol_r
                0x00001d98      0x10c c:/program files (x86)/cypress/psoc creator/4.4/psoc creator/import/gnu/arm/5.4.1/bin/../lib/gcc/arm-none-eabi/5.4.1/../../../../arm-none-eabi/lib/armv7-m\libc_nano.a(lib_a-strtol.o)
                0x00001d98                _strtol_r
 .text.strtol   0x00001ea4       0x14 c:/program files (x86)/cypress/psoc creator/4.4/psoc creator/import/gnu/arm/5.4.1/bin/../lib/gcc/arm-none-eabi/5.4.1/../../../../arm-none-eabi/lib/armv7-m\libc_nano.a(lib_a-strtol.o)
                0x00001ea4                strtol
 .text._free_r  0x00001eb8       0x98 c:/program files (x86)/cypress/psoc creator/4.4/psoc creator/import/gnu/arm/5.4.1/bin/../lib/gcc/arm-none-eabi/5.4.1/../../../../arm-none-eabi/lib/armv7-m\libc_nano.a(lib_a-nano-freer.o)
                0x00001eb8                _free_r
 .text._malloc_r
                0x00001f50       0xbc c:/program files (x86)/cypress/psoc creator/4.4/psoc creator/import/gnu/arm/5.4.1/bin/../lib/gcc/arm-none-eabi/5.4.1/../../../../arm-none-eabi/lib/armv7-m\libc_nano.a(lib_a-nano-mallocr.o)
                0x00001f50                _malloc_r
 .text.__ssputs_r
                0x0000200c       0xb2 c:/program files (x86)/cypress/psoc creator/4.4/psoc creator/import/gnu/arm/5.4.1/bin/../lib/gcc/arm-none-eabi/5.4.1/../../../../arm-none-eabi/lib/armv7-m\libc_nano.a(lib_a-nano-svfprintf.o)
                0x0000200c                __ssputs_r
 *fill*         0x000020be        0x2 
 .text._svfprintf_r
                0x000020c0      0x1e8 c:/program files (x86)/cypress/psoc creator/4.4/psoc creator/import/gnu/arm/5.4.1/bin/../lib/gcc/arm-none-eabi/5.4.1/../../../../arm-none-eabi/lib/armv7-m\libc_nano.a(lib_a-nano-svfprintf.o)
                0x000020c0                _svfiprintf_r
                0x000020c0                _svfprintf_r
 .text._printf_common
                0x000022a8       0xec c:/program files (x86)/cypress/psoc creator/4.4/psoc creator/import/gnu/arm/5.4.1/bin/../lib/gcc/arm-none-eabi/5.4.1/../../../../arm-none-eabi/lib/armv7-m\libc_nano.a(lib_a-nano-vfprintf_i.o)
                0x000022a8                _printf_common
 .text._printf_i
                0x00002394      0x24c c:/program files (x86)/cypress/psoc creator/4.4/psoc creator/import/gnu/arm/5.4.1/bin/../lib/gcc/arm-none-eabi/5.4.1/../../../../arm-none-eabi/lib/armv7-m\libc_nano.a(lib_a-nano-vfprintf_i.o)
                0x00002394                _printf_i
 .text._sbrk_r  0x000025e0       0x20 c:/program files (x86)/cypress/psoc creator/4.4/psoc creator/import/gnu/arm/5.4.1/bin/../lib/gcc/arm-none-eabi/5.4.1/../../../../arm-none-eabi/lib/armv7-m\libc_nano.a(lib_a-sbrkr.o)
                0x000025e0                _sbrk_r
 .text.memchr   0x00002600       0x1c c:/program files (x86)/cypress/psoc creator/4.4/psoc creator/import/gnu/arm/5.4.1/bin/../lib/gcc/arm-none-eabi/5.4.1/../../../../arm-none-eabi/lib/armv7-m\libc_nano.a(lib_a-memchr-stub.o)
                0x00002600                memchr
 .text._realloc_r
                0x0000261c       0x4c c:/program files (x86)/cypress/psoc creator/4.4/psoc creator/import/gnu/arm/5.4.1/bin/../lib/gcc/arm-none-eabi/5.4.1/../../../../arm-none-eabi/lib/armv7-m\libc_nano.a(lib_a-nano-reallocr.o)
                0x0000261c                _realloc_r
 .text._malloc_usable_size_r
                0x00002668       0x14 c:/program files (x86)/cypress/psoc creator/4.4/psoc creator/import/gnu/arm/5.4.1/bin/../lib/gcc/arm-none-eabi/5.4.1/../../../../arm-none-eabi/lib/armv7-m\libc_nano.a(lib_a-nano-msizer.o)
                0x00002668                _malloc_usable_size_r
 .text          0x0000267c      0x140 ..\..\..\..\Lib\libosT7LR.a(RTOS.o)
                0x0000267c                PendSV_Handler
                0x000026e4                OS_StartTask
                0x000026f8                OS_StartASM
                0x00002740                OS_StopASM
                0x00002756                OS_Switch
                0x00002774                OS_SwitchAfterISR_CortexM
                0x00002778                OS_Switch_End
                0x0000277a                OS_SwitchFromInt
 .text.OS_InterruptSafetyLock
                0x000027bc       0x28 ..\..\..\..\Lib\libosT7LR.a(OS_ThreadSafeInt.o)
                0x000027bc                OS_InterruptSafetyLock
 .text.OS_InterruptSafetyUnlock
                0x000027e4       0x20 ..\..\..\..\Lib\libosT7LR.a(OS_ThreadSafeInt.o)
                0x000027e4                OS_InterruptSafetyUnlock
 .text.OS_TIME_ConfigSysTimer
                0x00002804       0x90 ..\..\..\..\Lib\libosT7LR.a(OS_Timing.o)
                0x00002804                OS_TIME_ConfigSysTimer
 .text.OS_TASK_LeaveRegion
                0x00002894       0x48 ..\..\..\..\Lib\libosT7LR.a(OS_Task.o)
                0x00002894                OS_TASK_LeaveRegion
 .text.OS_TICK_Handle
                0x000028dc       0x5c ..\..\..\..\Lib\libosT7LR.a(OS_SysTick.o)
                0x000028dc                OS_TICK_Handle
 .text._InsertTimerInList
                0x00002938       0x50 ..\..\..\..\Lib\libosT7LR.a(OS_SoftwareTimer.o)
 .text.OS_CheckTimer
                0x00002988       0x46 ..\..\..\..\Lib\libosT7LR.a(OS_SoftwareTimer.o)
                0x00002988                OS_CheckTimer
 .text.OS_TIMER_Create
                0x000029ce       0x16 ..\..\..\..\Lib\libosT7LR.a(OS_SoftwareTimer.o)
                0x000029ce                OS_TIMER_Create
 .text.OS_TIMER_GetStatus
                0x000029e4        0x4 ..\..\..\..\Lib\libosT7LR.a(OS_SoftwareTimer.o)
                0x000029e4                OS_TIMER_GetStatus
 .text.OS_TIMER_Restart
                0x000029e8       0x50 ..\..\..\..\Lib\libosT7LR.a(OS_SoftwareTimer.o)
                0x000029e8                OS_TIMER_Restart
 .text.OS_TIMER_Stop
                0x00002a38       0x50 ..\..\..\..\Lib\libosT7LR.a(OS_SoftwareTimer.o)
                0x00002a38                OS_TIMER_Stop
 .text.OS_EnterRegionFunc
                0x00002a88       0x10 ..\..\..\..\Lib\libosT7LR.a(OS_Kern.o)
                0x00002a88                OS_EnterRegionFunc
 .text.OS_RemoveTaskFromWaitList
                0x00002a98       0x12 ..\..\..\..\Lib\libosT7LR.a(OS_Kern.o)
                0x00002a98                OS_RemoveTaskFromWaitList
 *fill*         0x00002aaa        0x2 
 .text.OS_MakeTaskReady
                0x00002aac       0x78 ..\..\..\..\Lib\libosT7LR.a(OS_Kern.o)
                0x00002aac                OS_MakeTaskReady
 .text.OS_InsertTask
                0x00002b24       0x70 ..\..\..\..\Lib\libosT7LR.a(OS_Kern.o)
                0x00002b24                OS_InsertTask
 .text.OS_SaveMainStack
                0x00002b94       0x30 ..\..\..\..\Lib\libosT7LR.a(OS_Kern.o)
                0x00002b94                OS_SaveMainStack
 .text.OS_TaskInit
                0x00002bc4       0x1c ..\..\..\..\Lib\libosT7LR.a(OS_Kern.o)
                0x00002bc4                OS_TaskInit
 .text.OS_TerminateError
                0x00002be0        0x2 ..\..\..\..\Lib\libosT7LR.a(OS_Kern.o)
                0x00002be0                OS_TerminateError
 .text.OS_UnlinkTask
                0x00002be2        0xc ..\..\..\..\Lib\libosT7LR.a(OS_Kern.o)
                0x00002be2                OS_UnlinkTask
 *fill*         0x00002bee        0x2 
 .text.OS_ChangeTask_STD
                0x00002bf0      0x25c ..\..\..\..\Lib\libosT7LR.a(OS_Kern.o)
                0x00002bf0                OS_ChangeTask_STD
 .text.OS_Init_STD
                0x00002e4c       0x54 ..\..\..\..\Lib\libosT7LR.a(OS_Kern.o)
                0x00002e4c                OS_Init_STD
 .text.OS__Start
                0x00002ea0       0x1c ..\..\..\..\Lib\libosT7LR.a(OS_Kern.o)
                0x00002ea0                OS__Start
 .text.OS_STACK_GetSysStackBase
                0x00002ebc        0x8 ..\..\..\..\Lib\libosT7LR.a(OS_StackInfo.o)
                0x00002ebc                OS_STACK_GetSysStackBase
 .text.OS_STACK_GetSysStackSize
                0x00002ec4       0x10 ..\..\..\..\Lib\libosT7LR.a(OS_StackInfo.o)
                0x00002ec4                OS_STACK_GetSysStackSize
 .text.OS_ARMv7M_Init
                0x00002ed4       0x24 ..\..\..\..\Lib\libosT7LR.a(OS_ARMv7M_Init.o)
                0x00002ed4                OS_ARMv7M_Init
 *(.plt)
 *(.gnu.warning)
 *(.glue_7t)
 .glue_7t       0x00002ef8        0x0 linker stubs
 *(.glue_7)
 .glue_7        0x00002ef8        0x0 linker stubs
 *(.vfp11_veneer)
 .vfp11_veneer  0x00002ef8        0x0 linker stubs
 *(.bootloader)
 *(.ARM.extab* .gnu.linkonce.armextab.*)
 *(.gcc_except_table)

.v4_bx          0x00002ef8        0x0
 .v4_bx         0x00002ef8        0x0 linker stubs

.iplt           0x00002ef8        0x0
 .iplt          0x00002ef8        0x0 c:/program files (x86)/cypress/psoc creator/4.4/psoc creator/import/gnu/arm/5.4.1/bin/../lib/gcc/arm-none-eabi/5.4.1/armv7-m/crtbegin.o

.eh_frame_hdr
 *(.eh_frame_hdr)

.eh_frame       0x00002ef8        0x4
 *(.eh_frame)
 .eh_frame      0x00002ef8        0x0 c:/program files (x86)/cypress/psoc creator/4.4/psoc creator/import/gnu/arm/5.4.1/bin/../lib/gcc/arm-none-eabi/5.4.1/armv7-m/crtbegin.o
 .eh_frame      0x00002ef8        0x4 c:/program files (x86)/cypress/psoc creator/4.4/psoc creator/import/gnu/arm/5.4.1/bin/../lib/gcc/arm-none-eabi/5.4.1/armv7-m/crtend.o
                [!provide]                PROVIDE (__exidx_start, .)

.ARM.exidx
 *(.ARM.exidx* .gnu.linkonce.armexidx.*)
                0x00002efc                __exidx_end = .

.rodata         0x00002efc      0x99c
 *(.rodata .rodata.* .gnu.linkonce.r.*)
 .rodata        0x00002efc       0x28 .\ARM_GCC_541\Release\OS_Main.o
 .rodata.str1.4
                0x00002f24      0x6ca .\ARM_GCC_541\Release\OS_Main.o
                                0x6ce (size before relaxing)
 *fill*         0x000035ee        0x2 
 .rodata        0x000035f0       0x18 .\ARM_GCC_541\Release\RTOSInit_CY8C5868.o
                0x00003604                OS_JLINKMEM_BufferSize
 .rodata.str1.4
                0x00003608       0xc0 .\ARM_GCC_541\Release\ChipMonitor.o
                                 0xbd (size before relaxing)
 .rodata        0x000036c8       0x2a .\ARM_GCC_541\Release\cyfitter_cfg.o
 .rodata.str1.1
                0x000036f2        0x2 c:/program files (x86)/cypress/psoc creator/4.4/psoc creator/import/gnu/arm/5.4.1/bin/../lib/gcc/arm-none-eabi/5.4.1/../../../../arm-none-eabi/lib/armv7-m\libc_nano.a(lib_a-impure.o)
 .rodata._ctype_
                0x000036f4      0x101 c:/program files (x86)/cypress/psoc creator/4.4/psoc creator/import/gnu/arm/5.4.1/bin/../lib/gcc/arm-none-eabi/5.4.1/../../../../arm-none-eabi/lib/armv7-m\libc_nano.a(lib_a-ctype_.o)
                0x000036f4                _ctype_
 .rodata.str1.1
                0x000037f5       0x11 c:/program files (x86)/cypress/psoc creator/4.4/psoc creator/import/gnu/arm/5.4.1/bin/../lib/gcc/arm-none-eabi/5.4.1/../../../../arm-none-eabi/lib/armv7-m\libc_nano.a(lib_a-nano-svfprintf.o)
 .rodata.str1.1
                0x00003806       0x22 c:/program files (x86)/cypress/psoc creator/4.4/psoc creator/import/gnu/arm/5.4.1/bin/../lib/gcc/arm-none-eabi/5.4.1/../../../../arm-none-eabi/lib/armv7-m\libc_nano.a(lib_a-nano-vfprintf_i.o)
 .rodata.OS_DebugInfo
                0x00003828       0x18 ..\..\..\..\Lib\libosT7LR.a(OS_Info.o)
                0x00003828                OS_DebugInfo
 .rodata.OS_Version
                0x00003840        0x4 ..\..\..\..\Lib\libosT7LR.a(OS_Global.o)
                0x00003840                OS_Version
 .rodata.OS_sCopyright
                0x00003844        0x4 ..\..\..\..\Lib\libosT7LR.a(OS_Global.o)
                0x00003844                OS_sCopyright
 .rodata.str1.1
                0x00003848       0x15 ..\..\..\..\Lib\libosT7LR.a(OS_Global.o)
                0x00003860                . = ALIGN (0x4)
 *fill*         0x0000385d        0x3 
 *(.init)
 .init          0x00003860        0x4 c:/program files (x86)/cypress/psoc creator/4.4/psoc creator/import/gnu/arm/5.4.1/bin/../lib/gcc/arm-none-eabi/5.4.1/armv7-m/crti.o
                0x00003860                _init
 .init          0x00003864        0x8 c:/program files (x86)/cypress/psoc creator/4.4/psoc creator/import/gnu/arm/5.4.1/bin/../lib/gcc/arm-none-eabi/5.4.1/armv7-m/crtn.o
                0x0000386c                . = ALIGN (0x4)
                0x0000386c                __preinit_array_start = .
 *(.preinit_array)
                0x0000386c                __preinit_array_end = .
                0x0000386c                . = ALIGN (0x4)
                0x0000386c                __init_array_start = .
 *(SORT(.init_array.*))
 *(.init_array)
 .init_array    0x0000386c        0x4 c:/program files (x86)/cypress/psoc creator/4.4/psoc creator/import/gnu/arm/5.4.1/bin/../lib/gcc/arm-none-eabi/5.4.1/armv7-m/crtbegin.o
 .init_array    0x00003870        0x4 .\ARM_GCC_541\Release\Cm3Start.o
                0x00003874                __init_array_end = .
                0x00003874                . = ALIGN (0x4)
 *(.fini)
 .fini          0x00003874        0x4 c:/program files (x86)/cypress/psoc creator/4.4/psoc creator/import/gnu/arm/5.4.1/bin/../lib/gcc/arm-none-eabi/5.4.1/armv7-m/crti.o
                0x00003874                _fini
 .fini          0x00003878        0x8 c:/program files (x86)/cypress/psoc creator/4.4/psoc creator/import/gnu/arm/5.4.1/bin/../lib/gcc/arm-none-eabi/5.4.1/armv7-m/crtn.o
                0x00003880                . = ALIGN (0x4)
                0x00003880                __fini_array_start = .
 *(.fini_array)
 .fini_array    0x00003880        0x4 c:/program files (x86)/cypress/psoc creator/4.4/psoc creator/import/gnu/arm/5.4.1/bin/../lib/gcc/arm-none-eabi/5.4.1/armv7-m/crtbegin.o
 *(SORT(.fini_array.*))
                0x00003884                __fini_array_end = .
                0x00003884                . = ALIGN (0x4)
 *crtbegin.o(.ctors)
 *(EXCLUDE_FILE(*crtend.o) .ctors)
 *(SORT(.ctors.*))
 *crtend.o(.ctors)
                0x00003884                . = ALIGN (0x4)
 *crtbegin.o(.dtors)
 *(EXCLUDE_FILE(*crtend.o) .dtors)
 *(SORT(.dtors.*))
 *crtend.o(.dtors)
                0x00003884                . = ALIGN (0x4)
                0x00003884                __cy_regions = .
                0x00003884        0x4 LONG 0x3898 __cy_region_init_ram
                0x00003888        0x4 LONG 0x1fff80c8 __cy_region_start_data
                0x0000388c        0x4 LONG 0x70 __cy_region_init_size_ram
                0x00003890        0x4 LONG 0x1718 __cy_region_zero_size_ram
                0x00003894                __cy_regions_end = .
                0x00003898                . = ALIGN (0x8)
 *fill*         0x00003894        0x4 
                0x00003898                _etext = .

.ramvectors     0x1fff8000       0xc0
                0x1fff8000                __cy_region_start_ram = .
 *(.ramvectors)
 .ramvectors    0x1fff8000       0xc0 .\ARM_GCC_541\Release\Cm3Start.o
                0x1fff8000                CyRamVectors

.noinit         0x1fff80c0        0x1
 *(.noinit)
 .noinit        0x1fff80c0        0x1 .\ARM_GCC_541\Release\Start_CY8C5868.a(CyLib.o)
                0x1fff80c0                CyResetStatus

.data           0x1fff80c8       0x70 load address 0x00003898
                0x1fff80c8                __cy_region_start_data = .
 *(.jcr)
 .jcr           0x1fff80c8        0x0 c:/program files (x86)/cypress/psoc creator/4.4/psoc creator/import/gnu/arm/5.4.1/bin/../lib/gcc/arm-none-eabi/5.4.1/armv7-m/crtbegin.o
 .jcr           0x1fff80c8        0x4 c:/program files (x86)/cypress/psoc creator/4.4/psoc creator/import/gnu/arm/5.4.1/bin/../lib/gcc/arm-none-eabi/5.4.1/armv7-m/crtend.o
 *(.got.plt)
 *(.got)
 *(.shdata)
 *(.data .data.* .gnu.linkonce.d.*)
 .data          0x1fff80cc        0x4 .\ARM_GCC_541\Release\OS_Main.o
                0x1fff80cc                Port1_W_bits
                0x1fff80cd                Port2_W_bits
                0x1fff80ce                Port1_W_bits_Old
                0x1fff80cf                Port2_W_bits_Old
 .data.impure_data
                0x1fff80d0       0x60 c:/program files (x86)/cypress/psoc creator/4.4/psoc creator/import/gnu/arm/5.4.1/bin/../lib/gcc/arm-none-eabi/5.4.1/../../../../arm-none-eabi/lib/armv7-m\libc_nano.a(lib_a-impure.o)
 .data._impure_ptr
                0x1fff8130        0x4 c:/program files (x86)/cypress/psoc creator/4.4/psoc creator/import/gnu/arm/5.4.1/bin/../lib/gcc/arm-none-eabi/5.4.1/../../../../arm-none-eabi/lib/armv7-m\libc_nano.a(lib_a-impure.o)
                0x1fff8130                _impure_ptr
 .data.__ctype_ptr__
                0x1fff8134        0x4 c:/program files (x86)/cypress/psoc creator/4.4/psoc creator/import/gnu/arm/5.4.1/bin/../lib/gcc/arm-none-eabi/5.4.1/../../../../arm-none-eabi/lib/armv7-m\libc_nano.a(lib_a-ctype_.o)
                0x1fff8134                __ctype_ptr__
                0x1fff8138                . = ALIGN (0x8)
 *(.ram)
                0x1fff8138                _edata = .

.igot.plt       0x1fff8138        0x0 load address 0x00003908
 .igot.plt      0x1fff8138        0x0 c:/program files (x86)/cypress/psoc creator/4.4/psoc creator/import/gnu/arm/5.4.1/bin/../lib/gcc/arm-none-eabi/5.4.1/armv7-m/crtbegin.o

.bss            0x1fff8138     0x1718 load address 0x00003908
                0x1fff8138                PROVIDE (__bss_start__, .)
 *(.shbss)
 *(.bss .bss.* .gnu.linkonce.b.*)
 .bss           0x1fff8138       0x1c c:/program files (x86)/cypress/psoc creator/4.4/psoc creator/import/gnu/arm/5.4.1/bin/../lib/gcc/arm-none-eabi/5.4.1/armv7-m/crtbegin.o
 .bss           0x1fff8154       0x6b .\ARM_GCC_541\Release\OS_Main.o
                0x1fff8154                read_failure_port1
                0x1fff8158                read_failure_port2
                0x1fff815c                read_failure_total
                0x1fff8160                Port1_W_Counter
                0x1fff8161                Port1_w_Start
                0x1fff8162                Port1_w_have
                0x1fff8163                Port2_W_Counter
                0x1fff8164                Port2_w_Start
                0x1fff8165                Port2_w_have
                0x1fff8168                linux_read_input_failure_port1
                0x1fff816c                linux_read_input_failure_port2
                0x1fff8170                linux_read_input_failure_total
                0x1fff8174                linux_read_failure_port1
                0x1fff8178                linux_read_failure_port2
                0x1fff817c                linux_read_failure_total
                0x1fff8180                RGB_Color
                0x1fff8181                RGB_Color_Old
                0x1fff8184                linux_uart_failure
                0x1fff8188                UART_Linux_Rx_Counter
                0x1fff818c                read_input_port1
                0x1fff8190                read_input_port2
                0x1fff8194                read_input_total
                0x1fff8198                Port1_Locked
                0x1fff819c                read_counter_port1
                0x1fff81a0                read_counter_port2
                0x1fff81a4                read_counter_total
                0x1fff81a8                Port2_Locked
                0x1fff81ac                linux_read_counter_port1
                0x1fff81b0                linux_read_counter_port2
                0x1fff81b4                linux_read_counter_total
                0x1fff81b8                Port1_Relay
                0x1fff81b9                Port1_Relay_Old
                0x1fff81ba                Port2_Relay
                0x1fff81bb                Port2_Relay_Old
                0x1fff81bc                Port1_Locked_Old
                0x1fff81bd                Port2_Locked_Old
                0x1fff81be                UART_Linux_StartBit
 *fill*         0x1fff81bf        0x1 
 .bss           0x1fff81c0        0x8 .\ARM_GCC_541\Release\OS_Syscalls.o
                0x1fff81c4                __env
 .bss           0x1fff81c8        0xd .\ARM_GCC_541\Release\Start_CY8C5868.a(UART_Debug.o)
                0x1fff81c8                UART_Debug_initVar
                0x1fff81c9                UART_Debug_errorStatus
                0x1fff81ca                UART_Debug_rxBufferRead
                0x1fff81cc                UART_Debug_rxBufferWrite
                0x1fff81ce                UART_Debug_rxBufferLoopDetect
                0x1fff81cf                UART_Debug_rxBufferOverflow
                0x1fff81d0                UART_Debug_txBufferRead
                0x1fff81d2                UART_Debug_txBufferWrite
 *fill*         0x1fff81d5        0x1 
 .bss           0x1fff81d6        0xd .\ARM_GCC_541\Release\Start_CY8C5868.a(UART_Linux.o)
                0x1fff81d6                UART_Linux_initVar
                0x1fff81d7                UART_Linux_errorStatus
                0x1fff81d8                UART_Linux_rxBufferRead
                0x1fff81da                UART_Linux_rxBufferWrite
                0x1fff81dc                UART_Linux_rxBufferLoopDetect
                0x1fff81dd                UART_Linux_rxBufferOverflow
                0x1fff81de                UART_Linux_txBufferRead
                0x1fff81e0                UART_Linux_txBufferWrite
 *fill*         0x1fff81e3        0x1 
 .bss.__malloc_sbrk_start
                0x1fff81e4        0x4 c:/program files (x86)/cypress/psoc creator/4.4/psoc creator/import/gnu/arm/5.4.1/bin/../lib/gcc/arm-none-eabi/5.4.1/../../../../arm-none-eabi/lib/armv7-m\libc_nano.a(lib_a-nano-mallocr.o)
                0x1fff81e4                __malloc_sbrk_start
 .bss.__malloc_free_list
                0x1fff81e8        0x4 c:/program files (x86)/cypress/psoc creator/4.4/psoc creator/import/gnu/arm/5.4.1/bin/../lib/gcc/arm-none-eabi/5.4.1/../../../../arm-none-eabi/lib/armv7-m\libc_nano.a(lib_a-nano-mallocr.o)
                0x1fff81e8                __malloc_free_list
 .bss._IntState
                0x1fff81ec        0x4 ..\..\..\..\Lib\libosT7LR.a(OS_ThreadSafeInt.o)
 .bss._LockCnt  0x1fff81f0        0x4 ..\..\..\..\Lib\libosT7LR.a(OS_ThreadSafeInt.o)
 *fill*         0x1fff81f4        0x4 
 .bss.OS_Global
                0x1fff81f8       0x60 ..\..\..\..\Lib\libosT7LR.a(OS_Global.o)
                0x1fff81f8                OS_Global
 .bss.OS_SysTimer_Settings
                0x1fff8258       0x30 ..\..\..\..\Lib\libosT7LR.a(OS_Global.o)
                0x1fff8258                OS_SysTimer_Settings
 *(COMMON)
 COMMON         0x1fff8288      0x5c4 .\ARM_GCC_541\Release\OS_Main.o
                0x1fff8288                Timer_RGB_LED
                0x1fff829c                Timer_Read_W_Port1
                0x1fff82b0                Timer_Read_Linux
                0x1fff82c4                Timer_Read_W_Port2
                0x1fff82d8                Port1_W
                0x1fff835c                Timer_WD
                0x1fff8370                In2
                0x1fff8374                In1
                0x1fff8378                Timer_AfterRead_Port2
                0x1fff838c                Port2_W
                0x1fff8410                UART_Linux_Rx_Buffer
                0x1fff8810                Timer_AfterRead_Port1
                0x1fff8824                Timer_AfterRead_In2
                0x1fff8838                Timer_AfterRead_In1
 COMMON         0x1fff884c      0x800 .\ARM_GCC_541\Release\Start_CY8C5868.a(UART_Debug.o)
                0x1fff884c                UART_Debug_rxBuffer
                0x1fff8c4c                UART_Debug_txBuffer
 COMMON         0x1fff904c      0x800 .\ARM_GCC_541\Release\Start_CY8C5868.a(UART_Linux.o)
                0x1fff904c                UART_Linux_rxBuffer
                0x1fff944c                UART_Linux_txBuffer
 COMMON         0x1fff984c        0x4 c:/program files (x86)/cypress/psoc creator/4.4/psoc creator/import/gnu/arm/5.4.1/bin/../lib/gcc/arm-none-eabi/5.4.1/../../../../arm-none-eabi/lib/armv7-m\libc_nano.a(lib_a-reent.o)
                0x1fff984c                errno
                0x1fff9850                . = ALIGN (0x8)
 *(.ram.b)
                0x1fff9850                _end = .
                0x1fff9850                __end = .
                0x1fff9850                PROVIDE (end, .)
                0x1fff9850                PROVIDE (__bss_end__, .)
                0x00003898                __cy_region_init_ram = LOADADDR (.data)
                0x00000070                __cy_region_init_size_ram = (_edata - ADDR (.data))
                0x00001718                __cy_region_zero_size_ram = (_end - _edata)

.heap           0x1fff9850      0x400 load address 0x00003908
                0x1fff9850                . = _end
                0x1fff9850                __heap_start__ = .
                0x1fff9c50                . = (. + 0x400)
 *fill*         0x1fff9850      0x400 
                0x1fff9c50                __heap_end__ = .

.stack          0x1fff9c50      0x400 load address 0x00003908
                0x1fff9c50                __stack_start__ = .
                0x1fffa050                . = (. + 0x400)
 *fill*         0x1fff9c50      0x400 
                0x1fffa050                __stack_end__ = .
                0x1fffa050                __cy_stack = .

.cyloadermeta
 *(.cyloadermeta)

.cyloadablemeta
 *(.cyloadablemeta)

.cyconfigecc    0x80000000      0x698
 *(.cyconfigecc)
 .cyconfigecc   0x80000000      0x698 .\ARM_GCC_541\Release\cymetadata.o
                0x80000000                cy_meta_configecc

.cycustnvl      0x90000000        0x4
 *(.cycustnvl)
 .cycustnvl     0x90000000        0x4 .\ARM_GCC_541\Release\cymetadata.o
                0x90000000                cy_meta_custnvl

.cywolatch      0x90100000        0x4
 *(.cywolatch)
 .cywolatch     0x90100000        0x4 .\ARM_GCC_541\Release\cymetadata.o
                0x90100000                cy_meta_wonvl

.cyeeprom       0x90200000        0x0
 *(.cyeeprom)
                0x00000001                ASSERT ((. <= ((0x90200000 + ee_offset) + ee_size)), .cyeeprom data will not fit in EEPROM)

.cyflashprotect
                0x90400000      0x100
 *(.cyflashprotect)
 .cyflashprotect
                0x90400000      0x100 .\ARM_GCC_541\Release\cymetadata.o
                0x90400000                cy_meta_flashprotect

.cymeta         0x90500000        0xc
 *(.cymeta)
 .cymeta        0x90500000        0xc .\ARM_GCC_541\Release\cymetadata.o
                0x90500000                cy_metadata

.rel.dyn        0x00003908        0x0 load address 0x9050000c
 .rel.iplt      0x00003908        0x0 c:/program files (x86)/cypress/psoc creator/4.4/psoc creator/import/gnu/arm/5.4.1/bin/../lib/gcc/arm-none-eabi/5.4.1/armv7-m/crtbegin.o

.stab
 *(.stab)

.stabstr
 *(.stabstr)

.debug
 *(.debug)

.line
 *(.line)

.debug_srcinfo
 *(.debug_srcinfo)

.debug_sfnames
 *(.debug_sfnames)

.debug_aranges  0x00000000       0x38
 *(.debug_aranges)
 .debug_aranges
                0x00000000       0x20 .\ARM_GCC_541\Release\Start_CY8C5868.a(CyBootAsmGnu.o)
 .debug_aranges
                0x00000020       0x18 ..\..\..\..\Lib\libosT7LR.a(OS_Global.o)

.debug_pubnames
 *(.debug_pubnames)

.debug_info     0x00000000     0x19bf
 *(.debug_info .gnu.linkonce.wi.*)
 .debug_info    0x00000000       0xdd .\ARM_GCC_541\Release\Start_CY8C5868.a(CyBootAsmGnu.o)
 .debug_info    0x000000dd     0x18e2 ..\..\..\..\Lib\libosT7LR.a(OS_Global.o)

.debug_abbrev   0x00000000      0x241
 *(.debug_abbrev)
 .debug_abbrev  0x00000000       0x14 .\ARM_GCC_541\Release\Start_CY8C5868.a(CyBootAsmGnu.o)
 .debug_abbrev  0x00000014      0x22d ..\..\..\..\Lib\libosT7LR.a(OS_Global.o)

.debug_line     0x00000000      0x1a2
 *(.debug_line)
 .debug_line    0x00000000       0x66 .\ARM_GCC_541\Release\Start_CY8C5868.a(CyBootAsmGnu.o)
 .debug_line    0x00000066      0x13c ..\..\..\..\Lib\libosT7LR.a(OS_Global.o)

.debug_frame    0x00000000      0x59c
 *(.debug_frame)
 .debug_frame   0x00000000       0x30 c:/program files (x86)/cypress/psoc creator/4.4/psoc creator/import/gnu/arm/5.4.1/bin/../lib/gcc/arm-none-eabi/5.4.1/../../../../arm-none-eabi/lib/armv7-m\libc_nano.a(lib_a-atoi.o)
 .debug_frame   0x00000030       0x20 c:/program files (x86)/cypress/psoc creator/4.4/psoc creator/import/gnu/arm/5.4.1/bin/../lib/gcc/arm-none-eabi/5.4.1/../../../../arm-none-eabi/lib/armv7-m\libc_nano.a(lib_a-errno.o)
 .debug_frame   0x00000050       0x28 c:/program files (x86)/cypress/psoc creator/4.4/psoc creator/import/gnu/arm/5.4.1/bin/../lib/gcc/arm-none-eabi/5.4.1/../../../../arm-none-eabi/lib/armv7-m\libc_nano.a(lib_a-exit.o)
 .debug_frame   0x00000078       0x2c c:/program files (x86)/cypress/psoc creator/4.4/psoc creator/import/gnu/arm/5.4.1/bin/../lib/gcc/arm-none-eabi/5.4.1/../../../../arm-none-eabi/lib/armv7-m\libc_nano.a(lib_a-init.o)
 .debug_frame   0x000000a4       0x28 c:/program files (x86)/cypress/psoc creator/4.4/psoc creator/import/gnu/arm/5.4.1/bin/../lib/gcc/arm-none-eabi/5.4.1/../../../../arm-none-eabi/lib/armv7-m\libc_nano.a(lib_a-memcmp.o)
 .debug_frame   0x000000cc       0x28 c:/program files (x86)/cypress/psoc creator/4.4/psoc creator/import/gnu/arm/5.4.1/bin/../lib/gcc/arm-none-eabi/5.4.1/../../../../arm-none-eabi/lib/armv7-m\libc_nano.a(lib_a-memcpy-stub.o)
 .debug_frame   0x000000f4       0x28 c:/program files (x86)/cypress/psoc creator/4.4/psoc creator/import/gnu/arm/5.4.1/bin/../lib/gcc/arm-none-eabi/5.4.1/../../../../arm-none-eabi/lib/armv7-m\libc_nano.a(lib_a-memmove.o)
 .debug_frame   0x0000011c       0x20 c:/program files (x86)/cypress/psoc creator/4.4/psoc creator/import/gnu/arm/5.4.1/bin/../lib/gcc/arm-none-eabi/5.4.1/../../../../arm-none-eabi/lib/armv7-m\libc_nano.a(lib_a-memset.o)
 .debug_frame   0x0000013c       0x5c c:/program files (x86)/cypress/psoc creator/4.4/psoc creator/import/gnu/arm/5.4.1/bin/../lib/gcc/arm-none-eabi/5.4.1/../../../../arm-none-eabi/lib/armv7-m\libc_nano.a(lib_a-reent.o)
 .debug_frame   0x00000198       0x70 c:/program files (x86)/cypress/psoc creator/4.4/psoc creator/import/gnu/arm/5.4.1/bin/../lib/gcc/arm-none-eabi/5.4.1/../../../../arm-none-eabi/lib/armv7-m\libc_nano.a(lib_a-sprintf.o)
 .debug_frame   0x00000208       0x30 c:/program files (x86)/cypress/psoc creator/4.4/psoc creator/import/gnu/arm/5.4.1/bin/../lib/gcc/arm-none-eabi/5.4.1/../../../../arm-none-eabi/lib/armv7-m\libc_nano.a(lib_a-strstr.o)
 .debug_frame   0x00000238       0x44 c:/program files (x86)/cypress/psoc creator/4.4/psoc creator/import/gnu/arm/5.4.1/bin/../lib/gcc/arm-none-eabi/5.4.1/../../../../arm-none-eabi/lib/armv7-m\libc_nano.a(lib_a-strtol.o)
 .debug_frame   0x0000027c       0x38 c:/program files (x86)/cypress/psoc creator/4.4/psoc creator/import/gnu/arm/5.4.1/bin/../lib/gcc/arm-none-eabi/5.4.1/../../../../arm-none-eabi/lib/armv7-m\libc_nano.a(lib_a-nano-freer.o)
 .debug_frame   0x000002b4       0x2c c:/program files (x86)/cypress/psoc creator/4.4/psoc creator/import/gnu/arm/5.4.1/bin/../lib/gcc/arm-none-eabi/5.4.1/../../../../arm-none-eabi/lib/armv7-m\libc_nano.a(lib_a-nano-mallocr.o)
 .debug_frame   0x000002e0       0x90 c:/program files (x86)/cypress/psoc creator/4.4/psoc creator/import/gnu/arm/5.4.1/bin/../lib/gcc/arm-none-eabi/5.4.1/../../../../arm-none-eabi/lib/armv7-m\libc_nano.a(lib_a-nano-svfprintf.o)
 .debug_frame   0x00000370       0x60 c:/program files (x86)/cypress/psoc creator/4.4/psoc creator/import/gnu/arm/5.4.1/bin/../lib/gcc/arm-none-eabi/5.4.1/../../../../arm-none-eabi/lib/armv7-m\libc_nano.a(lib_a-nano-vfprintf_i.o)
 .debug_frame   0x000003d0       0x2c c:/program files (x86)/cypress/psoc creator/4.4/psoc creator/import/gnu/arm/5.4.1/bin/../lib/gcc/arm-none-eabi/5.4.1/../../../../arm-none-eabi/lib/armv7-m\libc_nano.a(lib_a-sbrkr.o)
 .debug_frame   0x000003fc       0x28 c:/program files (x86)/cypress/psoc creator/4.4/psoc creator/import/gnu/arm/5.4.1/bin/../lib/gcc/arm-none-eabi/5.4.1/../../../../arm-none-eabi/lib/armv7-m\libc_nano.a(lib_a-memchr-stub.o)
 .debug_frame   0x00000424       0x3c c:/program files (x86)/cypress/psoc creator/4.4/psoc creator/import/gnu/arm/5.4.1/bin/../lib/gcc/arm-none-eabi/5.4.1/../../../../arm-none-eabi/lib/armv7-m\libc_nano.a(lib_a-nano-reallocr.o)
 .debug_frame   0x00000460       0x20 c:/program files (x86)/cypress/psoc creator/4.4/psoc creator/import/gnu/arm/5.4.1/bin/../lib/gcc/arm-none-eabi/5.4.1/../../../../arm-none-eabi/lib/armv7-m\libc_nano.a(lib_a-nano-msizer.o)
 .debug_frame   0x00000480       0x24 ..\..\..\..\Lib\libosT7LR.a(RTOS.o)
 .debug_frame   0x000004a4       0x30 c:/program files (x86)/cypress/psoc creator/4.4/psoc creator/import/gnu/arm/5.4.1/bin/../lib/gcc/arm-none-eabi/5.4.1/../../../../arm-none-eabi/lib/armv7-m\libg_nano.a(lib_a-malloc.o)
 .debug_frame   0x000004d4       0x20 c:/program files (x86)/cypress/psoc creator/4.4/psoc creator/import/gnu/arm/5.4.1/bin/../lib/gcc/arm-none-eabi/5.4.1/../../../../arm-none-eabi/lib/armv7-m\libg_nano.a(lib_a-realloc.o)
 .debug_frame   0x000004f4       0x44 c:/program files (x86)/cypress/psoc creator/4.4/psoc creator/import/gnu/arm/5.4.1/bin/../lib/gcc/arm-none-eabi/5.4.1/armv7-m\libgcc.a(_aeabi_ldivmod.o)
 .debug_frame   0x00000538       0x2c c:/program files (x86)/cypress/psoc creator/4.4/psoc creator/import/gnu/arm/5.4.1/bin/../lib/gcc/arm-none-eabi/5.4.1/armv7-m\libgcc.a(_aeabi_uldivmod.o)
 .debug_frame   0x00000564       0x38 c:/program files (x86)/cypress/psoc creator/4.4/psoc creator/import/gnu/arm/5.4.1/bin/../lib/gcc/arm-none-eabi/5.4.1/armv7-m\libgcc.a(_udivmoddi4.o)

.debug_str      0x00000000     0x18ba
 *(.debug_str)
 .debug_str     0x00000000     0x18ba ..\..\..\..\Lib\libosT7LR.a(OS_Global.o)
                               0x1951 (size before relaxing)

.comment        0x00000000       0xe3
 .comment       0x00000000       0x6e .\ARM_GCC_541\Release\OS_Main.o
                                 0x6f (size before relaxing)
 .comment       0x0000006e       0x6f .\ARM_GCC_541\Release\BSP.o
 .comment       0x0000006e       0x6f .\ARM_GCC_541\Release\OS_Error.o
 .comment       0x0000006e       0x6f .\ARM_GCC_541\Release\OS_ThreadSafe.o
 .comment       0x0000006e       0x6f .\ARM_GCC_541\Release\OS_Syscalls.o
 .comment       0x0000006e       0x6f .\ARM_GCC_541\Release\RTOSInit_CY8C5868.o
 .comment       0x0000006e       0x6f .\ARM_GCC_541\Release\JLINKMEM_Process.o
 .comment       0x0000006e       0x6f .\ARM_GCC_541\Release\SEGGER_RTT.o
 .comment       0x0000006e       0x6f .\ARM_GCC_541\Release\SEGGER_RTT_printf.o
 .comment       0x0000006e       0x6f .\ARM_GCC_541\Release\SEGGER_RTT_Syscalls_GCC.o
 .comment       0x0000006e       0x6f .\ARM_GCC_541\Release\SEGGER_SYSVIEW.o
 .comment       0x0000006e       0x6f .\ARM_GCC_541\Release\SEGGER_SYSVIEW_Config_embOS.o
 .comment       0x0000006e       0x6f .\ARM_GCC_541\Release\SEGGER_SYSVIEW_embOS.o
 .comment       0x0000006e       0x6f .\ARM_GCC_541\Release\IO.o
 .comment       0x0000006e       0x6f .\ARM_GCC_541\Release\defines.o
 .comment       0x0000006e       0x6f .\ARM_GCC_541\Release\ChipMonitor.o
 .comment       0x0000006e       0x6f .\ARM_GCC_541\Release\cyfitter_cfg.o
 .comment       0x0000006e       0x6f .\ARM_GCC_541\Release\cymetadata.o
 .comment       0x0000006e       0x6f .\ARM_GCC_541\Release\Cm3Start.o
 .comment       0x0000006e       0x6f .\ARM_GCC_541\Release\Start_CY8C5868.a(UART_Debug.o)
 .comment       0x0000006e       0x6f .\ARM_GCC_541\Release\Start_CY8C5868.a(UART_Debug_INT.o)
 .comment       0x0000006e       0x6f .\ARM_GCC_541\Release\Start_CY8C5868.a(UART_Linux.o)
 .comment       0x0000006e       0x6f .\ARM_GCC_541\Release\Start_CY8C5868.a(UART_Linux_INT.o)
 .comment       0x0000006e       0x6f .\ARM_GCC_541\Release\Start_CY8C5868.a(Pins_Port1.o)
 .comment       0x0000006e       0x6f .\ARM_GCC_541\Release\Start_CY8C5868.a(Pins_Port2.o)
 .comment       0x0000006e       0x6f .\ARM_GCC_541\Release\Start_CY8C5868.a(Relay_Port1.o)
 .comment       0x0000006e       0x6f .\ARM_GCC_541\Release\Start_CY8C5868.a(Relay_Port2.o)
 .comment       0x0000006e       0x6f .\ARM_GCC_541\Release\Start_CY8C5868.a(intr_Port2.o)
 .comment       0x0000006e       0x6f .\ARM_GCC_541\Release\Start_CY8C5868.a(LED_RGB.o)
 .comment       0x0000006e       0x6f .\ARM_GCC_541\Release\Start_CY8C5868.a(UART_Debug_IntClock.o)
 .comment       0x0000006e       0x6f .\ARM_GCC_541\Release\Start_CY8C5868.a(UART_Linux_IntClock.o)
 .comment       0x0000006e       0x6f .\ARM_GCC_541\Release\Start_CY8C5868.a(CyLib.o)
 .comment       0x0000006e       0x6f .\ARM_GCC_541\Release\Start_CY8C5868.a(cyPm.o)
 .comment       0x0000006e       0x6f .\ARM_GCC_541\Release\Start_CY8C5868.a(intr_UART_Linux_Rx.o)
 .comment       0x0000006e       0x6f .\ARM_GCC_541\Release\Start_CY8C5868.a(intr_Port1.o)
 .comment       0x0000006e       0x6f .\ARM_GCC_541\Release\Start_CY8C5868.a(CyFlash.o)
 .comment       0x0000006e       0x6f .\ARM_GCC_541\Release\Start_CY8C5868.a(CySpc.o)
 .comment       0x0000006e       0x75 ..\..\..\..\Lib\libosT7LR.a(OS_ThreadSafeInt.o)
                                 0x76 (size before relaxing)
 .comment       0x000000e3       0x76 ..\..\..\..\Lib\libosT7LR.a(OS_Trace.o)
 .comment       0x000000e3       0x76 ..\..\..\..\Lib\libosT7LR.a(OS_Timing.o)
 .comment       0x000000e3       0x76 ..\..\..\..\Lib\libosT7LR.a(OS_Task.o)
 .comment       0x000000e3       0x76 ..\..\..\..\Lib\libosT7LR.a(OS_SysTick.o)
 .comment       0x000000e3       0x76 ..\..\..\..\Lib\libosT7LR.a(OS_SoftwareTimer.o)
 .comment       0x000000e3       0x76 ..\..\..\..\Lib\libosT7LR.a(OS_Mutex.o)
 .comment       0x000000e3       0x76 ..\..\..\..\Lib\libosT7LR.a(OS_Kern.o)
 .comment       0x000000e3       0x76 ..\..\..\..\Lib\libosT7LR.a(OS_Info.o)
 .comment       0x000000e3       0x76 ..\..\..\..\Lib\libosT7LR.a(OS_Global.o)
 .comment       0x000000e3       0x76 ..\..\..\..\Lib\libosT7LR.a(OS_Com.o)
 .comment       0x000000e3       0x76 ..\..\..\..\Lib\libosT7LR.a(OS_Alloc.o)
 .comment       0x000000e3       0x76 ..\..\..\..\Lib\libosT7LR.a(OS_TLS.o)
 .comment       0x000000e3       0x76 ..\..\..\..\Lib\libosT7LR.a(OS_StackInfo.o)
 .comment       0x000000e3       0x76 ..\..\..\..\Lib\libosT7LR.a(OS_ARMv7M_Init.o)
 .comment       0x000000e3       0x76 ..\..\..\..\Lib\libosT7LR.a(OS_LowPower.o)

.debug_loc
 *(.debug_loc)

.debug_macinfo
 *(.debug_macinfo)

.debug_ranges
 *(.debug_ranges)

.debug_weaknames
 *(.debug_weaknames)

.debug_funcnames
 *(.debug_funcnames)

.debug_typenames
 *(.debug_typenames)

.debug_varnames
 *(.debug_varnames)

.note.gnu.arm.ident
 *(.note.gnu.arm.ident)

.ARM.attributes
                0x00000000       0x29
 *(.ARM.attributes)
 .ARM.attributes
                0x00000000       0x1d c:/program files (x86)/cypress/psoc creator/4.4/psoc creator/import/gnu/arm/5.4.1/bin/../lib/gcc/arm-none-eabi/5.4.1/armv7-m/crti.o
 .ARM.attributes
                0x0000001d       0x2d c:/program files (x86)/cypress/psoc creator/4.4/psoc creator/import/gnu/arm/5.4.1/bin/../lib/gcc/arm-none-eabi/5.4.1/armv7-m/crtbegin.o
 .ARM.attributes
                0x0000004a       0x1b c:/program files (x86)/cypress/psoc creator/4.4/psoc creator/import/gnu/arm/5.4.1/bin/../lib/gcc/arm-none-eabi/5.4.1/../../../../arm-none-eabi/lib/armv7-m/crt0.o
 .ARM.attributes
                0x00000065       0x33 .\ARM_GCC_541\Release\OS_Main.o
 .ARM.attributes
                0x00000098       0x33 .\ARM_GCC_541\Release\BSP.o
 .ARM.attributes
                0x000000cb       0x33 .\ARM_GCC_541\Release\OS_Error.o
 .ARM.attributes
                0x000000fe       0x33 .\ARM_GCC_541\Release\OS_ThreadSafe.o
 .ARM.attributes
                0x00000131       0x33 .\ARM_GCC_541\Release\OS_Syscalls.o
 .ARM.attributes
                0x00000164       0x33 .\ARM_GCC_541\Release\RTOSInit_CY8C5868.o
 .ARM.attributes
                0x00000197       0x33 .\ARM_GCC_541\Release\JLINKMEM_Process.o
 .ARM.attributes
                0x000001ca       0x33 .\ARM_GCC_541\Release\SEGGER_RTT.o
 .ARM.attributes
                0x000001fd       0x33 .\ARM_GCC_541\Release\SEGGER_RTT_printf.o
 .ARM.attributes
                0x00000230       0x33 .\ARM_GCC_541\Release\SEGGER_RTT_Syscalls_GCC.o
 .ARM.attributes
                0x00000263       0x33 .\ARM_GCC_541\Release\SEGGER_SYSVIEW.o
 .ARM.attributes
                0x00000296       0x33 .\ARM_GCC_541\Release\SEGGER_SYSVIEW_Config_embOS.o
 .ARM.attributes
                0x000002c9       0x33 .\ARM_GCC_541\Release\SEGGER_SYSVIEW_embOS.o
 .ARM.attributes
                0x000002fc       0x21 .\ARM_GCC_541\Release\SEGGER_RTT_ASM_ARMv7M.o
 .ARM.attributes
                0x0000031d       0x33 .\ARM_GCC_541\Release\IO.o
 .ARM.attributes
                0x00000350       0x33 .\ARM_GCC_541\Release\defines.o
 .ARM.attributes
                0x00000383       0x33 .\ARM_GCC_541\Release\ChipMonitor.o
 .ARM.attributes
                0x000003b6       0x33 .\ARM_GCC_541\Release\cyfitter_cfg.o
 .ARM.attributes
                0x000003e9       0x33 .\ARM_GCC_541\Release\cymetadata.o
 .ARM.attributes
                0x0000041c       0x33 .\ARM_GCC_541\Release\Cm3Start.o
 .ARM.attributes
                0x0000044f       0x33 .\ARM_GCC_541\Release\Start_CY8C5868.a(UART_Debug.o)
 .ARM.attributes
                0x00000482       0x33 .\ARM_GCC_541\Release\Start_CY8C5868.a(UART_Debug_INT.o)
 .ARM.attributes
                0x000004b5       0x33 .\ARM_GCC_541\Release\Start_CY8C5868.a(UART_Linux.o)
 .ARM.attributes
                0x000004e8       0x33 .\ARM_GCC_541\Release\Start_CY8C5868.a(UART_Linux_INT.o)
 .ARM.attributes
                0x0000051b       0x33 .\ARM_GCC_541\Release\Start_CY8C5868.a(Pins_Port1.o)
 .ARM.attributes
                0x0000054e       0x33 .\ARM_GCC_541\Release\Start_CY8C5868.a(Pins_Port2.o)
 .ARM.attributes
                0x00000581       0x33 .\ARM_GCC_541\Release\Start_CY8C5868.a(Relay_Port1.o)
 .ARM.attributes
                0x000005b4       0x33 .\ARM_GCC_541\Release\Start_CY8C5868.a(Relay_Port2.o)
 .ARM.attributes
                0x000005e7       0x33 .\ARM_GCC_541\Release\Start_CY8C5868.a(intr_Port2.o)
 .ARM.attributes
                0x0000061a       0x33 .\ARM_GCC_541\Release\Start_CY8C5868.a(LED_RGB.o)
 .ARM.attributes
                0x0000064d       0x33 .\ARM_GCC_541\Release\Start_CY8C5868.a(UART_Debug_IntClock.o)
 .ARM.attributes
                0x00000680       0x33 .\ARM_GCC_541\Release\Start_CY8C5868.a(UART_Linux_IntClock.o)
 .ARM.attributes
                0x000006b3       0x33 .\ARM_GCC_541\Release\Start_CY8C5868.a(CyLib.o)
 .ARM.attributes
                0x000006e6       0x33 .\ARM_GCC_541\Release\Start_CY8C5868.a(cyPm.o)
 .ARM.attributes
                0x00000719       0x33 .\ARM_GCC_541\Release\Start_CY8C5868.a(intr_UART_Linux_Rx.o)
 .ARM.attributes
                0x0000074c       0x33 .\ARM_GCC_541\Release\Start_CY8C5868.a(intr_Port1.o)
 .ARM.attributes
                0x0000077f       0x21 .\ARM_GCC_541\Release\Start_CY8C5868.a(CyBootAsmGnu.o)
 .ARM.attributes
                0x000007a0       0x33 .\ARM_GCC_541\Release\Start_CY8C5868.a(CyFlash.o)
 .ARM.attributes
                0x000007d3       0x33 .\ARM_GCC_541\Release\Start_CY8C5868.a(CySpc.o)
 .ARM.attributes
                0x00000806       0x2d c:/program files (x86)/cypress/psoc creator/4.4/psoc creator/import/gnu/arm/5.4.1/bin/../lib/gcc/arm-none-eabi/5.4.1/../../../../arm-none-eabi/lib/armv7-m\libc_nano.a(lib_a-atoi.o)
 .ARM.attributes
                0x00000833       0x2d c:/program files (x86)/cypress/psoc creator/4.4/psoc creator/import/gnu/arm/5.4.1/bin/../lib/gcc/arm-none-eabi/5.4.1/../../../../arm-none-eabi/lib/armv7-m\libc_nano.a(lib_a-errno.o)
 .ARM.attributes
                0x00000860       0x2d c:/program files (x86)/cypress/psoc creator/4.4/psoc creator/import/gnu/arm/5.4.1/bin/../lib/gcc/arm-none-eabi/5.4.1/../../../../arm-none-eabi/lib/armv7-m\libc_nano.a(lib_a-exit.o)
 .ARM.attributes
                0x0000088d       0x2d c:/program files (x86)/cypress/psoc creator/4.4/psoc creator/import/gnu/arm/5.4.1/bin/../lib/gcc/arm-none-eabi/5.4.1/../../../../arm-none-eabi/lib/armv7-m\libc_nano.a(lib_a-impure.o)
 .ARM.attributes
                0x000008ba       0x2d c:/program files (x86)/cypress/psoc creator/4.4/psoc creator/import/gnu/arm/5.4.1/bin/../lib/gcc/arm-none-eabi/5.4.1/../../../../arm-none-eabi/lib/armv7-m\libc_nano.a(lib_a-init.o)
 .ARM.attributes
                0x000008e7       0x2d c:/program files (x86)/cypress/psoc creator/4.4/psoc creator/import/gnu/arm/5.4.1/bin/../lib/gcc/arm-none-eabi/5.4.1/../../../../arm-none-eabi/lib/armv7-m\libc_nano.a(lib_a-memcmp.o)
 .ARM.attributes
                0x00000914       0x2d c:/program files (x86)/cypress/psoc creator/4.4/psoc creator/import/gnu/arm/5.4.1/bin/../lib/gcc/arm-none-eabi/5.4.1/../../../../arm-none-eabi/lib/armv7-m\libc_nano.a(lib_a-memcpy-stub.o)
 .ARM.attributes
                0x00000941       0x2d c:/program files (x86)/cypress/psoc creator/4.4/psoc creator/import/gnu/arm/5.4.1/bin/../lib/gcc/arm-none-eabi/5.4.1/../../../../arm-none-eabi/lib/armv7-m\libc_nano.a(lib_a-memmove.o)
 .ARM.attributes
                0x0000096e       0x2d c:/program files (x86)/cypress/psoc creator/4.4/psoc creator/import/gnu/arm/5.4.1/bin/../lib/gcc/arm-none-eabi/5.4.1/../../../../arm-none-eabi/lib/armv7-m\libc_nano.a(lib_a-memset.o)
 .ARM.attributes
                0x0000099b       0x2d c:/program files (x86)/cypress/psoc creator/4.4/psoc creator/import/gnu/arm/5.4.1/bin/../lib/gcc/arm-none-eabi/5.4.1/../../../../arm-none-eabi/lib/armv7-m\libc_nano.a(lib_a-reent.o)
 .ARM.attributes
                0x000009c8       0x2d c:/program files (x86)/cypress/psoc creator/4.4/psoc creator/import/gnu/arm/5.4.1/bin/../lib/gcc/arm-none-eabi/5.4.1/../../../../arm-none-eabi/lib/armv7-m\libc_nano.a(lib_a-sprintf.o)
 .ARM.attributes
                0x000009f5       0x17 c:/program files (x86)/cypress/psoc creator/4.4/psoc creator/import/gnu/arm/5.4.1/bin/../lib/gcc/arm-none-eabi/5.4.1/../../../../arm-none-eabi/lib/armv7-m\libc_nano.a(lib_a-strlen.o)
 .ARM.attributes
                0x00000a0c       0x2d c:/program files (x86)/cypress/psoc creator/4.4/psoc creator/import/gnu/arm/5.4.1/bin/../lib/gcc/arm-none-eabi/5.4.1/../../../../arm-none-eabi/lib/armv7-m\libc_nano.a(lib_a-strstr.o)
 .ARM.attributes
                0x00000a39       0x2d c:/program files (x86)/cypress/psoc creator/4.4/psoc creator/import/gnu/arm/5.4.1/bin/../lib/gcc/arm-none-eabi/5.4.1/../../../../arm-none-eabi/lib/armv7-m\libc_nano.a(lib_a-strtol.o)
 .ARM.attributes
                0x00000a66       0x2d c:/program files (x86)/cypress/psoc creator/4.4/psoc creator/import/gnu/arm/5.4.1/bin/../lib/gcc/arm-none-eabi/5.4.1/../../../../arm-none-eabi/lib/armv7-m\libc_nano.a(lib_a-ctype_.o)
 .ARM.attributes
                0x00000a93       0x2d c:/program files (x86)/cypress/psoc creator/4.4/psoc creator/import/gnu/arm/5.4.1/bin/../lib/gcc/arm-none-eabi/5.4.1/../../../../arm-none-eabi/lib/armv7-m\libc_nano.a(lib_a-nano-freer.o)
 .ARM.attributes
                0x00000ac0       0x2d c:/program files (x86)/cypress/psoc creator/4.4/psoc creator/import/gnu/arm/5.4.1/bin/../lib/gcc/arm-none-eabi/5.4.1/../../../../arm-none-eabi/lib/armv7-m\libc_nano.a(lib_a-nano-mallocr.o)
 .ARM.attributes
                0x00000aed       0x2d c:/program files (x86)/cypress/psoc creator/4.4/psoc creator/import/gnu/arm/5.4.1/bin/../lib/gcc/arm-none-eabi/5.4.1/../../../../arm-none-eabi/lib/armv7-m\libc_nano.a(lib_a-nano-svfprintf.o)
 .ARM.attributes
                0x00000b1a       0x2d c:/program files (x86)/cypress/psoc creator/4.4/psoc creator/import/gnu/arm/5.4.1/bin/../lib/gcc/arm-none-eabi/5.4.1/../../../../arm-none-eabi/lib/armv7-m\libc_nano.a(lib_a-nano-vfprintf_i.o)
 .ARM.attributes
                0x00000b47       0x2d c:/program files (x86)/cypress/psoc creator/4.4/psoc creator/import/gnu/arm/5.4.1/bin/../lib/gcc/arm-none-eabi/5.4.1/../../../../arm-none-eabi/lib/armv7-m\libc_nano.a(lib_a-sbrkr.o)
 .ARM.attributes
                0x00000b74       0x2d c:/program files (x86)/cypress/psoc creator/4.4/psoc creator/import/gnu/arm/5.4.1/bin/../lib/gcc/arm-none-eabi/5.4.1/../../../../arm-none-eabi/lib/armv7-m\libc_nano.a(lib_a-memchr-stub.o)
 .ARM.attributes
                0x00000ba1       0x2d c:/program files (x86)/cypress/psoc creator/4.4/psoc creator/import/gnu/arm/5.4.1/bin/../lib/gcc/arm-none-eabi/5.4.1/../../../../arm-none-eabi/lib/armv7-m\libc_nano.a(lib_a-nano-reallocr.o)
 .ARM.attributes
                0x00000bce       0x2d c:/program files (x86)/cypress/psoc creator/4.4/psoc creator/import/gnu/arm/5.4.1/bin/../lib/gcc/arm-none-eabi/5.4.1/../../../../arm-none-eabi/lib/armv7-m\libc_nano.a(lib_a-nano-msizer.o)
 .ARM.attributes
                0x00000bfb       0x1b ..\..\..\..\Lib\libosT7LR.a(RTOS.o)
 .ARM.attributes
                0x00000c16       0x2d ..\..\..\..\Lib\libosT7LR.a(OS_ThreadSafeInt.o)
 .ARM.attributes
                0x00000c43       0x2d ..\..\..\..\Lib\libosT7LR.a(OS_Trace.o)
 .ARM.attributes
                0x00000c70       0x2d ..\..\..\..\Lib\libosT7LR.a(OS_Timing.o)
 .ARM.attributes
                0x00000c9d       0x2d ..\..\..\..\Lib\libosT7LR.a(OS_Task.o)
 .ARM.attributes
                0x00000cca       0x2d ..\..\..\..\Lib\libosT7LR.a(OS_SysTick.o)
 .ARM.attributes
                0x00000cf7       0x2d ..\..\..\..\Lib\libosT7LR.a(OS_SoftwareTimer.o)
 .ARM.attributes
                0x00000d24       0x2d ..\..\..\..\Lib\libosT7LR.a(OS_Mutex.o)
 .ARM.attributes
                0x00000d51       0x2d ..\..\..\..\Lib\libosT7LR.a(OS_Kern.o)
 .ARM.attributes
                0x00000d7e       0x2d ..\..\..\..\Lib\libosT7LR.a(OS_Info.o)
 .ARM.attributes
                0x00000dab       0x33 ..\..\..\..\Lib\libosT7LR.a(OS_Global.o)
 .ARM.attributes
                0x00000dde       0x2d ..\..\..\..\Lib\libosT7LR.a(OS_Com.o)
 .ARM.attributes
                0x00000e0b       0x2d ..\..\..\..\Lib\libosT7LR.a(OS_Alloc.o)
 .ARM.attributes
                0x00000e38       0x2d ..\..\..\..\Lib\libosT7LR.a(OS_TLS.o)
 .ARM.attributes
                0x00000e65       0x2d ..\..\..\..\Lib\libosT7LR.a(OS_StackInfo.o)
 .ARM.attributes
                0x00000e92       0x2d ..\..\..\..\Lib\libosT7LR.a(OS_ARMv7M_Init.o)
 .ARM.attributes
                0x00000ebf       0x2d ..\..\..\..\Lib\libosT7LR.a(OS_LowPower.o)
 .ARM.attributes
                0x00000eec       0x2d c:/program files (x86)/cypress/psoc creator/4.4/psoc creator/import/gnu/arm/5.4.1/bin/../lib/gcc/arm-none-eabi/5.4.1/../../../../arm-none-eabi/lib/armv7-m\libg_nano.a(lib_a-malloc.o)
 .ARM.attributes
                0x00000f19       0x2d c:/program files (x86)/cypress/psoc creator/4.4/psoc creator/import/gnu/arm/5.4.1/bin/../lib/gcc/arm-none-eabi/5.4.1/../../../../arm-none-eabi/lib/armv7-m\libg_nano.a(lib_a-realloc.o)
 .ARM.attributes
                0x00000f46       0x1d c:/program files (x86)/cypress/psoc creator/4.4/psoc creator/import/gnu/arm/5.4.1/bin/../lib/gcc/arm-none-eabi/5.4.1/armv7-m\libgcc.a(_aeabi_ldivmod.o)
 .ARM.attributes
                0x00000f63       0x1d c:/program files (x86)/cypress/psoc creator/4.4/psoc creator/import/gnu/arm/5.4.1/bin/../lib/gcc/arm-none-eabi/5.4.1/armv7-m\libgcc.a(_aeabi_uldivmod.o)
 .ARM.attributes
                0x00000f80       0x2d c:/program files (x86)/cypress/psoc creator/4.4/psoc creator/import/gnu/arm/5.4.1/bin/../lib/gcc/arm-none-eabi/5.4.1/armv7-m\libgcc.a(_udivmoddi4.o)
 .ARM.attributes
                0x00000fad       0x1d c:/program files (x86)/cypress/psoc creator/4.4/psoc creator/import/gnu/arm/5.4.1/bin/../lib/gcc/arm-none-eabi/5.4.1/armv7-m\libgcc.a(_dvmd_tls.o)
 .ARM.attributes
                0x00000fca       0x2d c:/program files (x86)/cypress/psoc creator/4.4/psoc creator/import/gnu/arm/5.4.1/bin/../lib/gcc/arm-none-eabi/5.4.1/armv7-m/crtend.o
 .ARM.attributes
                0x00000ff7       0x1d c:/program files (x86)/cypress/psoc creator/4.4/psoc creator/import/gnu/arm/5.4.1/bin/../lib/gcc/arm-none-eabi/5.4.1/armv7-m/crtn.o

/DISCARD/
 *(.note.GNU-stack)
OUTPUT(E:\iroteam\prg\tulue\code\cypress\no-exp\new-cy-notask\cy-notask\Start\BoardSupport\Cypress\CY8C5868_CY8CKIT_050_PSoC5_DK\Start_CY8C5868.cydsn\ARM_GCC_541\Release\Start_CY8C5868.elf elf32-littlearm)
