../Drivers/CMSIS/Include/core_cm3.h:1639:22:__NVIC_SetPriority	16	static
../Drivers/CMSIS/Include/core_cm3.h:1834:26:SysTick_Config	16	static
../Middlewares/Third_Party/SEGGER_RTOS_embOS/embOS/Source/RTOSInit.c:87:21:_OS_GetHWTimerCycles	4	static
../Middlewares/Third_Party/SEGGER_RTOS_embOS/embOS/Source/RTOSInit.c:102:21:_OS_GetHWTimer_IntPending	4	static
../Middlewares/Third_Party/SEGGER_RTOS_embOS/embOS/Source/RTOSInit.c:120:6:SysTick_Handler	8	static,ignoring_inline_asm
../Middlewares/Third_Party/SEGGER_RTOS_embOS/embOS/Source/RTOSInit.c:136:6:OS_InitHW	32	static,ignoring_inline_asm
../Middlewares/Third_Party/SEGGER_RTOS_embOS/embOS/Source/RTOSInit.c:181:6:OS_Idle	4	static
../Middlewares/Third_Party/SEGGER_RTOS_embOS/embOS/Source/RTOSInit.c:208:6:OS_COM_Send1	16	static
