Archive member included to satisfy reference by file (symbol)

../Middlewares/Third_Party/SEGGER_RTOS_embOS/embOS/Library/GCC\libosT7LDP.a(RTOS.o)
                              ./Core/Src/main.o (OS_SwitchFromInt)
../Middlewares/Third_Party/SEGGER_RTOS_embOS/embOS/Library/GCC\libosT7LDP.a(OS_ThreadSafeInt.o)
                              ./Middlewares/Third_Party/SEGGER_RTOS_embOS/embOS/Source/GCC/OS_ThreadSafe.o (OS_InterruptSafe_Lock)
../Middlewares/Third_Party/SEGGER_RTOS_embOS/embOS/Library/GCC\libosT7LDP.a(OS_ARMv7M_GetCPUState.o)
                              ../Middlewares/Third_Party/SEGGER_RTOS_embOS/embOS/Library/GCC\libosT7LDP.a(OS_ThreadSafeInt.o) (OS_GetCPUState)
../Middlewares/Third_Party/SEGGER_RTOS_embOS/embOS/Library/GCC\libosT7LDP.a(OS_Timing.o)
                              ./Middlewares/Third_Party/SEGGER_RTOS_embOS/embOS/Source/RTOSInit.o (OS_TIME_ConfigSysTimer)
../Middlewares/Third_Party/SEGGER_RTOS_embOS/embOS/Library/GCC\libosT7LDP.a(OS_Task.o)
                              ./Core/Src/main.o (OS_TASK_Create_DP)
../Middlewares/Third_Party/SEGGER_RTOS_embOS/embOS/Library/GCC\libosT7LDP.a(OS_SysTick.o)
                              ./Middlewares/Third_Party/SEGGER_RTOS_embOS/embOS/Source/RTOSInit.o (OS_TICK_Handle)
../Middlewares/Third_Party/SEGGER_RTOS_embOS/embOS/Library/GCC\libosT7LDP.a(OS_SoftwareTimer.o)
                              ./Core/Src/main.o (OS_TIMER_Create)
../Middlewares/Third_Party/SEGGER_RTOS_embOS/embOS/Library/GCC\libosT7LDP.a(OS_Queue.o)
                              ./Core/Src/main.o (OS_QUEUE_Create)
../Middlewares/Third_Party/SEGGER_RTOS_embOS/embOS/Library/GCC\libosT7LDP.a(OS_Mutex.o)
                              ../Middlewares/Third_Party/SEGGER_RTOS_embOS/embOS/Library/GCC\libosT7LDP.a(OS_ThreadSafeInt.o) (OS_MUTEX_Create)
../Middlewares/Third_Party/SEGGER_RTOS_embOS/embOS/Library/GCC\libosT7LDP.a(OS_Kern.o)
                              ./Core/Src/main.o (OS_AssertCPUInISRMode)
../Middlewares/Third_Party/SEGGER_RTOS_embOS/embOS/Library/GCC\libosT7LDP.a(OS_Info.o)
                              ./Core/Src/main.o (OS_INFO_GetVersion)
../Middlewares/Third_Party/SEGGER_RTOS_embOS/embOS/Library/GCC\libosT7LDP.a(OS_Global.o)
                              ../Middlewares/Third_Party/SEGGER_RTOS_embOS/embOS/Library/GCC\libosT7LDP.a(OS_Kern.o) (OS_sCopyright)
../Middlewares/Third_Party/SEGGER_RTOS_embOS/embOS/Library/GCC\libosT7LDP.a(OS_Com.o)
                              ./Middlewares/Third_Party/SEGGER_RTOS_embOS/embOS/Source/JLINKMEM_Process.o (OS_COM_ClearTxActive)
../Middlewares/Third_Party/SEGGER_RTOS_embOS/embOS/Library/GCC\libosT7LDP.a(OS_Alloc.o)
                              ../Middlewares/Third_Party/SEGGER_RTOS_embOS/embOS/Library/GCC\libosT7LDP.a(OS_Kern.o) (OS_Alloc_InitVars)
../Middlewares/Third_Party/SEGGER_RTOS_embOS/embOS/Library/GCC\libosT7LDP.a(OS_TLS.o)
                              ../Middlewares/Third_Party/SEGGER_RTOS_embOS/embOS/Library/GCC\libosT7LDP.a(OS_Task.o) (OS_TLS_Delete)
../Middlewares/Third_Party/SEGGER_RTOS_embOS/embOS/Library/GCC\libosT7LDP.a(OS_StackInfo.o)
                              ../Middlewares/Third_Party/SEGGER_RTOS_embOS/embOS/Library/GCC\libosT7LDP.a(OS_Kern.o) (OS_STACK_GetSysStackBase)
../Middlewares/Third_Party/SEGGER_RTOS_embOS/embOS/Library/GCC\libosT7LDP.a(OS_ARMv7M_Init.o)
                              ../Middlewares/Third_Party/SEGGER_RTOS_embOS/embOS/Library/GCC\libosT7LDP.a(OS_Kern.o) (OS_ARMv7M_Init)
../Middlewares/Third_Party/SEGGER_RTOS_embOS/embOS/Library/GCC\libosT7LDP.a(OS_LowPower.o)
                              ../Middlewares/Third_Party/SEGGER_RTOS_embOS/embOS/Library/GCC\libosT7LDP.a(OS_Kern.o) (OS_LowPower_InitVars)
C:/ST/STM32CubeIDE_1.15.1/STM32CubeIDE/plugins/com.st.stm32cube.ide.mcu.externaltools.gnu-tools-for-stm32.12.3.rel1.win32_1.0.100.202403111256/tools/bin/../lib/gcc/arm-none-eabi/12.3.1/../../../../arm-none-eabi/lib/thumb/v7-m/nofp\libc_nano.a(libc_a-atoi.o)
                              ./Core/Src/main.o (atoi)
C:/ST/STM32CubeIDE_1.15.1/STM32CubeIDE/plugins/com.st.stm32cube.ide.mcu.externaltools.gnu-tools-for-stm32.12.3.rel1.win32_1.0.100.202403111256/tools/bin/../lib/gcc/arm-none-eabi/12.3.1/../../../../arm-none-eabi/lib/thumb/v7-m/nofp\libc_nano.a(libc_a-exit.o)
                              C:/ST/STM32CubeIDE_1.15.1/STM32CubeIDE/plugins/com.st.stm32cube.ide.mcu.externaltools.gnu-tools-for-stm32.12.3.rel1.win32_1.0.100.202403111256/tools/bin/../lib/gcc/arm-none-eabi/12.3.1/../../../../arm-none-eabi/lib/thumb/v7-m/nofp/crt0.o (exit)
C:/ST/STM32CubeIDE_1.15.1/STM32CubeIDE/plugins/com.st.stm32cube.ide.mcu.externaltools.gnu-tools-for-stm32.12.3.rel1.win32_1.0.100.202403111256/tools/bin/../lib/gcc/arm-none-eabi/12.3.1/../../../../arm-none-eabi/lib/thumb/v7-m/nofp\libc_nano.a(libc_a-malloc.o)
                              ../Middlewares/Third_Party/SEGGER_RTOS_embOS/embOS/Library/GCC\libosT7LDP.a(OS_Alloc.o) (malloc)
[...]
Memory Configuration

Name             Origin             Length             Attributes
RAM              0x20000000         0x00010000         xrw
FLASH            0x08008800         0x00037000         xr
*default*        0x00000000         0xffffffff

Linker script and memory map

LOAD C:/ST/STM32CubeIDE_1.15.1/STM32CubeIDE/plugins/com.st.stm32cube.ide.mcu.externaltools.gnu-tools-for-stm32.12.3.rel1.win32_1.0.100.202403111256/tools/bin/../lib/gcc/arm-none-eabi/12.3.1/thumb/v7-m/nofp/crti.o
LOAD C:/ST/STM32CubeIDE_1.15.1/STM32CubeIDE/plugins/com.st.stm32cube.ide.mcu.externaltools.gnu-tools-for-stm32.12.3.rel1.win32_1.0.100.202403111256/tools/bin/../lib/gcc/arm-none-eabi/12.3.1/thumb/v7-m/nofp/crtbegin.o
LOAD C:/ST/STM32CubeIDE_1.15.1/STM32CubeIDE/plugins/com.st.stm32cube.ide.mcu.externaltools.gnu-tools-for-stm32.12.3.rel1.win32_1.0.100.202403111256/tools/bin/../lib/gcc/arm-none-eabi/12.3.1/../../../../arm-none-eabi/lib/thumb/v7-m/nofp/crt0.o
LOAD ./Core/Src/IO.o
LOAD ./Core/Src/chip_update.o
LOAD ./Core/Src/defines.o
LOAD ./Core/Src/dma.o
LOAD ./Core/Src/e2.o
LOAD ./Core/Src/gpio.o
LOAD ./Core/Src/i2c.o
LOAD ./Core/Src/iwdg.o
LOAD ./Core/Src/main.o
LOAD ./Core/Src/stm32f1xx_hal_msp.o
LOAD ./Core/Src/stm32f1xx_hal_timebase_tim.o
LOAD ./Core/Src/stm32f1xx_it.o
LOAD ./Core/Src/syscalls.o
LOAD ./Core/Src/sysmem.o
LOAD ./Core/Src/system_stm32f1xx.o
LOAD ./Core/Src/usart.o
LOAD ./Core/Startup/startup_stm32f103retx.o
LOAD ./Drivers/STM32F1xx_HAL_Driver/Src/stm32f1xx_hal.o
LOAD ./Drivers/STM32F1xx_HAL_Driver/Src/stm32f1xx_hal_cortex.o
LOAD ./Drivers/STM32F1xx_HAL_Driver/Src/stm32f1xx_hal_dma.o
LOAD ./Drivers/STM32F1xx_HAL_Driver/Src/stm32f1xx_hal_exti.o
LOAD ./Drivers/STM32F1xx_HAL_Driver/Src/stm32f1xx_hal_flash.o
LOAD ./Drivers/STM32F1xx_HAL_Driver/Src/stm32f1xx_hal_flash_ex.o
LOAD ./Drivers/STM32F1xx_HAL_Driver/Src/stm32f1xx_hal_gpio.o
LOAD ./Drivers/STM32F1xx_HAL_Driver/Src/stm32f1xx_hal_gpio_ex.o
LOAD ./Drivers/STM32F1xx_HAL_Driver/Src/stm32f1xx_hal_i2c.o
LOAD ./Drivers/STM32F1xx_HAL_Driver/Src/stm32f1xx_hal_iwdg.o
LOAD ./Drivers/STM32F1xx_HAL_Driver/Src/stm32f1xx_hal_pwr.o
LOAD ./Drivers/STM32F1xx_HAL_Driver/Src/stm32f1xx_hal_rcc.o
LOAD ./Drivers/STM32F1xx_HAL_Driver/Src/stm32f1xx_hal_rcc_ex.o
LOAD ./Drivers/STM32F1xx_HAL_Driver/Src/stm32f1xx_hal_tim.o
LOAD ./Drivers/STM32F1xx_HAL_Driver/Src/stm32f1xx_hal_tim_ex.o
LOAD ./Drivers/STM32F1xx_HAL_Driver/Src/stm32f1xx_hal_uart.o
LOAD ./Middlewares/Third_Party/SEGGER_RTOS_embOS/embOS/Source/GCC/OS_ThreadSafe.o
LOAD ./Middlewares/Third_Party/SEGGER_RTOS_embOS/embOS/Source/JLINKMEM_Process.o
LOAD ./Middlewares/Third_Party/SEGGER_RTOS_embOS/embOS/Source/OS_Error.o
LOAD ./Middlewares/Third_Party/SEGGER_RTOS_embOS/embOS/Source/RTOSInit.o
LOAD ../Middlewares/Third_Party/SEGGER_RTOS_embOS/embOS/Library/GCC\libosT7LDP.a
START GROUP
LOAD C:/ST/STM32CubeIDE_1.15.1/STM32CubeIDE/plugins/com.st.stm32cube.ide.mcu.externaltools.gnu-tools-for-stm32.12.3.rel1.win32_1.0.100.202403111256/tools/bin/../lib/gcc/arm-none-eabi/12.3.1/../../../../arm-none-eabi/lib/thumb/v7-m/nofp\libc_nano.a
LOAD C:/ST/STM32CubeIDE_1.15.1/STM32CubeIDE/plugins/com.st.stm32cube.ide.mcu.externaltools.gnu-tools-for-stm32.12.3.rel1.win32_1.0.100.202403111256/tools/bin/../lib/gcc/arm-none-eabi/12.3.1/../../../../arm-none-eabi/lib/thumb/v7-m/nofp\libm.a
END GROUP
START GROUP
LOAD C:/ST/STM32CubeIDE_1.15.1/STM32CubeIDE/plugins/com.st.stm32cube.ide.mcu.externaltools.gnu-tools-for-stm32.12.3.rel1.win32_1.0.100.202403111256/tools/bin/../lib/gcc/arm-none-eabi/12.3.1/thumb/v7-m/nofp\libgcc.a
LOAD C:/ST/STM32CubeIDE_1.15.1/STM32CubeIDE/plugins/com.st.stm32cube.ide.mcu.externaltools.gnu-tools-for-stm32.12.3.rel1.win32_1.0.100.202403111256/tools/bin/../lib/gcc/arm-none-eabi/12.3.1/../../../../arm-none-eabi/lib/thumb/v7-m/nofp\libc_nano.a
END GROUP
START GROUP
LOAD C:/ST/STM32CubeIDE_1.15.1/STM32CubeIDE/plugins/com.st.stm32cube.ide.mcu.externaltools.gnu-tools-for-stm32.12.3.rel1.win32_1.0.100.202403111256/tools/bin/../lib/gcc/arm-none-eabi/12.3.1/thumb/v7-m/nofp\libgcc.a
LOAD C:/ST/STM32CubeIDE_1.15.1/STM32CubeIDE/plugins/com.st.stm32cube.ide.mcu.externaltools.gnu-tools-for-stm32.12.3.rel1.win32_1.0.100.202403111256/tools/bin/../lib/gcc/arm-none-eabi/12.3.1/../../../../arm-none-eabi/lib/thumb/v7-m/nofp\libc_nano.a
LOAD C:/ST/STM32CubeIDE_1.15.1/STM32CubeIDE/plugins/com.st.stm32cube.ide.mcu.externaltools.gnu-tools-for-stm32.12.3.rel1.win32_1.0.100.202403111256/tools/bin/../lib/gcc/arm-none-eabi/12.3.1/../../../../arm-none-eabi/lib/thumb/v7-m/nofp\libnosys.a
END GROUP
START GROUP
LOAD C:/ST/STM32CubeIDE_1.15.1/STM32CubeIDE/plugins/com.st.stm32cube.ide.mcu.externaltools.gnu-tools-for-stm32.12.3.rel1.win32_1.0.100.202403111256/tools/bin/../lib/gcc/arm-none-eabi/12.3.1/thumb/v7-m/nofp\libgcc.a
LOAD C:/ST/STM32CubeIDE_1.15.1/STM32CubeIDE/plugins/com.st.stm32cube.ide.mcu.externaltools.gnu-tools-for-stm32.12.3.rel1.win32_1.0.100.202403111256/tools/bin/../lib/gcc/arm-none-eabi/12.3.1/../../../../arm-none-eabi/lib/thumb/v7-m/nofp\libc_nano.a
LOAD C:/ST/STM32CubeIDE_1.15.1/STM32CubeIDE/plugins/com.st.stm32cube.ide.mcu.externaltools.gnu-tools-for-stm32.12.3.rel1.win32_1.0.100.202403111256/tools/bin/../lib/gcc/arm-none-eabi/12.3.1/../../../../arm-none-eabi/lib/thumb/v7-m/nofp\libnosys.a
END GROUP
LOAD C:/ST/STM32CubeIDE_1.15.1/STM32CubeIDE/plugins/com.st.stm32cube.ide.mcu.externaltools.gnu-tools-for-stm32.12.3.rel1.win32_1.0.100.202403111256/tools/bin/../lib/gcc/arm-none-eabi/12.3.1/thumb/v7-m/nofp/crtend.o
LOAD C:/ST/STM32CubeIDE_1.15.1/STM32CubeIDE/plugins/com.st.stm32cube.ide.mcu.externaltools.gnu-tools-for-stm32.12.3.rel1.win32_1.0.100.202403111256/tools/bin/../lib/gcc/arm-none-eabi/12.3.1/thumb/v7-m/nofp/crtn.o
                0x20010000                        _estack = (ORIGIN (RAM) + LENGTH (RAM))
                0x00000200                        _Min_Heap_Size = 0x200
                0x00000400                        _Min_Stack_Size = 0x400

.isr_vector     0x08008800      0x1e4
                0x08008800                        . = ALIGN (0x4)
 *(.isr_vector)
 .isr_vector    0x08008800      0x1e4 ./Core/Startup/startup_stm32f103retx.o
                0x08008800                g_pfnVectors
                0x080089e4                        . = ALIGN (0x4)

.text           0x080089e4     0xa720
                0x080089e4                        . = ALIGN (0x4)
 *(.text)
 .text          0x080089e4       0x40 C:/ST/STM32CubeIDE_1.15.1/STM32CubeIDE/plugins/com.st.stm32cube.ide.mcu.externaltools.gnu-tools-for-stm32.12.3.rel1.win32_1.0.100.202403111256/tools/bin/../lib/gcc/arm-none-eabi/12.3.1/thumb/v7-m/nofp/crtbegin.o
 .text          0x08008a24      0x138 ../Middlewares/Third_Party/SEGGER_RTOS_embOS/embOS/Library/GCC\libosT7LDP.a(RTOS.o)
                0x08008a24                PendSV_Handler
                0x08008a8c                OS_StartTask
                0x08008aa0                OS_StartASM
                0x08008ae4                OS_StopASM
                0x08008af6                OS_Switch
                0x08008b14                OS_SwitchAfterISR_CortexM
                0x08008b18                OS_Switch_End
                0x08008b1a                OS_SwitchFromInt
 .text          0x08008b5c       0x10 C:/ST/STM32CubeIDE_1.15.1/STM32CubeIDE/plugins/com.st.stm32cube.ide.mcu.externaltools.gnu-tools-for-stm32.12.3.rel1.win32_1.0.100.202403111256/tools/bin/../lib/gcc/arm-none-eabi/12.3.1/../../../../arm-none-eabi/lib/thumb/v7-m/nofp\libc_nano.a(libc_a-strlen.o)
                0x08008b5c                strlen
 .text          0x08008b6c      0x378 C:/ST/STM32CubeIDE_1.15.1/STM32CubeIDE/plugins/com.st.stm32cube.ide.mcu.externaltools.gnu-tools-for-stm32.12.3.rel1.win32_1.0.100.202403111256/tools/bin/../lib/gcc/arm-none-eabi/12.3.1/thumb/v7-m/nofp\libgcc.a(_arm_addsubdf3.o)
                0x08008b6c                __aeabi_drsub
                0x08008b74                __aeabi_dsub
                0x08008b74                __subdf3
                0x08008b78                __aeabi_dadd
                0x08008b78                __adddf3
                0x08008df0                __floatunsidf
                0x08008df0                __aeabi_ui2d
                0x08008e10                __floatsidf
                0x08008e10                __aeabi_i2d
                0x08008e34                __aeabi_f2d
                0x08008e34                __extendsfdf2
                0x08008e78                __floatundidf
                0x08008e78                __aeabi_ul2d
                0x08008e88                __floatdidf
                0x08008e88                __aeabi_l2d
 .text          0x08008ee4      0x424 C:/ST/STM32CubeIDE_1.15.1/STM32CubeIDE/plugins/com.st.stm32cube.ide.mcu.externaltools.gnu-tools-for-stm32.12.3.rel1.win32_1.0.100.202403111256/tools/bin/../lib/gcc/arm-none-eabi/12.3.1/thumb/v7-m/nofp\libgcc.a(_arm_muldivdf3.o)
                0x08008ee4                __aeabi_dmul
                0x08008ee4                __muldf3
                0x08009138                __divdf3
                0x08009138                __aeabi_ddiv
 .text          0x08009308       0x40 C:/ST/STM32CubeIDE_1.15.1/STM32CubeIDE/plugins/com.st.stm32cube.ide.mcu.externaltools.gnu-tools-for-stm32.12.3.rel1.win32_1.0.100.202403111256/tools/bin/../lib/gcc/arm-none-eabi/12.3.1/thumb/v7-m/nofp\libgcc.a(_arm_fixunsdfsi.o)
                0x08009308                __aeabi_d2uiz
                0x08009308                __fixunsdfsi
 *(.text*)
 .text.RGB      0x08009348       0xdc ./Core/Src/IO.o
                0x08009348                RGB
 .text.Relay_Port1
                0x08009424       0x34 ./Core/Src/IO.o
                0x08009424                Relay_Port1
 .text.Relay_Port2
                0x08009458       0x34 ./Core/Src/IO.o
                0x08009458                Relay_Port2
 .text.Pins_Inputs_Read
                0x0800948c       0x8c ./Core/Src/IO.o
                0x0800948c                Pins_Inputs_Read
 .text.RGB_RED  0x08009518       0x38 ./Core/Src/IO.o
                0x08009518                RGB_RED
 .text.RGB_GREEN
                0x08009550       0x34 ./Core/Src/IO.o
                0x08009550                RGB_GREEN
 .text.RGB_BLUE
                0x08009584       0x38 ./Core/Src/IO.o
                0x08009584                RGB_BLUE
 .text.__NVIC_SystemReset
                0x080095bc       0x2c ./Core/Src/chip_update.o
 .text.proc_reset_chip
                0x080095e8       0x24 ./Core/Src/chip_update.o
                0x080095e8                proc_reset_chip
 .text.update_check_packet
                0x0800960c       0x8c ./Core/Src/chip_update.o
                0x0800960c                update_check_packet
 .text.update_start
                0x08009698      0x228 ./Core/Src/chip_update.o
                0x08009698                update_start
 .text.check_checksum
                0x080098c0       0xc0 ./Core/Src/chip_update.o
                0x080098c0                check_checksum
 .text.update_procedure
                0x08009980      0x650 ./Core/Src/chip_update.o
                0x08009980                update_procedure
 .text.q_put_message
                0x08009fd0       0x38 ./Core/Src/defines.o
                0x08009fd0                q_put_message
 .text.q_get_message
                0x0800a008       0x2c ./Core/Src/defines.o
                0x0800a008                q_get_message
 .text.df_hexstring_hex
                0x0800a034      0x214 ./Core/Src/defines.o
                0x0800a034                df_hexstring_hex
 .text.strremove
                0x0800a248       0x58 ./Core/Src/defines.o
                0x0800a248                strremove
 .text.MX_DMA_Init
                0x0800a2a0       0x3c ./Core/Src/dma.o
                0x0800a2a0                MX_DMA_Init
 .text.internal_flash_write_byte
                0x0800a2dc       0x70 ./Core/Src/e2.o
                0x0800a2dc                internal_flash_write_byte
 .text.internal_flash_erase
                0x0800a34c       0x7c ./Core/Src/e2.o
                0x0800a34c                internal_flash_erase
 .text.ee2_write_byte
                0x0800a3c8       0x9c ./Core/Src/e2.o
                0x0800a3c8                ee2_write_byte
 .text.MX_GPIO_Init
                0x0800a464      0x190 ./Core/Src/gpio.o
                0x0800a464                MX_GPIO_Init
 .text.MX_I2C1_Init
                0x0800a5f4       0x5c ./Core/Src/i2c.o
                0x0800a5f4                MX_I2C1_Init
 .text.HAL_I2C_MspInit
                0x0800a650       0x7c ./Core/Src/i2c.o
                0x0800a650                HAL_I2C_MspInit
 .text.MX_IWDG_Init
                0x0800a6cc       0x34 ./Core/Src/iwdg.o
                0x0800a6cc                MX_IWDG_Init
 .text.__NVIC_SystemReset
                0x0800a700       0x2c ./Core/Src/main.o
 .text.UART_Debug_PutString
                0x0800a72c       0x2c ./Core/Src/main.o
                0x0800a72c                UART_Debug_PutString
 .text.UART_Linux_PutString
                0x0800a758       0x30 ./Core/Src/main.o
                0x0800a758                UART_Linux_PutString
 .text.Ports_Job
                0x0800a788       0x64 ./Core/Src/main.o
                0x0800a788                Ports_Job
 .text.check_port_1
                0x0800a7ec       0x34 ./Core/Src/main.o
                0x0800a7ec                check_port_1
 .text.check_port_2
                0x0800a820       0x34 ./Core/Src/main.o
                0x0800a820                check_port_2
 .text.check_port_input_1
                0x0800a854       0x48 ./Core/Src/main.o
                0x0800a854                check_port_input_1
 .text.check_port_input_2
                0x0800a89c       0x48 ./Core/Src/main.o
                0x0800a89c                check_port_input_2
 .text.check_port_wiegand_1
                0x0800a8e4      0x150 ./Core/Src/main.o
                0x0800a8e4                check_port_wiegand_1
 .text.check_port_wiegand_2
                0x0800aa34      0x150 ./Core/Src/main.o
                0x0800aa34                check_port_wiegand_2
 .text.Inputs_Job
                0x0800ab84       0x80 ./Core/Src/main.o
                0x0800ab84                Inputs_Job
 .text.Inps     0x0800ac04       0x70 ./Core/Src/main.o
                0x0800ac04                Inps
 .text.CmdTask  0x0800ac74      0x508 ./Core/Src/main.o
                0x0800ac74                CmdTask
 .text.main     0x0800b17c       0x98 ./Core/Src/main.o
                0x0800b17c                main
 .text.SystemClock_Config
                0x0800b214       0x8e ./Core/Src/main.o
                0x0800b214                SystemClock_Config
 *fill*         0x0800b2a2        0x2 
 .text.Inits    0x0800b2a4      0x104 ./Core/Src/main.o
                0x0800b2a4                Inits
 .text.init_vars
                0x0800b3a8       0x84 ./Core/Src/main.o
                0x0800b3a8                init_vars
 .text.timers_create
                0x0800b42c      0x118 ./Core/Src/main.o
                0x0800b42c                timers_create
 .text.Task_Main
                0x0800b544       0x20 ./Core/Src/main.o
                0x0800b544                Task_Main
 .text.Proc_Task_main
                0x0800b564       0xb8 ./Core/Src/main.o
                0x0800b564                Proc_Task_main
 .text.Timer_Read_Linux_Callback
                0x0800b61c       0xbc ./Core/Src/main.o
                0x0800b61c                Timer_Read_Linux_Callback
 .text.Timer_RGB_LED_Callback
                0x0800b6d8       0x84 ./Core/Src/main.o
                0x0800b6d8                Timer_RGB_LED_Callback
 .text.Timer_Read_W_Port1_Callback
                0x0800b75c       0xc4 ./Core/Src/main.o
                0x0800b75c                Timer_Read_W_Port1_Callback
 .text.Timer_Read_W_Port2_Callback
                0x0800b820       0xc4 ./Core/Src/main.o
                0x0800b820                Timer_Read_W_Port2_Callback
 .text.Timer_AfterRead_Input1_Callback
                0x0800b8e4       0x4c ./Core/Src/main.o
                0x0800b8e4                Timer_AfterRead_Input1_Callback
 .text.Timer_AfterRead_Port1_Callback
                0x0800b930       0x64 ./Core/Src/main.o
                0x0800b930                Timer_AfterRead_Port1_Callback
 .text.Timer_AfterRead_Input2_Callback
                0x0800b994       0x4c ./Core/Src/main.o
                0x0800b994                Timer_AfterRead_Input2_Callback
 .text.Timer_AfterRead_Port2_Callback
                0x0800b9e0       0x64 ./Core/Src/main.o
                0x0800b9e0                Timer_AfterRead_Port2_Callback
 .text.Timer_WD_Callback
                0x0800ba44       0x24 ./Core/Src/main.o
                0x0800ba44                Timer_WD_Callback
 .text.Timer_Inps_Callback
                0x0800ba68       0x20 ./Core/Src/main.o
                0x0800ba68                Timer_Inps_Callback
 .text.Timer_Intr_Callback
                0x0800ba88       0x40 ./Core/Src/main.o
                0x0800ba88                Timer_Intr_Callback
 .text.HAL_UART_RxCpltCallback
                0x0800bac8      0x168 ./Core/Src/main.o
                0x0800bac8                HAL_UART_RxCpltCallback
 .text.HAL_GPIO_EXTI_Callback
                0x0800bc30      0x1ac ./Core/Src/main.o
                0x0800bc30                HAL_GPIO_EXTI_Callback
 .text.HAL_TIM_PeriodElapsedCallback
                0x0800bddc       0x1e ./Core/Src/main.o
                0x0800bddc                HAL_TIM_PeriodElapsedCallback
 .text.Error_Handler
                0x0800bdfa        0xc ./Core/Src/main.o
                0x0800bdfa                Error_Handler
 *fill*         0x0800be06        0x2 
 .text.HAL_MspInit
                0x0800be08       0x64 ./Core/Src/stm32f1xx_hal_msp.o
                0x0800be08                HAL_MspInit
 .text.HAL_InitTick
                0x0800be6c       0xf8 ./Core/Src/stm32f1xx_hal_timebase_tim.o
                0x0800be6c                HAL_InitTick
 .text.NMI_Handler
                0x0800bf64        0x8 ./Core/Src/stm32f1xx_it.o
                0x0800bf64                NMI_Handler
 .text.HardFault_Handler
                0x0800bf6c        0x8 ./Core/Src/stm32f1xx_it.o
                0x0800bf6c                HardFault_Handler
 .text.MemManage_Handler
                0x0800bf74        0x8 ./Core/Src/stm32f1xx_it.o
                0x0800bf74                MemManage_Handler
 .text.BusFault_Handler
                0x0800bf7c        0x8 ./Core/Src/stm32f1xx_it.o
                0x0800bf7c                BusFault_Handler
 .text.UsageFault_Handler
                0x0800bf84        0x8 ./Core/Src/stm32f1xx_it.o
                0x0800bf84                UsageFault_Handler
 .text.DebugMon_Handler
                0x0800bf8c        0xc ./Core/Src/stm32f1xx_it.o
                0x0800bf8c                DebugMon_Handler
 .text.EXTI0_IRQHandler
                0x0800bf98        0xe ./Core/Src/stm32f1xx_it.o
                0x0800bf98                EXTI0_IRQHandler
 .text.EXTI1_IRQHandler
                0x0800bfa6        0xe ./Core/Src/stm32f1xx_it.o
                0x0800bfa6                EXTI1_IRQHandler
 .text.DMA1_Channel5_IRQHandler
                0x0800bfb4       0x14 ./Core/Src/stm32f1xx_it.o
                0x0800bfb4                DMA1_Channel5_IRQHandler
 .text.EXTI9_5_IRQHandler
                0x0800bfc8       0x14 ./Core/Src/stm32f1xx_it.o
                0x0800bfc8                EXTI9_5_IRQHandler
 .text.TIM2_IRQHandler
                0x0800bfdc       0x14 ./Core/Src/stm32f1xx_it.o
                0x0800bfdc                TIM2_IRQHandler
 .text._getpid  0x0800bff0        0xe ./Core/Src/syscalls.o
                0x0800bff0                _getpid
 .text._kill    0x0800bffe       0x20 ./Core/Src/syscalls.o
                0x0800bffe                _kill
 .text._exit    0x0800c01e       0x16 ./Core/Src/syscalls.o
                0x0800c01e                _exit
 .text._read    0x0800c034       0x3a ./Core/Src/syscalls.o
                0x0800c034                _read
 .text._write   0x0800c06e       0x38 ./Core/Src/syscalls.o
                0x0800c06e                _write
 .text._close   0x0800c0a6       0x16 ./Core/Src/syscalls.o
                0x0800c0a6                _close
 .text._fstat   0x0800c0bc       0x1e ./Core/Src/syscalls.o
                0x0800c0bc                _fstat
 .text._isatty  0x0800c0da       0x14 ./Core/Src/syscalls.o
                0x0800c0da                _isatty
 .text._lseek   0x0800c0ee       0x18 ./Core/Src/syscalls.o
                0x0800c0ee                _lseek
 *fill*         0x0800c106        0x2 
 .text._sbrk    0x0800c108       0x6c ./Core/Src/sysmem.o
                0x0800c108                _sbrk
 .text.SystemInit
                0x0800c174       0x1c ./Core/Src/system_stm32f1xx.o
                0x0800c174                SystemInit
 .text.SystemCoreClockUpdate
                0x0800c190       0xe4 ./Core/Src/system_stm32f1xx.o
                0x0800c190                SystemCoreClockUpdate
 .text.MX_USART1_UART_Init
                0x0800c274       0x54 ./Core/Src/usart.o
                0x0800c274                MX_USART1_UART_Init
 .text.MX_USART3_UART_Init
                0x0800c2c8       0x54 ./Core/Src/usart.o
                0x0800c2c8                MX_USART3_UART_Init
 .text.HAL_UART_MspInit
                0x0800c31c      0x168 ./Core/Src/usart.o
                0x0800c31c                HAL_UART_MspInit
 .text.Reset_Handler
                0x0800c484       0x48 ./Core/Startup/startup_stm32f103retx.o
                0x0800c484                Reset_Handler
 .text.Default_Handler
                0x0800c4cc        0x2 ./Core/Startup/startup_stm32f103retx.o
                0x0800c4cc                RTC_Alarm_IRQHandler
                0x0800c4cc                EXTI2_IRQHandler
                0x0800c4cc                TIM8_TRG_COM_IRQHandler
                0x0800c4cc                TIM8_CC_IRQHandler
                0x0800c4cc                TIM1_CC_IRQHandler
                0x0800c4cc                TIM6_IRQHandler
                0x0800c4cc                PVD_IRQHandler
                0x0800c4cc                SDIO_IRQHandler
                0x0800c4cc                EXTI3_IRQHandler
                0x0800c4cc                I2C2_EV_IRQHandler
                0x0800c4cc                ADC1_2_IRQHandler
                0x0800c4cc                SPI1_IRQHandler
                0x0800c4cc                TAMPER_IRQHandler
                0x0800c4cc                TIM8_UP_IRQHandler
                0x0800c4cc                DMA2_Channel2_IRQHandler
                0x0800c4cc                DMA1_Channel4_IRQHandler
                0x0800c4cc                USART3_IRQHandler
                0x0800c4cc                RTC_IRQHandler
                0x0800c4cc                DMA1_Channel7_IRQHandler
                0x0800c4cc                CAN1_RX1_IRQHandler
                0x0800c4cc                UART5_IRQHandler
                0x0800c4cc                ADC3_IRQHandler
                0x0800c4cc                TIM4_IRQHandler
                0x0800c4cc                DMA2_Channel1_IRQHandler
                0x0800c4cc                I2C1_EV_IRQHandler
                0x0800c4cc                DMA1_Channel6_IRQHandler
                0x0800c4cc                UART4_IRQHandler
                0x0800c4cc                TIM3_IRQHandler
                0x0800c4cc                RCC_IRQHandler
                0x0800c4cc                TIM1_TRG_COM_IRQHandler
                0x0800c4cc                DMA1_Channel1_IRQHandler
                0x0800c4cc                Default_Handler
                0x0800c4cc                EXTI15_10_IRQHandler
                0x0800c4cc                TIM7_IRQHandler
                0x0800c4cc                TIM5_IRQHandler
                0x0800c4cc                SPI2_IRQHandler
                0x0800c4cc                SVC_Handler
                0x0800c4cc                EXTI4_IRQHandler
                0x0800c4cc                USB_LP_CAN1_RX0_IRQHandler
                0x0800c4cc                USB_HP_CAN1_TX_IRQHandler
                0x0800c4cc                DMA1_Channel3_IRQHandler
                0x0800c4cc                FSMC_IRQHandler
                0x0800c4cc                TIM1_UP_IRQHandler
                0x0800c4cc                WWDG_IRQHandler
                0x0800c4cc                TIM1_BRK_IRQHandler
                0x0800c4cc                DMA2_Channel4_5_IRQHandler
                0x0800c4cc                USART2_IRQHandler
                0x0800c4cc                I2C2_ER_IRQHandler
                0x0800c4cc                DMA1_Channel2_IRQHandler
                0x0800c4cc                TIM8_BRK_IRQHandler
                0x0800c4cc                CAN1_SCE_IRQHandler
                0x0800c4cc                FLASH_IRQHandler
                0x0800c4cc                USART1_IRQHandler
                0x0800c4cc                SPI3_IRQHandler
                0x0800c4cc                I2C1_ER_IRQHandler
                0x0800c4cc                USBWakeUp_IRQHandler
                0x0800c4cc                DMA2_Channel3_IRQHandler
 *fill*         0x0800c4ce        0x2 
 .text.HAL_Init
                0x0800c4d0       0x2c ./Drivers/STM32F1xx_HAL_Driver/Src/stm32f1xx_hal.o
                0x0800c4d0                HAL_Init
 .text.HAL_IncTick
                0x0800c4fc       0x24 ./Drivers/STM32F1xx_HAL_Driver/Src/stm32f1xx_hal.o
                0x0800c4fc                HAL_IncTick
 .text.HAL_GetTick
                0x0800c520       0x14 ./Drivers/STM32F1xx_HAL_Driver/Src/stm32f1xx_hal.o
                0x0800c520                HAL_GetTick
 .text.__NVIC_SetPriorityGrouping
                0x0800c534       0x48 ./Drivers/STM32F1xx_HAL_Driver/Src/stm32f1xx_hal_cortex.o
 .text.__NVIC_GetPriorityGrouping
                0x0800c57c       0x1c ./Drivers/STM32F1xx_HAL_Driver/Src/stm32f1xx_hal_cortex.o
 .text.__NVIC_EnableIRQ
                0x0800c598       0x38 ./Drivers/STM32F1xx_HAL_Driver/Src/stm32f1xx_hal_cortex.o
 .text.__NVIC_SetPriority
                0x0800c5d0       0x54 ./Drivers/STM32F1xx_HAL_Driver/Src/stm32f1xx_hal_cortex.o
 .text.NVIC_EncodePriority
                0x0800c624       0x64 ./Drivers/STM32F1xx_HAL_Driver/Src/stm32f1xx_hal_cortex.o
 .text.HAL_NVIC_SetPriorityGrouping
                0x0800c688       0x16 ./Drivers/STM32F1xx_HAL_Driver/Src/stm32f1xx_hal_cortex.o
                0x0800c688                HAL_NVIC_SetPriorityGrouping
 .text.HAL_NVIC_SetPriority
                0x0800c69e       0x38 ./Drivers/STM32F1xx_HAL_Driver/Src/stm32f1xx_hal_cortex.o
                0x0800c69e                HAL_NVIC_SetPriority
 .text.HAL_NVIC_EnableIRQ
                0x0800c6d6       0x1c ./Drivers/STM32F1xx_HAL_Driver/Src/stm32f1xx_hal_cortex.o
                0x0800c6d6                HAL_NVIC_EnableIRQ
 *fill*         0x0800c6f2        0x2 
 .text.HAL_DMA_Init
                0x0800c6f4       0xec ./Drivers/STM32F1xx_HAL_Driver/Src/stm32f1xx_hal_dma.o
                0x0800c6f4                HAL_DMA_Init
 .text.HAL_DMA_Start_IT
                0x0800c7e0       0xc0 ./Drivers/STM32F1xx_HAL_Driver/Src/stm32f1xx_hal_dma.o
                0x0800c7e0                HAL_DMA_Start_IT
 .text.HAL_DMA_IRQHandler
                0x0800c8a0      0x478 ./Drivers/STM32F1xx_HAL_Driver/Src/stm32f1xx_hal_dma.o
                0x0800c8a0                HAL_DMA_IRQHandler
 .text.DMA_SetConfig
                0x0800cd18       0x5a ./Drivers/STM32F1xx_HAL_Driver/Src/stm32f1xx_hal_dma.o
 *fill*         0x0800cd72        0x2 
 .text.HAL_FLASH_Program
                0x0800cd74       0xe0 ./Drivers/STM32F1xx_HAL_Driver/Src/stm32f1xx_hal_flash.o
                0x0800cd74                HAL_FLASH_Program
 .text.HAL_FLASH_Unlock
                0x0800ce54       0x4c ./Drivers/STM32F1xx_HAL_Driver/Src/stm32f1xx_hal_flash.o
                0x0800ce54                HAL_FLASH_Unlock
 .text.HAL_FLASH_Lock
                0x0800cea0       0x20 ./Drivers/STM32F1xx_HAL_Driver/Src/stm32f1xx_hal_flash.o
                0x0800cea0                HAL_FLASH_Lock
 .text.FLASH_Program_HalfWord
                0x0800cec0       0x38 ./Drivers/STM32F1xx_HAL_Driver/Src/stm32f1xx_hal_flash.o
 .text.FLASH_WaitForLastOperation
                0x0800cef8       0x8c ./Drivers/STM32F1xx_HAL_Driver/Src/stm32f1xx_hal_flash.o
                0x0800cef8                FLASH_WaitForLastOperation
 .text.FLASH_SetErrorCode
                0x0800cf84       0xa0 ./Drivers/STM32F1xx_HAL_Driver/Src/stm32f1xx_hal_flash.o
 .text.HAL_FLASHEx_Erase
                0x0800d024       0xd8 ./Drivers/STM32F1xx_HAL_Driver/Src/stm32f1xx_hal_flash_ex.o
                0x0800d024                HAL_FLASHEx_Erase
 .text.FLASH_MassErase
                0x0800d0fc       0x38 ./Drivers/STM32F1xx_HAL_Driver/Src/stm32f1xx_hal_flash_ex.o
 .text.FLASH_PageErase
                0x0800d134       0x40 ./Drivers/STM32F1xx_HAL_Driver/Src/stm32f1xx_hal_flash_ex.o
                0x0800d134                FLASH_PageErase
 .text.HAL_GPIO_Init
                0x0800d174      0x328 ./Drivers/STM32F1xx_HAL_Driver/Src/stm32f1xx_hal_gpio.o
                0x0800d174                HAL_GPIO_Init
 .text.HAL_GPIO_ReadPin
                0x0800d49c       0x2e ./Drivers/STM32F1xx_HAL_Driver/Src/stm32f1xx_hal_gpio.o
                0x0800d49c                HAL_GPIO_ReadPin
 .text.HAL_GPIO_WritePin
                0x0800d4ca       0x30 ./Drivers/STM32F1xx_HAL_Driver/Src/stm32f1xx_hal_gpio.o
                0x0800d4ca                HAL_GPIO_WritePin
 *fill*         0x0800d4fa        0x2 
 .text.HAL_GPIO_EXTI_IRQHandler
                0x0800d4fc       0x30 ./Drivers/STM32F1xx_HAL_Driver/Src/stm32f1xx_hal_gpio.o
                0x0800d4fc                HAL_GPIO_EXTI_IRQHandler
 .text.HAL_I2C_Init
                0x0800d52c      0x288 ./Drivers/STM32F1xx_HAL_Driver/Src/stm32f1xx_hal_i2c.o
                0x0800d52c                HAL_I2C_Init
 .text.HAL_I2C_Mem_Write
                0x0800d7b4      0x1f4 ./Drivers/STM32F1xx_HAL_Driver/Src/stm32f1xx_hal_i2c.o
                0x0800d7b4                HAL_I2C_Mem_Write
 .text.HAL_I2C_IsDeviceReady
                0x0800d9a8      0x25c ./Drivers/STM32F1xx_HAL_Driver/Src/stm32f1xx_hal_i2c.o
                0x0800d9a8                HAL_I2C_IsDeviceReady
 .text.I2C_RequestMemoryWrite
                0x0800dc04      0x12c ./Drivers/STM32F1xx_HAL_Driver/Src/stm32f1xx_hal_i2c.o
 .text.I2C_WaitOnFlagUntilTimeout
                0x0800dd30       0xf4 ./Drivers/STM32F1xx_HAL_Driver/Src/stm32f1xx_hal_i2c.o
 .text.I2C_WaitOnMasterAddressFlagUntilTimeout
                0x0800de24      0x140 ./Drivers/STM32F1xx_HAL_Driver/Src/stm32f1xx_hal_i2c.o
 .text.I2C_WaitOnTXEFlagUntilTimeout
                0x0800df64       0x90 ./Drivers/STM32F1xx_HAL_Driver/Src/stm32f1xx_hal_i2c.o
 .text.I2C_WaitOnBTFFlagUntilTimeout
                0x0800dff4       0x90 ./Drivers/STM32F1xx_HAL_Driver/Src/stm32f1xx_hal_i2c.o
 .text.I2C_IsAcknowledgeFailed
                0x0800e084       0x5c ./Drivers/STM32F1xx_HAL_Driver/Src/stm32f1xx_hal_i2c.o
 .text.HAL_IWDG_Init
                0x0800e0e0       0x84 ./Drivers/STM32F1xx_HAL_Driver/Src/stm32f1xx_hal_iwdg.o
                0x0800e0e0                HAL_IWDG_Init
 .text.HAL_IWDG_Refresh
                0x0800e164       0x1e ./Drivers/STM32F1xx_HAL_Driver/Src/stm32f1xx_hal_iwdg.o
                0x0800e164                HAL_IWDG_Refresh
 *fill*         0x0800e182        0x2 
 .text.HAL_RCC_OscConfig
                0x0800e184      0x504 ./Drivers/STM32F1xx_HAL_Driver/Src/stm32f1xx_hal_rcc.o
                0x0800e184                HAL_RCC_OscConfig
 .text.HAL_RCC_ClockConfig
                0x0800e688      0x1d4 ./Drivers/STM32F1xx_HAL_Driver/Src/stm32f1xx_hal_rcc.o
                0x0800e688                HAL_RCC_ClockConfig
 .text.HAL_RCC_GetSysClockFreq
                0x0800e85c       0xa8 ./Drivers/STM32F1xx_HAL_Driver/Src/stm32f1xx_hal_rcc.o
                0x0800e85c                HAL_RCC_GetSysClockFreq
 .text.HAL_RCC_GetHCLKFreq
                0x0800e904       0x14 ./Drivers/STM32F1xx_HAL_Driver/Src/stm32f1xx_hal_rcc.o
                0x0800e904                HAL_RCC_GetHCLKFreq
 .text.HAL_RCC_GetPCLK1Freq
                0x0800e918       0x28 ./Drivers/STM32F1xx_HAL_Driver/Src/stm32f1xx_hal_rcc.o
                0x0800e918                HAL_RCC_GetPCLK1Freq
 .text.HAL_RCC_GetPCLK2Freq
                0x0800e940       0x28 ./Drivers/STM32F1xx_HAL_Driver/Src/stm32f1xx_hal_rcc.o
                0x0800e940                HAL_RCC_GetPCLK2Freq
 .text.HAL_RCC_GetClockConfig
                0x0800e968       0x60 ./Drivers/STM32F1xx_HAL_Driver/Src/stm32f1xx_hal_rcc.o
                0x0800e968                HAL_RCC_GetClockConfig
 .text.RCC_Delay
                0x0800e9c8       0x3c ./Drivers/STM32F1xx_HAL_Driver/Src/stm32f1xx_hal_rcc.o
 .text.HAL_TIM_Base_Init
                0x0800ea04       0x9e ./Drivers/STM32F1xx_HAL_Driver/Src/stm32f1xx_hal_tim.o
                0x0800ea04                HAL_TIM_Base_Init
 .text.HAL_TIM_Base_MspInit
                0x0800eaa2       0x12 ./Drivers/STM32F1xx_HAL_Driver/Src/stm32f1xx_hal_tim.o
                0x0800eaa2                HAL_TIM_Base_MspInit
 .text.HAL_TIM_Base_Start_IT
                0x0800eab4       0xc0 ./Drivers/STM32F1xx_HAL_Driver/Src/stm32f1xx_hal_tim.o
                0x0800eab4                HAL_TIM_Base_Start_IT
 .text.HAL_TIM_IRQHandler
                0x0800eb74      0x210 ./Drivers/STM32F1xx_HAL_Driver/Src/stm32f1xx_hal_tim.o
                0x0800eb74                HAL_TIM_IRQHandler
 .text.HAL_TIM_OC_DelayElapsedCallback
                0x0800ed84       0x12 ./Drivers/STM32F1xx_HAL_Driver/Src/stm32f1xx_hal_tim.o
                0x0800ed84                HAL_TIM_OC_DelayElapsedCallback
 .text.HAL_TIM_IC_CaptureCallback
                0x0800ed96       0x12 ./Drivers/STM32F1xx_HAL_Driver/Src/stm32f1xx_hal_tim.o
                0x0800ed96                HAL_TIM_IC_CaptureCallback
 .text.HAL_TIM_PWM_PulseFinishedCallback
                0x0800eda8       0x12 ./Drivers/STM32F1xx_HAL_Driver/Src/stm32f1xx_hal_tim.o
                0x0800eda8                HAL_TIM_PWM_PulseFinishedCallback
 .text.HAL_TIM_TriggerCallback
                0x0800edba       0x12 ./Drivers/STM32F1xx_HAL_Driver/Src/stm32f1xx_hal_tim.o
                0x0800edba                HAL_TIM_TriggerCallback
 .text.TIM_Base_SetConfig
                0x0800edcc       0xf4 ./Drivers/STM32F1xx_HAL_Driver/Src/stm32f1xx_hal_tim.o
                0x0800edcc                TIM_Base_SetConfig
 .text.HAL_TIMEx_CommutCallback
                0x0800eec0       0x12 ./Drivers/STM32F1xx_HAL_Driver/Src/stm32f1xx_hal_tim_ex.o
                0x0800eec0                HAL_TIMEx_CommutCallback
 .text.HAL_TIMEx_BreakCallback
                0x0800eed2       0x12 ./Drivers/STM32F1xx_HAL_Driver/Src/stm32f1xx_hal_tim_ex.o
                0x0800eed2                HAL_TIMEx_BreakCallback
 .text.HAL_UART_Init
                0x0800eee4       0xa0 ./Drivers/STM32F1xx_HAL_Driver/Src/stm32f1xx_hal_uart.o
                0x0800eee4                HAL_UART_Init
 .text.HAL_UART_Transmit
                0x0800ef84      0x106 ./Drivers/STM32F1xx_HAL_Driver/Src/stm32f1xx_hal_uart.o
                0x0800ef84                HAL_UART_Transmit
 .text.HAL_UART_Receive_DMA
                0x0800f08a       0x4a ./Drivers/STM32F1xx_HAL_Driver/Src/stm32f1xx_hal_uart.o
                0x0800f08a                HAL_UART_Receive_DMA
 .text.HAL_UART_RxHalfCpltCallback
                0x0800f0d4       0x12 ./Drivers/STM32F1xx_HAL_Driver/Src/stm32f1xx_hal_uart.o
                0x0800f0d4                HAL_UART_RxHalfCpltCallback
 .text.HAL_UART_ErrorCallback
                0x0800f0e6       0x12 ./Drivers/STM32F1xx_HAL_Driver/Src/stm32f1xx_hal_uart.o
                0x0800f0e6                HAL_UART_ErrorCallback
 .text.HAL_UARTEx_RxEventCallback
                0x0800f0f8       0x16 ./Drivers/STM32F1xx_HAL_Driver/Src/stm32f1xx_hal_uart.o
                0x0800f0f8                HAL_UARTEx_RxEventCallback
 .text.UART_DMAReceiveCplt
                0x0800f10e      0x12c ./Drivers/STM32F1xx_HAL_Driver/Src/stm32f1xx_hal_uart.o
 .text.UART_DMARxHalfCplt
                0x0800f23a       0x3c ./Drivers/STM32F1xx_HAL_Driver/Src/stm32f1xx_hal_uart.o
 .text.UART_DMAError
                0x0800f276       0x94 ./Drivers/STM32F1xx_HAL_Driver/Src/stm32f1xx_hal_uart.o
 .text.UART_WaitOnFlagUntilTimeout
                0x0800f30a       0xdc ./Drivers/STM32F1xx_HAL_Driver/Src/stm32f1xx_hal_uart.o
 *fill*         0x0800f3e6        0x2 
 .text.UART_Start_Receive_DMA
                0x0800f3e8      0x134 ./Drivers/STM32F1xx_HAL_Driver/Src/stm32f1xx_hal_uart.o
                0x0800f3e8                UART_Start_Receive_DMA
 .text.UART_EndTxTransfer
                0x0800f51c       0x4e ./Drivers/STM32F1xx_HAL_Driver/Src/stm32f1xx_hal_uart.o
 .text.UART_EndRxTransfer
                0x0800f56a       0xc4 ./Drivers/STM32F1xx_HAL_Driver/Src/stm32f1xx_hal_uart.o
 *fill*         0x0800f62e        0x2 
 .text.UART_SetConfig
                0x0800f630      0x11c ./Drivers/STM32F1xx_HAL_Driver/Src/stm32f1xx_hal_uart.o
 .text.__malloc_lock
                0x0800f74c       0x14 ./Middlewares/Third_Party/SEGGER_RTOS_embOS/embOS/Source/GCC/OS_ThreadSafe.o
                0x0800f74c                __malloc_lock
 .text.__malloc_unlock
                0x0800f760       0x14 ./Middlewares/Third_Party/SEGGER_RTOS_embOS/embOS/Source/GCC/OS_ThreadSafe.o
                0x0800f760                __malloc_unlock
 .text._Init    0x0800f774       0x8c ./Middlewares/Third_Party/SEGGER_RTOS_embOS/embOS/Source/JLINKMEM_Process.o
 .text._LockTxBuf
                0x0800f800       0x54 ./Middlewares/Third_Party/SEGGER_RTOS_embOS/embOS/Source/JLINKMEM_Process.o
 .text._UnlockTxBuf
                0x0800f854       0x18 ./Middlewares/Third_Party/SEGGER_RTOS_embOS/embOS/Source/JLINKMEM_Process.o
 .text._Receive
                0x0800f86c       0x80 ./Middlewares/Third_Party/SEGGER_RTOS_embOS/embOS/Source/JLINKMEM_Process.o
 .text._FillTxBuf
                0x0800f8ec       0xb0 ./Middlewares/Third_Party/SEGGER_RTOS_embOS/embOS/Source/JLINKMEM_Process.o
 .text._DropTxData
                0x0800f99c       0x24 ./Middlewares/Third_Party/SEGGER_RTOS_embOS/embOS/Source/JLINKMEM_Process.o
 .text._Send    0x0800f9c0       0x68 ./Middlewares/Third_Party/SEGGER_RTOS_embOS/embOS/Source/JLINKMEM_Process.o
 .text.JLINKMEM_Process
                0x0800fa28       0x9c ./Middlewares/Third_Party/SEGGER_RTOS_embOS/embOS/Source/JLINKMEM_Process.o
                0x0800fa28                JLINKMEM_Process
 .text.JLINKMEM_SendChar
                0x0800fac4       0xa8 ./Middlewares/Third_Party/SEGGER_RTOS_embOS/embOS/Source/JLINKMEM_Process.o
                0x0800fac4                JLINKMEM_SendChar
 .text.JLINKMEM_SetpfOnRx
                0x0800fb6c       0x1c ./Middlewares/Third_Party/SEGGER_RTOS_embOS/embOS/Source/JLINKMEM_Process.o
                0x0800fb6c                JLINKMEM_SetpfOnRx
 .text.JLINKMEM_SetpfOnTx
                0x0800fb88       0x1c ./Middlewares/Third_Party/SEGGER_RTOS_embOS/embOS/Source/JLINKMEM_Process.o
                0x0800fb88                JLINKMEM_SetpfOnTx
 .text.JLINKMEM_SetpfGetNextChar
                0x0800fba4       0x1c ./Middlewares/Third_Party/SEGGER_RTOS_embOS/embOS/Source/JLINKMEM_Process.o
                0x0800fba4                JLINKMEM_SetpfGetNextChar
 .text.OS_Error
                0x0800fbc0       0x38 ./Middlewares/Third_Party/SEGGER_RTOS_embOS/embOS/Source/OS_Error.o
                0x0800fbc0                OS_Error
 .text.__NVIC_SetPriority
                0x0800fbf8       0x54 ./Middlewares/Third_Party/SEGGER_RTOS_embOS/embOS/Source/RTOSInit.o
 .text.SysTick_Config
                0x0800fc4c       0x44 ./Middlewares/Third_Party/SEGGER_RTOS_embOS/embOS/Source/RTOSInit.o
 .text._OS_GetHWTimerCycles
                0x0800fc90       0x14 ./Middlewares/Third_Party/SEGGER_RTOS_embOS/embOS/Source/RTOSInit.o
 .text._OS_GetHWTimer_IntPending
                0x0800fca4       0x18 ./Middlewares/Third_Party/SEGGER_RTOS_embOS/embOS/Source/RTOSInit.o
 .text.SysTick_Handler
                0x0800fcbc      0x10c ./Middlewares/Third_Party/SEGGER_RTOS_embOS/embOS/Source/RTOSInit.o
                0x0800fcbc                SysTick_Handler
 .text.OS_InitHW
                0x0800fdc8       0xd4 ./Middlewares/Third_Party/SEGGER_RTOS_embOS/embOS/Source/RTOSInit.o
                0x0800fdc8                OS_InitHW
 .text.OS_Idle  0x0800fe9c        0x8 ./Middlewares/Third_Party/SEGGER_RTOS_embOS/embOS/Source/RTOSInit.o
                0x0800fe9c                OS_Idle
 .text.OS_COM_Send1
                0x0800fea4       0x1a ./Middlewares/Third_Party/SEGGER_RTOS_embOS/embOS/Source/RTOSInit.o
                0x0800fea4                OS_COM_Send1
 *fill*         0x0800febe        0x2 
 .text.OS_InterruptSafe_Lock
                0x0800fec0       0x2c ../Middlewares/Third_Party/SEGGER_RTOS_embOS/embOS/Library/GCC\libosT7LDP.a(OS_ThreadSafeInt.o)
                0x0800fec0                OS_InterruptSafe_Lock
 .text.OS_InterruptSafe_Unlock
                0x0800feec       0x1c ../Middlewares/Third_Party/SEGGER_RTOS_embOS/embOS/Library/GCC\libosT7LDP.a(OS_ThreadSafeInt.o)
                0x0800feec                OS_InterruptSafe_Unlock
 .text.OS_GetCPUState
                0x0800ff08       0x50 ../Middlewares/Third_Party/SEGGER_RTOS_embOS/embOS/Library/GCC\libosT7LDP.a(OS_ARMv7M_GetCPUState.o)
                0x0800ff08                OS_GetCPUState
 .text.OS_TIME_ConfigSysTimer
                0x0800ff58       0xc0 ../Middlewares/Third_Party/SEGGER_RTOS_embOS/embOS/Library/GCC\libosT7LDP.a(OS_Timing.o)
                0x0800ff58                OS_TIME_ConfigSysTimer
 .text.OS__TIME_GetCycles
                0x08010018       0x98 ../Middlewares/Third_Party/SEGGER_RTOS_embOS/embOS/Library/GCC\libosT7LDP.a(OS_Timing.o)
                0x08010018                OS__TIME_GetCycles
 .text.OS_TIME_GetTicks
                0x080100b0       0x24 ../Middlewares/Third_Party/SEGGER_RTOS_embOS/embOS/Library/GCC\libosT7LDP.a(OS_Timing.o)
                0x080100b0                OS_TIME_GetTicks
 .text.OS_TIME_GetTicks32
                0x080100d4        0x4 ../Middlewares/Third_Party/SEGGER_RTOS_embOS/embOS/Library/GCC\libosT7LDP.a(OS_Timing.o)
                0x080100d4                OS_TIME_GetTicks32
 .text._DelayUntil
                0x080100d8       0x40 ../Middlewares/Third_Party/SEGGER_RTOS_embOS/embOS/Library/GCC\libosT7LDP.a(OS_Task.o)
 .text.OS_TASK_Create_DP
                0x08010118      0x164 ../Middlewares/Third_Party/SEGGER_RTOS_embOS/embOS/Library/GCC\libosT7LDP.a(OS_Task.o)
                0x08010118                OS_TASK_Create_DP
 .text.OS_TASK_Delay
                0x0801027c       0x58 ../Middlewares/Third_Party/SEGGER_RTOS_embOS/embOS/Library/GCC\libosT7LDP.a(OS_Task.o)
                0x0801027c                OS_TASK_Delay
 .text.OS_TASK_GetName
                0x080102d4       0x64 ../Middlewares/Third_Party/SEGGER_RTOS_embOS/embOS/Library/GCC\libosT7LDP.a(OS_Task.o)
                0x080102d4                OS_TASK_GetName
 .text.OS_TASK_GetTimeSliceRem
                0x08010338       0x6c ../Middlewares/Third_Party/SEGGER_RTOS_embOS/embOS/Library/GCC\libosT7LDP.a(OS_Task.o)
                0x08010338                OS_TASK_GetTimeSliceRem
 .text.OS_TASK_LeaveRegion
                0x080103a4       0x64 ../Middlewares/Third_Party/SEGGER_RTOS_embOS/embOS/Library/GCC\libosT7LDP.a(OS_Task.o)
                0x080103a4                OS_TASK_LeaveRegion
 .text.OS_TICK_Handle
                0x08010408       0xc8 ../Middlewares/Third_Party/SEGGER_RTOS_embOS/embOS/Library/GCC\libosT7LDP.a(OS_SysTick.o)
                0x08010408                OS_TICK_Handle
 .text.OS_CheckTimer
                0x080104d0       0x54 ../Middlewares/Third_Party/SEGGER_RTOS_embOS/embOS/Library/GCC\libosT7LDP.a(OS_SoftwareTimer.o)
                0x080104d0                OS_CheckTimer
 .text._InsertTimerInList
                0x08010524       0x84 ../Middlewares/Third_Party/SEGGER_RTOS_embOS/embOS/Library/GCC\libosT7LDP.a(OS_SoftwareTimer.o)
 .text.OS_TIMER_Create
                0x080105a8       0xb0 ../Middlewares/Third_Party/SEGGER_RTOS_embOS/embOS/Library/GCC\libosT7LDP.a(OS_SoftwareTimer.o)
                0x080105a8                OS_TIMER_Create
 .text.OS_TIMER_GetStatus
                0x08010658       0x50 ../Middlewares/Third_Party/SEGGER_RTOS_embOS/embOS/Library/GCC\libosT7LDP.a(OS_SoftwareTimer.o)
                0x08010658                OS_TIMER_GetStatus
 .text.OS_TIMER_Restart
                0x080106a8       0x98 ../Middlewares/Third_Party/SEGGER_RTOS_embOS/embOS/Library/GCC\libosT7LDP.a(OS_SoftwareTimer.o)
                0x080106a8                OS_TIMER_Restart
 .text.OS_TIMER_Stop
                0x08010740       0x9c ../Middlewares/Third_Party/SEGGER_RTOS_embOS/embOS/Library/GCC\libosT7LDP.a(OS_SoftwareTimer.o)
                0x08010740                OS_TIMER_Stop
 .text._GetOffset
                0x080107dc       0x68 ../Middlewares/Third_Party/SEGGER_RTOS_embOS/embOS/Library/GCC\libosT7LDP.a(OS_Queue.o)
 .text._CopyMessage
                0x08010844       0x68 ../Middlewares/Third_Party/SEGGER_RTOS_embOS/embOS/Library/GCC\libosT7LDP.a(OS_Queue.o)
 .text.OS_QUEUE_Create
                0x080108ac       0xdc ../Middlewares/Third_Party/SEGGER_RTOS_embOS/embOS/Library/GCC\libosT7LDP.a(OS_Queue.o)
                0x080108ac                OS_QUEUE_Create
 .text.OS_QUEUE_GetPtr
                0x08010988       0xa0 ../Middlewares/Third_Party/SEGGER_RTOS_embOS/embOS/Library/GCC\libosT7LDP.a(OS_Queue.o)
                0x08010988                OS_QUEUE_GetPtr
 .text.OS_QUEUE_Purge
                0x08010a28       0xc8 ../Middlewares/Third_Party/SEGGER_RTOS_embOS/embOS/Library/GCC\libosT7LDP.a(OS_Queue.o)
                0x08010a28                OS_QUEUE_Purge
 .text.OS_QUEUE_Put
                0x08010af0       0xb4 ../Middlewares/Third_Party/SEGGER_RTOS_embOS/embOS/Library/GCC\libosT7LDP.a(OS_Queue.o)
                0x08010af0                OS_QUEUE_Put
 .text.OS_AssertCPUInISRMode
                0x08010ba4       0x2c ../Middlewares/Third_Party/SEGGER_RTOS_embOS/embOS/Library/GCC\libosT7LDP.a(OS_Kern.o)
                0x08010ba4                OS_AssertCPUInISRMode
 .text.OS_AssertCPUNotInIllegalState
                0x08010bd0       0x28 ../Middlewares/Third_Party/SEGGER_RTOS_embOS/embOS/Library/GCC\libosT7LDP.a(OS_Kern.o)
                0x08010bd0                OS_AssertCPUNotInIllegalState
 .text.OS_Deactivated
                0x08010bf8       0x44 ../Middlewares/Third_Party/SEGGER_RTOS_embOS/embOS/Library/GCC\libosT7LDP.a(OS_Kern.o)
                0x08010bf8                OS_Deactivated
 .text.OS_EnableProfiling
                0x08010c3c       0x68 ../Middlewares/Third_Party/SEGGER_RTOS_embOS/embOS/Library/GCC\libosT7LDP.a(OS_Kern.o)
                0x08010c3c                OS_EnableProfiling
 .text.OS_EnterRegionFunc
                0x08010ca4       0x20 ../Middlewares/Third_Party/SEGGER_RTOS_embOS/embOS/Library/GCC\libosT7LDP.a(OS_Kern.o)
                0x08010ca4                OS_EnterRegionFunc
 .text.OS_RemoveTaskFromWaitList
                0x08010cc4       0x12 ../Middlewares/Third_Party/SEGGER_RTOS_embOS/embOS/Library/GCC\libosT7LDP.a(OS_Kern.o)
                0x08010cc4                OS_RemoveTaskFromWaitList
 *fill*         0x08010cd6        0x2 
 .text.OS_MakeTaskReady
                0x08010cd8       0x98 ../Middlewares/Third_Party/SEGGER_RTOS_embOS/embOS/Library/GCC\libosT7LDP.a(OS_Kern.o)
                0x08010cd8                OS_MakeTaskReady
 .text.OS_ClearWaitObj
                0x08010d70       0x40 ../Middlewares/Third_Party/SEGGER_RTOS_embOS/embOS/Library/GCC\libosT7LDP.a(OS_Kern.o)
                0x08010d70                OS_ClearWaitObj
 .text.OS_InsertTask
                0x08010db0       0x80 ../Middlewares/Third_Party/SEGGER_RTOS_embOS/embOS/Library/GCC\libosT7LDP.a(OS_Kern.o)
                0x08010db0                OS_InsertTask
 .text.OS_SaveMainStack
                0x08010e30       0x38 ../Middlewares/Third_Party/SEGGER_RTOS_embOS/embOS/Library/GCC\libosT7LDP.a(OS_Kern.o)
                0x08010e30                OS_SaveMainStack
 .text.OS_TaskInit
                0x08010e68       0x1c ../Middlewares/Third_Party/SEGGER_RTOS_embOS/embOS/Library/GCC\libosT7LDP.a(OS_Kern.o)
                0x08010e68                OS_TaskInit
 .text.OS_TerminateError
                0x08010e84        0x6 ../Middlewares/Third_Party/SEGGER_RTOS_embOS/embOS/Library/GCC\libosT7LDP.a(OS_Kern.o)
                0x08010e84                OS_TerminateError
 .text.OS_UnlinkTask
                0x08010e8a        0xc ../Middlewares/Third_Party/SEGGER_RTOS_embOS/embOS/Library/GCC\libosT7LDP.a(OS_Kern.o)
                0x08010e8a                OS_UnlinkTask
 *fill*         0x08010e96        0x2 
 .text.OS_ChangeTask_STD
                0x08010e98      0x2d4 ../Middlewares/Third_Party/SEGGER_RTOS_embOS/embOS/Library/GCC\libosT7LDP.a(OS_Kern.o)
                0x08010e98                OS_ChangeTask_STD
 .text.OS_Init_STD
                0x0801116c       0xbc ../Middlewares/Third_Party/SEGGER_RTOS_embOS/embOS/Library/GCC\libosT7LDP.a(OS_Kern.o)
                0x0801116c                OS_Init_STD
 .text.OS_IsRunning
                0x08011228       0x44 ../Middlewares/Third_Party/SEGGER_RTOS_embOS/embOS/Library/GCC\libosT7LDP.a(OS_Kern.o)
                0x08011228                OS_IsRunning
 .text.OS__Start
                0x0801126c       0x44 ../Middlewares/Third_Party/SEGGER_RTOS_embOS/embOS/Library/GCC\libosT7LDP.a(OS_Kern.o)
                0x0801126c                OS__Start
 .text.OS_STAT_GetExecTime
                0x080112b0       0xa0 ../Middlewares/Third_Party/SEGGER_RTOS_embOS/embOS/Library/GCC\libosT7LDP.a(OS_Kern.o)
                0x080112b0                OS_STAT_GetExecTime
 .text.OS_INFO_GetCPU
                0x08011350       0x44 ../Middlewares/Third_Party/SEGGER_RTOS_embOS/embOS/Library/GCC\libosT7LDP.a(OS_Info.o)
                0x08011350                OS_INFO_GetCPU
 .text.OS_INFO_GetLibName
                0x08011394       0x44 ../Middlewares/Third_Party/SEGGER_RTOS_embOS/embOS/Library/GCC\libosT7LDP.a(OS_Info.o)
                0x08011394                OS_INFO_GetLibName
 .text.OS_INFO_GetVersion
                0x080113d8       0x44 ../Middlewares/Third_Party/SEGGER_RTOS_embOS/embOS/Library/GCC\libosT7LDP.a(OS_Info.o)
                0x080113d8                OS_INFO_GetVersion
 .text.OS_STACK_GetTaskStackBase
                0x0801141c       0x68 ../Middlewares/Third_Party/SEGGER_RTOS_embOS/embOS/Library/GCC\libosT7LDP.a(OS_Info.o)
                0x0801141c                OS_STACK_GetTaskStackBase
 .text.OS_STACK_GetTaskStackSize
                0x08011484       0x68 ../Middlewares/Third_Party/SEGGER_RTOS_embOS/embOS/Library/GCC\libosT7LDP.a(OS_Info.o)
                0x08011484                OS_STACK_GetTaskStackSize
 .text._OnTx    0x080114ec      0x164 ../Middlewares/Third_Party/SEGGER_RTOS_embOS/embOS/Library/GCC\libosT7LDP.a(OS_Com.o)
 .text._StartSend
                0x08011650       0x40 ../Middlewares/Third_Party/SEGGER_RTOS_embOS/embOS/Library/GCC\libosT7LDP.a(OS_Com.o)
 .text.OS_COM_ClearTxActive
                0x08011690       0x24 ../Middlewares/Third_Party/SEGGER_RTOS_embOS/embOS/Library/GCC\libosT7LDP.a(OS_Com.o)
                0x08011690                OS_COM_ClearTxActive
 .text.OS_COM_GetInU8
                0x080116b4       0x18 ../Middlewares/Third_Party/SEGGER_RTOS_embOS/embOS/Library/GCC\libosT7LDP.a(OS_Com.o)
                0x080116b4                OS_COM_GetInU8
 .text.OS_COM_GetInU16
                0x080116cc       0x14 ../Middlewares/Third_Party/SEGGER_RTOS_embOS/embOS/Library/GCC\libosT7LDP.a(OS_Com.o)
                0x080116cc                OS_COM_GetInU16
 .text.OS_COM_GetInU32
                0x080116e0       0x12 ../Middlewares/Third_Party/SEGGER_RTOS_embOS/embOS/Library/GCC\libosT7LDP.a(OS_Com.o)
                0x080116e0                OS_COM_GetInU32
 .text.OS_COM_GetNextChar
                0x080116f2        0x4 ../Middlewares/Third_Party/SEGGER_RTOS_embOS/embOS/Library/GCC\libosT7LDP.a(OS_Com.o)
                0x080116f2                OS_COM_GetNextChar
 *fill*         0x080116f6        0x2 
 .text.OS_COM_StoreInU8
                0x080116f8       0x1c ../Middlewares/Third_Party/SEGGER_RTOS_embOS/embOS/Library/GCC\libosT7LDP.a(OS_Com.o)
                0x080116f8                OS_COM_StoreInU8
 .text.OS_COM_StoreOutU8
                0x08011714       0x1c ../Middlewares/Third_Party/SEGGER_RTOS_embOS/embOS/Library/GCC\libosT7LDP.a(OS_Com.o)
                0x08011714                OS_COM_StoreOutU8
 .text._StoreOutString.constprop.0
                0x08011730       0x4c ../Middlewares/Third_Party/SEGGER_RTOS_embOS/embOS/Library/GCC\libosT7LDP.a(OS_Com.o)
 .text.OS_COM_StoreOutU16
                0x0801177c       0x14 ../Middlewares/Third_Party/SEGGER_RTOS_embOS/embOS/Library/GCC\libosT7LDP.a(OS_Com.o)
                0x0801177c                OS_COM_StoreOutU16
 .text.OS_COM_StoreOutU32
                0x08011790       0x14 ../Middlewares/Third_Party/SEGGER_RTOS_embOS/embOS/Library/GCC\libosT7LDP.a(OS_Com.o)
                0x08011790                OS_COM_StoreOutU32
 .text._EvaPacket
                0x080117a4      0x1e0 ../Middlewares/Third_Party/SEGGER_RTOS_embOS/embOS/Library/GCC\libosT7LDP.a(OS_Com.o)
 .text.OS_COM_OnRx
                0x08011984       0xbc ../Middlewares/Third_Party/SEGGER_RTOS_embOS/embOS/Library/GCC\libosT7LDP.a(OS_Com.o)
                0x08011984                OS_COM_OnRx
 .text.OS_COM_OnTx
                0x08011a40       0x18 ../Middlewares/Third_Party/SEGGER_RTOS_embOS/embOS/Library/GCC\libosT7LDP.a(OS_Com.o)
                0x08011a40                OS_COM_OnTx
 .text.OS_STACK_GetSysStackBase
                0x08011a58        0x8 ../Middlewares/Third_Party/SEGGER_RTOS_embOS/embOS/Library/GCC\libosT7LDP.a(OS_StackInfo.o)
                0x08011a58                OS_STACK_GetSysStackBase
 .text.OS_STACK_GetSysStackSize
                0x08011a60       0x10 ../Middlewares/Third_Party/SEGGER_RTOS_embOS/embOS/Library/GCC\libosT7LDP.a(OS_StackInfo.o)
                0x08011a60                OS_STACK_GetSysStackSize
 .text.OS_STACK_GetSP
                0x08011a70        0x4 ../Middlewares/Third_Party/SEGGER_RTOS_embOS/embOS/Library/GCC\libosT7LDP.a(OS_StackInfo.o)
                0x08011a70                OS_STACK_GetSP
 .text.OS_ARMv7M_Init
                0x08011a74       0x60 ../Middlewares/Third_Party/SEGGER_RTOS_embOS/embOS/Library/GCC\libosT7LDP.a(OS_ARMv7M_Init.o)
                0x08011a74                OS_ARMv7M_Init
 .text.atoi     0x08011ad4        0x8 C:/ST/STM32CubeIDE_1.15.1/STM32CubeIDE/plugins/com.st.stm32cube.ide.mcu.externaltools.gnu-tools-for-stm32.12.3.rel1.win32_1.0.100.202403111256/tools/bin/../lib/gcc/arm-none-eabi/12.3.1/../../../../arm-none-eabi/lib/thumb/v7-m/nofp\libc_nano.a(libc_a-atoi.o)
                0x08011ad4                atoi
 .text.malloc   0x08011adc       0x10 C:/ST/STM32CubeIDE_1.15.1/STM32CubeIDE/plugins/com.st.stm32cube.ide.mcu.externaltools.gnu-tools-for-stm32.12.3.rel1.win32_1.0.100.202403111256/tools/bin/../lib/gcc/arm-none-eabi/12.3.1/../../../../arm-none-eabi/lib/thumb/v7-m/nofp\libc_nano.a(libc_a-malloc.o)
                0x08011adc                malloc
 .text.sbrk_aligned
                0x08011aec       0x44 C:/ST/STM32CubeIDE_1.15.1/STM32CubeIDE/plugins/com.st.stm32cube.ide.mcu.externaltools.gnu-tools-for-stm32.12.3.rel1.win32_1.0.100.202403111256/tools/bin/../lib/gcc/arm-none-eabi/12.3.1/../../../../arm-none-eabi/lib/thumb/v7-m/nofp\libc_nano.a(libc_a-mallocr.o)
 .text._malloc_r
                0x08011b30      0x100 C:/ST/STM32CubeIDE_1.15.1/STM32CubeIDE/plugins/com.st.stm32cube.ide.mcu.externaltools.gnu-tools-for-stm32.12.3.rel1.win32_1.0.100.202403111256/tools/bin/../lib/gcc/arm-none-eabi/12.3.1/../../../../arm-none-eabi/lib/thumb/v7-m/nofp\libc_nano.a(libc_a-mallocr.o)
                0x08011b30                _malloc_r
 .text._realloc_r
                0x08011c30       0x5c C:/ST/STM32CubeIDE_1.15.1/STM32CubeIDE/plugins/com.st.stm32cube.ide.mcu.externaltools.gnu-tools-for-stm32.12.3.rel1.win32_1.0.100.202403111256/tools/bin/../lib/gcc/arm-none-eabi/12.3.1/../../../../arm-none-eabi/lib/thumb/v7-m/nofp\libc_nano.a(libc_a-reallocr.o)
                0x08011c30                _realloc_r
 .text._strtol_l.constprop.0
                0x08011c8c       0xf4 C:/ST/STM32CubeIDE_1.15.1/STM32CubeIDE/plugins/com.st.stm32cube.ide.mcu.externaltools.gnu-tools-for-stm32.12.3.rel1.win32_1.0.100.202403111256/tools/bin/../lib/gcc/arm-none-eabi/12.3.1/../../../../arm-none-eabi/lib/thumb/v7-m/nofp\libc_nano.a(libc_a-strtol.o)
 .text.strtol   0x08011d80       0x14 C:/ST/STM32CubeIDE_1.15.1/STM32CubeIDE/plugins/com.st.stm32cube.ide.mcu.externaltools.gnu-tools-for-stm32.12.3.rel1.win32_1.0.100.202403111256/tools/bin/../lib/gcc/arm-none-eabi/12.3.1/../../../../arm-none-eabi/lib/thumb/v7-m/nofp\libc_nano.a(libc_a-strtol.o)
                0x08011d80                strtol
 .text._strtoul_l.constprop.0
                0x08011d94       0xdc C:/ST/STM32CubeIDE_1.15.1/STM32CubeIDE/plugins/com.st.stm32cube.ide.mcu.externaltools.gnu-tools-for-stm32.12.3.rel1.win32_1.0.100.202403111256/tools/bin/../lib/gcc/arm-none-eabi/12.3.1/../../../../arm-none-eabi/lib/thumb/v7-m/nofp\libc_nano.a(libc_a-strtoul.o)
 .text.strtoul  0x08011e70       0x14 C:/ST/STM32CubeIDE_1.15.1/STM32CubeIDE/plugins/com.st.stm32cube.ide.mcu.externaltools.gnu-tools-for-stm32.12.3.rel1.win32_1.0.100.202403111256/tools/bin/../lib/gcc/arm-none-eabi/12.3.1/../../../../arm-none-eabi/lib/thumb/v7-m/nofp\libc_nano.a(libc_a-strtoul.o)
                0x08011e70                strtoul
 .text.std      0x08011e84       0x6c C:/ST/STM32CubeIDE_1.15.1/STM32CubeIDE/plugins/com.st.stm32cube.ide.mcu.externaltools.gnu-tools-for-stm32.12.3.rel1.win32_1.0.100.202403111256/tools/bin/../lib/gcc/arm-none-eabi/12.3.1/../../../../arm-none-eabi/lib/thumb/v7-m/nofp\libc_nano.a(libc_a-findfp.o)
 .text.stdio_exit_handler
                0x08011ef0       0x18 C:/ST/STM32CubeIDE_1.15.1/STM32CubeIDE/plugins/com.st.stm32cube.ide.mcu.externaltools.gnu-tools-for-stm32.12.3.rel1.win32_1.0.100.202403111256/tools/bin/../lib/gcc/arm-none-eabi/12.3.1/../../../../arm-none-eabi/lib/thumb/v7-m/nofp\libc_nano.a(libc_a-findfp.o)
 .text.cleanup_stdio
                0x08011f08       0x40 C:/ST/STM32CubeIDE_1.15.1/STM32CubeIDE/plugins/com.st.stm32cube.ide.mcu.externaltools.gnu-tools-for-stm32.12.3.rel1.win32_1.0.100.202403111256/tools/bin/../lib/gcc/arm-none-eabi/12.3.1/../../../../arm-none-eabi/lib/thumb/v7-m/nofp\libc_nano.a(libc_a-findfp.o)
 .text.global_stdio_init.part.0
                0x08011f48       0x3c C:/ST/STM32CubeIDE_1.15.1/STM32CubeIDE/plugins/com.st.stm32cube.ide.mcu.externaltools.gnu-tools-for-stm32.12.3.rel1.win32_1.0.100.202403111256/tools/bin/../lib/gcc/arm-none-eabi/12.3.1/../../../../arm-none-eabi/lib/thumb/v7-m/nofp\libc_nano.a(libc_a-findfp.o)
 .text.__sfp_lock_acquire
                0x08011f84        0xc C:/ST/STM32CubeIDE_1.15.1/STM32CubeIDE/plugins/com.st.stm32cube.ide.mcu.externaltools.gnu-tools-for-stm32.12.3.rel1.win32_1.0.100.202403111256/tools/bin/../lib/gcc/arm-none-eabi/12.3.1/../../../../arm-none-eabi/lib/thumb/v7-m/nofp\libc_nano.a(libc_a-findfp.o)
                0x08011f84                __sfp_lock_acquire
 .text.__sfp_lock_release
                0x08011f90        0xc C:/ST/STM32CubeIDE_1.15.1/STM32CubeIDE/plugins/com.st.stm32cube.ide.mcu.externaltools.gnu-tools-for-stm32.12.3.rel1.win32_1.0.100.202403111256/tools/bin/../lib/gcc/arm-none-eabi/12.3.1/../../../../arm-none-eabi/lib/thumb/v7-m/nofp\libc_nano.a(libc_a-findfp.o)
                0x08011f90                __sfp_lock_release
 .text.__sinit  0x08011f9c       0x30 C:/ST/STM32CubeIDE_1.15.1/STM32CubeIDE/plugins/com.st.stm32cube.ide.mcu.externaltools.gnu-tools-for-stm32.12.3.rel1.win32_1.0.100.202403111256/tools/bin/../lib/gcc/arm-none-eabi/12.3.1/../../../../arm-none-eabi/lib/thumb/v7-m/nofp\libc_nano.a(libc_a-findfp.o)
                0x08011f9c                __sinit
 .text._fwalk_sglue
                0x08011fcc       0x3c C:/ST/STM32CubeIDE_1.15.1/STM32CubeIDE/plugins/com.st.stm32cube.ide.mcu.externaltools.gnu-tools-for-stm32.12.3.rel1.win32_1.0.100.202403111256/tools/bin/../lib/gcc/arm-none-eabi/12.3.1/../../../../arm-none-eabi/lib/thumb/v7-m/nofp\libc_nano.a(libc_a-fwalk.o)
                0x08011fcc                _fwalk_sglue
 .text.sprintf  0x08012008       0x40 C:/ST/STM32CubeIDE_1.15.1/STM32CubeIDE/plugins/com.st.stm32cube.ide.mcu.externaltools.gnu-tools-for-stm32.12.3.rel1.win32_1.0.100.202403111256/tools/bin/../lib/gcc/arm-none-eabi/12.3.1/../../../../arm-none-eabi/lib/thumb/v7-m/nofp\libc_nano.a(libc_a-sprintf.o)
                0x08012008                siprintf
                0x08012008                sprintf
 .text.__sread  0x08012048       0x22 C:/ST/STM32CubeIDE_1.15.1/STM32CubeIDE/plugins/com.st.stm32cube.ide.mcu.externaltools.gnu-tools-for-stm32.12.3.rel1.win32_1.0.100.202403111256/tools/bin/../lib/gcc/arm-none-eabi/12.3.1/../../../../arm-none-eabi/lib/thumb/v7-m/nofp\libc_nano.a(libc_a-stdio.o)
                0x08012048                __sread
 .text.__swrite
                0x0801206a       0x38 C:/ST/STM32CubeIDE_1.15.1/STM32CubeIDE/plugins/com.st.stm32cube.ide.mcu.externaltools.gnu-tools-for-stm32.12.3.rel1.win32_1.0.100.202403111256/tools/bin/../lib/gcc/arm-none-eabi/12.3.1/../../../../arm-none-eabi/lib/thumb/v7-m/nofp\libc_nano.a(libc_a-stdio.o)
                0x0801206a                __swrite
 .text.__sseek  0x080120a2       0x24 C:/ST/STM32CubeIDE_1.15.1/STM32CubeIDE/plugins/com.st.stm32cube.ide.mcu.externaltools.gnu-tools-for-stm32.12.3.rel1.win32_1.0.100.202403111256/tools/bin/../lib/gcc/arm-none-eabi/12.3.1/../../../../arm-none-eabi/lib/thumb/v7-m/nofp\libc_nano.a(libc_a-stdio.o)
                0x080120a2                __sseek
 .text.__sclose
                0x080120c6        0x8 C:/ST/STM32CubeIDE_1.15.1/STM32CubeIDE/plugins/com.st.stm32cube.ide.mcu.externaltools.gnu-tools-for-stm32.12.3.rel1.win32_1.0.100.202403111256/tools/bin/../lib/gcc/arm-none-eabi/12.3.1/../../../../arm-none-eabi/lib/thumb/v7-m/nofp\libc_nano.a(libc_a-stdio.o)
                0x080120c6                __sclose
 .text.memcmp   0x080120ce       0x20 C:/ST/STM32CubeIDE_1.15.1/STM32CubeIDE/plugins/com.st.stm32cube.ide.mcu.externaltools.gnu-tools-for-stm32.12.3.rel1.win32_1.0.100.202403111256/tools/bin/../lib/gcc/arm-none-eabi/12.3.1/../../../../arm-none-eabi/lib/thumb/v7-m/nofp\libc_nano.a(libc_a-memcmp.o)
                0x080120ce                memcmp
 .text.memmove  0x080120ee       0x34 C:/ST/STM32CubeIDE_1.15.1/STM32CubeIDE/plugins/com.st.stm32cube.ide.mcu.externaltools.gnu-tools-for-stm32.12.3.rel1.win32_1.0.100.202403111256/tools/bin/../lib/gcc/arm-none-eabi/12.3.1/../../../../arm-none-eabi/lib/thumb/v7-m/nofp\libc_nano.a(libc_a-memmove.o)
                0x080120ee                memmove
 .text.memset   0x08012122       0x10 C:/ST/STM32CubeIDE_1.15.1/STM32CubeIDE/plugins/com.st.stm32cube.ide.mcu.externaltools.gnu-tools-for-stm32.12.3.rel1.win32_1.0.100.202403111256/tools/bin/../lib/gcc/arm-none-eabi/12.3.1/../../../../arm-none-eabi/lib/thumb/v7-m/nofp\libc_nano.a(libc_a-memset.o)
                0x08012122                memset
 .text.strcat   0x08012132       0x1e C:/ST/STM32CubeIDE_1.15.1/STM32CubeIDE/plugins/com.st.stm32cube.ide.mcu.externaltools.gnu-tools-for-stm32.12.3.rel1.win32_1.0.100.202403111256/tools/bin/../lib/gcc/arm-none-eabi/12.3.1/../../../../arm-none-eabi/lib/thumb/v7-m/nofp\libc_nano.a(libc_a-strcat.o)
                0x08012132                strcat
 .text.strtok   0x08012150       0x68 C:/ST/STM32CubeIDE_1.15.1/STM32CubeIDE/plugins/com.st.stm32cube.ide.mcu.externaltools.gnu-tools-for-stm32.12.3.rel1.win32_1.0.100.202403111256/tools/bin/../lib/gcc/arm-none-eabi/12.3.1/../../../../arm-none-eabi/lib/thumb/v7-m/nofp\libc_nano.a(libc_a-strtok.o)
                0x08012150                strtok
 .text.__strtok_r
                0x080121b8       0x50 C:/ST/STM32CubeIDE_1.15.1/STM32CubeIDE/plugins/com.st.stm32cube.ide.mcu.externaltools.gnu-tools-for-stm32.12.3.rel1.win32_1.0.100.202403111256/tools/bin/../lib/gcc/arm-none-eabi/12.3.1/../../../../arm-none-eabi/lib/thumb/v7-m/nofp\libc_nano.a(libc_a-strtok_r.o)
                0x080121b8                __strtok_r
 .text.strstr   0x08012208       0x2c C:/ST/STM32CubeIDE_1.15.1/STM32CubeIDE/plugins/com.st.stm32cube.ide.mcu.externaltools.gnu-tools-for-stm32.12.3.rel1.win32_1.0.100.202403111256/tools/bin/../lib/gcc/arm-none-eabi/12.3.1/../../../../arm-none-eabi/lib/thumb/v7-m/nofp\libc_nano.a(libc_a-strstr.o)
                0x08012208                strstr
 .text._close_r
                0x08012234       0x20 C:/ST/STM32CubeIDE_1.15.1/STM32CubeIDE/plugins/com.st.stm32cube.ide.mcu.externaltools.gnu-tools-for-stm32.12.3.rel1.win32_1.0.100.202403111256/tools/bin/../lib/gcc/arm-none-eabi/12.3.1/../../../../arm-none-eabi/lib/thumb/v7-m/nofp\libc_nano.a(libc_a-closer.o)
                0x08012234                _close_r
 .text._lseek_r
                0x08012254       0x24 C:/ST/STM32CubeIDE_1.15.1/STM32CubeIDE/plugins/com.st.stm32cube.ide.mcu.externaltools.gnu-tools-for-stm32.12.3.rel1.win32_1.0.100.202403111256/tools/bin/../lib/gcc/arm-none-eabi/12.3.1/../../../../arm-none-eabi/lib/thumb/v7-m/nofp\libc_nano.a(libc_a-lseekr.o)
                0x08012254                _lseek_r
 .text._read_r  0x08012278       0x24 C:/ST/STM32CubeIDE_1.15.1/STM32CubeIDE/plugins/com.st.stm32cube.ide.mcu.externaltools.gnu-tools-for-stm32.12.3.rel1.win32_1.0.100.202403111256/tools/bin/../lib/gcc/arm-none-eabi/12.3.1/../../../../arm-none-eabi/lib/thumb/v7-m/nofp\libc_nano.a(libc_a-readr.o)
                0x08012278                _read_r
 .text._sbrk_r  0x0801229c       0x20 C:/ST/STM32CubeIDE_1.15.1/STM32CubeIDE/plugins/com.st.stm32cube.ide.mcu.externaltools.gnu-tools-for-stm32.12.3.rel1.win32_1.0.100.202403111256/tools/bin/../lib/gcc/arm-none-eabi/12.3.1/../../../../arm-none-eabi/lib/thumb/v7-m/nofp\libc_nano.a(libc_a-sbrkr.o)
                0x0801229c                _sbrk_r
 .text._write_r
                0x080122bc       0x24 C:/ST/STM32CubeIDE_1.15.1/STM32CubeIDE/plugins/com.st.stm32cube.ide.mcu.externaltools.gnu-tools-for-stm32.12.3.rel1.win32_1.0.100.202403111256/tools/bin/../lib/gcc/arm-none-eabi/12.3.1/../../../../arm-none-eabi/lib/thumb/v7-m/nofp\libc_nano.a(libc_a-writer.o)
                0x080122bc                _write_r
 .text.__errno  0x080122e0        0xc C:/ST/STM32CubeIDE_1.15.1/STM32CubeIDE/plugins/com.st.stm32cube.ide.mcu.externaltools.gnu-tools-for-stm32.12.3.rel1.win32_1.0.100.202403111256/tools/bin/../lib/gcc/arm-none-eabi/12.3.1/../../../../arm-none-eabi/lib/thumb/v7-m/nofp\libc_nano.a(libc_a-errno.o)
                0x080122e0                __errno
 .text.__libc_init_array
                0x080122ec       0x48 C:/ST/STM32CubeIDE_1.15.1/STM32CubeIDE/plugins/com.st.stm32cube.ide.mcu.externaltools.gnu-tools-for-stm32.12.3.rel1.win32_1.0.100.202403111256/tools/bin/../lib/gcc/arm-none-eabi/12.3.1/../../../../arm-none-eabi/lib/thumb/v7-m/nofp\libc_nano.a(libc_a-init.o)
                0x080122ec                __libc_init_array
 .text.__retarget_lock_init_recursive
                0x08012334        0x2 C:/ST/STM32CubeIDE_1.15.1/STM32CubeIDE/plugins/com.st.stm32cube.ide.mcu.externaltools.gnu-tools-for-stm32.12.3.rel1.win32_1.0.100.202403111256/tools/bin/../lib/gcc/arm-none-eabi/12.3.1/../../../../arm-none-eabi/lib/thumb/v7-m/nofp\libc_nano.a(libc_a-lock.o)
                0x08012334                __retarget_lock_init_recursive
 .text.__retarget_lock_acquire_recursive
                0x08012336        0x2 C:/ST/STM32CubeIDE_1.15.1/STM32CubeIDE/plugins/com.st.stm32cube.ide.mcu.externaltools.gnu-tools-for-stm32.12.3.rel1.win32_1.0.100.202403111256/tools/bin/../lib/gcc/arm-none-eabi/12.3.1/../../../../arm-none-eabi/lib/thumb/v7-m/nofp\libc_nano.a(libc_a-lock.o)
                0x08012336                __retarget_lock_acquire_recursive
 .text.__retarget_lock_release_recursive
                0x08012338        0x2 C:/ST/STM32CubeIDE_1.15.1/STM32CubeIDE/plugins/com.st.stm32cube.ide.mcu.externaltools.gnu-tools-for-stm32.12.3.rel1.win32_1.0.100.202403111256/tools/bin/../lib/gcc/arm-none-eabi/12.3.1/../../../../arm-none-eabi/lib/thumb/v7-m/nofp\libc_nano.a(libc_a-lock.o)
                0x08012338                __retarget_lock_release_recursive
 .text.strcpy   0x0801233a       0x10 C:/ST/STM32CubeIDE_1.15.1/STM32CubeIDE/plugins/com.st.stm32cube.ide.mcu.externaltools.gnu-tools-for-stm32.12.3.rel1.win32_1.0.100.202403111256/tools/bin/../lib/gcc/arm-none-eabi/12.3.1/../../../../arm-none-eabi/lib/thumb/v7-m/nofp\libc_nano.a(libc_a-strcpy.o)
                0x0801233a                strcpy
 .text.memcpy   0x0801234a       0x1c C:/ST/STM32CubeIDE_1.15.1/STM32CubeIDE/plugins/com.st.stm32cube.ide.mcu.externaltools.gnu-tools-for-stm32.12.3.rel1.win32_1.0.100.202403111256/tools/bin/../lib/gcc/arm-none-eabi/12.3.1/../../../../arm-none-eabi/lib/thumb/v7-m/nofp\libc_nano.a(libc_a-memcpy-stub.o)
                0x0801234a                memcpy
 *fill*         0x08012366        0x2 
 .text.__assert_func
                0x08012368       0x3c C:/ST/STM32CubeIDE_1.15.1/STM32CubeIDE/plugins/com.st.stm32cube.ide.mcu.externaltools.gnu-tools-for-stm32.12.3.rel1.win32_1.0.100.202403111256/tools/bin/../lib/gcc/arm-none-eabi/12.3.1/../../../../arm-none-eabi/lib/thumb/v7-m/nofp\libc_nano.a(libc_a-assert.o)
                0x08012368                __assert_func
 .text._free_r  0x080123a4       0x90 C:/ST/STM32CubeIDE_1.15.1/STM32CubeIDE/plugins/com.st.stm32cube.ide.mcu.externaltools.gnu-tools-for-stm32.12.3.rel1.win32_1.0.100.202403111256/tools/bin/../lib/gcc/arm-none-eabi/12.3.1/../../../../arm-none-eabi/lib/thumb/v7-m/nofp\libc_nano.a(libc_a-freer.o)
                0x080123a4                _free_r
 .text._malloc_usable_size_r
                0x08012434       0x10 C:/ST/STM32CubeIDE_1.15.1/STM32CubeIDE/plugins/com.st.stm32cube.ide.mcu.externaltools.gnu-tools-for-stm32.12.3.rel1.win32_1.0.100.202403111256/tools/bin/../lib/gcc/arm-none-eabi/12.3.1/../../../../arm-none-eabi/lib/thumb/v7-m/nofp\libc_nano.a(libc_a-msizer.o)
                0x08012434                _malloc_usable_size_r
 .text.__ssputs_r
                0x08012444       0xb6 C:/ST/STM32CubeIDE_1.15.1/STM32CubeIDE/plugins/com.st.stm32cube.ide.mcu.externaltools.gnu-tools-for-stm32.12.3.rel1.win32_1.0.100.202403111256/tools/bin/../lib/gcc/arm-none-eabi/12.3.1/../../../../arm-none-eabi/lib/thumb/v7-m/nofp\libc_nano.a(libc_a-nano-svfprintf.o)
                0x08012444                __ssputs_r
 *fill*         0x080124fa        0x2 
 .text._svfprintf_r
                0x080124fc      0x1f8 C:/ST/STM32CubeIDE_1.15.1/STM32CubeIDE/plugins/com.st.stm32cube.ide.mcu.externaltools.gnu-tools-for-stm32.12.3.rel1.win32_1.0.100.202403111256/tools/bin/../lib/gcc/arm-none-eabi/12.3.1/../../../../arm-none-eabi/lib/thumb/v7-m/nofp\libc_nano.a(libc_a-nano-svfprintf.o)
                0x080124fc                _svfiprintf_r
                0x080124fc                _svfprintf_r
 .text._printf_common
                0x080126f4       0xe4 C:/ST/STM32CubeIDE_1.15.1/STM32CubeIDE/plugins/com.st.stm32cube.ide.mcu.externaltools.gnu-tools-for-stm32.12.3.rel1.win32_1.0.100.202403111256/tools/bin/../lib/gcc/arm-none-eabi/12.3.1/../../../../arm-none-eabi/lib/thumb/v7-m/nofp\libc_nano.a(libc_a-nano-vfprintf_i.o)
                0x080126f4                _printf_common
 .text._printf_i
                0x080127d8      0x240 C:/ST/STM32CubeIDE_1.15.1/STM32CubeIDE/plugins/com.st.stm32cube.ide.mcu.externaltools.gnu-tools-for-stm32.12.3.rel1.win32_1.0.100.202403111256/tools/bin/../lib/gcc/arm-none-eabi/12.3.1/../../../../arm-none-eabi/lib/thumb/v7-m/nofp\libc_nano.a(libc_a-nano-vfprintf_i.o)
                0x080127d8                _printf_i
 .text.__sflush_r
                0x08012a18      0x100 C:/ST/STM32CubeIDE_1.15.1/STM32CubeIDE/plugins/com.st.stm32cube.ide.mcu.externaltools.gnu-tools-for-stm32.12.3.rel1.win32_1.0.100.202403111256/tools/bin/../lib/gcc/arm-none-eabi/12.3.1/../../../../arm-none-eabi/lib/thumb/v7-m/nofp\libc_nano.a(libc_a-fflush.o)
                0x08012a18                __sflush_r
 .text._fflush_r
                0x08012b18       0x50 C:/ST/STM32CubeIDE_1.15.1/STM32CubeIDE/plugins/com.st.stm32cube.ide.mcu.externaltools.gnu-tools-for-stm32.12.3.rel1.win32_1.0.100.202403111256/tools/bin/../lib/gcc/arm-none-eabi/12.3.1/../../../../arm-none-eabi/lib/thumb/v7-m/nofp\libc_nano.a(libc_a-fflush.o)
                0x08012b18                _fflush_r
 .text.fprintf  0x08012b68       0x24 C:/ST/STM32CubeIDE_1.15.1/STM32CubeIDE/plugins/com.st.stm32cube.ide.mcu.externaltools.gnu-tools-for-stm32.12.3.rel1.win32_1.0.100.202403111256/tools/bin/../lib/gcc/arm-none-eabi/12.3.1/../../../../arm-none-eabi/lib/thumb/v7-m/nofp\libc_nano.a(libc_a-fprintf.o)
                0x08012b68                fiprintf
                0x08012b68                fprintf
 .text.memchr   0x08012b8c       0x1c C:/ST/STM32CubeIDE_1.15.1/STM32CubeIDE/plugins/com.st.stm32cube.ide.mcu.externaltools.gnu-tools-for-stm32.12.3.rel1.win32_1.0.100.202403111256/tools/bin/../lib/gcc/arm-none-eabi/12.3.1/../../../../arm-none-eabi/lib/thumb/v7-m/nofp\libc_nano.a(libc_a-memchr-stub.o)
                0x08012b8c                memchr
 .text.abort    0x08012ba8        0xe C:/ST/STM32CubeIDE_1.15.1/STM32CubeIDE/plugins/com.st.stm32cube.ide.mcu.externaltools.gnu-tools-for-stm32.12.3.rel1.win32_1.0.100.202403111256/tools/bin/../lib/gcc/arm-none-eabi/12.3.1/../../../../arm-none-eabi/lib/thumb/v7-m/nofp\libc_nano.a(libc_a-abort.o)
                0x08012ba8                abort
 .text.__sfputc_r
                0x08012bb6       0x2a C:/ST/STM32CubeIDE_1.15.1/STM32CubeIDE/plugins/com.st.stm32cube.ide.mcu.externaltools.gnu-tools-for-stm32.12.3.rel1.win32_1.0.100.202403111256/tools/bin/../lib/gcc/arm-none-eabi/12.3.1/../../../../arm-none-eabi/lib/thumb/v7-m/nofp\libc_nano.a(libc_a-nano-vfprintf.o)
 .text.__sfputs_r
                0x08012be0       0x24 C:/ST/STM32CubeIDE_1.15.1/STM32CubeIDE/plugins/com.st.stm32cube.ide.mcu.externaltools.gnu-tools-for-stm32.12.3.rel1.win32_1.0.100.202403111256/tools/bin/../lib/gcc/arm-none-eabi/12.3.1/../../../../arm-none-eabi/lib/thumb/v7-m/nofp\libc_nano.a(libc_a-nano-vfprintf.o)
                0x08012be0                __sfputs_r
 .text._vfprintf_r
                0x08012c04      0x230 C:/ST/STM32CubeIDE_1.15.1/STM32CubeIDE/plugins/com.st.stm32cube.ide.mcu.externaltools.gnu-tools-for-stm32.12.3.rel1.win32_1.0.100.202403111256/tools/bin/../lib/gcc/arm-none-eabi/12.3.1/../../../../arm-none-eabi/lib/thumb/v7-m/nofp\libc_nano.a(libc_a-nano-vfprintf.o)
                0x08012c04                _vfprintf_r
                0x08012c04                _vfiprintf_r
 .text.__swbuf_r
                0x08012e34       0x7c C:/ST/STM32CubeIDE_1.15.1/STM32CubeIDE/plugins/com.st.stm32cube.ide.mcu.externaltools.gnu-tools-for-stm32.12.3.rel1.win32_1.0.100.202403111256/tools/bin/../lib/gcc/arm-none-eabi/12.3.1/../../../../arm-none-eabi/lib/thumb/v7-m/nofp\libc_nano.a(libc_a-wbuf.o)
                0x08012e34                __swbuf_r
 .text.__swsetup_r
                0x08012eb0       0xac C:/ST/STM32CubeIDE_1.15.1/STM32CubeIDE/plugins/com.st.stm32cube.ide.mcu.externaltools.gnu-tools-for-stm32.12.3.rel1.win32_1.0.100.202403111256/tools/bin/../lib/gcc/arm-none-eabi/12.3.1/../../../../arm-none-eabi/lib/thumb/v7-m/nofp\libc_nano.a(libc_a-wsetup.o)
                0x08012eb0                __swsetup_r
 .text._raise_r
                0x08012f5c       0x50 C:/ST/STM32CubeIDE_1.15.1/STM32CubeIDE/plugins/com.st.stm32cube.ide.mcu.externaltools.gnu-tools-for-stm32.12.3.rel1.win32_1.0.100.202403111256/tools/bin/../lib/gcc/arm-none-eabi/12.3.1/../../../../arm-none-eabi/lib/thumb/v7-m/nofp\libc_nano.a(libc_a-signal.o)
                0x08012f5c                _raise_r
 .text.raise    0x08012fac       0x10 C:/ST/STM32CubeIDE_1.15.1/STM32CubeIDE/plugins/com.st.stm32cube.ide.mcu.externaltools.gnu-tools-for-stm32.12.3.rel1.win32_1.0.100.202403111256/tools/bin/../lib/gcc/arm-none-eabi/12.3.1/../../../../arm-none-eabi/lib/thumb/v7-m/nofp\libc_nano.a(libc_a-signal.o)
                0x08012fac                raise
 .text._kill_r  0x08012fbc       0x24 C:/ST/STM32CubeIDE_1.15.1/STM32CubeIDE/plugins/com.st.stm32cube.ide.mcu.externaltools.gnu-tools-for-stm32.12.3.rel1.win32_1.0.100.202403111256/tools/bin/../lib/gcc/arm-none-eabi/12.3.1/../../../../arm-none-eabi/lib/thumb/v7-m/nofp\libc_nano.a(libc_a-signalr.o)
                0x08012fbc                _kill_r
 .text._getpid_r
                0x08012fe0        0x4 C:/ST/STM32CubeIDE_1.15.1/STM32CubeIDE/plugins/com.st.stm32cube.ide.mcu.externaltools.gnu-tools-for-stm32.12.3.rel1.win32_1.0.100.202403111256/tools/bin/../lib/gcc/arm-none-eabi/12.3.1/../../../../arm-none-eabi/lib/thumb/v7-m/nofp\libc_nano.a(libc_a-signalr.o)
                0x08012fe0                _getpid_r
 .text.__swhatbuf_r
                0x08012fe4       0x4a C:/ST/STM32CubeIDE_1.15.1/STM32CubeIDE/plugins/com.st.stm32cube.ide.mcu.externaltools.gnu-tools-for-stm32.12.3.rel1.win32_1.0.100.202403111256/tools/bin/../lib/gcc/arm-none-eabi/12.3.1/../../../../arm-none-eabi/lib/thumb/v7-m/nofp\libc_nano.a(libc_a-makebuf.o)
                0x08012fe4                __swhatbuf_r
 .text.__smakebuf_r
                0x0801302e       0x78 C:/ST/STM32CubeIDE_1.15.1/STM32CubeIDE/plugins/com.st.stm32cube.ide.mcu.externaltools.gnu-tools-for-stm32.12.3.rel1.win32_1.0.100.202403111256/tools/bin/../lib/gcc/arm-none-eabi/12.3.1/../../../../arm-none-eabi/lib/thumb/v7-m/nofp\libc_nano.a(libc_a-makebuf.o)
                0x0801302e                __smakebuf_r
 *fill*         0x080130a6        0x2 
 .text._fstat_r
                0x080130a8       0x24 C:/ST/STM32CubeIDE_1.15.1/STM32CubeIDE/plugins/com.st.stm32cube.ide.mcu.externaltools.gnu-tools-for-stm32.12.3.rel1.win32_1.0.100.202403111256/tools/bin/../lib/gcc/arm-none-eabi/12.3.1/../../../../arm-none-eabi/lib/thumb/v7-m/nofp\libc_nano.a(libc_a-fstatr.o)
                0x080130a8                _fstat_r
 .text._isatty_r
                0x080130cc       0x20 C:/ST/STM32CubeIDE_1.15.1/STM32CubeIDE/plugins/com.st.stm32cube.ide.mcu.externaltools.gnu-tools-for-stm32.12.3.rel1.win32_1.0.100.202403111256/tools/bin/../lib/gcc/arm-none-eabi/12.3.1/../../../../arm-none-eabi/lib/thumb/v7-m/nofp\libc_nano.a(libc_a-isattyr.o)
                0x080130cc                _isatty_r
 *(.glue_7)
 .glue_7        0x080130ec        0x0 linker stubs
 *(.glue_7t)
 .glue_7t       0x080130ec        0x0 linker stubs
 *(.eh_frame)
 .eh_frame      0x080130ec        0x0 C:/ST/STM32CubeIDE_1.15.1/STM32CubeIDE/plugins/com.st.stm32cube.ide.mcu.externaltools.gnu-tools-for-stm32.12.3.rel1.win32_1.0.100.202403111256/tools/bin/../lib/gcc/arm-none-eabi/12.3.1/thumb/v7-m/nofp/crtbegin.o
 *(.init)
 .init          0x080130ec        0x4 C:/ST/STM32CubeIDE_1.15.1/STM32CubeIDE/plugins/com.st.stm32cube.ide.mcu.externaltools.gnu-tools-for-stm32.12.3.rel1.win32_1.0.100.202403111256/tools/bin/../lib/gcc/arm-none-eabi/12.3.1/thumb/v7-m/nofp/crti.o
                0x080130ec                _init
 .init          0x080130f0        0x8 C:/ST/STM32CubeIDE_1.15.1/STM32CubeIDE/plugins/com.st.stm32cube.ide.mcu.externaltools.gnu-tools-for-stm32.12.3.rel1.win32_1.0.100.202403111256/tools/bin/../lib/gcc/arm-none-eabi/12.3.1/thumb/v7-m/nofp/crtn.o
 *(.fini)
 .fini          0x080130f8        0x4 C:/ST/STM32CubeIDE_1.15.1/STM32CubeIDE/plugins/com.st.stm32cube.ide.mcu.externaltools.gnu-tools-for-stm32.12.3.rel1.win32_1.0.100.202403111256/tools/bin/../lib/gcc/arm-none-eabi/12.3.1/thumb/v7-m/nofp/crti.o
                0x080130f8                _fini
 .fini          0x080130fc        0x8 C:/ST/STM32CubeIDE_1.15.1/STM32CubeIDE/plugins/com.st.stm32cube.ide.mcu.externaltools.gnu-tools-for-stm32.12.3.rel1.win32_1.0.100.202403111256/tools/bin/../lib/gcc/arm-none-eabi/12.3.1/thumb/v7-m/nofp/crtn.o
                0x08013104                        . = ALIGN (0x4)
                0x08013104                        _etext = .

.vfp11_veneer   0x08013104        0x0
 .vfp11_veneer  0x08013104        0x0 linker stubs

.v4_bx          0x08013104        0x0
 .v4_bx         0x08013104        0x0 linker stubs

.iplt           0x08013104        0x0
 .iplt          0x08013104        0x0 C:/ST/STM32CubeIDE_1.15.1/STM32CubeIDE/plugins/com.st.stm32cube.ide.mcu.externaltools.gnu-tools-for-stm32.12.3.rel1.win32_1.0.100.202403111256/tools/bin/../lib/gcc/arm-none-eabi/12.3.1/thumb/v7-m/nofp/crtbegin.o

.rodata         0x08013104      0xf30
                0x08013104                        . = ALIGN (0x4)
 *(.rodata)
 .rodata        0x08013104      0x310 ./Core/Src/chip_update.o
 .rodata        0x08013414      0x2ef ./Core/Src/e2.o
 *fill*         0x08013703        0x1 
 .rodata        0x08013704      0x6c3 ./Core/Src/main.o
 *(.rodata*)
 *fill*         0x08013dc7        0x1 
 .rodata.AHBPrescTable
                0x08013dc8       0x10 ./Core/Src/system_stm32f1xx.o
                0x08013dc8                AHBPrescTable
 .rodata.APBPrescTable
                0x08013dd8        0x8 ./Core/Src/system_stm32f1xx.o
                0x08013dd8                APBPrescTable
 .rodata.aPLLMULFactorTable.1
                0x08013de0       0x10 ./Drivers/STM32F1xx_HAL_Driver/Src/stm32f1xx_hal_rcc.o
 .rodata.aPredivFactorTable.0
                0x08013df0        0x2 ./Drivers/STM32F1xx_HAL_Driver/Src/stm32f1xx_hal_rcc.o
 *fill*         0x08013df2        0x2 
 .rodata.OS_JLINKMEM_BufferSize
                0x08013df4        0x4 ./Middlewares/Third_Party/SEGGER_RTOS_embOS/embOS/Source/RTOSInit.o
                0x08013df4                OS_JLINKMEM_BufferSize
 .rodata.acIdleText.0
                0x08013df8        0xa ../Middlewares/Third_Party/SEGGER_RTOS_embOS/embOS/Library/GCC\libosT7LDP.a(OS_Task.o)
 .rodata.OS_DebugInfo
                0x08013e02       0x18 ../Middlewares/Third_Party/SEGGER_RTOS_embOS/embOS/Library/GCC\libosT7LDP.a(OS_Info.o)
                0x08013e02                OS_DebugInfo
 .rodata.acCPU.3
                0x08013e1a       0x10 ../Middlewares/Third_Party/SEGGER_RTOS_embOS/embOS/Library/GCC\libosT7LDP.a(OS_Info.o)
 .rodata.acLibName.1
                0x08013e2a        0x6 ../Middlewares/Third_Party/SEGGER_RTOS_embOS/embOS/Library/GCC\libosT7LDP.a(OS_Info.o)
 .rodata.str1.1
                0x08013e30       0x15 ../Middlewares/Third_Party/SEGGER_RTOS_embOS/embOS/Library/GCC\libosT7LDP.a(OS_Global.o)
 *fill*         0x08013e45        0x3 
 .rodata.OS_Version
                0x08013e48        0x4 ../Middlewares/Third_Party/SEGGER_RTOS_embOS/embOS/Library/GCC\libosT7LDP.a(OS_Global.o)
                0x08013e48                OS_Version
 .rodata.OS_sCopyright
                0x08013e4c        0x4 ../Middlewares/Third_Party/SEGGER_RTOS_embOS/embOS/Library/GCC\libosT7LDP.a(OS_Global.o)
                0x08013e4c                OS_sCopyright
 .rodata._ctype_
                0x08013e50      0x101 C:/ST/STM32CubeIDE_1.15.1/STM32CubeIDE/plugins/com.st.stm32cube.ide.mcu.externaltools.gnu-tools-for-stm32.12.3.rel1.win32_1.0.100.202403111256/tools/bin/../lib/gcc/arm-none-eabi/12.3.1/../../../../arm-none-eabi/lib/thumb/v7-m/nofp\libc_nano.a(libc_a-ctype_.o)
                0x08013e50                _ctype_
 .rodata.strtok.str1.1
                0x08013f51       0x71 C:/ST/STM32CubeIDE_1.15.1/STM32CubeIDE/plugins/com.st.stm32cube.ide.mcu.externaltools.gnu-tools-for-stm32.12.3.rel1.win32_1.0.100.202403111256/tools/bin/../lib/gcc/arm-none-eabi/12.3.1/../../../../arm-none-eabi/lib/thumb/v7-m/nofp\libc_nano.a(libc_a-strtok.o)
 .rodata.__assert_func.str1.1
                0x08013fc2       0x3c C:/ST/STM32CubeIDE_1.15.1/STM32CubeIDE/plugins/com.st.stm32cube.ide.mcu.externaltools.gnu-tools-for-stm32.12.3.rel1.win32_1.0.100.202403111256/tools/bin/../lib/gcc/arm-none-eabi/12.3.1/../../../../arm-none-eabi/lib/thumb/v7-m/nofp\libc_nano.a(libc_a-assert.o)
                                 0x3d (size before relaxing)
 .rodata._svfprintf_r.str1.1
                0x08013ffe       0x11 C:/ST/STM32CubeIDE_1.15.1/STM32CubeIDE/plugins/com.st.stm32cube.ide.mcu.externaltools.gnu-tools-for-stm32.12.3.rel1.win32_1.0.100.202403111256/tools/bin/../lib/gcc/arm-none-eabi/12.3.1/../../../../arm-none-eabi/lib/thumb/v7-m/nofp\libc_nano.a(libc_a-nano-svfprintf.o)
 .rodata._printf_i.str1.1
                0x0801400f       0x22 C:/ST/STM32CubeIDE_1.15.1/STM32CubeIDE/plugins/com.st.stm32cube.ide.mcu.externaltools.gnu-tools-for-stm32.12.3.rel1.win32_1.0.100.202403111256/tools/bin/../lib/gcc/arm-none-eabi/12.3.1/../../../../arm-none-eabi/lib/thumb/v7-m/nofp\libc_nano.a(libc_a-nano-vfprintf_i.o)
 .rodata._vfprintf_r.str1.1
                0x08014031       0x11 C:/ST/STM32CubeIDE_1.15.1/STM32CubeIDE/plugins/com.st.stm32cube.ide.mcu.externaltools.gnu-tools-for-stm32.12.3.rel1.win32_1.0.100.202403111256/tools/bin/../lib/gcc/arm-none-eabi/12.3.1/../../../../arm-none-eabi/lib/thumb/v7-m/nofp\libc_nano.a(libc_a-nano-vfprintf.o)
                0x08014044                        . = ALIGN (0x4)
 *fill*         0x08014031        0x3 

.ARM.extab      0x08014034        0x0
                0x08014034                        . = ALIGN (0x4)
 *(.ARM.extab* .gnu.linkonce.armextab.*)
                0x08014034                        . = ALIGN (0x4)

.ARM            0x08014034        0x8
                0x08014034                        . = ALIGN (0x4)
                0x08014034                        __exidx_start = .
 *(.ARM.exidx*)
 .ARM.exidx     0x08014034        0x8 C:/ST/STM32CubeIDE_1.15.1/STM32CubeIDE/plugins/com.st.stm32cube.ide.mcu.externaltools.gnu-tools-for-stm32.12.3.rel1.win32_1.0.100.202403111256/tools/bin/../lib/gcc/arm-none-eabi/12.3.1/../../../../arm-none-eabi/lib/thumb/v7-m/nofp\libc_nano.a(libc_a-strlen.o)
                0x0801403c                        __exidx_end = .
                0x0801403c                        . = ALIGN (0x4)

.preinit_array  0x0801403c        0x0
                0x0801403c                        . = ALIGN (0x4)
                0x0801403c                        PROVIDE (__preinit_array_start = .)
 *(.preinit_array*)
                0x0801403c                        PROVIDE (__preinit_array_end = .)
                0x0801403c                        . = ALIGN (0x4)

.init_array     0x0801403c        0x4
                0x0801403c                        . = ALIGN (0x4)
                0x0801403c                        PROVIDE (__init_array_start = .)
 *(SORT_BY_NAME(.init_array.*))
 *(.init_array*)
 .init_array    0x0801403c        0x4 C:/ST/STM32CubeIDE_1.15.1/STM32CubeIDE/plugins/com.st.stm32cube.ide.mcu.externaltools.gnu-tools-for-stm32.12.3.rel1.win32_1.0.100.202403111256/tools/bin/../lib/gcc/arm-none-eabi/12.3.1/thumb/v7-m/nofp/crtbegin.o
                0x08014040                        PROVIDE (__init_array_end = .)
                0x08014040                        . = ALIGN (0x4)

.fini_array     0x08014040        0x4
                0x08014040                        . = ALIGN (0x4)
                [!provide]                        PROVIDE (__fini_array_start = .)
 *(SORT_BY_NAME(.fini_array.*))
 *(.fini_array*)
 .fini_array    0x08014040        0x4 C:/ST/STM32CubeIDE_1.15.1/STM32CubeIDE/plugins/com.st.stm32cube.ide.mcu.externaltools.gnu-tools-for-stm32.12.3.rel1.win32_1.0.100.202403111256/tools/bin/../lib/gcc/arm-none-eabi/12.3.1/thumb/v7-m/nofp/crtbegin.o
                [!provide]                        PROVIDE (__fini_array_end = .)
                0x08014044                        . = ALIGN (0x4)
                0x08014044                        _sidata = LOADADDR (.data)

.rel.dyn        0x08014044        0x0
 .rel.iplt      0x08014044        0x0 C:/ST/STM32CubeIDE_1.15.1/STM32CubeIDE/plugins/com.st.stm32cube.ide.mcu.externaltools.gnu-tools-for-stm32.12.3.rel1.win32_1.0.100.202403111256/tools/bin/../lib/gcc/arm-none-eabi/12.3.1/thumb/v7-m/nofp/crtbegin.o

.data           0x20000000       0x8c load address 0x08014044
                0x20000000                        . = ALIGN (0x4)
                0x20000000                        _sdata = .
 *(.data)
 *(.data*)
 .data.fota_file_numbers
                0x20000000        0x2 ./Core/Src/defines.o
                0x20000000                fota_file_numbers
 .data.Port1_W_bits
                0x20000002        0x1 ./Core/Src/main.o
                0x20000002                Port1_W_bits
 .data.Port1_W_bits_Old
                0x20000003        0x1 ./Core/Src/main.o
                0x20000003                Port1_W_bits_Old
 .data.Port2_W_bits
                0x20000004        0x1 ./Core/Src/main.o
                0x20000004                Port2_W_bits
 .data.Port2_W_bits_Old
                0x20000005        0x1 ./Core/Src/main.o
                0x20000005                Port2_W_bits_Old
 *fill*         0x20000006        0x2 
 .data.Inputs   0x20000008        0xe ./Core/Src/main.o
                0x20000008                Inputs
 .data.inps_old
                0x20000016        0x1 ./Core/Src/main.o
                0x20000016                inps_old
 .data.inp_1_old
                0x20000017        0x1 ./Core/Src/main.o
                0x20000017                inp_1_old
 .data.inp_2_old
                0x20000018        0x1 ./Core/Src/main.o
                0x20000018                inp_2_old
 *fill*         0x20000019        0x3 
 .data.SystemCoreClock
                0x2000001c        0x4 ./Core/Src/system_stm32f1xx.o
                0x2000001c                SystemCoreClock
 .data.uwTickPrio
                0x20000020        0x4 ./Drivers/STM32F1xx_HAL_Driver/Src/stm32f1xx_hal.o
                0x20000020                uwTickPrio
 .data.uwTickFreq
                0x20000024        0x1 ./Drivers/STM32F1xx_HAL_Driver/Src/stm32f1xx_hal.o
                0x20000024                uwTickFreq
 *fill*         0x20000025        0x3 
 .data.IntsPerTimeUnit
                0x20000028        0x4 ../Middlewares/Third_Party/SEGGER_RTOS_embOS/embOS/Library/GCC\libosT7LDP.a(OS_SysTick.o)
                0x20000028                IntsPerTimeUnit
 .data.TicksPerTimeUnit
                0x2000002c        0x4 ../Middlewares/Third_Party/SEGGER_RTOS_embOS/embOS/Library/GCC\libosT7LDP.a(OS_SysTick.o)
                0x2000002c                TicksPerTimeUnit
 .data.__sglue  0x20000030        0xc C:/ST/STM32CubeIDE_1.15.1/STM32CubeIDE/plugins/com.st.stm32cube.ide.mcu.externaltools.gnu-tools-for-stm32.12.3.rel1.win32_1.0.100.202403111256/tools/bin/../lib/gcc/arm-none-eabi/12.3.1/../../../../arm-none-eabi/lib/thumb/v7-m/nofp\libc_nano.a(libc_a-findfp.o)
                0x20000030                __sglue
 .data._impure_ptr
                0x2000003c        0x4 C:/ST/STM32CubeIDE_1.15.1/STM32CubeIDE/plugins/com.st.stm32cube.ide.mcu.externaltools.gnu-tools-for-stm32.12.3.rel1.win32_1.0.100.202403111256/tools/bin/../lib/gcc/arm-none-eabi/12.3.1/../../../../arm-none-eabi/lib/thumb/v7-m/nofp\libc_nano.a(libc_a-impure.o)
                0x2000003c                _impure_ptr
 .data._impure_data
                0x20000040       0x4c C:/ST/STM32CubeIDE_1.15.1/STM32CubeIDE/plugins/com.st.stm32cube.ide.mcu.externaltools.gnu-tools-for-stm32.12.3.rel1.win32_1.0.100.202403111256/tools/bin/../lib/gcc/arm-none-eabi/12.3.1/../../../../arm-none-eabi/lib/thumb/v7-m/nofp\libc_nano.a(libc_a-impure.o)
                0x20000040                _impure_data
 *(.RamFunc)
 *(.RamFunc*)
                0x2000008c                        . = ALIGN (0x4)
                0x2000008c                        _edata = .

.igot.plt       0x2000008c        0x0 load address 0x080140d0
 .igot.plt      0x2000008c        0x0 C:/ST/STM32CubeIDE_1.15.1/STM32CubeIDE/plugins/com.st.stm32cube.ide.mcu.externaltools.gnu-tools-for-stm32.12.3.rel1.win32_1.0.100.202403111256/tools/bin/../lib/gcc/arm-none-eabi/12.3.1/thumb/v7-m/nofp/crtbegin.o
                0x2000008c                        . = ALIGN (0x4)

.bss            0x20000090     0x32e0 load address 0x080140d0
                0x20000090                        _sbss = .
                0x20000090                        __bss_start__ = _sbss
 *(.bss)
 .bss           0x20000090       0x1c C:/ST/STM32CubeIDE_1.15.1/STM32CubeIDE/plugins/com.st.stm32cube.ide.mcu.externaltools.gnu-tools-for-stm32.12.3.rel1.win32_1.0.100.202403111256/tools/bin/../lib/gcc/arm-none-eabi/12.3.1/thumb/v7-m/nofp/crtbegin.o
 *(.bss*)
 .bss.fota_data_bytes
                0x200000ac      0x1e0 ./Core/Src/chip_update.o
                0x200000ac                fota_data_bytes
 .bss.fota_data_index
                0x2000028c        0x2 ./Core/Src/chip_update.o
                0x2000028c                fota_data_index
 *fill*         0x2000028e        0x2 
 .bss.data_index
                0x20000290        0x4 ./Core/Src/chip_update.o
                0x20000290                data_index
 .bss.last_percent
                0x20000294        0x1 ./Core/Src/chip_update.o
                0x20000294                last_percent
 .bss.fota_flag_start
                0x20000295        0x1 ./Core/Src/defines.o
                0x20000295                fota_flag_start
 .bss.fota_row_counter
                0x20000296        0x2 ./Core/Src/defines.o
                0x20000296                fota_row_counter
 .bss.fota_row_sequence
                0x20000298        0x2 ./Core/Src/defines.o
                0x20000298                fota_row_sequence
 *fill*         0x2000029a        0x2 
 .bss.server_fota_App_size
                0x2000029c        0x4 ./Core/Src/defines.o
                0x2000029c                server_fota_App_size
 .bss.server_fota_App_CRC
                0x200002a0        0x4 ./Core/Src/defines.o
                0x200002a0                server_fota_App_CRC
 .bss.server_fota_folder_name
                0x200002a4        0xf ./Core/Src/defines.o
                0x200002a4                server_fota_folder_name
 *fill*         0x200002b3        0x1 
 .bss.server_fota_file_numbers
                0x200002b4        0x2 ./Core/Src/defines.o
                0x200002b4                server_fota_file_numbers
 .bss.int_byte  0x200002b6        0x1 ./Core/Src/defines.o
                0x200002b6                int_byte
 .bss.int_byte_ctr
                0x200002b7        0x1 ./Core/Src/defines.o
                0x200002b7                int_byte_ctr
 .bss.RGB_Color
                0x200002b8        0x1 ./Core/Src/defines.o